------------------------ arguments ------------------------
  adaptive_hyper_parameters ....................... 5
  add_action_finetune_algo ........................ False
  add_action_finetune_dim ......................... False
  add_action_tp_dp_exchange ....................... False
  add_action_tune_tp_dp ........................... False
  check_recompute_with_group ...................... False
  config_save_path ................................ /home/liminglong.lml/sxz/SuperScaler/logs-large/megatron/configs/scale-layer/8layers/
  config_suffix ................................... 2026-5-16-3-7-58
  consider_collective_memory ...................... False
  consider_reserved_space ......................... True
  consider_shared_space ........................... True
  continue_when_fail .............................. True
  decoder_seq_len ................................. 512
  end_num_stages .................................. 8
  finetune_after_trial ............................ 0
  finetune_tp_dp_after_trial ...................... False
  flex_recompute .................................. True
  forbid_turn_back ................................ False
  global_batch_size ............................... 1024
  high_memory_rate ................................ 0.9
  init_dim ........................................ tp
  initial_point ................................... balance
  log_path ........................................ /home/liminglong.lml/sxz/SuperScaler/logs-large/megatron/search/scale-layer/8layers/
  max_num_hops .................................... None
  max_num_trials .................................. 100
  max_op_move_steps ............................... 5
  max_tp .......................................... 8
  memory_limit .................................... 28000
  memory_main_params .............................. 2
  memory_optimizer ................................ 4
  memory_pred_type ................................ MAX
  micro_batch_size ................................ [1, 2, 4, 8]
  min_mbs ......................................... 1
  model_name ...................................... scale-layer
  model_size ...................................... 8layers
  multi_process ................................... True
  num_algos ....................................... 2
  num_gpus ........................................ 8
  num_gpus_per_node ............................... 8
  num_layers ...................................... 8
  num_nodes ....................................... 1
  num_of_saved_configs ............................ 1
  num_partners_in_op_mig .......................... 1
  only_top_1_target ............................... False
  op_group_size ................................... 1
  peak_mem_in_backward ............................ 0
  predict_delta_time .............................. False
  print_debug_info ................................ True
  print_gpu_mig_details ........................... False
  print_move_op_details ........................... False
  print_recomp_debug_info ......................... False
  print_recompute_ops ............................. True
  profiled_time_path .............................. /home/liminglong.lml/sxz/SuperScaler/profiler/profiled-time-eurosys/
  random_order_actions ............................ False
  resharding ...................................... True
  save_to_csv ..................................... None
  seq_len ......................................... 2048
  simple_prim_mbs ................................. False
  simple_prim_mig ................................. False
  sort_metric ..................................... max_stage_time
  start_num_stages ................................ 1
  support_comm_predict ............................ False
  time_budget_per_trial ........................... 10
  time_budget_total ............................... 10
-------------------- end of arguments ---------------------
working on num_stages[1], tp_size[1], dp_size[8], mbs[8], recomp[True] ...
working on num_stages[1], tp_size[1], dp_size[8], mbs[8], recomp[False] ...
working on num_stages[1], tp_size[2], dp_size[4], mbs[4], recomp[True] ...
working on num_stages[1], tp_size[2], dp_size[4], mbs[4], recomp[False] ...
working on num_stages[1], tp_size[2], dp_size[4], mbs[8], recomp[True] ...
working on num_stages[1], tp_size[2], dp_size[4], mbs[8], recomp[False] ...
working on num_stages[1], tp_size[4], dp_size[2], mbs[2], recomp[True] ...
working on num_stages[1], tp_size[4], dp_size[2], mbs[2], recomp[False] ...
working on num_stages[1], tp_size[4], dp_size[2], mbs[4], recomp[True] ...
working on num_stages[1], tp_size[4], dp_size[2], mbs[4], recomp[False] ...
working on num_stages[1], tp_size[4], dp_size[2], mbs[8], recomp[True] ...
working on num_stages[1], tp_size[4], dp_size[2], mbs[8], recomp[False] ...
working on num_stages[1], tp_size[8], dp_size[1], mbs[1], recomp[True] ...
working on num_stages[1], tp_size[8], dp_size[1], mbs[1], recomp[False] ...
working on num_stages[1], tp_size[8], dp_size[1], mbs[2], recomp[True] ...
working on num_stages[1], tp_size[8], dp_size[1], mbs[2], recomp[False] ...
working on num_stages[1], tp_size[8], dp_size[1], mbs[4], recomp[True] ...
working on num_stages[1], tp_size[8], dp_size[1], mbs[4], recomp[False] ...
working on num_stages[1], tp_size[8], dp_size[1], mbs[8], recomp[True] ...
working on num_stages[1], tp_size[8], dp_size[1], mbs[8], recomp[False] ...
working on num_stages[2], tp_size[1], dp_size[4], mbs[4], recomp[True] ...
working on num_stages[2], tp_size[1], dp_size[4], mbs[4], recomp[False] ...
working on num_stages[2], tp_size[1], dp_size[4], mbs[8], recomp[True] ...
working on num_stages[2], tp_size[1], dp_size[4], mbs[8], recomp[False] ...
working on num_stages[2], tp_size[2], dp_size[2], mbs[2], recomp[True] ...
working on num_stages[2], tp_size[2], dp_size[2], mbs[2], recomp[False] ...
working on num_stages[2], tp_size[2], dp_size[2], mbs[4], recomp[True] ...
working on num_stages[2], tp_size[2], dp_size[2], mbs[4], recomp[False] ...
working on num_stages[2], tp_size[2], dp_size[2], mbs[8], recomp[True] ...
working on num_stages[2], tp_size[2], dp_size[2], mbs[8], recomp[False] ...
working on num_stages[2], tp_size[4], dp_size[1], mbs[1], recomp[True] ...
working on num_stages[2], tp_size[4], dp_size[1], mbs[1], recomp[False] ...
working on num_stages[2], tp_size[4], dp_size[1], mbs[2], recomp[True] ...
working on num_stages[2], tp_size[4], dp_size[1], mbs[2], recomp[False] ...
working on num_stages[2], tp_size[4], dp_size[1], mbs[4], recomp[True] ...
working on num_stages[2], tp_size[4], dp_size[1], mbs[4], recomp[False] ...
working on num_stages[2], tp_size[4], dp_size[1], mbs[8], recomp[True] ...
working on num_stages[2], tp_size[4], dp_size[1], mbs[8], recomp[False] ...
working on num_stages[4], tp_size[1], dp_size[2], mbs[2], recomp[True] ...
working on num_stages[4], tp_size[1], dp_size[2], mbs[2], recomp[False] ...
working on num_stages[4], tp_size[1], dp_size[2], mbs[4], recomp[True] ...
working on num_stages[4], tp_size[1], dp_size[2], mbs[4], recomp[False] ...
working on num_stages[4], tp_size[1], dp_size[2], mbs[8], recomp[True] ...
working on num_stages[4], tp_size[1], dp_size[2], mbs[8], recomp[False] ...
working on num_stages[4], tp_size[2], dp_size[1], mbs[1], recomp[True] ...
working on num_stages[4], tp_size[2], dp_size[1], mbs[1], recomp[False] ...
working on num_stages[4], tp_size[2], dp_size[1], mbs[2], recomp[True] ...
working on num_stages[4], tp_size[2], dp_size[1], mbs[2], recomp[False] ...
working on num_stages[4], tp_size[2], dp_size[1], mbs[4], recomp[True] ...
working on num_stages[4], tp_size[2], dp_size[1], mbs[4], recomp[False] ...
working on num_stages[4], tp_size[2], dp_size[1], mbs[8], recomp[True] ...
working on num_stages[4], tp_size[2], dp_size[1], mbs[8], recomp[False] ...
working on num_stages[8], tp_size[1], dp_size[1], mbs[1], recomp[True] ...
working on num_stages[8], tp_size[1], dp_size[1], mbs[1], recomp[False] ...
working on num_stages[8], tp_size[1], dp_size[1], mbs[2], recomp[True] ...
working on num_stages[8], tp_size[1], dp_size[1], mbs[2], recomp[False] ...
working on num_stages[8], tp_size[1], dp_size[1], mbs[4], recomp[True] ...
working on num_stages[8], tp_size[1], dp_size[1], mbs[4], recomp[False] ...
working on num_stages[8], tp_size[1], dp_size[1], mbs[8], recomp[True] ...
working on num_stages[8], tp_size[1], dp_size[1], mbs[8], recomp[False] ...
case 0|3822.77|2192.08| op = [107]| tp = [1, ] | dp = [8, ] | algo = [0, ] | rc = [105] | gpus = [8] | micro_bs = 8 | time = [3822] | memory = [2192]
case 1|2876.52|3893.31| op = [107]| tp = [1, ] | dp = [8, ] | algo = [0, ] | rc = [0] | gpus = [8] | micro_bs = 8 | time = [2876] | memory = [3893]
case 2|11326.23|1124.10| op = [107]| tp = [2, ] | dp = [4, ] | algo = [0, ] | rc = [105] | gpus = [8] | micro_bs = 4 | time = [11326] | memory = [1124]
case 3|8008.41|2013.32| op = [107]| tp = [2, ] | dp = [4, ] | algo = [0, ] | rc = [0] | gpus = [8] | micro_bs = 4 | time = [8008] | memory = [2013]
case 4|8331.63|1644.20| op = [107]| tp = [2, ] | dp = [4, ] | algo = [0, ] | rc = [105] | gpus = [8] | micro_bs = 8 | time = [8331] | memory = [1644]
case 5|5955.93|3422.63| op = [107]| tp = [2, ] | dp = [4, ] | algo = [0, ] | rc = [0] | gpus = [8] | micro_bs = 8 | time = [5955] | memory = [3422]
case 6|27244.64|654.10| op = [107]| tp = [4, ] | dp = [2, ] | algo = [0, ] | rc = [105] | gpus = [8] | micro_bs = 2 | time = [27244] | memory = [654]
case 7|19128.59|1137.32| op = [107]| tp = [4, ] | dp = [2, ] | algo = [0, ] | rc = [0] | gpus = [8] | micro_bs = 2 | time = [19128] | memory = [1137]
case 8|17204.53|872.19| op = [107]| tp = [4, ] | dp = [2, ] | algo = [0, ] | rc = [105] | gpus = [8] | micro_bs = 4 | time = [17204] | memory = [872]
case 9|12052.09|1838.63| op = [107]| tp = [4, ] | dp = [2, ] | algo = [0, ] | rc = [0] | gpus = [8] | micro_bs = 4 | time = [12052] | memory = [1838]
case 10|13839.35|1432.39| op = [107]| tp = [4, ] | dp = [2, ] | algo = [0, ] | rc = [105] | gpus = [8] | micro_bs = 8 | time = [13839] | memory = [1432]
case 11|9741.68|3365.26| op = [107]| tp = [4, ] | dp = [2, ] | algo = [0, ] | rc = [0] | gpus = [8] | micro_bs = 8 | time = [9741] | memory = [3365]
case 12|56737.79|369.10| op = [107]| tp = [8, ] | dp = [1, ] | algo = [0, ] | rc = [105] | gpus = [8] | micro_bs = 1 | time = [56737] | memory = [369]
case 13|40773.38|649.32| op = [107]| tp = [8, ] | dp = [1, ] | algo = [0, ] | rc = [0] | gpus = [8] | micro_bs = 1 | time = [40773] | memory = [649]
case 14|38239.73|534.19| op = [107]| tp = [8, ] | dp = [1, ] | algo = [0, ] | rc = [105] | gpus = [8] | micro_bs = 2 | time = [38239] | memory = [534]
case 15|26482.33|1094.63| op = [107]| tp = [8, ] | dp = [1, ] | algo = [0, ] | rc = [0] | gpus = [8] | micro_bs = 2 | time = [26482] | memory = [1094]
case 16|27981.26|808.39| op = [107]| tp = [8, ] | dp = [1, ] | algo = [0, ] | rc = [105] | gpus = [8] | micro_bs = 4 | time = [27981] | memory = [808]
case 17|19430.54|1929.26| op = [107]| tp = [8, ] | dp = [1, ] | algo = [0, ] | rc = [0] | gpus = [8] | micro_bs = 4 | time = [19430] | memory = [1929]
case 18|25225.22|1452.78| op = [107]| tp = [8, ] | dp = [1, ] | algo = [0, ] | rc = [105] | gpus = [8] | micro_bs = 8 | time = [25225] | memory = [1452]
case 19|17491.23|3694.53| op = [107]| tp = [8, ] | dp = [1, ] | algo = [0, ] | rc = [0] | gpus = [8] | micro_bs = 8 | time = [17491] | memory = [3694]
case 20|4490.74|1571.07| op = [53, 54]| tp = [1, 1, ] | dp = [4, 4, ] | algo = [0, 0, ] | rc = [52, 53] | gpus = [4, 4] | micro_bs = 4 | time = [3261, 4490] | memory = [1204, 1571]
case 21|3535.15|2902.27| op = [53, 54]| tp = [1, 1, ] | dp = [4, 4, ] | algo = [0, 0, ] | rc = [0, 0] | gpus = [4, 4] | micro_bs = 4 | time = [2316, 3535] | memory = [2902, 2300]
case 22|3578.04|2554.14| op = [53, 54]| tp = [1, 1, ] | dp = [4, 4, ] | algo = [0, 0, ] | rc = [52, 53] | gpus = [4, 4] | micro_bs = 8 | time = [2343, 3578] | memory = [1800, 2554]
case 23|2904.36|5196.53| op = [53, 54]| tp = [1, 1, ] | dp = [4, 4, ] | algo = [0, 0, ] | rc = [0, 0] | gpus = [4, 4] | micro_bs = 8 | time = [1677, 2904] | memory = [5196, 4012]
case 24|12113.23|799.07| op = [53, 54]| tp = [2, 2, ] | dp = [2, 2, ] | algo = [0, 0, ] | rc = [52, 53] | gpus = [4, 4] | micro_bs = 2 | time = [10736, 12113] | memory = [632, 799]
case 25|8777.81|1518.31| op = [53, 54]| tp = [2, 2, ] | dp = [2, 2, ] | algo = [0, 0, ] | rc = [0, 0] | gpus = [4, 4] | micro_bs = 2 | time = [7423, 8777] | memory = [1518, 1180]
case 26|9067.83|1306.14| op = [53, 54]| tp = [2, 2, ] | dp = [2, 2, ] | algo = [0, 0, ] | rc = [52, 53] | gpus = [4, 4] | micro_bs = 4 | time = [7762, 9067] | memory = [952, 1306]
case 27|6675.50|2724.60| op = [53, 54]| tp = [2, 2, ] | dp = [2, 2, ] | algo = [0, 0, ] | rc = [0, 0] | gpus = [4, 4] | micro_bs = 4 | time = [5384, 6675] | memory = [2724, 2068]
case 28|7612.17|2316.29| op = [53, 54]| tp = [2, 2, ] | dp = [2, 2, ] | algo = [0, 0, ] | rc = [52, 53] | gpus = [4, 4] | micro_bs = 8 | time = [6374, 7612] | memory = [1592, 2316]
case 29|5649.02|5137.19| op = [53, 54]| tp = [2, 2, ] | dp = [2, 2, ] | algo = [0, 0, ] | rc = [0, 0] | gpus = [4, 4] | micro_bs = 8 | time = [4418, 5649] | memory = [5137, 3840]
case 30|28315.87|477.07| op = [53, 54]| tp = [4, 4, ] | dp = [1, 1, ] | algo = [0, 0, ] | rc = [52, 53] | gpus = [4, 4] | micro_bs = 1 | time = [26532, 28315] | memory = [410, 477]
case 31|20169.34|890.31| op = [53, 54]| tp = [4, 4, ] | dp = [1, 1, ] | algo = [0, 0, ] | rc = [0, 0] | gpus = [4, 4] | micro_bs = 1 | time = [18430, 20169] | memory = [890, 684]
case 32|18097.22|682.14| op = [53, 54]| tp = [4, 4, ] | dp = [1, 1, ] | algo = [0, 0, ] | rc = [52, 53] | gpus = [4, 4] | micro_bs = 2 | time = [16582, 18097] | memory = [528, 682]
case 33|12919.68|1488.60| op = [53, 54]| tp = [4, 4, ] | dp = [1, 1, ] | algo = [0, 0, ] | rc = [0, 0] | gpus = [4, 4] | micro_bs = 2 | time = [11434, 12919] | memory = [1488, 1096]
case 34|14601.06|1216.29| op = [53, 54]| tp = [4, 4, ] | dp = [1, 1, ] | algo = [0, 0, ] | rc = [52, 53] | gpus = [4, 4] | micro_bs = 4 | time = [13285, 14601] | memory = [892, 1216]
case 35|10479.80|2813.19| op = [53, 54]| tp = [4, 4, ] | dp = [1, 1, ] | algo = [0, 0, ] | rc = [0, 0] | gpus = [4, 4] | micro_bs = 4 | time = [9179, 10479] | memory = [2813, 2044]
case 36|13451.39|2284.58| op = [53, 54]| tp = [4, 4, ] | dp = [1, 1, ] | algo = [0, 0, ] | rc = [52, 53] | gpus = [4, 4] | micro_bs = 8 | time = [12216, 13451] | memory = [1620, 2284]
case 37|9663.70|5462.41| op = [53, 54]| tp = [4, 4, ] | dp = [1, 1, ] | algo = [0, 0, ] | rc = [0, 0] | gpus = [4, 4] | micro_bs = 8 | time = [8440, 9663] | memory = [5462, 3941]
case 38|5938.66|1469.07| op = [27, 26, 26, 28]| tp = [1, 1, 1, 1, ] | dp = [2, 2, 2, 2, ] | algo = [0, 0, 0, 0, ] | rc = [26, 26, 26, 27] | gpus = [2, 2, 2, 2] | micro_bs = 2 | time = [3474, 3213, 3213, 5938] | memory = [1114, 686, 678, 1469]
case 39|4969.90|2812.29| op = [27, 26, 26, 28]| tp = [1, 1, 1, 1, ] | dp = [2, 2, 2, 2, ] | algo = [0, 0, 0, 0, ] | rc = [0, 0, 0, 0] | gpus = [2, 2, 2, 2] | micro_bs = 2 | time = [2528, 2267, 2267, 4969] | memory = [2812, 1898, 1404, 1712]
case 40|4945.34|2446.14| op = [27, 26, 26, 28]| tp = [1, 1, 1, 1, ] | dp = [2, 2, 2, 2, ] | algo = [0, 0, 0, 0, ] | rc = [26, 26, 26, 27] | gpus = [2, 2, 2, 2] | micro_bs = 4 | time = [2467, 2341, 2341, 4945] | memory = [1716, 1276, 1260, 2446]
case 41|4261.54|5112.56| op = [27, 26, 26, 28]| tp = [1, 1, 1, 1, ] | dp = [2, 2, 2, 2, ] | algo = [0, 0, 0, 0, ] | rc = [0, 0, 0, 0] | gpus = [2, 2, 2, 2] | micro_bs = 4 | time = [1798, 1672, 1672, 4261] | memory = [5112, 3700, 2712, 2932]
case 42|4302.56|4396.29| op = [27, 26, 26, 28]| tp = [1, 1, 1, 1, ] | dp = [2, 2, 2, 2, ] | algo = [0, 0, 0, 0, ] | rc = [26, 26, 26, 27] | gpus = [2, 2, 2, 2] | micro_bs = 8 | time = [1869, 1790, 1790, 4302] | memory = [2920, 2456, 2424, 4396]
case 43|3791.52|9713.12| op = [27, 26, 26, 28]| tp = [1, 1, 1, 1, ] | dp = [2, 2, 2, 2, ] | algo = [0, 0, 0, 0, ] | rc = [0, 0, 0, 0] | gpus = [2, 2, 2, 2] | micro_bs = 8 | time = [1365, 1286, 1286, 3791] | memory = [9713, 7304, 5328, 5368]
case 44|14010.88|745.07| op = [27, 26, 26, 28]| tp = [2, 2, 2, 2, ] | dp = [1, 1, 1, 1, ] | algo = [0, 0, 0, 0, ] | rc = [26, 26, 26, 27] | gpus = [2, 2, 2, 2] | micro_bs = 1 | time = [11254, 10545, 10545, 14010] | memory = [590, 362, 354, 745]
case 45|10649.96|1476.36| op = [27, 26, 26, 28]| tp = [2, 2, 2, 2, ] | dp = [1, 1, 1, 1, ] | algo = [0, 0, 0, 0, ] | rc = [0, 0, 0, 0] | gpus = [2, 2, 2, 2] | micro_bs = 1 | time = [7938, 7228, 7228, 10649] | memory = [1476, 994, 732, 872]
case 46|10761.27|1246.14| op = [27, 26, 26, 28]| tp = [2, 2, 2, 2, ] | dp = [1, 1, 1, 1, ] | algo = [0, 0, 0, 0, ] | rc = [26, 26, 26, 27] | gpus = [2, 2, 2, 2] | micro_bs = 2 | time = [8145, 7613, 7613, 10761] | memory = [916, 676, 660, 1246]
case 47|8349.55|2688.70| op = [27, 26, 26, 28]| tp = [2, 2, 2, 2, ] | dp = [1, 1, 1, 1, ] | algo = [0, 0, 0, 0, ] | rc = [0, 0, 0, 0] | gpus = [2, 2, 2, 2] | micro_bs = 2 | time = [5762, 5231, 5231, 8349] | memory = [2688, 1940, 1416, 1500]
case 48|9162.26|2244.29| op = [27, 26, 26, 28]| tp = [2, 2, 2, 2, ] | dp = [1, 1, 1, 1, ] | algo = [0, 0, 0, 0, ] | rc = [26, 26, 26, 27] | gpus = [2, 2, 2, 2] | micro_bs = 4 | time = [6677, 6222, 6222, 9162] | memory = [1568, 1304, 1272, 2244]
case 49|7184.04|5113.40| op = [27, 26, 26, 28]| tp = [2, 2, 2, 2, ] | dp = [1, 1, 1, 1, ] | algo = [0, 0, 0, 0, ] | rc = [0, 0, 0, 0] | gpus = [2, 2, 2, 2] | micro_bs = 4 | time = [4713, 4258, 4258, 7184] | memory = [5113, 3832, 2784, 2752]
case 50|8460.18|4240.58| op = [27, 26, 26, 28]| tp = [2, 2, 2, 2, ] | dp = [1, 1, 1, 1, ] | algo = [0, 0, 0, 0, ] | rc = [26, 26, 26, 27] | gpus = [2, 2, 2, 2] | micro_bs = 8 | time = [6034, 5618, 5618, 8460] | memory = [2873, 2560, 2496, 4240]
case 51|6677.19|9962.81| op = [27, 26, 26, 28]| tp = [2, 2, 2, 2, ] | dp = [1, 1, 1, 1, ] | algo = [0, 0, 0, 0, ] | rc = [0, 0, 0, 0] | gpus = [2, 2, 2, 2] | micro_bs = 8 | time = [4263, 3847, 3847, 6677] | memory = [9962, 7617, 5521, 5256]
case 52|8825.59|1418.07| op = [14, 13, 13, 13, 13, 13, 13, 15]| tp = [1, 1, 1, 1, 1, 1, 1, 1, ] | dp = [1, 1, 1, 1, 1, 1, 1, 1, ] | algo = [0, 0, 0, 0, 0, 0, 0, 0, ] | rc = [13, 13, 13, 13, 13, 13, 13, 14] | gpus = [1, 1, 1, 1, 1, 1, 1, 1] | micro_bs = 1 | time = [3893, 3370, 3370, 3370, 3370, 3370, 3370, 8825] | memory = [1075, 646, 641, 636, 631, 626, 621, 1418]
case 53|7833.26|2776.32| op = [14, 13, 13, 13, 13, 13, 13, 15]| tp = [1, 1, 1, 1, 1, 1, 1, 1, ] | dp = [1, 1, 1, 1, 1, 1, 1, 1, ] | algo = [0, 0, 0, 0, 0, 0, 0, 0, ] | rc = [0, 0, 0, 0, 0, 0, 0, 0] | gpus = [1, 1, 1, 1, 1, 1, 1, 1] | micro_bs = 1 | time = [2946, 2423, 2423, 2423, 2423, 2423, 2423, 7833] | memory = [2776, 2104, 1856, 1608, 1360, 1112, 864, 1418]
case 54|7667.02|2392.14| op = [14, 13, 13, 13, 13, 13, 13, 15]| tp = [1, 1, 1, 1, 1, 1, 1, 1, ] | dp = [1, 1, 1, 1, 1, 1, 1, 1, ] | algo = [0, 0, 0, 0, 0, 0, 0, 0, ] | rc = [13, 13, 13, 13, 13, 13, 13, 14] | gpus = [1, 1, 1, 1, 1, 1, 1, 1] | micro_bs = 2 | time = [2700, 2448, 2448, 2448, 2448, 2448, 2448, 7667] | memory = [1686, 1244, 1234, 1224, 1214, 1204, 1194, 2392]
case 55|6966.87|5088.62| op = [14, 13, 13, 13, 13, 13, 13, 15]| tp = [1, 1, 1, 1, 1, 1, 1, 1, ] | dp = [1, 1, 1, 1, 1, 1, 1, 1, ] | algo = [0, 0, 0, 0, 0, 0, 0, 0, ] | rc = [0, 0, 0, 0, 0, 0, 0, 0] | gpus = [1, 1, 1, 1, 1, 1, 1, 1] | micro_bs = 2 | time = [2030, 1778, 1778, 1778, 1778, 1778, 1778, 6966] | memory = [5088, 4160, 3664, 3168, 2672, 2176, 1680, 2392]
case 56|6892.40|4336.29| op = [14, 13, 13, 13, 13, 13, 13, 15]| tp = [1, 1, 1, 1, 1, 1, 1, 1, ] | dp = [1, 1, 1, 1, 1, 1, 1, 1, ] | algo = [0, 0, 0, 0, 0, 0, 0, 0, ] | rc = [13, 13, 13, 13, 13, 13, 13, 14] | gpus = [1, 1, 1, 1, 1, 1, 1, 1] | micro_bs = 4 | time = [2006, 1848, 1848, 1848, 1848, 1848, 1848, 6892] | memory = [2908, 2440, 2420, 2400, 2380, 2360, 2340, 4336]
case 57|6371.89|9713.24| op = [14, 13, 13, 13, 13, 13, 13, 15]| tp = [1, 1, 1, 1, 1, 1, 1, 1, ] | dp = [1, 1, 1, 1, 1, 1, 1, 1, ] | algo = [0, 0, 0, 0, 0, 0, 0, 0, ] | rc = [0, 0, 0, 0, 0, 0, 0, 0] | gpus = [1, 1, 1, 1, 1, 1, 1, 1] | micro_bs = 4 | time = [1500, 1343, 1343, 1343, 1343, 1343, 1343, 6371] | memory = [9713, 8272, 7280, 6288, 5296, 4304, 3312, 4336]
case 58|6687.13|8224.58| op = [14, 13, 13, 13, 13, 13, 13, 15]| tp = [1, 1, 1, 1, 1, 1, 1, 1, ] | dp = [1, 1, 1, 1, 1, 1, 1, 1, ] | algo = [0, 0, 0, 0, 0, 0, 0, 0, ] | rc = [13, 13, 13, 13, 13, 13, 13, 14] | gpus = [1, 1, 1, 1, 1, 1, 1, 1] | micro_bs = 8 | time = [1876, 1756, 1756, 1756, 1756, 1756, 1756, 6687] | memory = [5352, 4832, 4792, 4752, 4712, 4672, 4632, 8224]
case 59|6192.03|18962.50| op = [14, 13, 13, 13, 13, 13, 13, 15]| tp = [1, 1, 1, 1, 1, 1, 1, 1, ] | dp = [1, 1, 1, 1, 1, 1, 1, 1, ] | algo = [0, 0, 0, 0, 0, 0, 0, 0, ] | rc = [0, 0, 0, 0, 0, 0, 0, 0] | gpus = [1, 1, 1, 1, 1, 1, 1, 1] | micro_bs = 8 | time = [1393, 1273, 1273, 1273, 1273, 1273, 1273, 6192] | memory = [18962, 16497, 14513, 12529, 10545, 8560, 6576, 8224]


best_0|2876.52|3893.31| op = [107]| tp = [1, ] | dp = [8, ] | algo = [0, ] | rc = [0] | gpus = [8] | micro_bs = 8 | time = [2876] | memory = [3893]
config has been saved to /home/liminglong.lml/sxz/SuperScaler/logs-large/megatron/configs/scale-layer/8layers/scale-layer_8layers_8layers_megatron_est_2876.json
[TOTAL TIME] 0.056717634201049805 s.
