------------------------ arguments ------------------------
  adaptive_hyper_parameters ....................... 5
  add_action_finetune_algo ........................ False
  add_action_finetune_dim ......................... False
  add_action_tp_dp_exchange ....................... False
  add_action_tune_tp_dp ........................... False
  check_recompute_with_group ...................... False
  config_save_path ................................ /home/liminglong.lml/sxz/SuperScaler/logs-large/megatron/configs/mbs/4096/
  config_suffix ................................... 2026-5-16-7-32-28
  consider_collective_memory ...................... False
  consider_reserved_space ......................... True
  consider_shared_space ........................... True
  continue_when_fail .............................. True
  decoder_seq_len ................................. 512
  end_num_stages .................................. 8
  finetune_after_trial ............................ 0
  finetune_tp_dp_after_trial ...................... False
  flex_recompute .................................. True
  forbid_turn_back ................................ False
  global_batch_size ............................... 4096
  high_memory_rate ................................ 0.9
  init_dim ........................................ tp
  initial_point ................................... balance
  log_path ........................................ /home/liminglong.lml/sxz/SuperScaler/logs-large/megatron/search/mbs/4096/
  max_num_hops .................................... None
  max_num_trials .................................. 100
  max_op_move_steps ............................... 5
  max_tp .......................................... 8
  memory_limit .................................... 28000
  memory_main_params .............................. 2
  memory_optimizer ................................ 4
  memory_pred_type ................................ MAX
  micro_batch_size ................................ [1, 2, 4, 8]
  min_mbs ......................................... 1
  model_name ...................................... gpt
  model_size ...................................... 2_6B
  multi_process ................................... True
  num_algos ....................................... 2
  num_gpus ........................................ 8
  num_gpus_per_node ............................... 8
  num_layers ...................................... 32
  num_nodes ....................................... 1
  num_of_saved_configs ............................ 1
  num_partners_in_op_mig .......................... 1
  only_top_1_target ............................... False
  op_group_size ................................... 1
  peak_mem_in_backward ............................ 0
  predict_delta_time .............................. False
  print_debug_info ................................ True
  print_gpu_mig_details ........................... False
  print_move_op_details ........................... False
  print_recomp_debug_info ......................... False
  print_recompute_ops ............................. False
  profiled_time_path .............................. /home/liminglong.lml/sxz/SuperScaler/profiler/profiled-time-eurosys/
  random_order_actions ............................ False
  resharding ...................................... True
  save_to_csv ..................................... None
  seq_len ......................................... 2048
  simple_prim_mbs ................................. False
  simple_prim_mig ................................. False
  sort_metric ..................................... max_stage_time
  start_num_stages ................................ 1
  support_comm_predict ............................ False
  time_budget_per_trial ........................... 10
  time_budget_total ............................... 10
-------------------- end of arguments ---------------------
working on num_stages[1], tp_size[1], dp_size[8], mbs[8], recomp[True] ...
working on num_stages[1], tp_size[1], dp_size[8], mbs[8], recomp[False] ...
working on num_stages[1], tp_size[2], dp_size[4], mbs[4], recomp[True] ...
working on num_stages[1], tp_size[2], dp_size[4], mbs[4], recomp[False] ...
working on num_stages[1], tp_size[2], dp_size[4], mbs[8], recomp[True] ...
working on num_stages[1], tp_size[2], dp_size[4], mbs[8], recomp[False] ...
working on num_stages[1], tp_size[4], dp_size[2], mbs[2], recomp[True] ...
working on num_stages[1], tp_size[4], dp_size[2], mbs[2], recomp[False] ...
working on num_stages[1], tp_size[4], dp_size[2], mbs[4], recomp[True] ...
working on num_stages[1], tp_size[4], dp_size[2], mbs[4], recomp[False] ...
working on num_stages[1], tp_size[4], dp_size[2], mbs[8], recomp[True] ...
working on num_stages[1], tp_size[4], dp_size[2], mbs[8], recomp[False] ...
working on num_stages[1], tp_size[8], dp_size[1], mbs[1], recomp[True] ...
working on num_stages[1], tp_size[8], dp_size[1], mbs[1], recomp[False] ...
working on num_stages[1], tp_size[8], dp_size[1], mbs[2], recomp[True] ...
working on num_stages[1], tp_size[8], dp_size[1], mbs[2], recomp[False] ...
working on num_stages[1], tp_size[8], dp_size[1], mbs[4], recomp[True] ...
working on num_stages[1], tp_size[8], dp_size[1], mbs[4], recomp[False] ...
working on num_stages[1], tp_size[8], dp_size[1], mbs[8], recomp[True] ...
working on num_stages[1], tp_size[8], dp_size[1], mbs[8], recomp[False] ...
working on num_stages[2], tp_size[1], dp_size[4], mbs[4], recomp[True] ...
working on num_stages[2], tp_size[1], dp_size[4], mbs[4], recomp[False] ...
working on num_stages[2], tp_size[1], dp_size[4], mbs[8], recomp[True] ...
working on num_stages[2], tp_size[1], dp_size[4], mbs[8], recomp[False] ...
working on num_stages[2], tp_size[2], dp_size[2], mbs[2], recomp[True] ...
working on num_stages[2], tp_size[2], dp_size[2], mbs[2], recomp[False] ...
working on num_stages[2], tp_size[2], dp_size[2], mbs[4], recomp[True] ...
working on num_stages[2], tp_size[2], dp_size[2], mbs[4], recomp[False] ...
working on num_stages[2], tp_size[2], dp_size[2], mbs[8], recomp[True] ...
working on num_stages[2], tp_size[2], dp_size[2], mbs[8], recomp[False] ...
working on num_stages[2], tp_size[4], dp_size[1], mbs[1], recomp[True] ...
working on num_stages[2], tp_size[4], dp_size[1], mbs[1], recomp[False] ...
working on num_stages[2], tp_size[4], dp_size[1], mbs[2], recomp[True] ...
working on num_stages[2], tp_size[4], dp_size[1], mbs[2], recomp[False] ...
working on num_stages[2], tp_size[4], dp_size[1], mbs[4], recomp[True] ...
working on num_stages[2], tp_size[4], dp_size[1], mbs[4], recomp[False] ...
working on num_stages[2], tp_size[4], dp_size[1], mbs[8], recomp[True] ...
working on num_stages[2], tp_size[4], dp_size[1], mbs[8], recomp[False] ...
working on num_stages[4], tp_size[1], dp_size[2], mbs[2], recomp[True] ...
working on num_stages[4], tp_size[1], dp_size[2], mbs[2], recomp[False] ...
working on num_stages[4], tp_size[1], dp_size[2], mbs[4], recomp[True] ...
working on num_stages[4], tp_size[1], dp_size[2], mbs[4], recomp[False] ...
working on num_stages[4], tp_size[1], dp_size[2], mbs[8], recomp[True] ...
working on num_stages[4], tp_size[1], dp_size[2], mbs[8], recomp[False] ...
working on num_stages[4], tp_size[2], dp_size[1], mbs[1], recomp[True] ...
working on num_stages[4], tp_size[2], dp_size[1], mbs[1], recomp[False] ...
working on num_stages[4], tp_size[2], dp_size[1], mbs[2], recomp[True] ...
working on num_stages[4], tp_size[2], dp_size[1], mbs[2], recomp[False] ...
working on num_stages[4], tp_size[2], dp_size[1], mbs[4], recomp[True] ...
working on num_stages[4], tp_size[2], dp_size[1], mbs[4], recomp[False] ...
working on num_stages[4], tp_size[2], dp_size[1], mbs[8], recomp[True] ...
working on num_stages[4], tp_size[2], dp_size[1], mbs[8], recomp[False] ...
working on num_stages[8], tp_size[1], dp_size[1], mbs[1], recomp[True] ...
working on num_stages[8], tp_size[1], dp_size[1], mbs[1], recomp[False] ...
working on num_stages[8], tp_size[1], dp_size[1], mbs[2], recomp[True] ...
working on num_stages[8], tp_size[1], dp_size[1], mbs[2], recomp[False] ...
working on num_stages[8], tp_size[1], dp_size[1], mbs[4], recomp[True] ...
working on num_stages[8], tp_size[1], dp_size[1], mbs[4], recomp[False] ...
working on num_stages[8], tp_size[1], dp_size[1], mbs[8], recomp[True] ...
working on num_stages[8], tp_size[1], dp_size[1], mbs[8], recomp[False] ...
fail case|183663.85|49703.08| op = [419]| tp = [1, ] | dp = [8, ] | algo = [0, ] | rc = [417] | gpus = [8] | micro_bs = 8 | time = [183663] | memory = [49703]
fail case|134200.47|80921.07| op = [419]| tp = [1, ] | dp = [8, ] | algo = [0, ] | rc = [0] | gpus = [8] | micro_bs = 8 | time = [134200] | memory = [80921]
case 0|523356.72|25176.10| op = [419]| tp = [2, ] | dp = [4, ] | algo = [0, ] | rc = [417] | gpus = [8] | micro_bs = 4 | time = [523356] | memory = [25176]
fail case|362709.30|41638.09| op = [419]| tp = [2, ] | dp = [4, ] | algo = [0, ] | rc = [0] | gpus = [8] | micro_bs = 4 | time = [362709] | memory = [41638]
case 1|479589.26|26432.19| op = [419]| tp = [2, ] | dp = [4, ] | algo = [0, ] | rc = [417] | gpus = [8] | micro_bs = 8 | time = [479589] | memory = [26432]
fail case|331729.34|59356.12| op = [419]| tp = [2, ] | dp = [4, ] | algo = [0, ] | rc = [0] | gpus = [8] | micro_bs = 8 | time = [331729] | memory = [59356]
case 2|1018025.11|12913.10| op = [419]| tp = [4, ] | dp = [2, ] | algo = [0, ] | rc = [417] | gpus = [8] | micro_bs = 2 | time = [1018025] | memory = [12913]
case 3|694313.33|21997.09| op = [419]| tp = [4, ] | dp = [2, ] | algo = [0, ] | rc = [0] | gpus = [8] | micro_bs = 2 | time = [694313] | memory = [21997]
case 4|960544.86|13831.82| op = [419]| tp = [4, ] | dp = [2, ] | algo = [0, ] | rc = [417] | gpus = [8] | micro_bs = 4 | time = [960544] | memory = [13831]
fail case|655071.46|32019.12| op = [419]| tp = [4, ] | dp = [2, ] | algo = [0, ] | rc = [0] | gpus = [8] | micro_bs = 4 | time = [655071] | memory = [32019]
case 5|919980.06|15647.39| op = [419]| tp = [4, ] | dp = [2, ] | algo = [0, ] | rc = [417] | gpus = [8] | micro_bs = 8 | time = [919980] | memory = [15647]
fail case|627383.59|51983.23| op = [419]| tp = [4, ] | dp = [2, ] | algo = [0, ] | rc = [0] | gpus = [8] | micro_bs = 8 | time = [627383] | memory = [51983]
case 6|2027625.43|6781.91| op = [419]| tp = [8, ] | dp = [1, ] | algo = [0, ] | rc = [417] | gpus = [8] | micro_bs = 1 | time = [2027625] | memory = [6781]
case 7|1371608.91|12186.57| op = [419]| tp = [8, ] | dp = [1, ] | algo = [0, ] | rc = [0] | gpus = [8] | micro_bs = 1 | time = [1371608] | memory = [12186]
case 8|1899270.94|7531.01| op = [419]| tp = [8, ] | dp = [1, ] | algo = [0, ] | rc = [417] | gpus = [8] | micro_bs = 2 | time = [1899270] | memory = [7531]
case 9|1285704.33|18330.60| op = [419]| tp = [8, ] | dp = [1, ] | algo = [0, ] | rc = [0] | gpus = [8] | micro_bs = 2 | time = [1285704] | memory = [18330]
case 10|1850926.85|9008.89| op = [419]| tp = [8, ] | dp = [1, ] | algo = [0, ] | rc = [417] | gpus = [8] | micro_bs = 4 | time = [1850926] | memory = [9008]
fail case|1252605.63|30588.73| op = [419]| tp = [8, ] | dp = [1, ] | algo = [0, ] | rc = [0] | gpus = [8] | micro_bs = 4 | time = [1252605] | memory = [30588]
case 11|1803597.34|12572.78| op = [419]| tp = [8, ] | dp = [1, ] | algo = [0, ] | rc = [417] | gpus = [8] | micro_bs = 8 | time = [1803597] | memory = [12572]
fail case|1220578.91|55732.53| op = [419]| tp = [8, ] | dp = [1, ] | algo = [0, ] | rc = [0] | gpus = [8] | micro_bs = 8 | time = [1220578] | memory = [55732]
case 12|188604.41|25517.07| op = [209, 210]| tp = [1, 1, ] | dp = [4, 4, ] | algo = [0, 0, ] | rc = [208, 209] | gpus = [4, 4] | micro_bs = 4 | time = [179581, 188604] | memory = [25474, 25517]
fail case|139070.31|56677.04| op = [209, 210]| tp = [1, 1, ] | dp = [4, 4, ] | algo = [0, 0, ] | rc = [0, 0] | gpus = [4, 4] | micro_bs = 4 | time = [130092, 139070] | memory = [56677, 40622]
case 13|180231.09|27204.14| op = [209, 210]| tp = [1, 1, ] | dp = [4, 4, ] | algo = [0, 0, ] | rc = [208, 209] | gpus = [4, 4] | micro_bs = 8 | time = [171148, 180231] | memory = [27004, 27204]
fail case|132704.05|89410.02| op = [209, 210]| tp = [1, 1, ] | dp = [4, 4, ] | algo = [0, 0, ] | rc = [0, 0] | gpus = [4, 4] | micro_bs = 8 | time = [123672, 132704] | memory = [89410, 57415]
case 14|528733.48|13071.08| op = [209, 210]| tp = [2, 2, ] | dp = [2, 2, ] | algo = [0, 0, ] | rc = [208, 209] | gpus = [4, 4] | micro_bs = 2 | time = [519489, 528733] | memory = [13071, 12916]
fail case|367963.17|29518.08| op = [209, 210]| tp = [2, 2, ] | dp = [2, 2, ] | algo = [0, 0, ] | rc = [0, 0] | gpus = [4, 4] | micro_bs = 2 | time = [358807, 367963] | memory = [29518, 20881]
case 15|484849.48|14127.16| op = [209, 210]| tp = [2, 2, ] | dp = [2, 2, ] | algo = [0, 0, ] | rc = [208, 209] | gpus = [4, 4] | micro_bs = 4 | time = [475826, 484849] | memory = [14127, 13927]
fail case|336794.50|47021.09| op = [209, 210]| tp = [2, 2, ] | dp = [2, 2, ] | algo = [0, 0, ] | rc = [0, 0] | gpus = [4, 4] | micro_bs = 4 | time = [327872, 336794] | memory = [47021, 29858]
case 16|472583.51|17464.33| op = [209, 210]| tp = [2, 2, ] | dp = [2, 2, ] | algo = [0, 0, ] | rc = [208, 209] | gpus = [4, 4] | micro_bs = 8 | time = [463461, 472583] | memory = [17464, 17164]
fail case|328467.22|83252.17| op = [209, 210]| tp = [2, 2, ] | dp = [2, 2, ] | algo = [0, 0, ] | rc = [0, 0] | gpus = [4, 4] | micro_bs = 8 | time = [319436, 328467] | memory = [83252, 49026]
case 17|1024587.43|6870.58| op = [209, 210]| tp = [4, 4, ] | dp = [1, 1, ] | algo = [0, 0, ] | rc = [208, 209] | gpus = [4, 4] | micro_bs = 1 | time = [1013955, 1024587] | memory = [6870, 6615]
case 18|700706.34|15939.58| op = [209, 210]| tp = [4, 4, ] | dp = [1, 1, ] | algo = [0, 0, ] | rc = [0, 0] | gpus = [4, 4] | micro_bs = 1 | time = [690254, 700706] | memory = [15939, 11011]
case 19|966494.98|7689.29| op = [209, 210]| tp = [4, 4, ] | dp = [1, 1, ] | algo = [0, 0, ] | rc = [208, 209] | gpus = [4, 4] | micro_bs = 2 | time = [956653, 966494] | memory = [7689, 7289]
case 20|660770.53|25846.59| op = [209, 210]| tp = [4, 4, ] | dp = [1, 1, ] | algo = [0, 0, ] | rc = [0, 0] | gpus = [4, 4] | micro_bs = 2 | time = [651133, 660770] | memory = [25846, 16089]
case 21|925712.72|9932.33| op = [209, 210]| tp = [4, 4, ] | dp = [1, 1, ] | algo = [0, 0, ] | rc = [208, 209] | gpus = [4, 4] | micro_bs = 4 | time = [916769, 925712] | memory = [9932, 9232]
fail case|632739.33|46208.17| op = [209, 210]| tp = [4, 4, ] | dp = [1, 1, ] | algo = [0, 0, ] | rc = [0, 0] | gpus = [4, 4] | micro_bs = 4 | time = [623978, 632739] | memory = [46208, 26814]
case 22|909915.76|14484.66| op = [209, 210]| tp = [4, 4, ] | dp = [1, 1, ] | algo = [0, 0, ] | rc = [208, 209] | gpus = [4, 4] | micro_bs = 8 | time = [901265, 909915] | memory = [14484, 13164]
fail case|621777.29|87036.41| op = [209, 210]| tp = [4, 4, ] | dp = [1, 1, ] | algo = [0, 0, ] | rc = [0, 0] | gpus = [4, 4] | micro_bs = 8 | time = [613298, 621777] | memory = [87036, 48328]
case 23|199226.47|14706.06| op = [105, 104, 104, 106]| tp = [1, 1, 1, 1, ] | dp = [2, 2, 2, 2, ] | algo = [0, 0, 0, 0, ] | rc = [104, 104, 104, 105] | gpus = [2, 2, 2, 2] | micro_bs = 2 | time = [181171, 179165, 179165, 199226] | memory = [14706, 12292, 12162, 14597]
fail case|149623.34|45909.06| op = [105, 104, 104, 106]| tp = [1, 1, 1, 1, ] | dp = [2, 2, 2, 2, ] | algo = [0, 0, 0, 0, ] | rc = [0, 0, 0, 0] | gpus = [2, 2, 2, 2] | micro_bs = 2 | time = [131657, 129651, 129651, 149623] | memory = [45909, 35438, 27252, 21646]
case 24|190457.77|17364.13| op = [105, 104, 104, 106]| tp = [1, 1, 1, 1, ] | dp = [2, 2, 2, 2, ] | algo = [0, 0, 0, 0, ] | rc = [104, 104, 104, 105] | gpus = [2, 2, 2, 2] | micro_bs = 4 | time = [172275, 170917, 170917, 190457] | memory = [17364, 14984, 14724, 17274]
fail case|142833.36|79770.05| op = [105, 104, 104, 106]| tp = [1, 1, 1, 1, ] | dp = [2, 2, 2, 2, ] | algo = [0, 0, 0, 0, ] | rc = [0, 0, 0, 0] | gpus = [2, 2, 2, 2] | micro_bs = 4 | time = [124752, 123395, 123395, 142833] | memory = [79770, 61277, 44904, 31372]
case 25|192007.22|23048.25| op = [105, 104, 104, 106]| tp = [1, 1, 1, 1, ] | dp = [2, 2, 2, 2, ] | algo = [0, 0, 0, 0, ] | rc = [104, 104, 104, 105] | gpus = [2, 2, 2, 2] | micro_bs = 8 | time = [173826, 172863, 172863, 192007] | memory = [23048, 20368, 19848, 22948]
fail case|143149.91|147860.09| op = [105, 104, 104, 106]| tp = [1, 1, 1, 1, ] | dp = [2, 2, 2, 2, ] | algo = [0, 0, 0, 0, ] | rc = [0, 0, 0, 0] | gpus = [2, 2, 2, 2] | micro_bs = 8 | time = [125060, 124097, 124097, 143149] | memory = [147860, 112954, 80209, 51145]
case 26|543573.38|7701.14| op = [105, 104, 104, 106]| tp = [2, 2, 2, 2, ] | dp = [1, 1, 1, 1, ] | algo = [0, 0, 0, 0, ] | rc = [104, 104, 104, 105] | gpus = [2, 2, 2, 2] | micro_bs = 1 | time = [525080, 516148, 516148, 543573] | memory = [7701, 6376, 6246, 7396]
case 27|382674.92|24148.13| op = [105, 104, 104, 106]| tp = [2, 2, 2, 2, ] | dp = [1, 1, 1, 1, ] | algo = [0, 0, 0, 0, ] | rc = [0, 0, 0, 0] | gpus = [2, 2, 2, 2] | micro_bs = 1 | time = [364359, 355427, 355427, 382674] | memory = [24148, 18574, 14196, 11113]
case 28|498785.61|9332.27| op = [105, 104, 104, 106]| tp = [2, 2, 2, 2, ] | dp = [1, 1, 1, 1, ] | algo = [0, 0, 0, 0, ] | rc = [104, 104, 104, 105] | gpus = [2, 2, 2, 2] | micro_bs = 2 | time = [480730, 472508, 472508, 498785] | memory = [9332, 7952, 7692, 8842]
fail case|350557.02|42226.19| op = [105, 104, 104, 106]| tp = [2, 2, 2, 2, ] | dp = [1, 1, 1, 1, ] | algo = [0, 0, 0, 0, ] | rc = [0, 0, 0, 0] | gpus = [2, 2, 2, 2] | micro_bs = 2 | time = [332704, 324482, 324482, 350557] | memory = [42226, 32349, 23592, 16276]
case 29|486404.39|12784.53| op = [105, 104, 104, 106]| tp = [2, 2, 2, 2, ] | dp = [1, 1, 1, 1, ] | algo = [0, 0, 0, 0, ] | rc = [104, 104, 104, 105] | gpus = [2, 2, 2, 2] | micro_bs = 4 | time = [468142, 460410, 460410, 486404] | memory = [12784, 11104, 10584, 11884]
fail case|342056.28|78572.37| op = [105, 104, 104, 106]| tp = [2, 2, 2, 2, ] | dp = [1, 1, 1, 1, ] | algo = [0, 0, 0, 0, ] | rc = [0, 0, 0, 0] | gpus = [2, 2, 2, 2] | micro_bs = 4 | time = [323977, 316244, 316244, 342056] | memory = [78572, 59898, 42385, 26753]
case 30|478506.42|19689.06| op = [105, 104, 104, 106]| tp = [2, 2, 2, 2, ] | dp = [1, 1, 1, 1, ] | algo = [0, 0, 0, 0, ] | rc = [104, 104, 104, 105] | gpus = [2, 2, 2, 2] | micro_bs = 8 | time = [460602, 453142, 453142, 478506] | memory = [19689, 17408, 16368, 17968]
fail case|335773.04|151264.81| op = [105, 104, 104, 106]| tp = [2, 2, 2, 2, ] | dp = [1, 1, 1, 1, ] | algo = [0, 0, 0, 0, ] | rc = [0, 0, 0, 0] | gpus = [2, 2, 2, 2] | micro_bs = 8 | time = [318040, 310580, 310580, 335773] | memory = [151264, 114998, 79972, 47706]
case 31|220340.30|9790.10| op = [53, 52, 52, 52, 52, 52, 52, 54]| tp = [1, 1, 1, 1, 1, 1, 1, 1, ] | dp = [1, 1, 1, 1, 1, 1, 1, 1, ] | algo = [0, 0, 0, 0, 0, 0, 0, 0, ] | rc = [52, 52, 52, 52, 52, 52, 52, 53] | gpus = [1, 1, 1, 1, 1, 1, 1, 1] | micro_bs = 1 | time = [184221, 180208, 180208, 180208, 180208, 180208, 180208, 220340] | memory = [9790, 7592, 7522, 7452, 7382, 7312, 7242, 9567]
fail case|170635.31|40993.09| op = [53, 52, 52, 52, 52, 52, 52, 54]| tp = [1, 1, 1, 1, 1, 1, 1, 1, ] | dp = [1, 1, 1, 1, 1, 1, 1, 1, ] | algo = [0, 0, 0, 0, 0, 0, 0, 0, ] | rc = [0, 0, 0, 0, 0, 0, 0, 0] | gpus = [1, 1, 1, 1, 1, 1, 1, 1] | micro_bs = 1 | time = [134695, 130682, 130682, 130682, 130682, 130682, 130682, 170635] | memory = [40993, 34766, 30668, 26570, 22472, 18374, 14276, 12588]
case 32|210662.33|12684.19| op = [53, 52, 52, 52, 52, 52, 52, 54]| tp = [1, 1, 1, 1, 1, 1, 1, 1, ] | dp = [1, 1, 1, 1, 1, 1, 1, 1, ] | algo = [0, 0, 0, 0, 0, 0, 0, 0, ] | rc = [52, 52, 52, 52, 52, 52, 52, 53] | gpus = [1, 1, 1, 1, 1, 1, 1, 1] | micro_bs = 2 | time = [174279, 171562, 171562, 171562, 171562, 171562, 171562, 210662] | memory = [12684, 10384, 10244, 10104, 9964, 9824, 9684, 12354]
fail case|162912.61|75090.11| op = [53, 52, 52, 52, 52, 52, 52, 54]| tp = [1, 1, 1, 1, 1, 1, 1, 1, ] | dp = [1, 1, 1, 1, 1, 1, 1, 1, ] | algo = [0, 0, 0, 0, 0, 0, 0, 0, ] | rc = [0, 0, 0, 0, 0, 0, 0, 0] | gpus = [1, 1, 1, 1, 1, 1, 1, 1] | micro_bs = 2 | time = [126734, 124017, 124017, 124017, 124017, 124017, 124017, 162912] | memory = [75090, 64733, 56537, 48341, 40144, 31948, 23752, 18396]
case 33|211720.38|18488.37| op = [53, 52, 52, 52, 52, 52, 52, 54]| tp = [1, 1, 1, 1, 1, 1, 1, 1, ] | dp = [1, 1, 1, 1, 1, 1, 1, 1, ] | algo = [0, 0, 0, 0, 0, 0, 0, 0, ] | rc = [52, 52, 52, 52, 52, 52, 52, 53] | gpus = [1, 1, 1, 1, 1, 1, 1, 1] | micro_bs = 4 | time = [175323, 173396, 173396, 173396, 173396, 173396, 173396, 211720] | memory = [18488, 15968, 15688, 15408, 15128, 14848, 14568, 17908]
fail case|162724.53|143300.22| op = [53, 52, 52, 52, 52, 52, 52, 54]| tp = [1, 1, 1, 1, 1, 1, 1, 1, ] | dp = [1, 1, 1, 1, 1, 1, 1, 1, ] | algo = [0, 0, 0, 0, 0, 0, 0, 0, ] | rc = [0, 0, 0, 0, 0, 0, 0, 0] | gpus = [1, 1, 1, 1, 1, 1, 1, 1] | micro_bs = 4 | time = [126510, 124582, 124582, 124582, 124582, 124582, 124582, 162724] | memory = [143300, 124667, 108274, 91882, 75489, 59097, 42704, 29992]
fail case|209938.69|30096.75| op = [53, 52, 52, 52, 52, 52, 52, 54]| tp = [1, 1, 1, 1, 1, 1, 1, 1, ] | dp = [1, 1, 1, 1, 1, 1, 1, 1, ] | algo = [0, 0, 0, 0, 0, 0, 0, 0, ] | rc = [52, 52, 52, 52, 52, 52, 52, 53] | gpus = [1, 1, 1, 1, 1, 1, 1, 1] | micro_bs = 8 | time = [173650, 172119, 172119, 172119, 172119, 172119, 172119, 209938] | memory = [30096, 27136, 26576, 26016, 25456, 24896, 24336, 29016]
fail case|160721.17|279720.50| op = [53, 52, 52, 52, 52, 52, 52, 54]| tp = [1, 1, 1, 1, 1, 1, 1, 1, ] | dp = [1, 1, 1, 1, 1, 1, 1, 1, ] | algo = [0, 0, 0, 0, 0, 0, 0, 0, ] | rc = [0, 0, 0, 0, 0, 0, 0, 0] | gpus = [1, 1, 1, 1, 1, 1, 1, 1] | micro_bs = 8 | time = [124605, 123074, 123074, 123074, 123074, 123074, 123074, 160721] | memory = [279720, 244535, 211750, 178965, 146180, 113395, 80610, 53185]


best_0|180231.09|27204.14| op = [209, 210]| tp = [1, 1, ] | dp = [4, 4, ] | algo = [0, 0, ] | rc = [208, 209] | gpus = [4, 4] | micro_bs = 8 | time = [171148, 180231] | memory = [27004, 27204]
config has been saved to /home/liminglong.lml/sxz/SuperScaler/logs-large/megatron/configs/mbs/4096/gpt_2_6B_32layers_megatron_est_180231.json
[TOTAL TIME] 0.20479273796081543 s.
