------------------------ arguments ------------------------
  adaptive_hyper_parameters ....................... 5
  add_action_finetune_algo ........................ False
  add_action_finetune_dim ......................... False
  add_action_tp_dp_exchange ....................... False
  add_action_tune_tp_dp ........................... False
  check_recompute_with_group ...................... False
  config_save_path ................................ /home/liminglong.lml/sxz/SuperScaler/logs-large/megatron/configs/scale-layer/512layers/
  config_suffix ................................... 2026-5-16-3-8-1
  consider_collective_memory ...................... False
  consider_reserved_space ......................... True
  consider_shared_space ........................... True
  continue_when_fail .............................. True
  decoder_seq_len ................................. 512
  end_num_stages .................................. 8
  finetune_after_trial ............................ 0
  finetune_tp_dp_after_trial ...................... False
  flex_recompute .................................. True
  forbid_turn_back ................................ False
  global_batch_size ............................... 1024
  high_memory_rate ................................ 0.9
  init_dim ........................................ tp
  initial_point ................................... balance
  log_path ........................................ /home/liminglong.lml/sxz/SuperScaler/logs-large/megatron/search/scale-layer/512layers/
  max_num_hops .................................... None
  max_num_trials .................................. 100
  max_op_move_steps ............................... 5
  max_tp .......................................... 8
  memory_limit .................................... 28000
  memory_main_params .............................. 2
  memory_optimizer ................................ 4
  memory_pred_type ................................ MAX
  micro_batch_size ................................ [1, 2, 4, 8]
  min_mbs ......................................... 1
  model_name ...................................... scale-layer
  model_size ...................................... 512layers
  multi_process ................................... True
  num_algos ....................................... 2
  num_gpus ........................................ 8
  num_gpus_per_node ............................... 8
  num_layers ...................................... 512
  num_nodes ....................................... 1
  num_of_saved_configs ............................ 1
  num_partners_in_op_mig .......................... 1
  only_top_1_target ............................... False
  op_group_size ................................... 1
  peak_mem_in_backward ............................ 0
  predict_delta_time .............................. False
  print_debug_info ................................ True
  print_gpu_mig_details ........................... False
  print_move_op_details ........................... False
  print_recomp_debug_info ......................... False
  print_recompute_ops ............................. False
  profiled_time_path .............................. /home/liminglong.lml/sxz/SuperScaler/profiler/profiled-time-eurosys/
  random_order_actions ............................ False
  resharding ...................................... True
  save_to_csv ..................................... None
  seq_len ......................................... 2048
  simple_prim_mbs ................................. False
  simple_prim_mig ................................. False
  sort_metric ..................................... max_stage_time
  start_num_stages ................................ 1
  support_comm_predict ............................ False
  time_budget_per_trial ........................... 10
  time_budget_total ............................... 10
-------------------- end of arguments ---------------------
working on num_stages[1], tp_size[1], dp_size[8], mbs[8], recomp[True] ...
working on num_stages[1], tp_size[1], dp_size[8], mbs[8], recomp[False] ...
working on num_stages[1], tp_size[2], dp_size[4], mbs[4], recomp[True] ...
working on num_stages[1], tp_size[2], dp_size[4], mbs[4], recomp[False] ...
working on num_stages[1], tp_size[2], dp_size[4], mbs[8], recomp[True] ...
working on num_stages[1], tp_size[2], dp_size[4], mbs[8], recomp[False] ...
working on num_stages[1], tp_size[4], dp_size[2], mbs[2], recomp[True] ...
working on num_stages[1], tp_size[4], dp_size[2], mbs[2], recomp[False] ...
working on num_stages[1], tp_size[4], dp_size[2], mbs[4], recomp[True] ...
working on num_stages[1], tp_size[4], dp_size[2], mbs[4], recomp[False] ...
working on num_stages[1], tp_size[4], dp_size[2], mbs[8], recomp[True] ...
working on num_stages[1], tp_size[4], dp_size[2], mbs[8], recomp[False] ...
working on num_stages[1], tp_size[8], dp_size[1], mbs[1], recomp[True] ...
working on num_stages[1], tp_size[8], dp_size[1], mbs[1], recomp[False] ...
working on num_stages[1], tp_size[8], dp_size[1], mbs[2], recomp[True] ...
working on num_stages[1], tp_size[8], dp_size[1], mbs[2], recomp[False] ...
working on num_stages[1], tp_size[8], dp_size[1], mbs[4], recomp[True] ...
working on num_stages[1], tp_size[8], dp_size[1], mbs[4], recomp[False] ...
working on num_stages[1], tp_size[8], dp_size[1], mbs[8], recomp[True] ...
working on num_stages[1], tp_size[8], dp_size[1], mbs[8], recomp[False] ...
working on num_stages[2], tp_size[1], dp_size[4], mbs[4], recomp[True] ...
working on num_stages[2], tp_size[1], dp_size[4], mbs[4], recomp[False] ...
working on num_stages[2], tp_size[1], dp_size[4], mbs[8], recomp[True] ...
working on num_stages[2], tp_size[1], dp_size[4], mbs[8], recomp[False] ...
working on num_stages[2], tp_size[2], dp_size[2], mbs[2], recomp[True] ...
working on num_stages[2], tp_size[2], dp_size[2], mbs[2], recomp[False] ...
working on num_stages[2], tp_size[2], dp_size[2], mbs[4], recomp[True] ...
working on num_stages[2], tp_size[2], dp_size[2], mbs[4], recomp[False] ...
working on num_stages[2], tp_size[2], dp_size[2], mbs[8], recomp[True] ...
working on num_stages[2], tp_size[2], dp_size[2], mbs[8], recomp[False] ...
working on num_stages[2], tp_size[4], dp_size[1], mbs[1], recomp[True] ...
working on num_stages[2], tp_size[4], dp_size[1], mbs[1], recomp[False] ...
working on num_stages[2], tp_size[4], dp_size[1], mbs[2], recomp[True] ...
working on num_stages[2], tp_size[4], dp_size[1], mbs[2], recomp[False] ...
working on num_stages[2], tp_size[4], dp_size[1], mbs[4], recomp[True] ...
working on num_stages[2], tp_size[4], dp_size[1], mbs[4], recomp[False] ...
working on num_stages[2], tp_size[4], dp_size[1], mbs[8], recomp[True] ...
working on num_stages[2], tp_size[4], dp_size[1], mbs[8], recomp[False] ...
working on num_stages[4], tp_size[1], dp_size[2], mbs[2], recomp[True] ...
working on num_stages[4], tp_size[1], dp_size[2], mbs[2], recomp[False] ...
working on num_stages[4], tp_size[1], dp_size[2], mbs[4], recomp[True] ...
working on num_stages[4], tp_size[1], dp_size[2], mbs[4], recomp[False] ...
working on num_stages[4], tp_size[1], dp_size[2], mbs[8], recomp[True] ...
working on num_stages[4], tp_size[1], dp_size[2], mbs[8], recomp[False] ...
working on num_stages[4], tp_size[2], dp_size[1], mbs[1], recomp[True] ...
working on num_stages[4], tp_size[2], dp_size[1], mbs[1], recomp[False] ...
working on num_stages[4], tp_size[2], dp_size[1], mbs[2], recomp[True] ...
working on num_stages[4], tp_size[2], dp_size[1], mbs[2], recomp[False] ...
working on num_stages[4], tp_size[2], dp_size[1], mbs[4], recomp[True] ...
working on num_stages[4], tp_size[2], dp_size[1], mbs[4], recomp[False] ...
working on num_stages[4], tp_size[2], dp_size[1], mbs[8], recomp[True] ...
working on num_stages[4], tp_size[2], dp_size[1], mbs[8], recomp[False] ...
working on num_stages[8], tp_size[1], dp_size[1], mbs[1], recomp[True] ...
working on num_stages[8], tp_size[1], dp_size[1], mbs[1], recomp[False] ...
working on num_stages[8], tp_size[1], dp_size[1], mbs[2], recomp[True] ...
working on num_stages[8], tp_size[1], dp_size[1], mbs[2], recomp[False] ...
working on num_stages[8], tp_size[1], dp_size[1], mbs[4], recomp[True] ...
working on num_stages[8], tp_size[1], dp_size[1], mbs[4], recomp[False] ...
working on num_stages[8], tp_size[1], dp_size[1], mbs[8], recomp[True] ...
working on num_stages[8], tp_size[1], dp_size[1], mbs[8], recomp[False] ...
fail case|195133.49|30750.08| op = [6659]| tp = [1, ] | dp = [8, ] | algo = [0, ] | rc = [6657] | gpus = [8] | micro_bs = 8 | time = [195133] | memory = [30750]
fail case|134930.13|154939.43| op = [6659]| tp = [1, ] | dp = [8, ] | algo = [0, ] | rc = [0] | gpus = [8] | micro_bs = 8 | time = [134930] | memory = [154939]
case 0|654254.76|16160.10| op = [6659]| tp = [2, ] | dp = [4, ] | algo = [0, ] | rc = [6657] | gpus = [8] | micro_bs = 4 | time = [654254] | memory = [16160]
fail case|442616.21|81073.45| op = [6659]| tp = [2, ] | dp = [4, ] | algo = [0, ] | rc = [0] | gpus = [8] | micro_bs = 4 | time = [442616] | memory = [81073]
case 1|471971.57|18032.19| op = [6659]| tp = [2, ] | dp = [4, ] | algo = [0, ] | rc = [6657] | gpus = [8] | micro_bs = 8 | time = [471971] | memory = [18032]
fail case|320392.06|147857.88| op = [6659]| tp = [2, ] | dp = [4, ] | algo = [0, ] | rc = [0] | gpus = [8] | micro_bs = 8 | time = [320392] | memory = [147857]
case 2|1632160.25|8865.10| op = [6659]| tp = [4, ] | dp = [2, ] | algo = [0, ] | rc = [6657] | gpus = [8] | micro_bs = 2 | time = [1632160] | memory = [8865]
fail case|1114154.76|44140.45| op = [6659]| tp = [4, ] | dp = [2, ] | algo = [0, ] | rc = [0] | gpus = [8] | micro_bs = 2 | time = [1114154] | memory = [44140]
case 3|1010170.91|10579.20| op = [6659]| tp = [4, ] | dp = [2, ] | algo = [0, ] | rc = [6657] | gpus = [8] | micro_bs = 4 | time = [1010170] | memory = [10579]
fail case|681365.00|81128.88| op = [6659]| tp = [4, ] | dp = [2, ] | algo = [0, ] | rc = [0] | gpus = [8] | micro_bs = 4 | time = [681364] | memory = [81128]
case 4|808284.57|14003.39| op = [6659]| tp = [4, ] | dp = [2, ] | algo = [0, ] | rc = [6657] | gpus = [8] | micro_bs = 8 | time = [808284] | memory = [14003]
fail case|546513.65|155102.75| op = [6659]| tp = [4, ] | dp = [2, ] | algo = [0, ] | rc = [0] | gpus = [8] | micro_bs = 8 | time = [546513] | memory = [155102]
case 5|3432195.03|5217.60| op = [6659]| tp = [8, ] | dp = [1, ] | algo = [0, ] | rc = [6657] | gpus = [8] | micro_bs = 1 | time = [3432195] | memory = [5217]
case 6|2413241.41|25673.95| op = [6659]| tp = [8, ] | dp = [1, ] | algo = [0, ] | rc = [0] | gpus = [8] | micro_bs = 1 | time = [2413241] | memory = [25673]
case 7|2301797.82|6852.70| op = [6659]| tp = [8, ] | dp = [1, ] | algo = [0, ] | rc = [6657] | gpus = [8] | micro_bs = 2 | time = [2301797] | memory = [6852]
fail case|1551197.91|47764.38| op = [6659]| tp = [8, ] | dp = [1, ] | algo = [0, ] | rc = [0] | gpus = [8] | micro_bs = 2 | time = [1551197] | memory = [47764]
case 8|1670993.00|10118.89| op = [6659]| tp = [8, ] | dp = [1, ] | algo = [0, ] | rc = [6657] | gpus = [8] | micro_bs = 4 | time = [1670993] | memory = [10118]
fail case|1124672.83|91942.25| op = [6659]| tp = [8, ] | dp = [1, ] | algo = [0, ] | rc = [0] | gpus = [8] | micro_bs = 4 | time = [1124672] | memory = [91942]
case 9|1505996.70|16651.28| op = [6659]| tp = [8, ] | dp = [1, ] | algo = [0, ] | rc = [6657] | gpus = [8] | micro_bs = 8 | time = [1505996] | memory = [16651]
fail case|1011771.91|180299.03| op = [6659]| tp = [8, ] | dp = [1, ] | algo = [0, ] | rc = [0] | gpus = [8] | micro_bs = 8 | time = [1011771] | memory = [180299]
case 10|196548.77|16080.05| op = [3329, 3330]| tp = [1, 1, ] | dp = [4, 4, ] | algo = [0, 0, ] | rc = [3328, 3329] | gpus = [4, 4] | micro_bs = 4 | time = [195319, 196548] | memory = [16080, 15689]
fail case|136104.59|140266.40| op = [3329, 3330]| tp = [1, 1, ] | dp = [4, 4, ] | algo = [0, 0, ] | rc = [0, 0] | gpus = [4, 4] | micro_bs = 4 | time = [134886, 136104] | memory = [140266, 77662]
case 11|143391.18|17868.09| op = [3329, 3330]| tp = [1, 1, ] | dp = [4, 4, ] | algo = [0, 0, ] | rc = [3328, 3329] | gpus = [4, 4] | micro_bs = 8 | time = [142156, 143391] | memory = [17868, 17108]
fail case|100749.50|266239.78| op = [3329, 3330]| tp = [1, 1, ] | dp = [4, 4, ] | algo = [0, 0, ] | rc = [0, 0] | gpus = [4, 4] | micro_bs = 8 | time = [99522, 100749] | memory = [266239, 141053]
case 12|656297.47|8827.08| op = [3329, 3330]| tp = [2, 2, ] | dp = [2, 2, ] | algo = [0, 0, ] | rc = [3328, 3329] | gpus = [4, 4] | micro_bs = 2 | time = [654920, 656297] | memory = [8827, 8236]
fail case|444234.45|73737.44| op = [3329, 3330]| tp = [2, 2, ] | dp = [2, 2, ] | algo = [0, 0, ] | rc = [0, 0] | gpus = [4, 4] | micro_bs = 2 | time = [442879, 444234] | memory = [73737, 40629]
case 13|474518.86|10499.16| op = [3329, 3330]| tp = [2, 2, ] | dp = [2, 2, ] | algo = [0, 0, ] | rc = [3328, 3329] | gpus = [4, 4] | micro_bs = 4 | time = [473213, 474518] | memory = [10499, 9339]
fail case|322339.89|140318.85| op = [3329, 3330]| tp = [2, 2, ] | dp = [2, 2, ] | algo = [0, 0, ] | rc = [0, 0] | gpus = [4, 4] | micro_bs = 4 | time = [321049, 322339] | memory = [140318, 74124]
case 14|390921.12|13843.33| op = [3329, 3330]| tp = [2, 2, ] | dp = [2, 2, ] | algo = [0, 0, ] | rc = [3328, 3329] | gpus = [4, 4] | micro_bs = 8 | time = [389683, 390921] | memory = [13843, 11541]
fail case|265751.15|273482.69| op = [3329, 3330]| tp = [2, 2, ] | dp = [2, 2, ] | algo = [0, 0, ] | rc = [0, 0] | gpus = [4, 4] | micro_bs = 8 | time = [264520, 265751] | memory = [273482, 141112]
case 15|1634798.78|5200.58| op = [3329, 3330]| tp = [4, 4, ] | dp = [1, 1, ] | algo = [0, 0, ] | rc = [3328, 3329] | gpus = [4, 4] | micro_bs = 1 | time = [1633015, 1634798] | memory = [5200, 4509]
fail case|1116264.88|40472.94| op = [3329, 3330]| tp = [4, 4, ] | dp = [1, 1, ] | algo = [0, 0, ] | rc = [0, 0] | gpus = [4, 4] | micro_bs = 1 | time = [1114526, 1116264] | memory = [40472, 22112]
case 16|1013002.99|6814.66| op = [3329, 3330]| tp = [4, 4, ] | dp = [1, 1, ] | algo = [0, 0, ] | rc = [3328, 3329] | gpus = [4, 4] | micro_bs = 2 | time = [1011487, 1013002] | memory = [6814, 5454]
fail case|683539.83|77358.35| op = [3329, 3330]| tp = [4, 4, ] | dp = [1, 1, ] | algo = [0, 0, ] | rc = [0, 0] | gpus = [4, 4] | micro_bs = 2 | time = [682054, 683539] | memory = [77358, 40660]
case 17|812149.58|10042.83| op = [3329, 3330]| tp = [4, 4, ] | dp = [1, 1, ] | algo = [0, 0, ] | rc = [3328, 3329] | gpus = [4, 4] | micro_bs = 4 | time = [810834, 812149] | memory = [10042, 7340]
fail case|549348.54|151130.19| op = [3329, 3330]| tp = [4, 4, ] | dp = [1, 1, ] | algo = [0, 0, ] | rc = [0, 0] | gpus = [4, 4] | micro_bs = 4 | time = [548048, 549348] | memory = [151130, 77752]
case 18|748072.83|16740.66| op = [3329, 3330]| tp = [4, 4, ] | dp = [1, 1, ] | algo = [0, 0, ] | rc = [3328, 3329] | gpus = [4, 4] | micro_bs = 8 | time = [746838, 748072] | memory = [16740, 11356]
fail case|506408.04|298916.41| op = [3329, 3330]| tp = [4, 4, ] | dp = [1, 1, ] | algo = [0, 0, ] | rc = [0, 0] | gpus = [4, 4] | micro_bs = 8 | time = [505185, 506408] | memory = [298916, 152180]
case 19|198370.34|9174.06| op = [1665, 1664, 1664, 1666]| tp = [1, 1, 1, 1, ] | dp = [2, 2, 2, 2, ] | algo = [0, 0, 0, 0, ] | rc = [1664, 1664, 1664, 1665] | gpus = [2, 2, 2, 2] | micro_bs = 2 | time = [195906, 195645, 195645, 198370] | memory = [9174, 8316, 7930, 8393]
fail case|137797.26|133360.42| op = [1665, 1664, 1664, 1666]| tp = [1, 1, 1, 1, ] | dp = [2, 2, 2, 2, ] | algo = [0, 0, 0, 0, ] | rc = [0, 0, 0, 0] | gpus = [2, 2, 2, 2] | micro_bs = 2 | time = [135356, 135095, 135095, 137797] | memory = [133360, 101394, 69900, 39258]
case 20|145300.39|10968.13| op = [1665, 1664, 1664, 1666]| tp = [1, 1, 1, 1, ] | dp = [2, 2, 2, 2, ] | algo = [0, 0, 0, 0, ] | rc = [1664, 1664, 1664, 1665] | gpus = [2, 2, 2, 2] | micro_bs = 4 | time = [142822, 142696, 142696, 145300] | memory = [10968, 9720, 8948, 9428]
fail case|102485.93|259339.81| op = [1665, 1664, 1664, 1666]| tp = [1, 1, 1, 1, ] | dp = [2, 2, 2, 2, ] | algo = [0, 0, 0, 0, ] | rc = [0, 0, 0, 0] | gpus = [2, 2, 2, 2] | micro_bs = 4 | time = [100022, 99896, 99896, 102485] | memory = [259339, 195875, 132887, 71158]
case 21|112603.07|15016.25| op = [1665, 1664, 1664, 1666]| tp = [1, 1, 1, 1, ] | dp = [2, 2, 2, 2, ] | algo = [0, 0, 0, 0, ] | rc = [1664, 1664, 1664, 1665] | gpus = [2, 2, 2, 2] | micro_bs = 8 | time = [110169, 110091, 110091, 112603] | memory = [15016, 13040, 11496, 11956]
fail case|80372.30|511759.61| op = [1665, 1664, 1664, 1666]| tp = [1, 1, 1, 1, ] | dp = [2, 2, 2, 2, ] | algo = [0, 0, 0, 0, ] | rc = [0, 0, 0, 0] | gpus = [2, 2, 2, 2] | micro_bs = 8 | time = [77946, 77867, 77867, 80372] | memory = [511759, 385351, 259375, 135416]
case 22|658822.98|5377.14| op = [1665, 1664, 1664, 1666]| tp = [2, 2, 2, 2, ] | dp = [1, 1, 1, 1, ] | algo = [0, 0, 0, 0, ] | rc = [1664, 1664, 1664, 1665] | gpus = [2, 2, 2, 2] | micro_bs = 1 | time = [656066, 655357, 655357, 658822] | memory = [5377, 4744, 4358, 4396]
fail case|446531.02|70287.49| op = [1665, 1664, 1664, 1666]| tp = [2, 2, 2, 2, ] | dp = [1, 1, 1, 1, ] | algo = [0, 0, 0, 0, ] | rc = [0, 0, 0, 0] | gpus = [2, 2, 2, 2] | micro_bs = 1 | time = [443819, 443109, 443109, 446531] | memory = [70287, 53394, 36748, 20529]
case 23|477117.85|7055.27| op = [1665, 1664, 1664, 1666]| tp = [2, 2, 2, 2, ] | dp = [1, 1, 1, 1, ] | algo = [0, 0, 0, 0, ] | rc = [1664, 1664, 1664, 1665] | gpus = [2, 2, 2, 2] | micro_bs = 2 | time = [474501, 473970, 473970, 477117] | memory = [7055, 6032, 5260, 5115]
fail case|324628.08|136874.95| op = [1665, 1664, 1664, 1666]| tp = [2, 2, 2, 2, ] | dp = [1, 1, 1, 1, ] | algo = [0, 0, 0, 0, ] | rc = [0, 0, 0, 0] | gpus = [2, 2, 2, 2] | micro_bs = 2 | time = [322041, 321509, 321509, 324628] | memory = [136874, 103331, 70039, 37381]
case 24|393956.90|10640.53| op = [1665, 1664, 1664, 1666]| tp = [2, 2, 2, 2, ] | dp = [1, 1, 1, 1, ] | algo = [0, 0, 0, 0, ] | rc = [1664, 1664, 1664, 1665] | gpus = [2, 2, 2, 2] | micro_bs = 4 | time = [391471, 391016, 391016, 393956] | memory = [10640, 8864, 7320, 6780]
fail case|268294.32|270279.89| op = [1665, 1664, 1664, 1666]| tp = [2, 2, 2, 2, ] | dp = [1, 1, 1, 1, ] | algo = [0, 0, 0, 0, ] | rc = [0, 0, 0, 0] | gpus = [2, 2, 2, 2] | micro_bs = 4 | time = [265824, 265369, 265369, 268294] | memory = [270279, 203463, 136879, 71312]
case 25|357220.80|17993.06| op = [1665, 1664, 1664, 1666]| tp = [2, 2, 2, 2, ] | dp = [1, 1, 1, 1, ] | algo = [0, 0, 0, 0, ] | rc = [1664, 1664, 1664, 1665] | gpus = [2, 2, 2, 2] | micro_bs = 8 | time = [354795, 354379, 354379, 357220] | memory = [17993, 14656, 11568, 10288]
fail case|243858.25|537272.81| op = [1665, 1664, 1664, 1666]| tp = [2, 2, 2, 2, ] | dp = [1, 1, 1, 1, ] | algo = [0, 0, 0, 0, ] | rc = [0, 0, 0, 0] | gpus = [2, 2, 2, 2] | micro_bs = 8 | time = [241444, 241028, 241028, 243858] | memory = [537272, 403856, 270688, 139352]
case 26|201444.10|5730.10| op = [833, 832, 832, 832, 832, 832, 832, 834]| tp = [1, 1, 1, 1, 1, 1, 1, 1, ] | dp = [1, 1, 1, 1, 1, 1, 1, 1, ] | algo = [0, 0, 0, 0, 0, 0, 0, 0, ] | rc = [832, 832, 832, 832, 832, 832, 832, 833] | gpus = [1, 1, 1, 1, 1, 1, 1, 1] | micro_bs = 1 | time = [196511, 195989, 195989, 195989, 195989, 195989, 195989, 201444] | memory = [5730, 5060, 4866, 4672, 4478, 4284, 4090, 4745]
fail case|140789.58|129916.45| op = [833, 832, 832, 832, 832, 832, 832, 834]| tp = [1, 1, 1, 1, 1, 1, 1, 1, ] | dp = [1, 1, 1, 1, 1, 1, 1, 1, ] | algo = [0, 0, 0, 0, 0, 0, 0, 0, ] | rc = [0, 0, 0, 0, 0, 0, 0, 0] | gpus = [1, 1, 1, 1, 1, 1, 1, 1] | micro_bs = 1 | time = [135902, 135379, 135379, 135379, 135379, 135379, 135379, 140789] | memory = [129916, 113692, 97944, 82196, 66448, 50700, 34952, 20056]
case 27|148293.02|7740.19| op = [833, 832, 832, 832, 832, 832, 832, 834]| tp = [1, 1, 1, 1, 1, 1, 1, 1, ] | dp = [1, 1, 1, 1, 1, 1, 1, 1, ] | algo = [0, 0, 0, 0, 0, 0, 0, 0, ] | rc = [832, 832, 832, 832, 832, 832, 832, 833] | gpus = [1, 1, 1, 1, 1, 1, 1, 1] | micro_bs = 2 | time = [143326, 143074, 143074, 143074, 143074, 143074, 143074, 148293] | memory = [7740, 6920, 6532, 6144, 5756, 5368, 4980, 5794]
fail case|105380.88|256111.87| op = [833, 832, 832, 832, 832, 832, 832, 834]| tp = [1, 1, 1, 1, 1, 1, 1, 1, ] | dp = [1, 1, 1, 1, 1, 1, 1, 1, ] | algo = [0, 0, 0, 0, 0, 0, 0, 0, ] | rc = [0, 0, 0, 0, 0, 0, 0, 0] | gpus = [1, 1, 1, 1, 1, 1, 1, 1] | micro_bs = 2 | time = [100444, 100192, 100192, 100192, 100192, 100192, 100192, 105380] | memory = [256111, 224183, 192687, 161191, 129695, 98199, 66703, 36416]
case 28|115606.27|11992.37| op = [833, 832, 832, 832, 832, 832, 832, 834]| tp = [1, 1, 1, 1, 1, 1, 1, 1, ] | dp = [1, 1, 1, 1, 1, 1, 1, 1, ] | algo = [0, 0, 0, 0, 0, 0, 0, 0, ] | rc = [832, 832, 832, 832, 832, 832, 832, 833] | gpus = [1, 1, 1, 1, 1, 1, 1, 1] | micro_bs = 4 | time = [110720, 110562, 110562, 110562, 110562, 110562, 110562, 115606] | memory = [11992, 10768, 9992, 9216, 8440, 7664, 6888, 8116]
fail case|83244.96|508735.74| op = [833, 832, 832, 832, 832, 832, 832, 834]| tp = [1, 1, 1, 1, 1, 1, 1, 1, ] | dp = [1, 1, 1, 1, 1, 1, 1, 1, ] | algo = [0, 0, 0, 0, 0, 0, 0, 0, ] | rc = [0, 0, 0, 0, 0, 0, 0, 0] | gpus = [1, 1, 1, 1, 1, 1, 1, 1] | micro_bs = 4 | time = [78374, 78216, 78216, 78216, 78216, 78216, 78216, 83244] | memory = [508735, 445295, 382303, 319311, 256319, 193327, 130335, 69360]
case 29|111115.61|20496.75| op = [833, 832, 832, 832, 832, 832, 832, 834]| tp = [1, 1, 1, 1, 1, 1, 1, 1, ] | dp = [1, 1, 1, 1, 1, 1, 1, 1, ] | algo = [0, 0, 0, 0, 0, 0, 0, 0, ] | rc = [832, 832, 832, 832, 832, 832, 832, 833] | gpus = [1, 1, 1, 1, 1, 1, 1, 1] | micro_bs = 8 | time = [106304, 106184, 106184, 106184, 106184, 106184, 106184, 111115] | memory = [20496, 18464, 16912, 15360, 13808, 12256, 10704, 12760]
fail case|80176.02|1013984.50| op = [833, 832, 832, 832, 832, 832, 832, 834]| tp = [1, 1, 1, 1, 1, 1, 1, 1, ] | dp = [1, 1, 1, 1, 1, 1, 1, 1, ] | algo = [0, 0, 0, 0, 0, 0, 0, 0, ] | rc = [0, 0, 0, 0, 0, 0, 0, 0] | gpus = [1, 1, 1, 1, 1, 1, 1, 1] | micro_bs = 8 | time = [75377, 75257, 75257, 75257, 75257, 75257, 75257, 80176] | memory = [1013984, 887520, 761536, 635552, 509568, 383584, 257600, 135248]


best_0|111115.61|20496.75| op = [833, 832, 832, 832, 832, 832, 832, 834]| tp = [1, 1, 1, 1, 1, 1, 1, 1, ] | dp = [1, 1, 1, 1, 1, 1, 1, 1, ] | algo = [0, 0, 0, 0, 0, 0, 0, 0, ] | rc = [832, 832, 832, 832, 832, 832, 832, 833] | gpus = [1, 1, 1, 1, 1, 1, 1, 1] | micro_bs = 8 | time = [106304, 106184, 106184, 106184, 106184, 106184, 106184, 111115] | memory = [20496, 18464, 16912, 15360, 13808, 12256, 10704, 12760]
config has been saved to /home/liminglong.lml/sxz/SuperScaler/logs-large/megatron/configs/scale-layer/512layers/scale-layer_512layers_512layers_megatron_est_111115.json
[TOTAL TIME] 3.237192392349243 s.
