------------------------ arguments ------------------------
  adaptive_hyper_parameters ....................... 5
  add_action_finetune_algo ........................ False
  add_action_finetune_dim ......................... False
  add_action_tp_dp_exchange ....................... False
  add_action_tune_tp_dp ........................... False
  check_recompute_with_group ...................... False
  config_save_path ................................ /home/liminglong.lml/sxz/SuperScaler/logs-large/megatron/configs/mbs/2048/
  config_suffix ................................... 2026-5-16-7-32-18
  consider_collective_memory ...................... False
  consider_reserved_space ......................... True
  consider_shared_space ........................... True
  continue_when_fail .............................. True
  decoder_seq_len ................................. 512
  end_num_stages .................................. 8
  finetune_after_trial ............................ 0
  finetune_tp_dp_after_trial ...................... False
  flex_recompute .................................. True
  forbid_turn_back ................................ False
  global_batch_size ............................... 2048
  high_memory_rate ................................ 0.9
  init_dim ........................................ tp
  initial_point ................................... balance
  log_path ........................................ /home/liminglong.lml/sxz/SuperScaler/logs-large/megatron/search/mbs/2048/
  max_num_hops .................................... None
  max_num_trials .................................. 100
  max_op_move_steps ............................... 5
  max_tp .......................................... 8
  memory_limit .................................... 28000
  memory_main_params .............................. 2
  memory_optimizer ................................ 4
  memory_pred_type ................................ MAX
  micro_batch_size ................................ [1, 2, 4, 8]
  min_mbs ......................................... 1
  model_name ...................................... gpt
  model_size ...................................... 2_6B
  multi_process ................................... True
  num_algos ....................................... 2
  num_gpus ........................................ 8
  num_gpus_per_node ............................... 8
  num_layers ...................................... 32
  num_nodes ....................................... 1
  num_of_saved_configs ............................ 1
  num_partners_in_op_mig .......................... 1
  only_top_1_target ............................... False
  op_group_size ................................... 1
  peak_mem_in_backward ............................ 0
  predict_delta_time .............................. False
  print_debug_info ................................ True
  print_gpu_mig_details ........................... False
  print_move_op_details ........................... False
  print_recomp_debug_info ......................... False
  print_recompute_ops ............................. False
  profiled_time_path .............................. /home/liminglong.lml/sxz/SuperScaler/profiler/profiled-time-eurosys/
  random_order_actions ............................ False
  resharding ...................................... True
  save_to_csv ..................................... None
  seq_len ......................................... 2048
  simple_prim_mbs ................................. False
  simple_prim_mig ................................. False
  sort_metric ..................................... max_stage_time
  start_num_stages ................................ 1
  support_comm_predict ............................ False
  time_budget_per_trial ........................... 10
  time_budget_total ............................... 10
-------------------- end of arguments ---------------------
working on num_stages[1], tp_size[1], dp_size[8], mbs[8], recomp[True] ...
working on num_stages[1], tp_size[1], dp_size[8], mbs[8], recomp[False] ...
working on num_stages[1], tp_size[2], dp_size[4], mbs[4], recomp[True] ...
working on num_stages[1], tp_size[2], dp_size[4], mbs[4], recomp[False] ...
working on num_stages[1], tp_size[2], dp_size[4], mbs[8], recomp[True] ...
working on num_stages[1], tp_size[2], dp_size[4], mbs[8], recomp[False] ...
working on num_stages[1], tp_size[4], dp_size[2], mbs[2], recomp[True] ...
working on num_stages[1], tp_size[4], dp_size[2], mbs[2], recomp[False] ...
working on num_stages[1], tp_size[4], dp_size[2], mbs[4], recomp[True] ...
working on num_stages[1], tp_size[4], dp_size[2], mbs[4], recomp[False] ...
working on num_stages[1], tp_size[4], dp_size[2], mbs[8], recomp[True] ...
working on num_stages[1], tp_size[4], dp_size[2], mbs[8], recomp[False] ...
working on num_stages[1], tp_size[8], dp_size[1], mbs[1], recomp[True] ...
working on num_stages[1], tp_size[8], dp_size[1], mbs[1], recomp[False] ...
working on num_stages[1], tp_size[8], dp_size[1], mbs[2], recomp[True] ...
working on num_stages[1], tp_size[8], dp_size[1], mbs[2], recomp[False] ...
working on num_stages[1], tp_size[8], dp_size[1], mbs[4], recomp[True] ...
working on num_stages[1], tp_size[8], dp_size[1], mbs[4], recomp[False] ...
working on num_stages[1], tp_size[8], dp_size[1], mbs[8], recomp[True] ...
working on num_stages[1], tp_size[8], dp_size[1], mbs[8], recomp[False] ...
working on num_stages[2], tp_size[1], dp_size[4], mbs[4], recomp[True] ...
working on num_stages[2], tp_size[1], dp_size[4], mbs[4], recomp[False] ...
working on num_stages[2], tp_size[1], dp_size[4], mbs[8], recomp[True] ...
working on num_stages[2], tp_size[1], dp_size[4], mbs[8], recomp[False] ...
working on num_stages[2], tp_size[2], dp_size[2], mbs[2], recomp[True] ...
working on num_stages[2], tp_size[2], dp_size[2], mbs[2], recomp[False] ...
working on num_stages[2], tp_size[2], dp_size[2], mbs[4], recomp[True] ...
working on num_stages[2], tp_size[2], dp_size[2], mbs[4], recomp[False] ...
working on num_stages[2], tp_size[2], dp_size[2], mbs[8], recomp[True] ...
working on num_stages[2], tp_size[2], dp_size[2], mbs[8], recomp[False] ...
working on num_stages[2], tp_size[4], dp_size[1], mbs[1], recomp[True] ...
working on num_stages[2], tp_size[4], dp_size[1], mbs[1], recomp[False] ...
working on num_stages[2], tp_size[4], dp_size[1], mbs[2], recomp[True] ...
working on num_stages[2], tp_size[4], dp_size[1], mbs[2], recomp[False] ...
working on num_stages[2], tp_size[4], dp_size[1], mbs[4], recomp[True] ...
working on num_stages[2], tp_size[4], dp_size[1], mbs[4], recomp[False] ...
working on num_stages[2], tp_size[4], dp_size[1], mbs[8], recomp[True] ...
working on num_stages[2], tp_size[4], dp_size[1], mbs[8], recomp[False] ...
working on num_stages[4], tp_size[1], dp_size[2], mbs[2], recomp[True] ...
working on num_stages[4], tp_size[1], dp_size[2], mbs[2], recomp[False] ...
working on num_stages[4], tp_size[1], dp_size[2], mbs[4], recomp[True] ...
working on num_stages[4], tp_size[1], dp_size[2], mbs[4], recomp[False] ...
working on num_stages[4], tp_size[1], dp_size[2], mbs[8], recomp[True] ...
working on num_stages[4], tp_size[1], dp_size[2], mbs[8], recomp[False] ...
working on num_stages[4], tp_size[2], dp_size[1], mbs[1], recomp[True] ...
working on num_stages[4], tp_size[2], dp_size[1], mbs[1], recomp[False] ...
working on num_stages[4], tp_size[2], dp_size[1], mbs[2], recomp[True] ...
working on num_stages[4], tp_size[2], dp_size[1], mbs[2], recomp[False] ...
working on num_stages[4], tp_size[2], dp_size[1], mbs[4], recomp[True] ...
working on num_stages[4], tp_size[2], dp_size[1], mbs[4], recomp[False] ...
working on num_stages[4], tp_size[2], dp_size[1], mbs[8], recomp[True] ...
working on num_stages[4], tp_size[2], dp_size[1], mbs[8], recomp[False] ...
working on num_stages[8], tp_size[1], dp_size[1], mbs[1], recomp[True] ...
working on num_stages[8], tp_size[1], dp_size[1], mbs[1], recomp[False] ...
working on num_stages[8], tp_size[1], dp_size[1], mbs[2], recomp[True] ...
working on num_stages[8], tp_size[1], dp_size[1], mbs[2], recomp[False] ...
working on num_stages[8], tp_size[1], dp_size[1], mbs[4], recomp[True] ...
working on num_stages[8], tp_size[1], dp_size[1], mbs[4], recomp[False] ...
working on num_stages[8], tp_size[1], dp_size[1], mbs[8], recomp[True] ...
working on num_stages[8], tp_size[1], dp_size[1], mbs[8], recomp[False] ...
fail case|91831.92|49703.08| op = [419]| tp = [1, ] | dp = [8, ] | algo = [0, ] | rc = [417] | gpus = [8] | micro_bs = 8 | time = [91831] | memory = [49703]
fail case|67100.24|80921.07| op = [419]| tp = [1, ] | dp = [8, ] | algo = [0, ] | rc = [0] | gpus = [8] | micro_bs = 8 | time = [67100] | memory = [80921]
case 0|261678.36|25176.10| op = [419]| tp = [2, ] | dp = [4, ] | algo = [0, ] | rc = [417] | gpus = [8] | micro_bs = 4 | time = [261678] | memory = [25176]
fail case|181354.65|41638.09| op = [419]| tp = [2, ] | dp = [4, ] | algo = [0, ] | rc = [0] | gpus = [8] | micro_bs = 4 | time = [181354] | memory = [41638]
case 1|239794.63|26432.19| op = [419]| tp = [2, ] | dp = [4, ] | algo = [0, ] | rc = [417] | gpus = [8] | micro_bs = 8 | time = [239794] | memory = [26432]
fail case|165864.67|59356.12| op = [419]| tp = [2, ] | dp = [4, ] | algo = [0, ] | rc = [0] | gpus = [8] | micro_bs = 8 | time = [165864] | memory = [59356]
case 2|509012.56|12913.10| op = [419]| tp = [4, ] | dp = [2, ] | algo = [0, ] | rc = [417] | gpus = [8] | micro_bs = 2 | time = [509012] | memory = [12913]
case 3|347156.66|21997.09| op = [419]| tp = [4, ] | dp = [2, ] | algo = [0, ] | rc = [0] | gpus = [8] | micro_bs = 2 | time = [347156] | memory = [21997]
case 4|480272.43|13831.82| op = [419]| tp = [4, ] | dp = [2, ] | algo = [0, ] | rc = [417] | gpus = [8] | micro_bs = 4 | time = [480272] | memory = [13831]
fail case|327535.73|32019.12| op = [419]| tp = [4, ] | dp = [2, ] | algo = [0, ] | rc = [0] | gpus = [8] | micro_bs = 4 | time = [327535] | memory = [32019]
case 5|459990.03|15647.39| op = [419]| tp = [4, ] | dp = [2, ] | algo = [0, ] | rc = [417] | gpus = [8] | micro_bs = 8 | time = [459990] | memory = [15647]
fail case|313691.80|51983.23| op = [419]| tp = [4, ] | dp = [2, ] | algo = [0, ] | rc = [0] | gpus = [8] | micro_bs = 8 | time = [313691] | memory = [51983]
case 6|1013812.72|6781.91| op = [419]| tp = [8, ] | dp = [1, ] | algo = [0, ] | rc = [417] | gpus = [8] | micro_bs = 1 | time = [1013812] | memory = [6781]
case 7|685804.45|12186.57| op = [419]| tp = [8, ] | dp = [1, ] | algo = [0, ] | rc = [0] | gpus = [8] | micro_bs = 1 | time = [685804] | memory = [12186]
case 8|949635.47|7531.01| op = [419]| tp = [8, ] | dp = [1, ] | algo = [0, ] | rc = [417] | gpus = [8] | micro_bs = 2 | time = [949635] | memory = [7531]
case 9|642852.16|18330.60| op = [419]| tp = [8, ] | dp = [1, ] | algo = [0, ] | rc = [0] | gpus = [8] | micro_bs = 2 | time = [642852] | memory = [18330]
case 10|925463.43|9008.89| op = [419]| tp = [8, ] | dp = [1, ] | algo = [0, ] | rc = [417] | gpus = [8] | micro_bs = 4 | time = [925463] | memory = [9008]
fail case|626302.81|30588.73| op = [419]| tp = [8, ] | dp = [1, ] | algo = [0, ] | rc = [0] | gpus = [8] | micro_bs = 4 | time = [626302] | memory = [30588]
case 11|901798.67|12572.78| op = [419]| tp = [8, ] | dp = [1, ] | algo = [0, ] | rc = [417] | gpus = [8] | micro_bs = 8 | time = [901798] | memory = [12572]
fail case|610289.46|55732.53| op = [419]| tp = [8, ] | dp = [1, ] | algo = [0, ] | rc = [0] | gpus = [8] | micro_bs = 8 | time = [610289] | memory = [55732]
case 12|94389.80|25517.07| op = [209, 210]| tp = [1, 1, ] | dp = [4, 4, ] | algo = [0, 0, ] | rc = [208, 209] | gpus = [4, 4] | micro_bs = 4 | time = [89882, 94389] | memory = [25474, 25517]
fail case|69598.61|56677.04| op = [209, 210]| tp = [1, 1, ] | dp = [4, 4, ] | algo = [0, 0, ] | rc = [0, 0] | gpus = [4, 4] | micro_bs = 4 | time = [65113, 69598] | memory = [56677, 40622]
case 13|90282.34|27204.14| op = [209, 210]| tp = [1, 1, ] | dp = [4, 4, ] | algo = [0, 0, ] | rc = [208, 209] | gpus = [4, 4] | micro_bs = 8 | time = [85750, 90282] | memory = [27004, 27204]
fail case|66472.54|89410.02| op = [209, 210]| tp = [1, 1, ] | dp = [4, 4, ] | algo = [0, 0, ] | rc = [0, 0] | gpus = [4, 4] | micro_bs = 8 | time = [61965, 66472] | memory = [89410, 57415]
case 14|264493.51|13071.08| op = [209, 210]| tp = [2, 2, ] | dp = [2, 2, ] | algo = [0, 0, ] | rc = [208, 209] | gpus = [4, 4] | micro_bs = 2 | time = [259873, 264493] | memory = [13071, 12916]
fail case|184069.14|29518.08| op = [209, 210]| tp = [2, 2, ] | dp = [2, 2, ] | algo = [0, 0, ] | rc = [0, 0] | gpus = [4, 4] | micro_bs = 2 | time = [179493, 184069] | memory = [29518, 20881]
case 15|242656.85|14127.16| op = [209, 210]| tp = [2, 2, ] | dp = [2, 2, ] | algo = [0, 0, ] | rc = [208, 209] | gpus = [4, 4] | micro_bs = 4 | time = [238149, 242656] | memory = [14127, 13927]
fail case|168557.18|47021.09| op = [209, 210]| tp = [2, 2, ] | dp = [2, 2, ] | algo = [0, 0, ] | rc = [0, 0] | gpus = [4, 4] | micro_bs = 4 | time = [164100, 168557] | memory = [47021, 29858]
case 16|236743.45|17464.33| op = [209, 210]| tp = [2, 2, ] | dp = [2, 2, ] | algo = [0, 0, ] | rc = [208, 209] | gpus = [4, 4] | micro_bs = 8 | time = [232191, 236743] | memory = [17464, 17164]
fail case|164544.93|83252.17| op = [209, 210]| tp = [2, 2, ] | dp = [2, 2, ] | algo = [0, 0, ] | rc = [0, 0] | gpus = [4, 4] | micro_bs = 8 | time = [160038, 164544] | memory = [83252, 49026]
case 17|512417.46|6870.58| op = [209, 210]| tp = [4, 4, ] | dp = [1, 1, ] | algo = [0, 0, ] | rc = [208, 209] | gpus = [4, 4] | micro_bs = 1 | time = [507102, 512417] | memory = [6870, 6615]
case 18|350437.41|15939.58| op = [209, 210]| tp = [4, 4, ] | dp = [1, 1, ] | algo = [0, 0, ] | rc = [0, 0] | gpus = [4, 4] | micro_bs = 1 | time = [345212, 350437] | memory = [15939, 11011]
case 19|483480.93|7689.29| op = [209, 210]| tp = [4, 4, ] | dp = [1, 1, ] | algo = [0, 0, ] | rc = [208, 209] | gpus = [4, 4] | micro_bs = 2 | time = [478562, 483480] | memory = [7689, 7289]
case 20|330544.16|25846.59| op = [209, 210]| tp = [4, 4, ] | dp = [1, 1, ] | algo = [0, 0, ] | rc = [0, 0] | gpus = [4, 4] | micro_bs = 2 | time = [325727, 330544] | memory = [25846, 16089]
case 21|463303.56|9932.33| op = [209, 210]| tp = [4, 4, ] | dp = [1, 1, ] | algo = [0, 0, ] | rc = [208, 209] | gpus = [4, 4] | micro_bs = 4 | time = [458836, 463303] | memory = [9932, 9232]
fail case|316674.04|46208.17| op = [209, 210]| tp = [4, 4, ] | dp = [1, 1, ] | algo = [0, 0, ] | rc = [0, 0] | gpus = [4, 4] | micro_bs = 4 | time = [312297, 316674] | memory = [46208, 26814]
case 22|455836.29|14484.66| op = [209, 210]| tp = [4, 4, ] | dp = [1, 1, ] | algo = [0, 0, ] | rc = [208, 209] | gpus = [4, 4] | micro_bs = 8 | time = [451519, 455836] | memory = [14484, 13164]
fail case|311486.38|87036.41| op = [209, 210]| tp = [4, 4, ] | dp = [1, 1, ] | algo = [0, 0, ] | rc = [0, 0] | gpus = [4, 4] | micro_bs = 8 | time = [307255, 311486] | memory = [87036, 48328]
case 23|99744.75|14706.06| op = [105, 104, 104, 106]| tp = [1, 1, 1, 1, ] | dp = [2, 2, 2, 2, ] | algo = [0, 0, 0, 0, ] | rc = [104, 104, 104, 105] | gpus = [2, 2, 2, 2] | micro_bs = 2 | time = [90721, 89719, 89719, 99744] | memory = [14706, 12292, 12162, 14597]
fail case|74906.97|45909.06| op = [105, 104, 104, 106]| tp = [1, 1, 1, 1, ] | dp = [2, 2, 2, 2, ] | algo = [0, 0, 0, 0, ] | rc = [0, 0, 0, 0] | gpus = [2, 2, 2, 2] | micro_bs = 2 | time = [65928, 64926, 64926, 74906] | memory = [45909, 35438, 27252, 21646]
case 24|95479.15|17364.13| op = [105, 104, 104, 106]| tp = [1, 1, 1, 1, ] | dp = [2, 2, 2, 2, ] | algo = [0, 0, 0, 0, ] | rc = [104, 104, 104, 105] | gpus = [2, 2, 2, 2] | micro_bs = 4 | time = [86396, 85718, 85718, 95479] | memory = [17364, 14984, 14724, 17274]
fail case|71597.54|79770.05| op = [105, 104, 104, 106]| tp = [1, 1, 1, 1, ] | dp = [2, 2, 2, 2, ] | algo = [0, 0, 0, 0, ] | rc = [0, 0, 0, 0] | gpus = [2, 2, 2, 2] | micro_bs = 4 | time = [62566, 61887, 61887, 71597] | memory = [79770, 61277, 44904, 31372]
case 25|96507.93|23048.25| op = [105, 104, 104, 106]| tp = [1, 1, 1, 1, ] | dp = [2, 2, 2, 2, ] | algo = [0, 0, 0, 0, ] | rc = [104, 104, 104, 105] | gpus = [2, 2, 2, 2] | micro_bs = 8 | time = [87435, 86955, 86955, 96507] | memory = [23048, 20368, 19848, 22948]
fail case|71937.23|147860.09| op = [105, 104, 104, 106]| tp = [1, 1, 1, 1, ] | dp = [2, 2, 2, 2, ] | algo = [0, 0, 0, 0, ] | rc = [0, 0, 0, 0] | gpus = [2, 2, 2, 2] | micro_bs = 8 | time = [62910, 62429, 62429, 71937] | memory = [147860, 112954, 80209, 51145]
case 26|271976.66|7701.14| op = [105, 104, 104, 106]| tp = [2, 2, 2, 2, ] | dp = [1, 1, 1, 1, ] | algo = [0, 0, 0, 0, ] | rc = [104, 104, 104, 105] | gpus = [2, 2, 2, 2] | micro_bs = 1 | time = [262732, 258267, 258267, 271976] | memory = [7701, 6376, 6246, 7396]
case 27|191468.61|24148.13| op = [105, 104, 104, 106]| tp = [2, 2, 2, 2, ] | dp = [1, 1, 1, 1, ] | algo = [0, 0, 0, 0, ] | rc = [0, 0, 0, 0] | gpus = [2, 2, 2, 2] | micro_bs = 1 | time = [182313, 177848, 177848, 191468] | memory = [24148, 18574, 14196, 11113]
case 28|249740.37|9332.27| op = [105, 104, 104, 106]| tp = [2, 2, 2, 2, ] | dp = [1, 1, 1, 1, ] | algo = [0, 0, 0, 0, ] | rc = [104, 104, 104, 105] | gpus = [2, 2, 2, 2] | micro_bs = 2 | time = [240717, 236608, 236608, 249740] | memory = [9332, 7952, 7692, 8842]
fail case|175517.81|42226.19| op = [105, 104, 104, 106]| tp = [2, 2, 2, 2, ] | dp = [1, 1, 1, 1, ] | algo = [0, 0, 0, 0, ] | rc = [0, 0, 0, 0] | gpus = [2, 2, 2, 2] | micro_bs = 2 | time = [166596, 162486, 162486, 175517] | memory = [42226, 32349, 23592, 16276]
case 29|243878.39|12784.53| op = [105, 104, 104, 106]| tp = [2, 2, 2, 2, ] | dp = [1, 1, 1, 1, ] | algo = [0, 0, 0, 0, ] | rc = [104, 104, 104, 105] | gpus = [2, 2, 2, 2] | micro_bs = 4 | time = [234756, 230894, 230894, 243878] | memory = [12784, 11104, 10584, 11884]
fail case|171493.77|78572.37| op = [105, 104, 104, 106]| tp = [2, 2, 2, 2, ] | dp = [1, 1, 1, 1, ] | algo = [0, 0, 0, 0, ] | rc = [0, 0, 0, 0] | gpus = [2, 2, 2, 2] | micro_bs = 4 | time = [162463, 158600, 158600, 171493] | memory = [78572, 59898, 42385, 26753]
case 30|240580.15|19689.06| op = [105, 104, 104, 106]| tp = [2, 2, 2, 2, ] | dp = [1, 1, 1, 1, ] | algo = [0, 0, 0, 0, ] | rc = [104, 104, 104, 105] | gpus = [2, 2, 2, 2] | micro_bs = 8 | time = [231645, 227922, 227922, 240580] | memory = [19689, 17408, 16368, 17968]
fail case|168798.24|151264.81| op = [105, 104, 104, 106]| tp = [2, 2, 2, 2, ] | dp = [1, 1, 1, 1, ] | algo = [0, 0, 0, 0, ] | rc = [0, 0, 0, 0] | gpus = [2, 2, 2, 2] | micro_bs = 8 | time = [159949, 156226, 156226, 168798] | memory = [151264, 114998, 79972, 47706]
case 31|110324.35|9790.10| op = [53, 52, 52, 52, 52, 52, 52, 54]| tp = [1, 1, 1, 1, 1, 1, 1, 1, ] | dp = [1, 1, 1, 1, 1, 1, 1, 1, ] | algo = [0, 0, 0, 0, 0, 0, 0, 0, ] | rc = [52, 52, 52, 52, 52, 52, 52, 53] | gpus = [1, 1, 1, 1, 1, 1, 1, 1] | micro_bs = 1 | time = [92269, 90263, 90263, 90263, 90263, 90263, 90263, 110324] | memory = [9790, 7592, 7522, 7452, 7382, 7312, 7242, 9567]
fail case|85429.61|40993.09| op = [53, 52, 52, 52, 52, 52, 52, 54]| tp = [1, 1, 1, 1, 1, 1, 1, 1, ] | dp = [1, 1, 1, 1, 1, 1, 1, 1, ] | algo = [0, 0, 0, 0, 0, 0, 0, 0, ] | rc = [0, 0, 0, 0, 0, 0, 0, 0] | gpus = [1, 1, 1, 1, 1, 1, 1, 1] | micro_bs = 1 | time = [67464, 65458, 65458, 65458, 65458, 65458, 65458, 85429] | memory = [40993, 34766, 30668, 26570, 22472, 18374, 14276, 12588]
case 32|105624.00|12684.19| op = [53, 52, 52, 52, 52, 52, 52, 54]| tp = [1, 1, 1, 1, 1, 1, 1, 1, ] | dp = [1, 1, 1, 1, 1, 1, 1, 1, ] | algo = [0, 0, 0, 0, 0, 0, 0, 0, ] | rc = [52, 52, 52, 52, 52, 52, 52, 53] | gpus = [1, 1, 1, 1, 1, 1, 1, 1] | micro_bs = 2 | time = [87441, 86083, 86083, 86083, 86083, 86083, 86083, 105623] | memory = [12684, 10384, 10244, 10104, 9964, 9824, 9684, 12354]
fail case|81668.16|75090.11| op = [53, 52, 52, 52, 52, 52, 52, 54]| tp = [1, 1, 1, 1, 1, 1, 1, 1, ] | dp = [1, 1, 1, 1, 1, 1, 1, 1, ] | algo = [0, 0, 0, 0, 0, 0, 0, 0, ] | rc = [0, 0, 0, 0, 0, 0, 0, 0] | gpus = [1, 1, 1, 1, 1, 1, 1, 1] | micro_bs = 2 | time = [63587, 62230, 62230, 62230, 62230, 62230, 62230, 81668] | memory = [75090, 64733, 56537, 48341, 40144, 31948, 23752, 18396]
case 33|106449.64|18488.37| op = [53, 52, 52, 52, 52, 52, 52, 54]| tp = [1, 1, 1, 1, 1, 1, 1, 1, ] | dp = [1, 1, 1, 1, 1, 1, 1, 1, ] | algo = [0, 0, 0, 0, 0, 0, 0, 0, ] | rc = [52, 52, 52, 52, 52, 52, 52, 53] | gpus = [1, 1, 1, 1, 1, 1, 1, 1] | micro_bs = 4 | time = [88269, 87306, 87306, 87306, 87306, 87306, 87306, 106449] | memory = [18488, 15968, 15688, 15408, 15128, 14848, 14568, 17908]
fail case|81786.00|143300.22| op = [53, 52, 52, 52, 52, 52, 52, 54]| tp = [1, 1, 1, 1, 1, 1, 1, 1, ] | dp = [1, 1, 1, 1, 1, 1, 1, 1, ] | algo = [0, 0, 0, 0, 0, 0, 0, 0, ] | rc = [0, 0, 0, 0, 0, 0, 0, 0] | gpus = [1, 1, 1, 1, 1, 1, 1, 1] | micro_bs = 4 | time = [63696, 62733, 62733, 62733, 62733, 62733, 62733, 81786] | memory = [143300, 124667, 108274, 91882, 75489, 59097, 42704, 29992]
fail case|106131.05|30096.75| op = [53, 52, 52, 52, 52, 52, 52, 54]| tp = [1, 1, 1, 1, 1, 1, 1, 1, ] | dp = [1, 1, 1, 1, 1, 1, 1, 1, ] | algo = [0, 0, 0, 0, 0, 0, 0, 0, ] | rc = [52, 52, 52, 52, 52, 52, 52, 53] | gpus = [1, 1, 1, 1, 1, 1, 1, 1] | micro_bs = 8 | time = [88022, 87258, 87258, 87258, 87258, 87258, 87258, 106131] | memory = [30096, 27136, 26576, 26016, 25456, 24896, 24336, 29016]
fail case|81191.54|279720.50| op = [53, 52, 52, 52, 52, 52, 52, 54]| tp = [1, 1, 1, 1, 1, 1, 1, 1, ] | dp = [1, 1, 1, 1, 1, 1, 1, 1, ] | algo = [0, 0, 0, 0, 0, 0, 0, 0, ] | rc = [0, 0, 0, 0, 0, 0, 0, 0] | gpus = [1, 1, 1, 1, 1, 1, 1, 1] | micro_bs = 8 | time = [63169, 62404, 62404, 62404, 62404, 62404, 62404, 81191] | memory = [279720, 244535, 211750, 178965, 146180, 113395, 80610, 53185]


best_0|90282.34|27204.14| op = [209, 210]| tp = [1, 1, ] | dp = [4, 4, ] | algo = [0, 0, ] | rc = [208, 209] | gpus = [4, 4] | micro_bs = 8 | time = [85750, 90282] | memory = [27004, 27204]
config has been saved to /home/liminglong.lml/sxz/SuperScaler/logs-large/megatron/configs/mbs/2048/gpt_2_6B_32layers_megatron_est_90282.json
[TOTAL TIME] 0.20552349090576172 s.
