------------------------ arguments ------------------------
  adaptive_hyper_parameters ....................... 5
  add_action_finetune_algo ........................ False
  add_action_finetune_dim ......................... False
  add_action_tp_dp_exchange ....................... False
  add_action_tune_tp_dp ........................... False
  check_recompute_with_group ...................... False
  config_save_path ................................ /home/liminglong.lml/sxz/SuperScaler/logs-large/megatron/configs/mbs/512/
  config_suffix ................................... 2026-5-16-7-32-9
  consider_collective_memory ...................... False
  consider_reserved_space ......................... True
  consider_shared_space ........................... True
  continue_when_fail .............................. True
  decoder_seq_len ................................. 512
  end_num_stages .................................. 8
  finetune_after_trial ............................ 0
  finetune_tp_dp_after_trial ...................... False
  flex_recompute .................................. True
  forbid_turn_back ................................ False
  global_batch_size ............................... 512
  high_memory_rate ................................ 0.9
  init_dim ........................................ tp
  initial_point ................................... balance
  log_path ........................................ /home/liminglong.lml/sxz/SuperScaler/logs-large/megatron/search/mbs/512/
  max_num_hops .................................... None
  max_num_trials .................................. 100
  max_op_move_steps ............................... 5
  max_tp .......................................... 8
  memory_limit .................................... 28000
  memory_main_params .............................. 2
  memory_optimizer ................................ 4
  memory_pred_type ................................ MAX
  micro_batch_size ................................ [1, 2, 4, 8]
  min_mbs ......................................... 1
  model_name ...................................... gpt
  model_size ...................................... 2_6B
  multi_process ................................... True
  num_algos ....................................... 2
  num_gpus ........................................ 8
  num_gpus_per_node ............................... 8
  num_layers ...................................... 32
  num_nodes ....................................... 1
  num_of_saved_configs ............................ 1
  num_partners_in_op_mig .......................... 1
  only_top_1_target ............................... False
  op_group_size ................................... 1
  peak_mem_in_backward ............................ 0
  predict_delta_time .............................. False
  print_debug_info ................................ True
  print_gpu_mig_details ........................... False
  print_move_op_details ........................... False
  print_recomp_debug_info ......................... False
  print_recompute_ops ............................. False
  profiled_time_path .............................. /home/liminglong.lml/sxz/SuperScaler/profiler/profiled-time-eurosys/
  random_order_actions ............................ False
  resharding ...................................... True
  save_to_csv ..................................... None
  seq_len ......................................... 2048
  simple_prim_mbs ................................. False
  simple_prim_mig ................................. False
  sort_metric ..................................... max_stage_time
  start_num_stages ................................ 1
  support_comm_predict ............................ False
  time_budget_per_trial ........................... 10
  time_budget_total ............................... 10
-------------------- end of arguments ---------------------
working on num_stages[1], tp_size[1], dp_size[8], mbs[8], recomp[True] ...
working on num_stages[1], tp_size[1], dp_size[8], mbs[8], recomp[False] ...
working on num_stages[1], tp_size[2], dp_size[4], mbs[4], recomp[True] ...
working on num_stages[1], tp_size[2], dp_size[4], mbs[4], recomp[False] ...
working on num_stages[1], tp_size[2], dp_size[4], mbs[8], recomp[True] ...
working on num_stages[1], tp_size[2], dp_size[4], mbs[8], recomp[False] ...
working on num_stages[1], tp_size[4], dp_size[2], mbs[2], recomp[True] ...
working on num_stages[1], tp_size[4], dp_size[2], mbs[2], recomp[False] ...
working on num_stages[1], tp_size[4], dp_size[2], mbs[4], recomp[True] ...
working on num_stages[1], tp_size[4], dp_size[2], mbs[4], recomp[False] ...
working on num_stages[1], tp_size[4], dp_size[2], mbs[8], recomp[True] ...
working on num_stages[1], tp_size[4], dp_size[2], mbs[8], recomp[False] ...
working on num_stages[1], tp_size[8], dp_size[1], mbs[1], recomp[True] ...
working on num_stages[1], tp_size[8], dp_size[1], mbs[1], recomp[False] ...
working on num_stages[1], tp_size[8], dp_size[1], mbs[2], recomp[True] ...
working on num_stages[1], tp_size[8], dp_size[1], mbs[2], recomp[False] ...
working on num_stages[1], tp_size[8], dp_size[1], mbs[4], recomp[True] ...
working on num_stages[1], tp_size[8], dp_size[1], mbs[4], recomp[False] ...
working on num_stages[1], tp_size[8], dp_size[1], mbs[8], recomp[True] ...
working on num_stages[1], tp_size[8], dp_size[1], mbs[8], recomp[False] ...
working on num_stages[2], tp_size[1], dp_size[4], mbs[4], recomp[True] ...
working on num_stages[2], tp_size[1], dp_size[4], mbs[4], recomp[False] ...
working on num_stages[2], tp_size[1], dp_size[4], mbs[8], recomp[True] ...
working on num_stages[2], tp_size[1], dp_size[4], mbs[8], recomp[False] ...
working on num_stages[2], tp_size[2], dp_size[2], mbs[2], recomp[True] ...
working on num_stages[2], tp_size[2], dp_size[2], mbs[2], recomp[False] ...
working on num_stages[2], tp_size[2], dp_size[2], mbs[4], recomp[True] ...
working on num_stages[2], tp_size[2], dp_size[2], mbs[4], recomp[False] ...
working on num_stages[2], tp_size[2], dp_size[2], mbs[8], recomp[True] ...
working on num_stages[2], tp_size[2], dp_size[2], mbs[8], recomp[False] ...
working on num_stages[2], tp_size[4], dp_size[1], mbs[1], recomp[True] ...
working on num_stages[2], tp_size[4], dp_size[1], mbs[1], recomp[False] ...
working on num_stages[2], tp_size[4], dp_size[1], mbs[2], recomp[True] ...
working on num_stages[2], tp_size[4], dp_size[1], mbs[2], recomp[False] ...
working on num_stages[2], tp_size[4], dp_size[1], mbs[4], recomp[True] ...
working on num_stages[2], tp_size[4], dp_size[1], mbs[4], recomp[False] ...
working on num_stages[2], tp_size[4], dp_size[1], mbs[8], recomp[True] ...
working on num_stages[2], tp_size[4], dp_size[1], mbs[8], recomp[False] ...
working on num_stages[4], tp_size[1], dp_size[2], mbs[2], recomp[True] ...
working on num_stages[4], tp_size[1], dp_size[2], mbs[2], recomp[False] ...
working on num_stages[4], tp_size[1], dp_size[2], mbs[4], recomp[True] ...
working on num_stages[4], tp_size[1], dp_size[2], mbs[4], recomp[False] ...
working on num_stages[4], tp_size[1], dp_size[2], mbs[8], recomp[True] ...
working on num_stages[4], tp_size[1], dp_size[2], mbs[8], recomp[False] ...
working on num_stages[4], tp_size[2], dp_size[1], mbs[1], recomp[True] ...
working on num_stages[4], tp_size[2], dp_size[1], mbs[1], recomp[False] ...
working on num_stages[4], tp_size[2], dp_size[1], mbs[2], recomp[True] ...
working on num_stages[4], tp_size[2], dp_size[1], mbs[2], recomp[False] ...
working on num_stages[4], tp_size[2], dp_size[1], mbs[4], recomp[True] ...
working on num_stages[4], tp_size[2], dp_size[1], mbs[4], recomp[False] ...
working on num_stages[4], tp_size[2], dp_size[1], mbs[8], recomp[True] ...
working on num_stages[4], tp_size[2], dp_size[1], mbs[8], recomp[False] ...
working on num_stages[8], tp_size[1], dp_size[1], mbs[1], recomp[True] ...
working on num_stages[8], tp_size[1], dp_size[1], mbs[1], recomp[False] ...
working on num_stages[8], tp_size[1], dp_size[1], mbs[2], recomp[True] ...
working on num_stages[8], tp_size[1], dp_size[1], mbs[2], recomp[False] ...
working on num_stages[8], tp_size[1], dp_size[1], mbs[4], recomp[True] ...
working on num_stages[8], tp_size[1], dp_size[1], mbs[4], recomp[False] ...
working on num_stages[8], tp_size[1], dp_size[1], mbs[8], recomp[True] ...
working on num_stages[8], tp_size[1], dp_size[1], mbs[8], recomp[False] ...
fail case|22957.98|49703.08| op = [419]| tp = [1, ] | dp = [8, ] | algo = [0, ] | rc = [417] | gpus = [8] | micro_bs = 8 | time = [22957] | memory = [49703]
fail case|16775.06|80921.07| op = [419]| tp = [1, ] | dp = [8, ] | algo = [0, ] | rc = [0] | gpus = [8] | micro_bs = 8 | time = [16775] | memory = [80921]
case 0|65419.59|25176.10| op = [419]| tp = [2, ] | dp = [4, ] | algo = [0, ] | rc = [417] | gpus = [8] | micro_bs = 4 | time = [65419] | memory = [25176]
fail case|45338.66|41638.09| op = [419]| tp = [2, ] | dp = [4, ] | algo = [0, ] | rc = [0] | gpus = [8] | micro_bs = 4 | time = [45338] | memory = [41638]
case 1|59948.66|26432.19| op = [419]| tp = [2, ] | dp = [4, ] | algo = [0, ] | rc = [417] | gpus = [8] | micro_bs = 8 | time = [59948] | memory = [26432]
fail case|41466.17|59356.12| op = [419]| tp = [2, ] | dp = [4, ] | algo = [0, ] | rc = [0] | gpus = [8] | micro_bs = 8 | time = [41466] | memory = [59356]
case 2|127253.14|12913.10| op = [419]| tp = [4, ] | dp = [2, ] | algo = [0, ] | rc = [417] | gpus = [8] | micro_bs = 2 | time = [127253] | memory = [12913]
case 3|86789.17|21997.09| op = [419]| tp = [4, ] | dp = [2, ] | algo = [0, ] | rc = [0] | gpus = [8] | micro_bs = 2 | time = [86789] | memory = [21997]
case 4|120068.11|13831.82| op = [419]| tp = [4, ] | dp = [2, ] | algo = [0, ] | rc = [417] | gpus = [8] | micro_bs = 4 | time = [120068] | memory = [13831]
fail case|81883.93|32019.12| op = [419]| tp = [4, ] | dp = [2, ] | algo = [0, ] | rc = [0] | gpus = [8] | micro_bs = 4 | time = [81883] | memory = [32019]
case 5|114997.51|15647.39| op = [419]| tp = [4, ] | dp = [2, ] | algo = [0, ] | rc = [417] | gpus = [8] | micro_bs = 8 | time = [114997] | memory = [15647]
fail case|78422.95|51983.23| op = [419]| tp = [4, ] | dp = [2, ] | algo = [0, ] | rc = [0] | gpus = [8] | micro_bs = 8 | time = [78422] | memory = [51983]
case 6|253453.18|6781.91| op = [419]| tp = [8, ] | dp = [1, ] | algo = [0, ] | rc = [417] | gpus = [8] | micro_bs = 1 | time = [253453] | memory = [6781]
case 7|171451.11|12186.57| op = [419]| tp = [8, ] | dp = [1, ] | algo = [0, ] | rc = [0] | gpus = [8] | micro_bs = 1 | time = [171451] | memory = [12186]
case 8|237408.87|7531.01| op = [419]| tp = [8, ] | dp = [1, ] | algo = [0, ] | rc = [417] | gpus = [8] | micro_bs = 2 | time = [237408] | memory = [7531]
case 9|160713.04|18330.60| op = [419]| tp = [8, ] | dp = [1, ] | algo = [0, ] | rc = [0] | gpus = [8] | micro_bs = 2 | time = [160713] | memory = [18330]
case 10|231365.86|9008.89| op = [419]| tp = [8, ] | dp = [1, ] | algo = [0, ] | rc = [417] | gpus = [8] | micro_bs = 4 | time = [231365] | memory = [9008]
fail case|156575.70|30588.73| op = [419]| tp = [8, ] | dp = [1, ] | algo = [0, ] | rc = [0] | gpus = [8] | micro_bs = 4 | time = [156575] | memory = [30588]
case 11|225449.67|12572.78| op = [419]| tp = [8, ] | dp = [1, ] | algo = [0, ] | rc = [417] | gpus = [8] | micro_bs = 8 | time = [225449] | memory = [12572]
fail case|152572.36|55732.53| op = [419]| tp = [8, ] | dp = [1, ] | algo = [0, ] | rc = [0] | gpus = [8] | micro_bs = 8 | time = [152572] | memory = [55732]
case 12|23728.85|25517.07| op = [209, 210]| tp = [1, 1, ] | dp = [4, 4, ] | algo = [0, 0, ] | rc = [208, 209] | gpus = [4, 4] | micro_bs = 4 | time = [22608, 23728] | memory = [25474, 25517]
fail case|17494.84|56677.04| op = [209, 210]| tp = [1, 1, ] | dp = [4, 4, ] | algo = [0, 0, ] | rc = [0, 0] | gpus = [4, 4] | micro_bs = 4 | time = [16380, 17494] | memory = [56677, 40622]
case 13|22820.78|27204.14| op = [209, 210]| tp = [1, 1, ] | dp = [4, 4, ] | algo = [0, 0, ] | rc = [208, 209] | gpus = [4, 4] | micro_bs = 8 | time = [21701, 22820] | memory = [27004, 27204]
fail case|16798.92|89410.02| op = [209, 210]| tp = [1, 1, ] | dp = [4, 4, ] | algo = [0, 0, ] | rc = [0, 0] | gpus = [4, 4] | micro_bs = 8 | time = [15685, 16798] | memory = [89410, 57415]
case 14|66313.52|13071.08| op = [209, 210]| tp = [2, 2, ] | dp = [2, 2, ] | algo = [0, 0, ] | rc = [208, 209] | gpus = [4, 4] | micro_bs = 2 | time = [65161, 66313] | memory = [13071, 12916]
fail case|46148.62|29518.08| op = [209, 210]| tp = [2, 2, ] | dp = [2, 2, ] | algo = [0, 0, ] | rc = [0, 0] | gpus = [4, 4] | micro_bs = 2 | time = [45008, 46148] | memory = [29518, 20881]
case 15|61012.37|14127.16| op = [209, 210]| tp = [2, 2, ] | dp = [2, 2, ] | algo = [0, 0, ] | rc = [208, 209] | gpus = [4, 4] | micro_bs = 4 | time = [59892, 61012] | memory = [14127, 13927]
fail case|42379.20|47021.09| op = [209, 210]| tp = [2, 2, ] | dp = [2, 2, ] | algo = [0, 0, ] | rc = [0, 0] | gpus = [4, 4] | micro_bs = 4 | time = [41271, 42379] | memory = [47021, 29858]
case 16|59863.41|17464.33| op = [209, 210]| tp = [2, 2, ] | dp = [2, 2, ] | algo = [0, 0, ] | rc = [208, 209] | gpus = [4, 4] | micro_bs = 8 | time = [58738, 59863] | memory = [17464, 17164]
fail case|41603.22|83252.17| op = [209, 210]| tp = [2, 2, ] | dp = [2, 2, ] | algo = [0, 0, ] | rc = [0, 0] | gpus = [4, 4] | micro_bs = 8 | time = [40489, 41603] | memory = [83252, 49026]
case 17|128289.98|6870.58| op = [209, 210]| tp = [4, 4, ] | dp = [1, 1, ] | algo = [0, 0, ] | rc = [208, 209] | gpus = [4, 4] | micro_bs = 1 | time = [126963, 128289] | memory = [6870, 6615]
case 18|87735.71|15939.58| op = [209, 210]| tp = [4, 4, ] | dp = [1, 1, ] | algo = [0, 0, ] | rc = [0, 0] | gpus = [4, 4] | micro_bs = 1 | time = [86431, 87735] | memory = [15939, 11011]
case 19|121220.40|7689.29| op = [209, 210]| tp = [4, 4, ] | dp = [1, 1, ] | algo = [0, 0, ] | rc = [208, 209] | gpus = [4, 4] | micro_bs = 2 | time = [119994, 121220] | memory = [7689, 7289]
case 20|82874.37|25846.59| op = [209, 210]| tp = [4, 4, ] | dp = [1, 1, ] | algo = [0, 0, ] | rc = [0, 0] | gpus = [4, 4] | micro_bs = 2 | time = [81673, 82874] | memory = [25846, 16089]
case 21|116496.69|9932.33| op = [209, 210]| tp = [4, 4, ] | dp = [1, 1, ] | algo = [0, 0, ] | rc = [208, 209] | gpus = [4, 4] | micro_bs = 4 | time = [115386, 116496] | memory = [9932, 9232]
fail case|79625.07|46208.17| op = [209, 210]| tp = [4, 4, ] | dp = [1, 1, ] | algo = [0, 0, ] | rc = [0, 0] | gpus = [4, 4] | micro_bs = 4 | time = [78537, 79625] | memory = [46208, 26814]
case 22|115276.69|14484.66| op = [209, 210]| tp = [4, 4, ] | dp = [1, 1, ] | algo = [0, 0, ] | rc = [208, 209] | gpus = [4, 4] | micro_bs = 8 | time = [114210, 115276] | memory = [14484, 13164]
fail case|78768.21|87036.41| op = [209, 210]| tp = [4, 4, ] | dp = [1, 1, ] | algo = [0, 0, ] | rc = [0, 0] | gpus = [4, 4] | micro_bs = 8 | time = [77722, 78768] | memory = [87036, 48328]
case 23|25133.46|14706.06| op = [105, 104, 104, 106]| tp = [1, 1, 1, 1, ] | dp = [2, 2, 2, 2, ] | algo = [0, 0, 0, 0, ] | rc = [104, 104, 104, 105] | gpus = [2, 2, 2, 2] | micro_bs = 2 | time = [22884, 22634, 22634, 25133] | memory = [14706, 12292, 12162, 14597]
fail case|18869.70|45909.06| op = [105, 104, 104, 106]| tp = [1, 1, 1, 1, ] | dp = [2, 2, 2, 2, ] | algo = [0, 0, 0, 0, ] | rc = [0, 0, 0, 0] | gpus = [2, 2, 2, 2] | micro_bs = 2 | time = [16631, 16381, 16381, 18869] | memory = [45909, 35438, 27252, 21646]
case 24|24245.19|17364.13| op = [105, 104, 104, 106]| tp = [1, 1, 1, 1, ] | dp = [2, 2, 2, 2, ] | algo = [0, 0, 0, 0, ] | rc = [104, 104, 104, 105] | gpus = [2, 2, 2, 2] | micro_bs = 4 | time = [21987, 21819, 21819, 24245] | memory = [17364, 14984, 14724, 17274]
fail case|18170.68|79770.05| op = [105, 104, 104, 106]| tp = [1, 1, 1, 1, ] | dp = [2, 2, 2, 2, ] | algo = [0, 0, 0, 0, ] | rc = [0, 0, 0, 0] | gpus = [2, 2, 2, 2] | micro_bs = 4 | time = [15926, 15757, 15757, 18170] | memory = [79770, 61277, 44904, 31372]
case 25|24883.45|23048.25| op = [105, 104, 104, 106]| tp = [1, 1, 1, 1, ] | dp = [2, 2, 2, 2, ] | algo = [0, 0, 0, 0, ] | rc = [104, 104, 104, 105] | gpus = [2, 2, 2, 2] | micro_bs = 8 | time = [22642, 22523, 22523, 24883] | memory = [23048, 20368, 19848, 22948]
fail case|18527.72|147860.09| op = [105, 104, 104, 106]| tp = [1, 1, 1, 1, ] | dp = [2, 2, 2, 2, ] | algo = [0, 0, 0, 0, ] | rc = [0, 0, 0, 0] | gpus = [2, 2, 2, 2] | micro_bs = 8 | time = [16297, 16178, 16178, 18527] | memory = [147860, 112954, 80209, 51145]
case 26|68279.12|7701.14| op = [105, 104, 104, 106]| tp = [2, 2, 2, 2, ] | dp = [1, 1, 1, 1, ] | algo = [0, 0, 0, 0, ] | rc = [104, 104, 104, 105] | gpus = [2, 2, 2, 2] | micro_bs = 1 | time = [65971, 64856, 64856, 68279] | memory = [7701, 6376, 6246, 7396]
case 27|48063.88|24148.13| op = [105, 104, 104, 106]| tp = [2, 2, 2, 2, ] | dp = [1, 1, 1, 1, ] | algo = [0, 0, 0, 0, ] | rc = [0, 0, 0, 0] | gpus = [2, 2, 2, 2] | micro_bs = 1 | time = [45778, 44663, 44663, 48063] | memory = [24148, 18574, 14196, 11113]
case 28|62956.44|9332.27| op = [105, 104, 104, 106]| tp = [2, 2, 2, 2, ] | dp = [1, 1, 1, 1, ] | algo = [0, 0, 0, 0, ] | rc = [104, 104, 104, 105] | gpus = [2, 2, 2, 2] | micro_bs = 2 | time = [60707, 59683, 59683, 62956] | memory = [9332, 7952, 7692, 8842]
fail case|44238.41|42226.19| op = [105, 104, 104, 106]| tp = [2, 2, 2, 2, ] | dp = [1, 1, 1, 1, ] | algo = [0, 0, 0, 0, ] | rc = [0, 0, 0, 0] | gpus = [2, 2, 2, 2] | micro_bs = 2 | time = [42014, 40990, 40990, 44238] | memory = [42226, 32349, 23592, 16276]
case 29|61983.88|12784.53| op = [105, 104, 104, 106]| tp = [2, 2, 2, 2, ] | dp = [1, 1, 1, 1, ] | algo = [0, 0, 0, 0, ] | rc = [104, 104, 104, 105] | gpus = [2, 2, 2, 2] | micro_bs = 4 | time = [59716, 58756, 58756, 61983] | memory = [12784, 11104, 10584, 11884]
fail case|43571.88|78572.37| op = [105, 104, 104, 106]| tp = [2, 2, 2, 2, ] | dp = [1, 1, 1, 1, ] | algo = [0, 0, 0, 0, ] | rc = [0, 0, 0, 0] | gpus = [2, 2, 2, 2] | micro_bs = 4 | time = [41327, 40367, 40367, 43571] | memory = [78572, 59898, 42385, 26753]
case 30|62135.45|19689.06| op = [105, 104, 104, 106]| tp = [2, 2, 2, 2, ] | dp = [1, 1, 1, 1, ] | algo = [0, 0, 0, 0, ] | rc = [104, 104, 104, 105] | gpus = [2, 2, 2, 2] | micro_bs = 8 | time = [59928, 59008, 59008, 62135] | memory = [19689, 17408, 16368, 17968]
fail case|43567.13|151264.81| op = [105, 104, 104, 106]| tp = [2, 2, 2, 2, ] | dp = [1, 1, 1, 1, ] | algo = [0, 0, 0, 0, ] | rc = [0, 0, 0, 0] | gpus = [2, 2, 2, 2] | micro_bs = 8 | time = [41380, 40461, 40461, 43567] | memory = [151264, 114998, 79972, 47706]
case 31|27812.40|9790.10| op = [53, 52, 52, 52, 52, 52, 52, 54]| tp = [1, 1, 1, 1, 1, 1, 1, 1, ] | dp = [1, 1, 1, 1, 1, 1, 1, 1, ] | algo = [0, 0, 0, 0, 0, 0, 0, 0, ] | rc = [52, 52, 52, 52, 52, 52, 52, 53] | gpus = [1, 1, 1, 1, 1, 1, 1, 1] | micro_bs = 1 | time = [23305, 22804, 22804, 22804, 22804, 22804, 22804, 27812] | memory = [9790, 7592, 7522, 7452, 7382, 7312, 7242, 9567]
fail case|21525.34|40993.09| op = [53, 52, 52, 52, 52, 52, 52, 54]| tp = [1, 1, 1, 1, 1, 1, 1, 1, ] | dp = [1, 1, 1, 1, 1, 1, 1, 1, ] | algo = [0, 0, 0, 0, 0, 0, 0, 0, ] | rc = [0, 0, 0, 0, 0, 0, 0, 0] | gpus = [1, 1, 1, 1, 1, 1, 1, 1] | micro_bs = 1 | time = [17040, 16539, 16539, 16539, 16539, 16539, 16539, 21525] | memory = [40993, 34766, 30668, 26570, 22472, 18374, 14276, 12588]
case 32|26845.24|12684.19| op = [53, 52, 52, 52, 52, 52, 52, 54]| tp = [1, 1, 1, 1, 1, 1, 1, 1, ] | dp = [1, 1, 1, 1, 1, 1, 1, 1, ] | algo = [0, 0, 0, 0, 0, 0, 0, 0, ] | rc = [52, 52, 52, 52, 52, 52, 52, 53] | gpus = [1, 1, 1, 1, 1, 1, 1, 1] | micro_bs = 2 | time = [22312, 21974, 21974, 21974, 21974, 21974, 21974, 26845] | memory = [12684, 10384, 10244, 10104, 9964, 9824, 9684, 12354]
fail case|20734.82|75090.11| op = [53, 52, 52, 52, 52, 52, 52, 54]| tp = [1, 1, 1, 1, 1, 1, 1, 1, ] | dp = [1, 1, 1, 1, 1, 1, 1, 1, ] | algo = [0, 0, 0, 0, 0, 0, 0, 0, ] | rc = [0, 0, 0, 0, 0, 0, 0, 0] | gpus = [1, 1, 1, 1, 1, 1, 1, 1] | micro_bs = 2 | time = [16227, 15889, 15889, 15889, 15889, 15889, 15889, 20734] | memory = [75090, 64733, 56537, 48341, 40144, 31948, 23752, 18396]
case 33|27496.58|18488.37| op = [53, 52, 52, 52, 52, 52, 52, 54]| tp = [1, 1, 1, 1, 1, 1, 1, 1, ] | dp = [1, 1, 1, 1, 1, 1, 1, 1, ] | algo = [0, 0, 0, 0, 0, 0, 0, 0, ] | rc = [52, 52, 52, 52, 52, 52, 52, 53] | gpus = [1, 1, 1, 1, 1, 1, 1, 1] | micro_bs = 4 | time = [22978, 22738, 22738, 22738, 22738, 22738, 22738, 27496] | memory = [18488, 15968, 15688, 15408, 15128, 14848, 14568, 17908]
fail case|21082.11|143300.22| op = [53, 52, 52, 52, 52, 52, 52, 54]| tp = [1, 1, 1, 1, 1, 1, 1, 1, ] | dp = [1, 1, 1, 1, 1, 1, 1, 1, ] | algo = [0, 0, 0, 0, 0, 0, 0, 0, ] | rc = [0, 0, 0, 0, 0, 0, 0, 0] | gpus = [1, 1, 1, 1, 1, 1, 1, 1] | micro_bs = 4 | time = [16586, 16346, 16346, 16346, 16346, 16346, 16346, 21082] | memory = [143300, 124667, 108274, 91882, 75489, 59097, 42704, 29992]
fail case|28275.32|30096.75| op = [53, 52, 52, 52, 52, 52, 52, 54]| tp = [1, 1, 1, 1, 1, 1, 1, 1, ] | dp = [1, 1, 1, 1, 1, 1, 1, 1, ] | algo = [0, 0, 0, 0, 0, 0, 0, 0, ] | rc = [52, 52, 52, 52, 52, 52, 52, 53] | gpus = [1, 1, 1, 1, 1, 1, 1, 1] | micro_bs = 8 | time = [23801, 23612, 23612, 23612, 23612, 23612, 23612, 28275] | memory = [30096, 27136, 26576, 26016, 25456, 24896, 24336, 29016]
fail case|21544.33|279720.50| op = [53, 52, 52, 52, 52, 52, 52, 54]| tp = [1, 1, 1, 1, 1, 1, 1, 1, ] | dp = [1, 1, 1, 1, 1, 1, 1, 1, ] | algo = [0, 0, 0, 0, 0, 0, 0, 0, ] | rc = [0, 0, 0, 0, 0, 0, 0, 0] | gpus = [1, 1, 1, 1, 1, 1, 1, 1] | micro_bs = 8 | time = [17091, 16902, 16902, 16902, 16902, 16902, 16902, 21544] | memory = [279720, 244535, 211750, 178965, 146180, 113395, 80610, 53185]


best_0|22820.78|27204.14| op = [209, 210]| tp = [1, 1, ] | dp = [4, 4, ] | algo = [0, 0, ] | rc = [208, 209] | gpus = [4, 4] | micro_bs = 8 | time = [21701, 22820] | memory = [27004, 27204]
config has been saved to /home/liminglong.lml/sxz/SuperScaler/logs-large/megatron/configs/mbs/512/gpt_2_6B_32layers_megatron_est_22820.json
[TOTAL TIME] 0.2074751853942871 s.
