------------------------ arguments ------------------------
  adaptive_hyper_parameters ....................... 5
  add_action_finetune_algo ........................ False
  add_action_finetune_dim ......................... False
  add_action_tp_dp_exchange ....................... False
  add_action_tune_tp_dp ........................... False
  check_recompute_with_group ...................... False
  config_save_path ................................ /home/liminglong.lml/sxz/SuperScaler/logs-large/aceso/configs/scale-layer/16layers/
  config_suffix ................................... 2026-5-15-12-57-52
  consider_collective_memory ...................... False
  consider_reserved_space ......................... True
  consider_shared_space ........................... True
  continue_when_fail .............................. True
  decoder_seq_len ................................. 512
  end_num_stages .................................. 8
  finetune_after_trial ............................ 0
  finetune_tp_dp_after_trial ...................... False
  flex_recompute .................................. True
  forbid_turn_back ................................ False
  global_batch_size ............................... 1024
  high_memory_rate ................................ 0.9
  init_dim ........................................ tp
  initial_point ................................... balance
  log_path ........................................ /home/liminglong.lml/sxz/SuperScaler/logs-large/aceso/search/scale-layer/16layers/
  max_num_hops .................................... 7
  max_num_trials .................................. 100
  max_op_move_steps ............................... 5
  max_tp .......................................... 8
  memory_limit .................................... 48000
  memory_main_params .............................. 2
  memory_optimizer ................................ 4
  memory_pred_type ................................ MAX
  micro_batch_size ................................ [1, 2, 4, 8]
  min_mbs ......................................... 1
  model_name ...................................... scale-layer
  model_size ...................................... 16layers
  multi_process ................................... True
  num_algos ....................................... 2
  num_gpus ........................................ 8
  num_gpus_per_node ............................... 8
  num_layers ...................................... 16
  num_nodes ....................................... 1
  num_of_saved_configs ............................ 1
  num_partners_in_op_mig .......................... 1
  only_top_1_target ............................... False
  op_group_size ................................... 1
  peak_mem_in_backward ............................ 1000
  predict_delta_time .............................. True
  print_debug_info ................................ False
  print_gpu_mig_details ........................... False
  print_move_op_details ........................... False
  print_recomp_debug_info ......................... False
  print_recompute_ops ............................. True
  profiled_time_path .............................. /home/liminglong.lml/sxz/SuperScaler/profiler/profiled-time-eurosys/
  random_order_actions ............................ False
  resharding ...................................... True
  save_to_csv ..................................... None
  seq_len ......................................... 2048
  simple_prim_mbs ................................. False
  simple_prim_mig ................................. False
  sort_metric ..................................... max_stage_time
  start_num_stages ................................ 1
  support_comm_predict ............................ False
  time_budget_per_trial ........................... 200
  time_budget_total ............................... 200
-------------------- end of arguments ---------------------
Starting CEGIS search with 1 to 8 stages...
working on num_stages = 1
start|4972.61|6245.56| op = [211]| tp = [1, ] | dp = [8, ] | algo = [0, ] | rc = [0] | gpus = [8] | micro_bs = 8 | time = [4972] | memory = [6245]
line146:config.memory_list:[6245.5610000000015]
line147:config.time_list:[4972.6054772479265]
------------------------------------------------------------------------------------------------------
cegis_search for the 0th times
开始求解check...
line351:
tp_list[4, 4, 4, 4, 4, 4, 4, 4, 4, 4, 4, 4, 4, 4, 4, 4, 4, 4, 4, 4, 4, 4, 4, 4, 4, 4, 4, 4, 4, 4, 4, 4, 4, 4, 4, 4, 4, 4, 4, 4, 4, 4, 4, 4, 4, 4, 4, 4, 4, 4, 4, 4, 4, 4, 4, 4, 4, 4, 4, 4, 4, 4, 4, 4, 4, 4, 4, 4, 4, 4, 4, 4, 4, 4, 4, 4, 4, 4, 4, 4, 4, 4, 4, 4, 4, 4, 4, 4, 4, 4, 4, 4, 4, 4, 4, 4, 4, 4, 4, 4, 4, 4, 4, 4, 4, 4, 4, 4, 4, 4, 4, 4, 4, 4, 4, 4, 4, 4, 4, 4, 4, 4, 4, 4, 4, 4, 4, 4, 4, 4, 4, 4, 4, 4, 4, 4, 4, 4, 4, 4, 4, 4, 4, 4, 4, 4, 4, 4, 4, 4, 4, 4, 4, 4, 4, 4, 4, 4, 4, 4, 4, 4, 4, 4, 4, 4, 4, 4, 4, 4, 4, 4, 4, 4, 4, 4, 4, 4, 4, 4, 4, 4, 4, 4, 4, 4, 4, 4, 4, 4, 4, 4, 4, 4, 4, 4, 4, 4, 4, 4, 4, 4, 4, 4, 4, 4, 4, 4, 4, 4, 4]
dp_list[2, 2, 2, 2, 2, 2, 2, 2, 2, 2, 2, 2, 2, 2, 2, 2, 2, 2, 2, 2, 2, 2, 2, 2, 2, 2, 2, 2, 2, 2, 2, 2, 2, 2, 2, 2, 2, 2, 2, 2, 2, 2, 2, 2, 2, 2, 2, 2, 2, 2, 2, 2, 2, 2, 2, 2, 2, 2, 2, 2, 2, 2, 2, 2, 2, 2, 2, 2, 2, 2, 2, 2, 2, 2, 2, 2, 2, 2, 2, 2, 2, 2, 2, 2, 2, 2, 2, 2, 2, 2, 2, 2, 2, 2, 2, 2, 2, 2, 2, 2, 2, 2, 2, 2, 2, 2, 2, 2, 2, 2, 2, 2, 2, 2, 2, 2, 2, 2, 2, 2, 2, 2, 2, 2, 2, 2, 2, 2, 2, 2, 2, 2, 2, 2, 2, 2, 2, 2, 2, 2, 2, 2, 2, 2, 2, 2, 2, 2, 2, 2, 2, 2, 2, 2, 2, 2, 2, 2, 2, 2, 2, 2, 2, 2, 2, 2, 2, 2, 2, 2, 2, 2, 2, 2, 2, 2, 2, 2, 2, 2, 2, 2, 2, 2, 2, 2, 2, 2, 2, 2, 2, 2, 2, 2, 2, 2, 2, 2, 2, 2, 2, 2, 2, 2, 2, 2, 2, 2, 2, 2, 2]
algo_list[0, 0, 0, 0, 0, 0, 0, 0, 0, 0, 0, 0, 0, 0, 0, 0, 0, 0, 0, 0, 0, 0, 0, 0, 0, 0, 0, 0, 0, 0, 0, 0, 0, 0, 0, 0, 0, 0, 0, 0, 0, 0, 0, 0, 0, 0, 0, 0, 0, 0, 0, 0, 0, 0, 0, 0, 0, 0, 0, 0, 0, 0, 0, 0, 0, 0, 0, 0, 0, 0, 0, 0, 0, 0, 0, 0, 0, 0, 0, 0, 0, 0, 0, 0, 0, 0, 0, 0, 0, 0, 0, 0, 0, 0, 0, 0, 0, 0, 0, 0, 0, 0, 0, 0, 0, 0, 0, 0, 0, 0, 0, 0, 0, 0, 0, 0, 0, 0, 0, 0, 0, 0, 0, 0, 0, 0, 0, 0, 0, 0, 0, 0, 0, 0, 0, 0, 0, 0, 0, 0, 0, 0, 0, 0, 0, 0, 0, 0, 0, 0, 0, 0, 0, 0, 0, 0, 0, 0, 0, 0, 0, 0, 0, 0, 0, 0, 0, 0, 0, 0, 0, 0, 0, 0, 0, 0, 0, 0, 0, 0, 0, 0, 0, 0, 0, 0, 0, 0, 0, 0, 0, 0, 0, 0, 0, 0, 0, 0, 0, 0, 0, 0, 0, 0, 0, 0, 0, 0, 0, 0, 0]

decode|36509.96|1809.58| op = [211]| tp = [4, ] | dp = [2, ] | algo = [0, ] | rc = [0] | gpus = [8] | micro_bs = 2 | time = [36509] | memory = [1809]
验证解
line146:config.memory_list:[1809.579]
line147:config.time_list:[36509.95778099169]
求解成功
config has been saved to /home/liminglong.lml/sxz/SuperScaler/logs-large/aceso/configs/scale-layer/16layers/scale-layer_16layers_1stages_2026-5-15-12-57-52.json

========== Best Result (num_stages = 1) ==========
|36509.96|1809.58| op = [211]| tp = [4, ] | dp = [2, ] | algo = [0, ] | rc = [0] | gpus = [8] | micro_bs = 2 | time = [36509] | memory = [1809]
[stage 0 recompute_ops] 
stage 0: 
[stage 0 algo1] 
start|4972.61|6245.56| op = [211]| tp = [1, ] | dp = [8, ] | algo = [0, ] | rc = [0] | gpus = [8] | micro_bs = 8 | time = [4972] | memory = [6245]
decode|36509.96|1809.58| op = [211]| tp = [4, ] | dp = [2, ] | algo = [0, ] | rc = [0] | gpus = [8] | micro_bs = 2 | time = [36509] | memory = [1809]

num_targets: []
num_hops: []
search time = 0.00 s.  [0] 
num_explored_cases = 0
time trend: [4972]

stage 1 search time: 0.05 s
working on num_stages = 2
start|4443.76|9333.09| op = [106, 105]| tp = [1, 1, ] | dp = [4, 4, ] | algo = [0, 0, ] | rc = [0, 0] | gpus = [4, 4] | micro_bs = 8 | time = [3243, 4443] | memory = [9333, 6172]
line146:config.memory_list:[9333.086, 6172.547]
line147:config.time_list:[3243.5685732926954, 4443.763141386736]
------------------------------------------------------------------------------------------------------
cegis_search for the 0th times
开始求解check...
line351:
tp_list[1, 1, 1, 1, 1, 1, 1, 1, 1, 1, 1, 1, 1, 1, 1, 1, 1, 1, 1, 1, 1, 1, 1, 1, 1, 1, 1, 1, 1, 1, 1, 1, 1, 1, 1, 1, 1, 1, 1, 1, 1, 1, 1, 1, 1, 1, 1, 1, 1, 1, 1, 1, 1, 1, 1, 1, 1, 1, 1, 1, 1, 1, 1, 1, 1, 1, 1, 1, 1, 1, 1, 1, 1, 1, 1, 1, 1, 1, 1, 1, 1, 1, 1, 1, 1, 1, 1, 1, 1, 1, 1, 1, 1, 1, 1, 1, 1, 1, 1, 1, 1, 1, 1, 1, 1, 1, 2, 2, 2, 2, 2, 2, 2, 2, 2, 2, 2, 2, 2, 2, 2, 2, 2, 2, 2, 2, 2, 2, 2, 2, 2, 2, 2, 2, 2, 2, 2, 2, 2, 2, 2, 2, 2, 2, 2, 2, 2, 2, 2, 2, 2, 2, 2, 2, 2, 2, 2, 2, 2, 2, 2, 2, 2, 2, 2, 2, 2, 2, 2, 2, 2, 2, 2, 2, 2, 2, 2, 2, 2, 2, 2, 2, 2, 2, 2, 2, 2, 2, 2, 2, 2, 2, 2, 2, 2, 2, 2, 2, 2, 2, 2, 2, 2, 2, 2, 2, 2, 2, 2, 2, 2]
dp_list[4, 4, 4, 4, 4, 4, 4, 4, 4, 4, 4, 4, 4, 4, 4, 4, 4, 4, 4, 4, 4, 4, 4, 4, 4, 4, 4, 4, 4, 4, 4, 4, 4, 4, 4, 4, 4, 4, 4, 4, 4, 4, 4, 4, 4, 4, 4, 4, 4, 4, 4, 4, 4, 4, 4, 4, 4, 4, 4, 4, 4, 4, 4, 4, 4, 4, 4, 4, 4, 4, 4, 4, 4, 4, 4, 4, 4, 4, 4, 4, 4, 4, 4, 4, 4, 4, 4, 4, 4, 4, 4, 4, 4, 4, 4, 4, 4, 4, 4, 4, 4, 4, 4, 4, 4, 4, 2, 2, 2, 2, 2, 2, 2, 2, 2, 2, 2, 2, 2, 2, 2, 2, 2, 2, 2, 2, 2, 2, 2, 2, 2, 2, 2, 2, 2, 2, 2, 2, 2, 2, 2, 2, 2, 2, 2, 2, 2, 2, 2, 2, 2, 2, 2, 2, 2, 2, 2, 2, 2, 2, 2, 2, 2, 2, 2, 2, 2, 2, 2, 2, 2, 2, 2, 2, 2, 2, 2, 2, 2, 2, 2, 2, 2, 2, 2, 2, 2, 2, 2, 2, 2, 2, 2, 2, 2, 2, 2, 2, 2, 2, 2, 2, 2, 2, 2, 2, 2, 2, 2, 2, 2]
algo_list[0, 0, 0, 0, 0, 0, 0, 0, 0, 0, 0, 0, 0, 0, 0, 0, 0, 0, 0, 0, 0, 0, 0, 0, 0, 0, 0, 0, 0, 0, 0, 0, 0, 0, 0, 0, 0, 0, 0, 0, 0, 0, 0, 0, 0, 0, 0, 0, 0, 0, 0, 0, 0, 0, 0, 0, 0, 0, 0, 0, 0, 0, 0, 0, 0, 0, 0, 0, 0, 0, 0, 0, 0, 0, 0, 0, 0, 0, 0, 0, 0, 0, 0, 0, 0, 0, 0, 0, 0, 0, 0, 0, 0, 0, 0, 0, 0, 0, 0, 0, 0, 0, 0, 0, 0, 0, 0, 0, 0, 0, 0, 0, 0, 0, 0, 0, 0, 0, 0, 0, 0, 0, 0, 0, 0, 0, 0, 0, 0, 0, 0, 0, 0, 0, 0, 0, 0, 0, 0, 0, 0, 0, 0, 0, 0, 0, 0, 0, 0, 0, 0, 0, 0, 0, 0, 0, 0, 0, 0, 0, 0, 0, 0, 0, 0, 0, 0, 0, 0, 0, 0, 0, 0, 0, 0, 0, 0, 0, 0, 0, 0, 0, 0, 0, 0, 0, 0, 0, 0, 0, 0, 0, 0, 0, 0, 0, 0, 0, 0, 0, 0, 0, 0, 0, 0, 0, 0, 0, 0, 0, 0]

decode|9723.86|9333.09| op = [106, 105]| tp = [1, 2, ] | dp = [4, 2, ] | algo = [0, 0, ] | rc = [0, 0] | gpus = [4, 4] | micro_bs = 8 | time = [3284, 9723] | memory = [9333, 6017]
验证解
line146:config.memory_list:[9333.086, 6017.093999999999]
line147:config.time_list:[3284.8193538492797, 9723.86305262952]
求解成功
config has been saved to /home/liminglong.lml/sxz/SuperScaler/logs-large/aceso/configs/scale-layer/16layers/scale-layer_16layers_2stages_2026-5-15-12-57-52.json

========== Best Result (num_stages = 2) ==========
|9723.86|9333.09| op = [106, 105]| tp = [1, 2, ] | dp = [4, 2, ] | algo = [0, 0, ] | rc = [0, 0] | gpus = [4, 4] | micro_bs = 8 | time = [3284, 9723] | memory = [9333, 6017]
[stage 0 recompute_ops] 
stage 0: 
[stage 1 recompute_ops] 
stage 1: 
[stage 0 algo1] 
[stage 1 algo1] 
start|4443.76|9333.09| op = [106, 105]| tp = [1, 1, ] | dp = [4, 4, ] | algo = [0, 0, ] | rc = [0, 0] | gpus = [4, 4] | micro_bs = 8 | time = [3243, 4443] | memory = [9333, 6172]
decode|9723.86|9333.09| op = [106, 105]| tp = [1, 2, ] | dp = [4, 2, ] | algo = [0, 0, ] | rc = [0, 0] | gpus = [4, 4] | micro_bs = 8 | time = [3284, 9723] | memory = [9333, 6017]

num_targets: []
num_hops: []
search time = 0.00 s.  [0] 
num_explored_cases = 0
time trend: [4443]

stage 2 search time: 0.05 s
working on num_stages = 3
start|4943.89|13279.63| op = [106, 53, 52]| tp = [1, 1, 1, ] | dp = [4, 2, 2, ] | algo = [0, 0, 0, ] | rc = [0, 0, 0] | gpus = [4, 2, 2] | micro_bs = 8 | time = [3266, 2548, 4943] | memory = [13279, 9436, 7412]
line465:max stage:2, min stage:1, max_value:4943.888916185117, min_value:2548.783645539602
fix|4979.44|13279.63| op = [106, 54, 51]| tp = [1, 1, 1, ] | dp = [4, 2, 2, ] | algo = [0, 0, 0, ] | rc = [0, 0, 0] | gpus = [4, 2, 2] | micro_bs = 8 | time = [3268, 2760, 4979] | memory = [13279, 9948, 7396]
cv:0.2586556666484045
line465:max stage:2, min stage:1, max_value:4979.435789985827, min_value:2760.611091340311
fix|4885.02|13279.63| op = [106, 55, 50]| tp = [1, 1, 1, ] | dp = [4, 2, 2, ] | algo = [0, 0, 0, ] | rc = [0, 0, 0] | gpus = [4, 2, 2] | micro_bs = 8 | time = [3268, 2855, 4885] | memory = [13279, 9948, 7396]
cv:0.23868844566890116
line465:max stage:2, min stage:1, max_value:4885.017004985826, min_value:2855.0298763403107
fix|4775.03|13279.63| op = [106, 56, 49]| tp = [1, 1, 1, ] | dp = [4, 2, 2, ] | algo = [0, 0, 0, ] | rc = [0, 0, 0] | gpus = [4, 2, 2] | micro_bs = 8 | time = [3268, 2965, 4775] | memory = [13279, 11100, 6820]
cv:0.21567861904224125
line465:max stage:2, min stage:1, max_value:4775.030305985826, min_value:2965.016575340311
fix|4553.46|13279.63| op = [106, 57, 48]| tp = [1, 1, 1, ] | dp = [4, 2, 2, ] | algo = [0, 0, 0, ] | rc = [0, 0, 0] | gpus = [4, 2, 2] | micro_bs = 8 | time = [3266, 2922, 4553] | memory = [13279, 11116, 6556]
cv:0.19600574326751938
line465:max stage:2, min stage:1, max_value:4553.460260391003, min_value:2922.6765497454885
fix|4537.94|13279.63| op = [106, 58, 47]| tp = [1, 1, 1, ] | dp = [4, 2, 2, ] | algo = [0, 0, 0, ] | rc = [0, 0, 0] | gpus = [4, 2, 2] | micro_bs = 8 | time = [3266, 2938, 4537] | memory = [13279, 11136, 6544]
cv:0.19265257379065795
line465:max stage:2, min stage:1, max_value:4537.943132614198, min_value:2938.1972059686827
fix|4521.05|13279.63| op = [106, 59, 46]| tp = [1, 1, 1, ] | dp = [4, 2, 2, ] | algo = [0, 0, 0, ] | rc = [0, 0, 0] | gpus = [4, 2, 2] | micro_bs = 8 | time = [3266, 2948, 4521] | memory = [13279, 11160, 6524]
cv:0.18965561017583604
line465:max stage:2, min stage:1, max_value:4521.047292591639, min_value:2948.9022759461245
fix|4508.39|13279.63| op = [106, 60, 45]| tp = [1, 1, 1, ] | dp = [4, 2, 2, ] | algo = [0, 0, 0, ] | rc = [0, 0, 0] | gpus = [4, 2, 2] | micro_bs = 8 | time = [3266, 2967, 4508] | memory = [13279, 11177, 6524]
cv:0.18628595229759168
line465:max stage:2, min stage:1, max_value:4508.388214391003, min_value:2967.7485957454883
fix|4493.61|13279.63| op = [106, 61, 44]| tp = [1, 1, 1, ] | dp = [4, 2, 2, ] | algo = [0, 0, 0, ] | rc = [0, 0, 0] | gpus = [4, 2, 2] | micro_bs = 8 | time = [3266, 3017, 4493] | memory = [13279, 11257, 6500]
cv:0.17959195678255283
line465:max stage:2, min stage:1, max_value:4493.610587843503, min_value:3017.3188211979877
fix|4471.38|13279.63| op = [106, 62, 43]| tp = [1, 1, 1, ] | dp = [4, 2, 2, ] | algo = [0, 0, 0, ] | rc = [0, 0, 0] | gpus = [4, 2, 2] | micro_bs = 8 | time = [3266, 3039, 4471] | memory = [13279, 11321, 6468]
cv:0.17488289565674592
line465:max stage:2, min stage:1, max_value:4471.381152912638, min_value:3039.539132267124
fix|4421.45|13279.63| op = [106, 63, 42]| tp = [1, 1, 1, ] | dp = [4, 2, 2, ] | algo = [0, 0, 0, ] | rc = [0, 0, 0] | gpus = [4, 2, 2] | micro_bs = 8 | time = [3266, 3054, 4421] | memory = [13279, 11353, 6420]
cv:0.1677256440946202
line465:max stage:2, min stage:1, max_value:4421.4523826141985, min_value:3054.687955968683
fix|4404.32|13279.63| op = [106, 64, 41]| tp = [1, 1, 1, ] | dp = [4, 2, 2, ] | algo = [0, 0, 0, ] | rc = [0, 0, 0] | gpus = [4, 2, 2] | micro_bs = 8 | time = [3266, 3065, 4404] | memory = [13279, 11377, 6400]
cv:0.1647021256872829
line465:max stage:2, min stage:1, max_value:4404.323370591639, min_value:3065.6261979461246
fix|4391.79|13279.63| op = [106, 65, 40]| tp = [1, 1, 1, ] | dp = [4, 2, 2, ] | algo = [0, 0, 0, ] | rc = [0, 0, 0] | gpus = [4, 2, 2] | micro_bs = 8 | time = [3266, 3084, 4391] | memory = [13279, 11393, 6400]
cv:0.1614625021117691
line465:max stage:2, min stage:1, max_value:4391.792181391003, min_value:3084.3446287454885
fix|4354.66|13279.63| op = [106, 66, 39]| tp = [1, 1, 1, ] | dp = [4, 2, 2, ] | algo = [0, 0, 0, ] | rc = [0, 0, 0] | gpus = [4, 2, 2] | micro_bs = 8 | time = [3266, 3138, 4354] | memory = [13279, 11453, 6380]
cv:0.1521635300567441
line465:max stage:2, min stage:1, max_value:4354.6632721851165, min_value:3138.009289539602
fix|4390.21|13279.63| op = [106, 67, 38]| tp = [1, 1, 1, ] | dp = [4, 2, 2, ] | algo = [0, 0, 0, ] | rc = [0, 0, 0] | gpus = [4, 2, 2] | micro_bs = 8 | time = [3268, 3349, 4390] | memory = [13279, 11965, 6364]
cv:0.1391572229338157
line465:max stage:2, min stage:0, max_value:4390.210145985827, min_value:3268.6592091161137
fix|4295.78|13327.63| op = [107, 67, 37]| tp = [1, 1, 1, ] | dp = [4, 2, 2, ] | algo = [0, 0, 0, ] | rc = [0, 0, 0] | gpus = [4, 2, 2] | micro_bs = 8 | time = [3304, 3406, 4295] | memory = [13327, 11937, 6364]
cv:0.12132273384248467
line465:max stage:2, min stage:0, max_value:4295.779405602831, min_value:3304.386013419313
fix|4187.00|13711.63| op = [108, 67, 36]| tp = [1, 1, 1, ] | dp = [4, 2, 2, ] | algo = [0, 0, 0, ] | rc = [0, 0, 0] | gpus = [4, 2, 2] | micro_bs = 8 | time = [3425, 3551, 4187] | memory = [13711, 13057, 5788]
cv:0.08952010289781336
line465:max stage:2, min stage:0, max_value:4187.003426482438, min_value:3425.7289145929963
fix|3965.07|13711.63| op = [109, 67, 35]| tp = [1, 1, 1, ] | dp = [4, 2, 2, ] | algo = [0, 0, 0, ] | rc = [0, 0, 0] | gpus = [4, 2, 2] | micro_bs = 8 | time = [3472, 3414, 3965] | memory = [13711, 13073, 5524]
cv:0.06828837129825
line465:max stage:2, min stage:1, max_value:3965.0745658876153, min_value:3414.695508331577
fix|3949.56|13711.63| op = [109, 68, 34]| tp = [1, 1, 1, ] | dp = [4, 2, 2, ] | algo = [0, 0, 0, ] | rc = [0, 0, 0] | gpus = [4, 2, 2] | micro_bs = 8 | time = [3472, 3430, 3949] | memory = [13711, 13093, 5512]
cv:0.06511844772675625
line465:max stage:2, min stage:1, max_value:3949.55743811081, min_value:3430.216164554772
fix|3932.66|13711.63| op = [109, 69, 33]| tp = [1, 1, 1, ] | dp = [4, 2, 2, ] | algo = [0, 0, 0, ] | rc = [0, 0, 0] | gpus = [4, 2, 2] | micro_bs = 8 | time = [3472, 3440, 3932] | memory = [13711, 13117, 5492]
cv:0.06218540169078531
line465:max stage:2, min stage:1, max_value:3932.6615980882516, min_value:3440.921234532214
fix|3920.00|13711.63| op = [109, 70, 32]| tp = [1, 1, 1, ] | dp = [4, 2, 2, ] | algo = [0, 0, 0, ] | rc = [0, 0, 0] | gpus = [4, 2, 2] | micro_bs = 8 | time = [3472, 3459, 3920] | memory = [13711, 13133, 5492]
cv:0.05918551781058771
line465:max stage:2, min stage:1, max_value:3920.002519887615, min_value:3459.7675543315772
fix|3905.22|13711.63| op = [109, 71, 31]| tp = [1, 1, 1, ] | dp = [4, 2, 2, ] | algo = [0, 0, 0, ] | rc = [0, 0, 0] | gpus = [4, 2, 2] | micro_bs = 8 | time = [3472, 3509, 3905] | memory = [13711, 13213, 5468]
cv:0.05398150627421388
line465:max stage:2, min stage:0, max_value:3905.2248933401147, min_value:3472.443275156681
fix|3882.57|14575.63| op = [110, 71, 30]| tp = [1, 1, 1, ] | dp = [4, 2, 2, ] | algo = [0, 0, 0, ] | rc = [0, 0, 0] | gpus = [4, 2, 2] | micro_bs = 8 | time = [3527, 3421, 3882] | memory = [14575, 12125, 5436]
cv:0.054628009518817904
line465:max stage:2, min stage:1, max_value:3882.5691484092513, min_value:3421.145081853214
fix|3832.64|14575.63| op = [110, 72, 29]| tp = [1, 1, 1, ] | dp = [4, 2, 2, ] | algo = [0, 0, 0, ] | rc = [0, 0, 0] | gpus = [4, 2, 2] | micro_bs = 8 | time = [3527, 3436, 3832] | memory = [14575, 12157, 5388]
cv:0.04709008803050622
line465:max stage:2, min stage:1, max_value:3832.6403781108097, min_value:3436.2939055547718
fix|3815.51|14575.63| op = [110, 73, 28]| tp = [1, 1, 1, ] | dp = [4, 2, 2, ] | algo = [0, 0, 0, ] | rc = [0, 0, 0] | gpus = [4, 2, 2] | micro_bs = 8 | time = [3527, 3447, 3815] | memory = [14575, 12181, 5368]
cv:0.043960495792161096
line465:max stage:2, min stage:1, max_value:3815.5113660882516, min_value:3447.232147532214
fix|3802.98|14575.63| op = [110, 74, 27]| tp = [1, 1, 1, ] | dp = [4, 2, 2, ] | algo = [0, 0, 0, ] | rc = [0, 0, 0] | gpus = [4, 2, 2] | micro_bs = 8 | time = [3527, 3465, 3802] | memory = [14575, 12197, 5368]
cv:0.04071458315655871
line465:max stage:2, min stage:1, max_value:3802.9801768876155, min_value:3465.950578331577
fix|3765.85|14575.63| op = [110, 75, 26]| tp = [1, 1, 1, ] | dp = [4, 2, 2, ] | algo = [0, 0, 0, ] | rc = [0, 0, 0] | gpus = [4, 2, 2] | micro_bs = 8 | time = [3527, 3519, 3765] | memory = [14575, 12257, 5348]
cv:0.03168748361167165
line465:max stage:2, min stage:1, max_value:3765.851267681729, min_value:3519.6152391256915
fix|3801.40|14575.63| op = [110, 76, 25]| tp = [1, 1, 1, ] | dp = [4, 2, 2, ] | algo = [0, 0, 0, ] | rc = [0, 0, 0] | gpus = [4, 2, 2] | micro_bs = 8 | time = [3529, 3731, 3801] | memory = [14575, 12769, 5332]
cv:0.03124501728470733
line465:max stage:2, min stage:0, max_value:3801.398141482438, min_value:3529.638398592996
fix|3705.23|14587.63| op = [111, 76, 24]| tp = [1, 1, 1, ] | dp = [4, 2, 2, ] | algo = [0, 0, 0, ] | rc = [0, 0, 0] | gpus = [4, 2, 2] | micro_bs = 8 | time = [3525, 3604, 3705] | memory = [14587, 12241, 5332]
cv:0.020361467875725826
line465:max stage:2, min stage:0, max_value:3705.2321879858255, min_value:3525.5250621161135
fix|3699.08|14603.63| op = [112, 76, 23]| tp = [1, 1, 1, ] | dp = [4, 2, 2, ] | algo = [0, 0, 0, ] | rc = [0, 0, 0] | gpus = [4, 2, 2] | micro_bs = 8 | time = [3543, 3699, 3595] | memory = [14603, 13373, 4756]
cv:0.017911226456981292
line465:max stage:1, min stage:0, max_value:3699.0784332419603, min_value:3543.4510531814485
fix|3682.21|14621.63| op = [113, 75, 23]| tp = [1, 1, 1, ] | dp = [4, 2, 2, ] | algo = [0, 0, 0, ] | rc = [0, 0, 0] | gpus = [4, 2, 2] | micro_bs = 8 | time = [3557, 3682, 3595] | memory = [14621, 13333, 4756]
best|3682.21|14621.63| op = [113, 75, 23]| tp = [1, 1, 1, ] | dp = [4, 2, 2, ] | algo = [0, 0, 0, ] | rc = [0, 0, 0] | gpus = [4, 2, 2] | micro_bs = 8 | time = [3557, 3682, 3595] | memory = [14621, 13333, 4756]
line146:config.memory_list:[14621.628999999997, 13333.487999999998, 4756.35]
line147:config.time_list:[3557.6554967205443, 3682.2099320753523, 3595.243656407062]
------------------------------------------------------------------------------------------------------
cegis_search for the 0th times
开始求解check...
line351:
tp_list[1, 1, 1, 1, 1, 1, 1, 1, 1, 1, 1, 1, 1, 1, 1, 1, 1, 1, 1, 1, 1, 1, 1, 1, 1, 1, 1, 1, 1, 1, 1, 1, 1, 1, 1, 1, 1, 1, 1, 1, 1, 1, 1, 1, 1, 1, 1, 1, 1, 1, 1, 1, 1, 1, 1, 1, 1, 1, 1, 1, 1, 1, 1, 1, 1, 1, 1, 1, 1, 1, 1, 1, 1, 1, 1, 1, 1, 1, 1, 1, 1, 1, 1, 1, 1, 1, 1, 1, 1, 1, 1, 1, 1, 1, 1, 1, 1, 1, 1, 1, 1, 1, 1, 1, 1, 1, 1, 1, 1, 1, 1, 1, 1, 1, 1, 1, 1, 1, 1, 1, 1, 1, 1, 1, 1, 1, 1, 1, 1, 1, 1, 1, 1, 1, 1, 1, 1, 1, 1, 1, 1, 1, 1, 1, 1, 1, 1, 1, 1, 1, 1, 1, 1, 1, 1, 1, 1, 1, 1, 1, 1, 1, 1, 1, 1, 1, 1, 1, 1, 1, 1, 1, 1, 1, 1, 1, 1, 1, 1, 1, 1, 1, 1, 1, 1, 1, 1, 1, 1, 1, 1, 1, 1, 1, 1, 1, 1, 1, 1, 1, 1, 1, 1, 1, 1, 1, 1, 1, 1, 1, 1]
dp_list[4, 4, 4, 4, 4, 4, 4, 4, 4, 4, 4, 4, 4, 4, 4, 4, 4, 4, 4, 4, 4, 4, 4, 4, 4, 4, 4, 4, 4, 4, 4, 4, 4, 4, 4, 4, 4, 4, 4, 4, 4, 4, 4, 4, 4, 4, 4, 4, 4, 4, 4, 4, 4, 4, 4, 4, 4, 4, 4, 4, 4, 4, 4, 4, 4, 4, 4, 4, 4, 4, 4, 4, 4, 4, 4, 4, 4, 4, 4, 4, 4, 4, 4, 4, 4, 4, 4, 4, 4, 4, 4, 4, 4, 4, 4, 4, 4, 4, 4, 4, 4, 4, 4, 4, 4, 4, 4, 4, 4, 4, 4, 4, 4, 2, 2, 2, 2, 2, 2, 2, 2, 2, 2, 2, 2, 2, 2, 2, 2, 2, 2, 2, 2, 2, 2, 2, 2, 2, 2, 2, 2, 2, 2, 2, 2, 2, 2, 2, 2, 2, 2, 2, 2, 2, 2, 2, 2, 2, 2, 2, 2, 2, 2, 2, 2, 2, 2, 2, 2, 2, 2, 2, 2, 2, 2, 2, 2, 2, 2, 2, 2, 2, 2, 2, 2, 2, 2, 2, 2, 2, 2, 2, 2, 2, 2, 2, 2, 2, 2, 2, 2, 2, 2, 2, 2, 2, 2, 2, 2, 2, 2]
algo_list[0, 0, 0, 0, 0, 0, 0, 0, 0, 0, 0, 0, 0, 0, 0, 0, 0, 0, 0, 0, 0, 0, 0, 0, 0, 0, 0, 0, 0, 0, 0, 0, 0, 0, 0, 0, 0, 0, 0, 0, 0, 0, 0, 0, 0, 0, 0, 0, 0, 0, 0, 0, 0, 0, 0, 0, 0, 0, 0, 0, 0, 0, 0, 0, 0, 0, 0, 0, 0, 0, 0, 0, 0, 0, 0, 0, 0, 0, 0, 0, 0, 0, 0, 0, 0, 0, 0, 0, 0, 0, 0, 0, 0, 0, 0, 0, 0, 0, 0, 0, 0, 0, 0, 0, 0, 0, 0, 0, 0, 0, 0, 0, 0, 0, 0, 0, 0, 0, 0, 0, 0, 0, 0, 0, 0, 0, 0, 0, 0, 0, 0, 0, 0, 0, 0, 0, 0, 0, 0, 0, 0, 0, 0, 0, 0, 0, 0, 0, 0, 0, 0, 0, 0, 0, 0, 0, 0, 0, 0, 0, 0, 0, 0, 0, 0, 0, 0, 0, 0, 0, 0, 0, 0, 0, 0, 0, 0, 0, 0, 0, 0, 0, 0, 0, 0, 0, 0, 0, 0, 0, 0, 0, 0, 0, 0, 0, 0, 0, 0, 0, 0, 0, 0, 0, 0, 0, 0, 0, 0, 0, 0]

decode|3682.21|14621.63| op = [113, 75, 23]| tp = [1, 1, 1, ] | dp = [4, 2, 2, ] | algo = [0, 0, 0, ] | rc = [0, 0, 0] | gpus = [4, 2, 2] | micro_bs = 8 | time = [3557, 3682, 3595] | memory = [14621, 13333, 4756]
验证解
line465:max stage:1, min stage:0, max_value:3682.2099320753523, min_value:3557.6554967205443
fix|3669.50|14633.72| op = [114, 74, 23]| tp = [1, 1, 1, ] | dp = [4, 2, 2, ] | algo = [0, 0, 0, ] | rc = [0, 0, 0] | gpus = [4, 2, 2] | micro_bs = 8 | time = [3570, 3669, 3595] | memory = [14633, 13333, 4756]
best|3669.50|14633.72| op = [114, 74, 23]| tp = [1, 1, 1, ] | dp = [4, 2, 2, ] | algo = [0, 0, 0, ] | rc = [0, 0, 0] | gpus = [4, 2, 2] | micro_bs = 8 | time = [3570, 3669, 3595] | memory = [14633, 13333, 4756]
line146:config.memory_list:[14633.721999999996, 13333.363999999998, 4756.35]
line147:config.time_list:[3570.568820116114, 3669.5045023403113, 3595.245267985826]
求解成功
config has been saved to /home/liminglong.lml/sxz/SuperScaler/logs-large/aceso/configs/scale-layer/16layers/scale-layer_16layers_3stages_2026-5-15-12-57-52.json

========== Best Result (num_stages = 3) ==========
|3669.50|14633.72| op = [114, 74, 23]| tp = [1, 1, 1, ] | dp = [4, 2, 2, ] | algo = [0, 0, 0, ] | rc = [0, 0, 0] | gpus = [4, 2, 2] | micro_bs = 8 | time = [3570, 3669, 3595] | memory = [14633, 13333, 4756]
[stage 0 recompute_ops] 
stage 0: 
[stage 1 recompute_ops] 
stage 1: 
[stage 2 recompute_ops] 
stage 2: 
[stage 0 algo1] 
[stage 1 algo1] 
[stage 2 algo1] 
start|4943.89|13279.63| op = [106, 53, 52]| tp = [1, 1, 1, ] | dp = [4, 2, 2, ] | algo = [0, 0, 0, ] | rc = [0, 0, 0] | gpus = [4, 2, 2] | micro_bs = 8 | time = [3266, 2548, 4943] | memory = [13279, 9436, 7412]
fix|4979.44|13279.63| op = [106, 54, 51]| tp = [1, 1, 1, ] | dp = [4, 2, 2, ] | algo = [0, 0, 0, ] | rc = [0, 0, 0] | gpus = [4, 2, 2] | micro_bs = 8 | time = [3268, 2760, 4979] | memory = [13279, 9948, 7396]
fix|4885.02|13279.63| op = [106, 55, 50]| tp = [1, 1, 1, ] | dp = [4, 2, 2, ] | algo = [0, 0, 0, ] | rc = [0, 0, 0] | gpus = [4, 2, 2] | micro_bs = 8 | time = [3268, 2855, 4885] | memory = [13279, 9948, 7396]
fix|4775.03|13279.63| op = [106, 56, 49]| tp = [1, 1, 1, ] | dp = [4, 2, 2, ] | algo = [0, 0, 0, ] | rc = [0, 0, 0] | gpus = [4, 2, 2] | micro_bs = 8 | time = [3268, 2965, 4775] | memory = [13279, 11100, 6820]
fix|4553.46|13279.63| op = [106, 57, 48]| tp = [1, 1, 1, ] | dp = [4, 2, 2, ] | algo = [0, 0, 0, ] | rc = [0, 0, 0] | gpus = [4, 2, 2] | micro_bs = 8 | time = [3266, 2922, 4553] | memory = [13279, 11116, 6556]
fix|4537.94|13279.63| op = [106, 58, 47]| tp = [1, 1, 1, ] | dp = [4, 2, 2, ] | algo = [0, 0, 0, ] | rc = [0, 0, 0] | gpus = [4, 2, 2] | micro_bs = 8 | time = [3266, 2938, 4537] | memory = [13279, 11136, 6544]
fix|4521.05|13279.63| op = [106, 59, 46]| tp = [1, 1, 1, ] | dp = [4, 2, 2, ] | algo = [0, 0, 0, ] | rc = [0, 0, 0] | gpus = [4, 2, 2] | micro_bs = 8 | time = [3266, 2948, 4521] | memory = [13279, 11160, 6524]
fix|4508.39|13279.63| op = [106, 60, 45]| tp = [1, 1, 1, ] | dp = [4, 2, 2, ] | algo = [0, 0, 0, ] | rc = [0, 0, 0] | gpus = [4, 2, 2] | micro_bs = 8 | time = [3266, 2967, 4508] | memory = [13279, 11177, 6524]
fix|4493.61|13279.63| op = [106, 61, 44]| tp = [1, 1, 1, ] | dp = [4, 2, 2, ] | algo = [0, 0, 0, ] | rc = [0, 0, 0] | gpus = [4, 2, 2] | micro_bs = 8 | time = [3266, 3017, 4493] | memory = [13279, 11257, 6500]
fix|4471.38|13279.63| op = [106, 62, 43]| tp = [1, 1, 1, ] | dp = [4, 2, 2, ] | algo = [0, 0, 0, ] | rc = [0, 0, 0] | gpus = [4, 2, 2] | micro_bs = 8 | time = [3266, 3039, 4471] | memory = [13279, 11321, 6468]
fix|4421.45|13279.63| op = [106, 63, 42]| tp = [1, 1, 1, ] | dp = [4, 2, 2, ] | algo = [0, 0, 0, ] | rc = [0, 0, 0] | gpus = [4, 2, 2] | micro_bs = 8 | time = [3266, 3054, 4421] | memory = [13279, 11353, 6420]
fix|4404.32|13279.63| op = [106, 64, 41]| tp = [1, 1, 1, ] | dp = [4, 2, 2, ] | algo = [0, 0, 0, ] | rc = [0, 0, 0] | gpus = [4, 2, 2] | micro_bs = 8 | time = [3266, 3065, 4404] | memory = [13279, 11377, 6400]
fix|4391.79|13279.63| op = [106, 65, 40]| tp = [1, 1, 1, ] | dp = [4, 2, 2, ] | algo = [0, 0, 0, ] | rc = [0, 0, 0] | gpus = [4, 2, 2] | micro_bs = 8 | time = [3266, 3084, 4391] | memory = [13279, 11393, 6400]
fix|4354.66|13279.63| op = [106, 66, 39]| tp = [1, 1, 1, ] | dp = [4, 2, 2, ] | algo = [0, 0, 0, ] | rc = [0, 0, 0] | gpus = [4, 2, 2] | micro_bs = 8 | time = [3266, 3138, 4354] | memory = [13279, 11453, 6380]
fix|4390.21|13279.63| op = [106, 67, 38]| tp = [1, 1, 1, ] | dp = [4, 2, 2, ] | algo = [0, 0, 0, ] | rc = [0, 0, 0] | gpus = [4, 2, 2] | micro_bs = 8 | time = [3268, 3349, 4390] | memory = [13279, 11965, 6364]
fix|4295.78|13327.63| op = [107, 67, 37]| tp = [1, 1, 1, ] | dp = [4, 2, 2, ] | algo = [0, 0, 0, ] | rc = [0, 0, 0] | gpus = [4, 2, 2] | micro_bs = 8 | time = [3304, 3406, 4295] | memory = [13327, 11937, 6364]
fix|4187.00|13711.63| op = [108, 67, 36]| tp = [1, 1, 1, ] | dp = [4, 2, 2, ] | algo = [0, 0, 0, ] | rc = [0, 0, 0] | gpus = [4, 2, 2] | micro_bs = 8 | time = [3425, 3551, 4187] | memory = [13711, 13057, 5788]
fix|3965.07|13711.63| op = [109, 67, 35]| tp = [1, 1, 1, ] | dp = [4, 2, 2, ] | algo = [0, 0, 0, ] | rc = [0, 0, 0] | gpus = [4, 2, 2] | micro_bs = 8 | time = [3472, 3414, 3965] | memory = [13711, 13073, 5524]
fix|3949.56|13711.63| op = [109, 68, 34]| tp = [1, 1, 1, ] | dp = [4, 2, 2, ] | algo = [0, 0, 0, ] | rc = [0, 0, 0] | gpus = [4, 2, 2] | micro_bs = 8 | time = [3472, 3430, 3949] | memory = [13711, 13093, 5512]
fix|3932.66|13711.63| op = [109, 69, 33]| tp = [1, 1, 1, ] | dp = [4, 2, 2, ] | algo = [0, 0, 0, ] | rc = [0, 0, 0] | gpus = [4, 2, 2] | micro_bs = 8 | time = [3472, 3440, 3932] | memory = [13711, 13117, 5492]
fix|3920.00|13711.63| op = [109, 70, 32]| tp = [1, 1, 1, ] | dp = [4, 2, 2, ] | algo = [0, 0, 0, ] | rc = [0, 0, 0] | gpus = [4, 2, 2] | micro_bs = 8 | time = [3472, 3459, 3920] | memory = [13711, 13133, 5492]
fix|3905.22|13711.63| op = [109, 71, 31]| tp = [1, 1, 1, ] | dp = [4, 2, 2, ] | algo = [0, 0, 0, ] | rc = [0, 0, 0] | gpus = [4, 2, 2] | micro_bs = 8 | time = [3472, 3509, 3905] | memory = [13711, 13213, 5468]
fix|3882.57|14575.63| op = [110, 71, 30]| tp = [1, 1, 1, ] | dp = [4, 2, 2, ] | algo = [0, 0, 0, ] | rc = [0, 0, 0] | gpus = [4, 2, 2] | micro_bs = 8 | time = [3527, 3421, 3882] | memory = [14575, 12125, 5436]
fix|3832.64|14575.63| op = [110, 72, 29]| tp = [1, 1, 1, ] | dp = [4, 2, 2, ] | algo = [0, 0, 0, ] | rc = [0, 0, 0] | gpus = [4, 2, 2] | micro_bs = 8 | time = [3527, 3436, 3832] | memory = [14575, 12157, 5388]
fix|3815.51|14575.63| op = [110, 73, 28]| tp = [1, 1, 1, ] | dp = [4, 2, 2, ] | algo = [0, 0, 0, ] | rc = [0, 0, 0] | gpus = [4, 2, 2] | micro_bs = 8 | time = [3527, 3447, 3815] | memory = [14575, 12181, 5368]
fix|3802.98|14575.63| op = [110, 74, 27]| tp = [1, 1, 1, ] | dp = [4, 2, 2, ] | algo = [0, 0, 0, ] | rc = [0, 0, 0] | gpus = [4, 2, 2] | micro_bs = 8 | time = [3527, 3465, 3802] | memory = [14575, 12197, 5368]
fix|3765.85|14575.63| op = [110, 75, 26]| tp = [1, 1, 1, ] | dp = [4, 2, 2, ] | algo = [0, 0, 0, ] | rc = [0, 0, 0] | gpus = [4, 2, 2] | micro_bs = 8 | time = [3527, 3519, 3765] | memory = [14575, 12257, 5348]
fix|3801.40|14575.63| op = [110, 76, 25]| tp = [1, 1, 1, ] | dp = [4, 2, 2, ] | algo = [0, 0, 0, ] | rc = [0, 0, 0] | gpus = [4, 2, 2] | micro_bs = 8 | time = [3529, 3731, 3801] | memory = [14575, 12769, 5332]
fix|3705.23|14587.63| op = [111, 76, 24]| tp = [1, 1, 1, ] | dp = [4, 2, 2, ] | algo = [0, 0, 0, ] | rc = [0, 0, 0] | gpus = [4, 2, 2] | micro_bs = 8 | time = [3525, 3604, 3705] | memory = [14587, 12241, 5332]
fix|3699.08|14603.63| op = [112, 76, 23]| tp = [1, 1, 1, ] | dp = [4, 2, 2, ] | algo = [0, 0, 0, ] | rc = [0, 0, 0] | gpus = [4, 2, 2] | micro_bs = 8 | time = [3543, 3699, 3595] | memory = [14603, 13373, 4756]
fix|3682.21|14621.63| op = [113, 75, 23]| tp = [1, 1, 1, ] | dp = [4, 2, 2, ] | algo = [0, 0, 0, ] | rc = [0, 0, 0] | gpus = [4, 2, 2] | micro_bs = 8 | time = [3557, 3682, 3595] | memory = [14621, 13333, 4756]
best|3682.21|14621.63| op = [113, 75, 23]| tp = [1, 1, 1, ] | dp = [4, 2, 2, ] | algo = [0, 0, 0, ] | rc = [0, 0, 0] | gpus = [4, 2, 2] | micro_bs = 8 | time = [3557, 3682, 3595] | memory = [14621, 13333, 4756]
decode|3682.21|14621.63| op = [113, 75, 23]| tp = [1, 1, 1, ] | dp = [4, 2, 2, ] | algo = [0, 0, 0, ] | rc = [0, 0, 0] | gpus = [4, 2, 2] | micro_bs = 8 | time = [3557, 3682, 3595] | memory = [14621, 13333, 4756]
fix|3669.50|14633.72| op = [114, 74, 23]| tp = [1, 1, 1, ] | dp = [4, 2, 2, ] | algo = [0, 0, 0, ] | rc = [0, 0, 0] | gpus = [4, 2, 2] | micro_bs = 8 | time = [3570, 3669, 3595] | memory = [14633, 13333, 4756]
best|3669.50|14633.72| op = [114, 74, 23]| tp = [1, 1, 1, ] | dp = [4, 2, 2, ] | algo = [0, 0, 0, ] | rc = [0, 0, 0] | gpus = [4, 2, 2] | micro_bs = 8 | time = [3570, 3669, 3595] | memory = [14633, 13333, 4756]

num_targets: []
num_hops: []
search time = 0.00 s.  [0] 
num_explored_cases = 0
time trend: [4943]

stage 3 search time: 0.27 s
working on num_stages = 4
start|4957.48|17682.11| op = [53, 53, 53, 52]| tp = [1, 1, 1, 1, ] | dp = [2, 2, 2, 2, ] | algo = [0, 0, 0, 0, ] | rc = [0, 0, 0, 0] | gpus = [2, 2, 2, 2] | micro_bs = 8 | time = [2581, 2521, 2562, 4957] | memory = [17682, 13329, 9436, 7412]
line465:max stage:3, min stage:1, max_value:4957.480436393263, min_value:2521.4178413882782
fix|4993.16|17682.11| op = [53, 54, 53, 51]| tp = [1, 1, 1, 1, ] | dp = [2, 2, 2, 2, ] | algo = [0, 0, 0, 0, ] | rc = [0, 0, 0, 0] | gpus = [2, 2, 2, 2] | micro_bs = 8 | time = [2583, 2577, 2737, 4993] | memory = [17682, 13413, 9920, 7396]
cv:0.3178106618197056
line465:max stage:3, min stage:1, max_value:4993.155494314812, min_value:2577.000132566899
fix|4900.65|17682.11| op = [53, 55, 53, 50]| tp = [1, 1, 1, 1, ] | dp = [2, 2, 2, 2, ] | algo = [0, 0, 0, 0, ] | rc = [0, 0, 0, 0] | gpus = [2, 2, 2, 2] | micro_bs = 8 | time = [2585, 2788, 2867, 4900] | memory = [17682, 14181, 9888, 7396]
cv:0.2855538143165838
line465:max stage:3, min stage:0, max_value:4900.654339699318, min_value:2585.3580132414413
fix|4790.72|17714.36| op = [54, 55, 53, 49]| tp = [1, 1, 1, 1, ] | dp = [2, 2, 2, 2, ] | algo = [0, 0, 0, 0, ] | rc = [0, 0, 0, 0] | gpus = [2, 2, 2, 2] | micro_bs = 8 | time = [2604, 2870, 2882, 4790] | memory = [17714, 14181, 11040, 6820]
cv:0.2662765421507329
line465:max stage:3, min stage:0, max_value:4790.715603812487, min_value:2604.0764440408047
fix|4569.27|17822.36| op = [55, 55, 53, 48]| tp = [1, 1, 1, 1, ] | dp = [2, 2, 2, 2, ] | algo = [0, 0, 0, 0, ] | rc = [0, 0, 0, 0] | gpus = [2, 2, 2, 2] | micro_bs = 8 | time = [2655, 2941, 2730, 4569] | memory = [17822, 15873, 9904, 6556]
cv:0.24303373195699216
line465:max stage:3, min stage:0, max_value:4569.273742338503, min_value:2655.6952903295723
fix|4553.63|18846.36| op = [56, 55, 53, 47]| tp = [1, 1, 1, 1, ] | dp = [2, 2, 2, 2, ] | algo = [0, 0, 0, 0, ] | rc = [0, 0, 0, 0] | gpus = [2, 2, 2, 2] | micro_bs = 8 | time = [2865, 2934, 2526, 4553] | memory = [18846, 15849, 9396, 6544]
cv:0.24388029867359684
line465:max stage:3, min stage:2, max_value:4553.628430440859, min_value:2526.3249387953438
fix|4536.73|18846.36| op = [56, 55, 54, 46]| tp = [1, 1, 1, 1, ] | dp = [2, 2, 2, 2, ] | algo = [0, 0, 0, 0, ] | rc = [0, 0, 0, 0] | gpus = [2, 2, 2, 2] | micro_bs = 8 | time = [2865, 2934, 2537, 4536] | memory = [18846, 15849, 9420, 6524]
cv:0.24104052302470327
line465:max stage:3, min stage:2, max_value:4536.7325904183, min_value:2537.0300087727855
fix|4524.07|18846.36| op = [56, 55, 55, 45]| tp = [1, 1, 1, 1, ] | dp = [2, 2, 2, 2, ] | algo = [0, 0, 0, 0, ] | rc = [0, 0, 0, 0] | gpus = [2, 2, 2, 2] | micro_bs = 8 | time = [2865, 2934, 2555, 4524] | memory = [18846, 15849, 9437, 6524]
cv:0.2379717352712152
line465:max stage:3, min stage:2, max_value:4524.073512217664, min_value:2555.8763285721493
fix|4509.30|18846.36| op = [56, 55, 56, 44]| tp = [1, 1, 1, 1, ] | dp = [2, 2, 2, 2, ] | algo = [0, 0, 0, 0, ] | rc = [0, 0, 0, 0] | gpus = [2, 2, 2, 2] | micro_bs = 8 | time = [2865, 2935, 2605, 4509] | memory = [18846, 15849, 9517, 6500]
cv:0.23209137667041949
line465:max stage:3, min stage:2, max_value:4509.295885670163, min_value:2605.4465540246492
fix|4487.07|18846.36| op = [56, 55, 57, 43]| tp = [1, 1, 1, 1, ] | dp = [2, 2, 2, 2, ] | algo = [0, 0, 0, 0, ] | rc = [0, 0, 0, 0] | gpus = [2, 2, 2, 2] | micro_bs = 8 | time = [2865, 2935, 2627, 4487] | memory = [18846, 15849, 9581, 6468]
cv:0.227729573753312
line465:max stage:3, min stage:2, max_value:4487.0664507392985, min_value:2627.666865093785
fix|4437.14|18846.36| op = [56, 55, 58, 42]| tp = [1, 1, 1, 1, ] | dp = [2, 2, 2, 2, ] | algo = [0, 0, 0, 0, ] | rc = [0, 0, 0, 0] | gpus = [2, 2, 2, 2] | micro_bs = 8 | time = [2865, 2934, 2642, 4437] | memory = [18846, 15849, 9613, 6420]
cv:0.22077979929050315
line465:max stage:3, min stage:2, max_value:4437.13768044086, min_value:2642.815688795344
fix|4420.01|18846.36| op = [56, 55, 59, 41]| tp = [1, 1, 1, 1, ] | dp = [2, 2, 2, 2, ] | algo = [0, 0, 0, 0, ] | rc = [0, 0, 0, 0] | gpus = [2, 2, 2, 2] | micro_bs = 8 | time = [2865, 2934, 2653, 4420] | memory = [18846, 15849, 9637, 6400]
cv:0.2179254081202421
line465:max stage:3, min stage:2, max_value:4420.0086684183, min_value:2653.7539307727857
fix|4407.48|18846.36| op = [56, 55, 60, 40]| tp = [1, 1, 1, 1, ] | dp = [2, 2, 2, 2, ] | algo = [0, 0, 0, 0, ] | rc = [0, 0, 0, 0] | gpus = [2, 2, 2, 2] | micro_bs = 8 | time = [2865, 2934, 2672, 4407] | memory = [18846, 15849, 9653, 6400]
cv:0.21498808767751343
line465:max stage:3, min stage:2, max_value:4407.477479217664, min_value:2672.4723615721496
fix|4370.35|18846.36| op = [56, 55, 61, 39]| tp = [1, 1, 1, 1, ] | dp = [2, 2, 2, 2, ] | algo = [0, 0, 0, 0, ] | rc = [0, 0, 0, 0] | gpus = [2, 2, 2, 2] | micro_bs = 8 | time = [2865, 2934, 2726, 4370] | memory = [18846, 15849, 9713, 6380]
cv:0.206549122870112
line465:max stage:3, min stage:2, max_value:4370.348570011777, min_value:2726.137022366263
fix|4405.90|18846.36| op = [56, 55, 62, 38]| tp = [1, 1, 1, 1, ] | dp = [2, 2, 2, 2, ] | algo = [0, 0, 0, 0, ] | rc = [0, 0, 0, 0] | gpus = [2, 2, 2, 2] | micro_bs = 8 | time = [2867, 2936, 2937, 4405] | memory = [18846, 15849, 10225, 6364]
cv:0.1967120117598739
line465:max stage:3, min stage:0, max_value:4405.895443812487, min_value:2867.5227361302814
fix|4311.48|18846.36| op = [57, 55, 62, 37]| tp = [1, 1, 1, 1, ] | dp = [2, 2, 2, 2, ] | algo = [0, 0, 0, 0, ] | rc = [0, 0, 0, 0] | gpus = [2, 2, 2, 2] | micro_bs = 8 | time = [2961, 2857, 3016, 4311] | memory = [18846, 15877, 10205, 6364]
cv:0.1807727461557705
line465:max stage:3, min stage:1, max_value:4311.476686164785, min_value:2857.881683390167
fix|4201.44|18846.36| op = [57, 56, 62, 36]| tp = [1, 1, 1, 1, ] | dp = [2, 2, 2, 2, ] | algo = [0, 0, 0, 0, ] | rc = [0, 0, 0, 0] | gpus = [2, 2, 2, 2] | micro_bs = 8 | time = [2961, 2868, 3109, 4201] | memory = [18846, 15913, 11317, 5788]
cv:0.16308001674779998
line465:max stage:3, min stage:1, max_value:4201.441996699318, min_value:2868.5867533676083
fix|3979.92|18846.36| op = [57, 57, 62, 35]| tp = [1, 1, 1, 1, ] | dp = [2, 2, 2, 2, ] | algo = [0, 0, 0, 0, ] | rc = [0, 0, 0, 0] | gpus = [2, 2, 2, 2] | micro_bs = 8 | time = [2959, 2885, 3054, 3979] | memory = [18846, 15937, 11333, 5524]
cv:0.13751817220075144
line465:max stage:3, min stage:1, max_value:3979.919914217664, min_value:2885.387258661626
fix|3964.67|18846.36| op = [57, 58, 62, 34]| tp = [1, 1, 1, 1, ] | dp = [2, 2, 2, 2, ] | algo = [0, 0, 0, 0, ] | rc = [0, 0, 0, 0] | gpus = [2, 2, 2, 2] | micro_bs = 8 | time = [2960, 2934, 3055, 3964] | memory = [18846, 16049, 11321, 5512]
cv:0.13230438463603386
line465:max stage:3, min stage:1, max_value:3964.6724965098897, min_value:2934.9575114664235
fix|3947.78|18846.36| op = [57, 59, 62, 33]| tp = [1, 1, 1, 1, ] | dp = [2, 2, 2, 2, ] | algo = [0, 0, 0, 0, ] | rc = [0, 0, 0, 0] | gpus = [2, 2, 2, 2] | micro_bs = 8 | time = [2960, 2957, 3044, 3947] | memory = [18846, 16145, 11281, 5492]
cv:0.1293441492296799
line465:max stage:3, min stage:1, max_value:3947.776585759721, min_value:2957.129832070093
fix|3934.85|18846.36| op = [57, 60, 62, 32]| tp = [1, 1, 1, 1, ] | dp = [2, 2, 2, 2, ] | algo = [0, 0, 0, 0, ] | rc = [0, 0, 0, 0] | gpus = [2, 2, 2, 2] | micro_bs = 8 | time = [2959, 2972, 3013, 3934] | memory = [18846, 16185, 11217, 5492]
cv:0.12830978165616103
line465:max stage:3, min stage:0, max_value:3934.8478955699616, min_value:2959.8957339772332
fix|3920.02|21150.36| op = [58, 60, 62, 31]| tp = [1, 1, 1, 1, ] | dp = [2, 2, 2, 2, ] | algo = [0, 0, 0, 0, ] | rc = [0, 0, 0, 0] | gpus = [2, 2, 2, 2] | micro_bs = 8 | time = [3070, 2873, 3045, 3920] | memory = [21150, 14493, 11257, 5468]
cv:0.12612651929444044
line465:max stage:3, min stage:1, max_value:3920.022278556995, min_value:2873.5478719312937
fix|3897.84|21150.36| op = [58, 61, 62, 30]| tp = [1, 1, 1, 1, ] | dp = [2, 2, 2, 2, ] | algo = [0, 0, 0, 0, ] | rc = [0, 0, 0, 0] | gpus = [2, 2, 2, 2] | micro_bs = 8 | time = [3070, 2892, 3055, 3897] | memory = [21150, 14517, 11321, 5436]
cv:0.12155392036437339
line465:max stage:3, min stage:1, max_value:3897.8408067392998, min_value:2892.2662320030468
fix|3848.04|21150.36| op = [58, 62, 62, 29]| tp = [1, 1, 1, 1, ] | dp = [2, 2, 2, 2, ] | algo = [0, 0, 0, 0, ] | rc = [0, 0, 0, 0] | gpus = [2, 2, 2, 2] | micro_bs = 8 | time = [3070, 2945, 3033, 3848] | memory = [21150, 14601, 11325, 5388]
cv:0.11257646314125443
line465:max stage:3, min stage:1, max_value:3848.0402205616974, min_value:2945.6612808080376
fix|3832.83|21150.36| op = [58, 63, 62, 28]| tp = [1, 1, 1, 1, ] | dp = [2, 2, 2, 2, ] | algo = [0, 0, 0, 0, ] | rc = [0, 0, 0, 0] | gpus = [2, 2, 2, 2] | micro_bs = 8 | time = [3071, 3157, 3079, 3832] | memory = [21150, 15369, 11317, 5368]
cv:0.0967236177833555
line465:max stage:3, min stage:0, max_value:3832.8288389236463, min_value:3071.880257017113
fix|3818.25|21182.36| op = [59, 63, 62, 27]| tp = [1, 1, 1, 1, ] | dp = [2, 2, 2, 2, ] | algo = [0, 0, 0, 0, ] | rc = [0, 0, 0, 0] | gpus = [2, 2, 2, 2] | micro_bs = 8 | time = [3029, 3030, 3001, 3818] | memory = [21182, 14577, 11333, 5368]
cv:0.10731747812441389
line465:max stage:3, min stage:2, max_value:3818.2518352176644, min_value:3001.9832916616265
fix|3781.12|21182.36| op = [59, 63, 63, 26]| tp = [1, 1, 1, 1, ] | dp = [2, 2, 2, 2, ] | algo = [0, 0, 0, 0, ] | rc = [0, 0, 0, 0] | gpus = [2, 2, 2, 2] | micro_bs = 8 | time = [3029, 3030, 3055, 3781] | memory = [21182, 14577, 11393, 5348]
cv:0.09977143990573314
line465:max stage:3, min stage:0, max_value:3781.122926011778, min_value:3029.716378656298
fix|3816.67|21218.36| op = [60, 63, 63, 25]| tp = [1, 1, 1, 1, ] | dp = [2, 2, 2, 2, ] | algo = [0, 0, 0, 0, ] | rc = [0, 0, 0, 0] | gpus = [2, 2, 2, 2] | micro_bs = 8 | time = [3047, 3126, 3157, 3816] | memory = [21218, 16277, 10753, 5332]
cv:0.09382962327292352
line465:max stage:3, min stage:0, max_value:3816.6698271647847, min_value:3047.1546652639995
fix|3720.16|21266.36| op = [61, 63, 63, 24]| tp = [1, 1, 1, 1, ] | dp = [2, 2, 2, 2, ] | algo = [0, 0, 0, 0, ] | rc = [0, 0, 0, 0] | gpus = [2, 2, 2, 2] | micro_bs = 8 | time = [3055, 3067, 3030, 3720] | memory = [21266, 16241, 10225, 5332]
cv:0.09009364302233253
line465:max stage:3, min stage:2, max_value:3720.157237193972, min_value:3030.2894755484576
fix|3610.17|21266.36| op = [61, 63, 64, 23]| tp = [1, 1, 1, 1, ] | dp = [2, 2, 2, 2, ] | algo = [0, 0, 0, 0, ] | rc = [0, 0, 0, 0] | gpus = [2, 2, 2, 2] | micro_bs = 8 | time = [3055, 3067, 3140, 3610] | memory = [21266, 16241, 11377, 4756]
cv:0.07098087994737011
line465:max stage:3, min stage:0, max_value:3610.170538193973, min_value:3055.8139207360955
fix|3388.65|21298.60| op = [62, 63, 64, 22]| tp = [1, 1, 1, 1, ] | dp = [2, 2, 2, 2, ] | algo = [0, 0, 0, 0, ] | rc = [0, 0, 0, 0] | gpus = [2, 2, 2, 2] | micro_bs = 8 | time = [3072, 3068, 3082, 3388] | memory = [21298, 16269, 11373, 4492]
cv:0.04317217635927842
line465:max stage:3, min stage:1, max_value:3388.648483064615, min_value:3068.4327222899974
fix|3373.08|21298.60| op = [62, 64, 64, 21]| tp = [1, 1, 1, 1, ] | dp = [2, 2, 2, 2, ] | algo = [0, 0, 0, 0, ] | rc = [0, 0, 0, 0] | gpus = [2, 2, 2, 2] | micro_bs = 8 | time = [3072, 3079, 3081, 3373] | memory = [21298, 16305, 11353, 4480]
cv:0.0406120272095755
line465:max stage:3, min stage:0, max_value:3373.083364822344, min_value:3072.5664902692415
fix|3356.51|21442.60| op = [63, 64, 64, 20]| tp = [1, 1, 1, 1, ] | dp = [2, 2, 2, 2, ] | algo = [0, 0, 0, 0, ] | rc = [0, 0, 0, 0] | gpus = [2, 2, 2, 2] | micro_bs = 8 | time = [3122, 3083, 3079, 3356] | memory = [21442, 16289, 11377, 4460]
cv:0.03623289866704068
line465:max stage:3, min stage:2, max_value:3356.5051979819855, min_value:3079.4075023364708
fix|3343.85|21442.60| op = [63, 64, 65, 19]| tp = [1, 1, 1, 1, ] | dp = [2, 2, 2, 2, ] | algo = [0, 0, 0, 0, ] | rc = [0, 0, 0, 0] | gpus = [2, 2, 2, 2] | micro_bs = 8 | time = [3122, 3083, 3098, 3343] | memory = [21442, 16289, 11393, 4460]
cv:0.033517423850575545
line465:max stage:3, min stage:1, max_value:3343.846119781349, min_value:3083.206485519303
fix|3329.34|21442.60| op = [63, 65, 65, 18]| tp = [1, 1, 1, 1, ] | dp = [2, 2, 2, 2, ] | algo = [0, 0, 0, 0, ] | rc = [0, 0, 0, 0] | gpus = [2, 2, 2, 2] | micro_bs = 8 | time = [3122, 3133, 3133, 3329] | memory = [21442, 16401, 11441, 4436]
cv:0.027233302966172344
line465:max stage:3, min stage:0, max_value:3329.3382033028797, min_value:3122.7240716206743
fix|3307.11|21570.60| op = [64, 65, 65, 17]| tp = [1, 1, 1, 1, ] | dp = [2, 2, 2, 2, ] | algo = [0, 0, 0, 0, ] | rc = [0, 0, 0, 0] | gpus = [2, 2, 2, 2] | micro_bs = 8 | time = [3144, 3133, 3133, 3307] | memory = [21570, 16401, 11441, 4404]
cv:0.023216225192164118
line465:max stage:3, min stage:1, max_value:3307.1086269167954, min_value:3133.0372264514967
fix|3256.91|21570.60| op = [64, 66, 65, 16]| tp = [1, 1, 1, 1, ] | dp = [2, 2, 2, 2, ] | algo = [0, 0, 0, 0, ] | rc = [0, 0, 0, 0] | gpus = [2, 2, 2, 2] | micro_bs = 8 | time = [3144, 3147, 3098, 3256] | memory = [21570, 16441, 11393, 4356]
cv:0.01842717840788279
line465:max stage:3, min stage:2, max_value:3256.910244629231, min_value:3098.2572798546134
fix|3239.78|21570.60| op = [64, 66, 66, 15]| tp = [1, 1, 1, 1, ] | dp = [2, 2, 2, 2, ] | algo = [0, 0, 0, 0, ] | rc = [0, 0, 0, 0] | gpus = [2, 2, 2, 2] | micro_bs = 8 | time = [3144, 3147, 3109, 3239] | memory = [21570, 16441, 11417, 4336]
cv:0.015288347648643992
line465:max stage:3, min stage:2, max_value:3239.7812326066723, min_value:3109.195521832055
fix|3227.25|21570.60| op = [64, 66, 67, 14]| tp = [1, 1, 1, 1, ] | dp = [2, 2, 2, 2, ] | algo = [0, 0, 0, 0, ] | rc = [0, 0, 0, 0] | gpus = [2, 2, 2, 2] | micro_bs = 8 | time = [3144, 3147, 3127, 3227] | memory = [21570, 16441, 11433, 4336]
best|3227.25|21570.60| op = [64, 66, 67, 14]| tp = [1, 1, 1, 1, ] | dp = [2, 2, 2, 2, ] | algo = [0, 0, 0, 0, ] | rc = [0, 0, 0, 0] | gpus = [2, 2, 2, 2] | micro_bs = 8 | time = [3144, 3147, 3127, 3227] | memory = [21570, 16441, 11433, 4336]
line146:config.memory_list:[21570.603999999996, 16441.859999999997, 11433.365999999998, 4336.226000000001]
line147:config.time_list:[3144.404989904046, 3147.9164108116343, 3127.9139526314184, 3227.2500434060357]
------------------------------------------------------------------------------------------------------
cegis_search for the 0th times
开始求解check...
line351:
tp_list[1, 1, 1, 1, 1, 1, 1, 1, 1, 1, 1, 1, 1, 1, 1, 1, 1, 1, 1, 1, 1, 1, 1, 1, 1, 1, 1, 1, 1, 1, 1, 1, 1, 1, 1, 1, 1, 1, 1, 1, 1, 1, 1, 1, 1, 1, 1, 1, 1, 1, 1, 1, 1, 1, 1, 1, 1, 1, 1, 1, 1, 1, 1, 1, 1, 1, 1, 1, 1, 1, 1, 1, 1, 1, 1, 1, 1, 1, 1, 1, 1, 1, 1, 1, 1, 1, 1, 1, 1, 1, 1, 1, 1, 1, 1, 1, 1, 1, 1, 1, 1, 1, 1, 1, 1, 1, 1, 1, 1, 1, 1, 1, 1, 1, 1, 1, 1, 1, 1, 1, 1, 1, 1, 1, 1, 1, 1, 1, 1, 1, 1, 1, 1, 1, 1, 1, 1, 1, 1, 1, 1, 1, 1, 1, 1, 1, 1, 1, 1, 1, 1, 1, 1, 1, 1, 1, 1, 1, 1, 1, 1, 1, 1, 1, 1, 1, 1, 1, 1, 1, 1, 1, 1, 1, 1, 1, 1, 1, 1, 1, 1, 1, 1, 1, 1, 1, 1, 1, 1, 1, 1, 1, 1, 1, 1, 1, 1, 1, 1, 1, 1, 1, 1, 1, 1, 1, 1, 1, 1, 1, 1]
dp_list[2, 2, 2, 2, 2, 2, 2, 2, 2, 2, 2, 2, 2, 2, 2, 2, 2, 2, 2, 2, 2, 2, 2, 2, 2, 2, 2, 2, 2, 2, 2, 2, 2, 2, 2, 2, 2, 2, 2, 2, 2, 2, 2, 2, 2, 2, 2, 2, 2, 2, 2, 2, 2, 2, 2, 2, 2, 2, 2, 2, 2, 2, 2, 2, 2, 2, 2, 2, 2, 2, 2, 2, 2, 2, 2, 2, 2, 2, 2, 2, 2, 2, 2, 2, 2, 2, 2, 2, 2, 2, 2, 2, 2, 2, 2, 2, 2, 2, 2, 2, 2, 2, 2, 2, 2, 2, 2, 2, 2, 2, 2, 2, 2, 2, 2, 2, 2, 2, 2, 2, 2, 2, 2, 2, 2, 2, 2, 2, 2, 2, 2, 2, 2, 2, 2, 2, 2, 2, 2, 2, 2, 2, 2, 2, 2, 2, 2, 2, 2, 2, 2, 2, 2, 2, 2, 2, 2, 2, 2, 2, 2, 2, 2, 2, 2, 2, 2, 2, 2, 2, 2, 2, 2, 2, 2, 2, 2, 2, 2, 2, 2, 2, 2, 2, 2, 2, 2, 2, 2, 2, 2, 2, 2, 2, 2, 2, 2, 2, 2, 2, 2, 2, 2, 2, 2, 2, 2, 2, 2, 2, 2]
algo_list[0, 0, 0, 0, 0, 0, 0, 0, 0, 0, 0, 0, 0, 0, 0, 0, 0, 0, 0, 0, 0, 0, 0, 0, 0, 0, 0, 0, 0, 0, 0, 0, 0, 0, 0, 0, 0, 0, 0, 0, 0, 0, 0, 0, 0, 0, 0, 0, 0, 0, 0, 0, 0, 0, 0, 0, 0, 0, 0, 0, 0, 0, 0, 0, 0, 0, 0, 0, 0, 0, 0, 0, 0, 0, 0, 0, 0, 0, 0, 0, 0, 0, 0, 0, 0, 0, 0, 0, 0, 0, 0, 0, 0, 0, 0, 0, 0, 0, 0, 0, 0, 0, 0, 0, 0, 0, 0, 0, 0, 0, 0, 0, 0, 0, 0, 0, 0, 0, 0, 0, 0, 0, 0, 0, 0, 0, 0, 0, 0, 0, 0, 0, 0, 0, 0, 0, 0, 0, 0, 0, 0, 0, 0, 0, 0, 0, 0, 0, 0, 0, 0, 0, 0, 0, 0, 0, 0, 0, 0, 0, 0, 0, 0, 0, 0, 0, 0, 0, 0, 0, 0, 0, 0, 0, 0, 0, 0, 0, 0, 0, 0, 0, 0, 0, 0, 0, 0, 0, 0, 0, 0, 0, 0, 0, 0, 0, 0, 0, 0, 0, 0, 0, 0, 0, 0, 0, 0, 0, 0, 0, 0]

decode|3227.25|21570.60| op = [64, 66, 67, 14]| tp = [1, 1, 1, 1, ] | dp = [2, 2, 2, 2, ] | algo = [0, 0, 0, 0, ] | rc = [0, 0, 0, 0] | gpus = [2, 2, 2, 2] | micro_bs = 8 | time = [3144, 3147, 3127, 3227] | memory = [21570, 16441, 11433, 4336]
验证解
line465:max stage:3, min stage:2, max_value:3227.2500434060357, min_value:3127.9139526314184
fix|3190.12|21570.60| op = [64, 66, 68, 13]| tp = [1, 1, 1, 1, ] | dp = [2, 2, 2, 2, ] | algo = [0, 0, 0, 0, ] | rc = [0, 0, 0, 0] | gpus = [2, 2, 2, 2] | micro_bs = 8 | time = [3144, 3148, 3181, 3190] | memory = [21570, 16441, 11493, 4316]
best|3190.12|21570.60| op = [64, 66, 68, 13]| tp = [1, 1, 1, 1, ] | dp = [2, 2, 2, 2, ] | algo = [0, 0, 0, 0, ] | rc = [0, 0, 0, 0] | gpus = [2, 2, 2, 2] | micro_bs = 8 | time = [3144, 3148, 3181, 3190] | memory = [21570, 16441, 11493, 4316]
line146:config.memory_list:[21570.603999999996, 16441.859999999997, 11493.365999999998, 4316.226000000001]
line147:config.time_list:[3144.5331740248853, 3148.0445949324735, 3181.5786134255327, 3190.12113420015]
求解成功
config has been saved to /home/liminglong.lml/sxz/SuperScaler/logs-large/aceso/configs/scale-layer/16layers/scale-layer_16layers_4stages_2026-5-15-12-57-52.json

========== Best Result (num_stages = 4) ==========
|3190.12|21570.60| op = [64, 66, 68, 13]| tp = [1, 1, 1, 1, ] | dp = [2, 2, 2, 2, ] | algo = [0, 0, 0, 0, ] | rc = [0, 0, 0, 0] | gpus = [2, 2, 2, 2] | micro_bs = 8 | time = [3144, 3148, 3181, 3190] | memory = [21570, 16441, 11493, 4316]
[stage 0 recompute_ops] 
stage 0: 
[stage 1 recompute_ops] 
stage 1: 
[stage 2 recompute_ops] 
stage 2: 
[stage 3 recompute_ops] 
stage 3: 
[stage 0 algo1] 
[stage 1 algo1] 
[stage 2 algo1] 
[stage 3 algo1] 
start|4957.48|17682.11| op = [53, 53, 53, 52]| tp = [1, 1, 1, 1, ] | dp = [2, 2, 2, 2, ] | algo = [0, 0, 0, 0, ] | rc = [0, 0, 0, 0] | gpus = [2, 2, 2, 2] | micro_bs = 8 | time = [2581, 2521, 2562, 4957] | memory = [17682, 13329, 9436, 7412]
fix|4993.16|17682.11| op = [53, 54, 53, 51]| tp = [1, 1, 1, 1, ] | dp = [2, 2, 2, 2, ] | algo = [0, 0, 0, 0, ] | rc = [0, 0, 0, 0] | gpus = [2, 2, 2, 2] | micro_bs = 8 | time = [2583, 2577, 2737, 4993] | memory = [17682, 13413, 9920, 7396]
fix|4900.65|17682.11| op = [53, 55, 53, 50]| tp = [1, 1, 1, 1, ] | dp = [2, 2, 2, 2, ] | algo = [0, 0, 0, 0, ] | rc = [0, 0, 0, 0] | gpus = [2, 2, 2, 2] | micro_bs = 8 | time = [2585, 2788, 2867, 4900] | memory = [17682, 14181, 9888, 7396]
fix|4790.72|17714.36| op = [54, 55, 53, 49]| tp = [1, 1, 1, 1, ] | dp = [2, 2, 2, 2, ] | algo = [0, 0, 0, 0, ] | rc = [0, 0, 0, 0] | gpus = [2, 2, 2, 2] | micro_bs = 8 | time = [2604, 2870, 2882, 4790] | memory = [17714, 14181, 11040, 6820]
fix|4569.27|17822.36| op = [55, 55, 53, 48]| tp = [1, 1, 1, 1, ] | dp = [2, 2, 2, 2, ] | algo = [0, 0, 0, 0, ] | rc = [0, 0, 0, 0] | gpus = [2, 2, 2, 2] | micro_bs = 8 | time = [2655, 2941, 2730, 4569] | memory = [17822, 15873, 9904, 6556]
fix|4553.63|18846.36| op = [56, 55, 53, 47]| tp = [1, 1, 1, 1, ] | dp = [2, 2, 2, 2, ] | algo = [0, 0, 0, 0, ] | rc = [0, 0, 0, 0] | gpus = [2, 2, 2, 2] | micro_bs = 8 | time = [2865, 2934, 2526, 4553] | memory = [18846, 15849, 9396, 6544]
fix|4536.73|18846.36| op = [56, 55, 54, 46]| tp = [1, 1, 1, 1, ] | dp = [2, 2, 2, 2, ] | algo = [0, 0, 0, 0, ] | rc = [0, 0, 0, 0] | gpus = [2, 2, 2, 2] | micro_bs = 8 | time = [2865, 2934, 2537, 4536] | memory = [18846, 15849, 9420, 6524]
fix|4524.07|18846.36| op = [56, 55, 55, 45]| tp = [1, 1, 1, 1, ] | dp = [2, 2, 2, 2, ] | algo = [0, 0, 0, 0, ] | rc = [0, 0, 0, 0] | gpus = [2, 2, 2, 2] | micro_bs = 8 | time = [2865, 2934, 2555, 4524] | memory = [18846, 15849, 9437, 6524]
fix|4509.30|18846.36| op = [56, 55, 56, 44]| tp = [1, 1, 1, 1, ] | dp = [2, 2, 2, 2, ] | algo = [0, 0, 0, 0, ] | rc = [0, 0, 0, 0] | gpus = [2, 2, 2, 2] | micro_bs = 8 | time = [2865, 2935, 2605, 4509] | memory = [18846, 15849, 9517, 6500]
fix|4487.07|18846.36| op = [56, 55, 57, 43]| tp = [1, 1, 1, 1, ] | dp = [2, 2, 2, 2, ] | algo = [0, 0, 0, 0, ] | rc = [0, 0, 0, 0] | gpus = [2, 2, 2, 2] | micro_bs = 8 | time = [2865, 2935, 2627, 4487] | memory = [18846, 15849, 9581, 6468]
fix|4437.14|18846.36| op = [56, 55, 58, 42]| tp = [1, 1, 1, 1, ] | dp = [2, 2, 2, 2, ] | algo = [0, 0, 0, 0, ] | rc = [0, 0, 0, 0] | gpus = [2, 2, 2, 2] | micro_bs = 8 | time = [2865, 2934, 2642, 4437] | memory = [18846, 15849, 9613, 6420]
fix|4420.01|18846.36| op = [56, 55, 59, 41]| tp = [1, 1, 1, 1, ] | dp = [2, 2, 2, 2, ] | algo = [0, 0, 0, 0, ] | rc = [0, 0, 0, 0] | gpus = [2, 2, 2, 2] | micro_bs = 8 | time = [2865, 2934, 2653, 4420] | memory = [18846, 15849, 9637, 6400]
fix|4407.48|18846.36| op = [56, 55, 60, 40]| tp = [1, 1, 1, 1, ] | dp = [2, 2, 2, 2, ] | algo = [0, 0, 0, 0, ] | rc = [0, 0, 0, 0] | gpus = [2, 2, 2, 2] | micro_bs = 8 | time = [2865, 2934, 2672, 4407] | memory = [18846, 15849, 9653, 6400]
fix|4370.35|18846.36| op = [56, 55, 61, 39]| tp = [1, 1, 1, 1, ] | dp = [2, 2, 2, 2, ] | algo = [0, 0, 0, 0, ] | rc = [0, 0, 0, 0] | gpus = [2, 2, 2, 2] | micro_bs = 8 | time = [2865, 2934, 2726, 4370] | memory = [18846, 15849, 9713, 6380]
fix|4405.90|18846.36| op = [56, 55, 62, 38]| tp = [1, 1, 1, 1, ] | dp = [2, 2, 2, 2, ] | algo = [0, 0, 0, 0, ] | rc = [0, 0, 0, 0] | gpus = [2, 2, 2, 2] | micro_bs = 8 | time = [2867, 2936, 2937, 4405] | memory = [18846, 15849, 10225, 6364]
fix|4311.48|18846.36| op = [57, 55, 62, 37]| tp = [1, 1, 1, 1, ] | dp = [2, 2, 2, 2, ] | algo = [0, 0, 0, 0, ] | rc = [0, 0, 0, 0] | gpus = [2, 2, 2, 2] | micro_bs = 8 | time = [2961, 2857, 3016, 4311] | memory = [18846, 15877, 10205, 6364]
fix|4201.44|18846.36| op = [57, 56, 62, 36]| tp = [1, 1, 1, 1, ] | dp = [2, 2, 2, 2, ] | algo = [0, 0, 0, 0, ] | rc = [0, 0, 0, 0] | gpus = [2, 2, 2, 2] | micro_bs = 8 | time = [2961, 2868, 3109, 4201] | memory = [18846, 15913, 11317, 5788]
fix|3979.92|18846.36| op = [57, 57, 62, 35]| tp = [1, 1, 1, 1, ] | dp = [2, 2, 2, 2, ] | algo = [0, 0, 0, 0, ] | rc = [0, 0, 0, 0] | gpus = [2, 2, 2, 2] | micro_bs = 8 | time = [2959, 2885, 3054, 3979] | memory = [18846, 15937, 11333, 5524]
fix|3964.67|18846.36| op = [57, 58, 62, 34]| tp = [1, 1, 1, 1, ] | dp = [2, 2, 2, 2, ] | algo = [0, 0, 0, 0, ] | rc = [0, 0, 0, 0] | gpus = [2, 2, 2, 2] | micro_bs = 8 | time = [2960, 2934, 3055, 3964] | memory = [18846, 16049, 11321, 5512]
fix|3947.78|18846.36| op = [57, 59, 62, 33]| tp = [1, 1, 1, 1, ] | dp = [2, 2, 2, 2, ] | algo = [0, 0, 0, 0, ] | rc = [0, 0, 0, 0] | gpus = [2, 2, 2, 2] | micro_bs = 8 | time = [2960, 2957, 3044, 3947] | memory = [18846, 16145, 11281, 5492]
fix|3934.85|18846.36| op = [57, 60, 62, 32]| tp = [1, 1, 1, 1, ] | dp = [2, 2, 2, 2, ] | algo = [0, 0, 0, 0, ] | rc = [0, 0, 0, 0] | gpus = [2, 2, 2, 2] | micro_bs = 8 | time = [2959, 2972, 3013, 3934] | memory = [18846, 16185, 11217, 5492]
fix|3920.02|21150.36| op = [58, 60, 62, 31]| tp = [1, 1, 1, 1, ] | dp = [2, 2, 2, 2, ] | algo = [0, 0, 0, 0, ] | rc = [0, 0, 0, 0] | gpus = [2, 2, 2, 2] | micro_bs = 8 | time = [3070, 2873, 3045, 3920] | memory = [21150, 14493, 11257, 5468]
fix|3897.84|21150.36| op = [58, 61, 62, 30]| tp = [1, 1, 1, 1, ] | dp = [2, 2, 2, 2, ] | algo = [0, 0, 0, 0, ] | rc = [0, 0, 0, 0] | gpus = [2, 2, 2, 2] | micro_bs = 8 | time = [3070, 2892, 3055, 3897] | memory = [21150, 14517, 11321, 5436]
fix|3848.04|21150.36| op = [58, 62, 62, 29]| tp = [1, 1, 1, 1, ] | dp = [2, 2, 2, 2, ] | algo = [0, 0, 0, 0, ] | rc = [0, 0, 0, 0] | gpus = [2, 2, 2, 2] | micro_bs = 8 | time = [3070, 2945, 3033, 3848] | memory = [21150, 14601, 11325, 5388]
fix|3832.83|21150.36| op = [58, 63, 62, 28]| tp = [1, 1, 1, 1, ] | dp = [2, 2, 2, 2, ] | algo = [0, 0, 0, 0, ] | rc = [0, 0, 0, 0] | gpus = [2, 2, 2, 2] | micro_bs = 8 | time = [3071, 3157, 3079, 3832] | memory = [21150, 15369, 11317, 5368]
fix|3818.25|21182.36| op = [59, 63, 62, 27]| tp = [1, 1, 1, 1, ] | dp = [2, 2, 2, 2, ] | algo = [0, 0, 0, 0, ] | rc = [0, 0, 0, 0] | gpus = [2, 2, 2, 2] | micro_bs = 8 | time = [3029, 3030, 3001, 3818] | memory = [21182, 14577, 11333, 5368]
fix|3781.12|21182.36| op = [59, 63, 63, 26]| tp = [1, 1, 1, 1, ] | dp = [2, 2, 2, 2, ] | algo = [0, 0, 0, 0, ] | rc = [0, 0, 0, 0] | gpus = [2, 2, 2, 2] | micro_bs = 8 | time = [3029, 3030, 3055, 3781] | memory = [21182, 14577, 11393, 5348]
fix|3816.67|21218.36| op = [60, 63, 63, 25]| tp = [1, 1, 1, 1, ] | dp = [2, 2, 2, 2, ] | algo = [0, 0, 0, 0, ] | rc = [0, 0, 0, 0] | gpus = [2, 2, 2, 2] | micro_bs = 8 | time = [3047, 3126, 3157, 3816] | memory = [21218, 16277, 10753, 5332]
fix|3720.16|21266.36| op = [61, 63, 63, 24]| tp = [1, 1, 1, 1, ] | dp = [2, 2, 2, 2, ] | algo = [0, 0, 0, 0, ] | rc = [0, 0, 0, 0] | gpus = [2, 2, 2, 2] | micro_bs = 8 | time = [3055, 3067, 3030, 3720] | memory = [21266, 16241, 10225, 5332]
fix|3610.17|21266.36| op = [61, 63, 64, 23]| tp = [1, 1, 1, 1, ] | dp = [2, 2, 2, 2, ] | algo = [0, 0, 0, 0, ] | rc = [0, 0, 0, 0] | gpus = [2, 2, 2, 2] | micro_bs = 8 | time = [3055, 3067, 3140, 3610] | memory = [21266, 16241, 11377, 4756]
fix|3388.65|21298.60| op = [62, 63, 64, 22]| tp = [1, 1, 1, 1, ] | dp = [2, 2, 2, 2, ] | algo = [0, 0, 0, 0, ] | rc = [0, 0, 0, 0] | gpus = [2, 2, 2, 2] | micro_bs = 8 | time = [3072, 3068, 3082, 3388] | memory = [21298, 16269, 11373, 4492]
fix|3373.08|21298.60| op = [62, 64, 64, 21]| tp = [1, 1, 1, 1, ] | dp = [2, 2, 2, 2, ] | algo = [0, 0, 0, 0, ] | rc = [0, 0, 0, 0] | gpus = [2, 2, 2, 2] | micro_bs = 8 | time = [3072, 3079, 3081, 3373] | memory = [21298, 16305, 11353, 4480]
fix|3356.51|21442.60| op = [63, 64, 64, 20]| tp = [1, 1, 1, 1, ] | dp = [2, 2, 2, 2, ] | algo = [0, 0, 0, 0, ] | rc = [0, 0, 0, 0] | gpus = [2, 2, 2, 2] | micro_bs = 8 | time = [3122, 3083, 3079, 3356] | memory = [21442, 16289, 11377, 4460]
fix|3343.85|21442.60| op = [63, 64, 65, 19]| tp = [1, 1, 1, 1, ] | dp = [2, 2, 2, 2, ] | algo = [0, 0, 0, 0, ] | rc = [0, 0, 0, 0] | gpus = [2, 2, 2, 2] | micro_bs = 8 | time = [3122, 3083, 3098, 3343] | memory = [21442, 16289, 11393, 4460]
fix|3329.34|21442.60| op = [63, 65, 65, 18]| tp = [1, 1, 1, 1, ] | dp = [2, 2, 2, 2, ] | algo = [0, 0, 0, 0, ] | rc = [0, 0, 0, 0] | gpus = [2, 2, 2, 2] | micro_bs = 8 | time = [3122, 3133, 3133, 3329] | memory = [21442, 16401, 11441, 4436]
fix|3307.11|21570.60| op = [64, 65, 65, 17]| tp = [1, 1, 1, 1, ] | dp = [2, 2, 2, 2, ] | algo = [0, 0, 0, 0, ] | rc = [0, 0, 0, 0] | gpus = [2, 2, 2, 2] | micro_bs = 8 | time = [3144, 3133, 3133, 3307] | memory = [21570, 16401, 11441, 4404]
fix|3256.91|21570.60| op = [64, 66, 65, 16]| tp = [1, 1, 1, 1, ] | dp = [2, 2, 2, 2, ] | algo = [0, 0, 0, 0, ] | rc = [0, 0, 0, 0] | gpus = [2, 2, 2, 2] | micro_bs = 8 | time = [3144, 3147, 3098, 3256] | memory = [21570, 16441, 11393, 4356]
fix|3239.78|21570.60| op = [64, 66, 66, 15]| tp = [1, 1, 1, 1, ] | dp = [2, 2, 2, 2, ] | algo = [0, 0, 0, 0, ] | rc = [0, 0, 0, 0] | gpus = [2, 2, 2, 2] | micro_bs = 8 | time = [3144, 3147, 3109, 3239] | memory = [21570, 16441, 11417, 4336]
fix|3227.25|21570.60| op = [64, 66, 67, 14]| tp = [1, 1, 1, 1, ] | dp = [2, 2, 2, 2, ] | algo = [0, 0, 0, 0, ] | rc = [0, 0, 0, 0] | gpus = [2, 2, 2, 2] | micro_bs = 8 | time = [3144, 3147, 3127, 3227] | memory = [21570, 16441, 11433, 4336]
best|3227.25|21570.60| op = [64, 66, 67, 14]| tp = [1, 1, 1, 1, ] | dp = [2, 2, 2, 2, ] | algo = [0, 0, 0, 0, ] | rc = [0, 0, 0, 0] | gpus = [2, 2, 2, 2] | micro_bs = 8 | time = [3144, 3147, 3127, 3227] | memory = [21570, 16441, 11433, 4336]
decode|3227.25|21570.60| op = [64, 66, 67, 14]| tp = [1, 1, 1, 1, ] | dp = [2, 2, 2, 2, ] | algo = [0, 0, 0, 0, ] | rc = [0, 0, 0, 0] | gpus = [2, 2, 2, 2] | micro_bs = 8 | time = [3144, 3147, 3127, 3227] | memory = [21570, 16441, 11433, 4336]
fix|3190.12|21570.60| op = [64, 66, 68, 13]| tp = [1, 1, 1, 1, ] | dp = [2, 2, 2, 2, ] | algo = [0, 0, 0, 0, ] | rc = [0, 0, 0, 0] | gpus = [2, 2, 2, 2] | micro_bs = 8 | time = [3144, 3148, 3181, 3190] | memory = [21570, 16441, 11493, 4316]
best|3190.12|21570.60| op = [64, 66, 68, 13]| tp = [1, 1, 1, 1, ] | dp = [2, 2, 2, 2, ] | algo = [0, 0, 0, 0, ] | rc = [0, 0, 0, 0] | gpus = [2, 2, 2, 2] | micro_bs = 8 | time = [3144, 3148, 3181, 3190] | memory = [21570, 16441, 11493, 4316]

num_targets: []
num_hops: []
search time = 0.00 s.  [0] 
num_explored_cases = 0
time trend: [4957]

stage 4 search time: 0.84 s
working on num_stages = 5
start|7232.88|21630.63| op = [53, 53, 53, 26, 26]| tp = [1, 1, 1, 1, 1, ] | dp = [2, 2, 2, 1, 1, ] | algo = [0, 0, 0, 0, 0, ] | rc = [0, 0, 0, 0, 0] | gpus = [2, 2, 2, 1, 1] | micro_bs = 8 | time = [2617, 2557, 2598, 2447, 7232] | memory = [21630, 17282, 13413, 10657, 10212]
line465:max stage:4, min stage:3, max_value:7232.876013312534, min_value:2447.9958187148486
fix|7310.68|21630.63| op = [53, 53, 53, 27, 25]| tp = [1, 1, 1, 1, 1, ] | dp = [2, 2, 2, 1, 1, ] | algo = [0, 0, 0, 0, 0, ] | rc = [0, 0, 0, 0, 0] | gpus = [2, 2, 2, 1, 1] | micro_bs = 8 | time = [2621, 2561, 2602, 2867, 7310] | memory = [21630, 17282, 13413, 11681, 10180]
cv:0.5183550202352143
line465:max stage:4, min stage:1, max_value:7310.675164919288, min_value:2561.1409477951165
fix|7127.55|21630.63| op = [53, 54, 53, 27, 24]| tp = [1, 1, 1, 1, 1, ] | dp = [2, 2, 2, 1, 1, ] | algo = [0, 0, 0, 0, 0, ] | rc = [0, 0, 0, 0, 0] | gpus = [2, 2, 2, 1, 1] | micro_bs = 8 | time = [2623, 2617, 2777, 3129, 7127] | memory = [21630, 17390, 14145, 11617, 10180]
cv:0.4777874908592164
line465:max stage:4, min stage:1, max_value:7127.548318663439, min_value:2617.0406822125437
fix|6912.38|21630.63| op = [53, 55, 53, 27, 23]| tp = [1, 1, 1, 1, 1, ] | dp = [2, 2, 2, 1, 1, ] | algo = [0, 0, 0, 0, 0, ] | rc = [0, 0, 0, 0, 0] | gpus = [2, 2, 2, 1, 1] | micro_bs = 8 | time = [2624, 2828, 2906, 3161, 6912] | memory = [21630, 18414, 14097, 13921, 9028]
cv:0.43998368850684644
line465:max stage:4, min stage:0, max_value:6912.383905047948, min_value:2624.6814658870862
fix|6472.22|21670.94| op = [54, 55, 53, 27, 22]| tp = [1, 1, 1, 1, 1, ] | dp = [2, 2, 2, 1, 1, ] | algo = [0, 0, 0, 0, 0, ] | rc = [0, 0, 0, 0, 0] | gpus = [2, 2, 2, 1, 1] | micro_bs = 8 | time = [2638, 2905, 2917, 2851, 6472] | memory = [21670, 18413, 15825, 11649, 8500]
cv:0.4108017540785336
line465:max stage:4, min stage:0, max_value:6472.216553071548, min_value:2638.4368207160687
fix|6444.52|21802.94| op = [55, 55, 53, 27, 21]| tp = [1, 1, 1, 1, 1, ] | dp = [2, 2, 2, 1, 1, ] | algo = [0, 0, 0, 0, 0, ] | rc = [0, 0, 0, 0, 0] | gpus = [2, 2, 2, 1, 1] | micro_bs = 8 | time = [2688, 2974, 2763, 2436, 6444] | memory = [21802, 20673, 14121, 10629, 8480]
cv:0.43377739851340325
line465:max stage:4, min stage:3, max_value:6444.51955043724, min_value:2436.569786465001
fix|6416.44|21802.94| op = [55, 55, 53, 28, 20]| tp = [1, 1, 1, 1, 1, ] | dp = [2, 2, 2, 1, 1, ] | algo = [0, 0, 0, 0, 0, ] | rc = [0, 0, 0, 0, 0] | gpus = [2, 2, 2, 1, 1] | micro_bs = 8 | time = [2688, 2974, 2762, 2448, 6416] | memory = [21802, 20673, 14121, 10677, 8440]
cv:0.43053022186748646
line465:max stage:4, min stage:3, max_value:6416.438788160411, min_value:2448.1125161881705
fix|6397.16|21802.94| op = [55, 55, 53, 29, 19]| tp = [1, 1, 1, 1, 1, ] | dp = [2, 2, 2, 1, 1, ] | algo = [0, 0, 0, 0, 0, ] | rc = [0, 0, 0, 0, 0] | gpus = [2, 2, 2, 1, 1] | micro_bs = 8 | time = [2688, 2974, 2763, 2483, 6397] | memory = [21802, 20673, 14121, 10709, 8440]
cv:0.4264974076868685
line465:max stage:4, min stage:3, max_value:6397.155537954524, min_value:2483.9315179822847
fix|6366.99|21802.94| op = [55, 55, 53, 30, 18]| tp = [1, 1, 1, 1, 1, ] | dp = [2, 2, 2, 1, 1, ] | algo = [0, 0, 0, 0, 0, ] | rc = [0, 0, 0, 0, 0] | gpus = [2, 2, 2, 1, 1] | micro_bs = 8 | time = [2688, 2974, 2763, 2576, 6366] | memory = [21802, 20673, 14121, 10853, 8408]
cv:0.4180530571821697
line465:max stage:4, min stage:3, max_value:6366.992864055026, min_value:2576.020822082786
fix|6326.01|21802.94| op = [55, 55, 53, 31, 17]| tp = [1, 1, 1, 1, 1, ] | dp = [2, 2, 2, 1, 1, ] | algo = [0, 0, 0, 0, 0, ] | rc = [0, 0, 0, 0, 0] | gpus = [2, 2, 2, 1, 1] | micro_bs = 8 | time = [2688, 2974, 2763, 2616, 6326] | memory = [21802, 20673, 14121, 10981, 8344]
cv:0.41191593857740166
line465:max stage:4, min stage:3, max_value:6326.007353285563, min_value:2616.999587313324
fix|6238.25|21802.94| op = [55, 55, 53, 32, 16]| tp = [1, 1, 1, 1, 1, ] | dp = [2, 2, 2, 1, 1, ] | algo = [0, 0, 0, 0, 0, ] | rc = [0, 0, 0, 0, 0] | gpus = [2, 2, 2, 1, 1] | micro_bs = 8 | time = [2688, 2974, 2763, 2642, 6238] | memory = [21802, 20673, 14121, 11029, 8264]
cv:0.4024699757519949
line465:max stage:4, min stage:3, max_value:6238.248690437241, min_value:2642.8406464650006
fix|6210.25|21802.94| op = [55, 55, 53, 33, 15]| tp = [1, 1, 1, 1, 1, ] | dp = [2, 2, 2, 1, 1, ] | algo = [0, 0, 0, 0, 0, ] | rc = [0, 0, 0, 0, 0] | gpus = [2, 2, 2, 1, 1] | micro_bs = 8 | time = [2688, 2974, 2762, 2654, 6210] | memory = [21802, 20673, 14121, 11077, 8224]
cv:0.39925821950833146
line465:max stage:4, min stage:3, max_value:6210.247557160411, min_value:2654.3037471881707
fix|6191.22|21802.94| op = [55, 55, 53, 34, 14]| tp = [1, 1, 1, 1, 1, ] | dp = [2, 2, 2, 1, 1, ] | algo = [0, 0, 0, 0, 0, ] | rc = [0, 0, 0, 0, 0] | gpus = [2, 2, 2, 1, 1] | micro_bs = 8 | time = [2688, 2974, 2763, 2689, 6191] | memory = [21802, 20673, 14121, 11109, 8224]
cv:0.395487655674301
line465:max stage:4, min stage:0, max_value:6191.217163954525, min_value:2688.357021272319
fix|6127.08|23082.94| op = [56, 55, 53, 34, 13]| tp = [1, 1, 1, 1, 1, ] | dp = [2, 2, 2, 1, 1, ] | algo = [0, 0, 0, 0, 0, ] | rc = [0, 0, 0, 0, 0] | gpus = [2, 2, 2, 1, 1] | micro_bs = 8 | time = [2898, 2967, 2559, 2764, 6127] | memory = [23082, 20641, 13357, 11181, 8196]
cv:0.38666000976303216
line465:max stage:4, min stage:2, max_value:6127.0803938335985, min_value:2559.1900750111536
fix|6204.74|23082.94| op = [56, 55, 54, 34, 12]| tp = [1, 1, 1, 1, 1, ] | dp = [2, 2, 2, 1, 1, ] | algo = [0, 0, 0, 0, 0, ] | rc = [0, 0, 0, 0, 0] | gpus = [2, 2, 2, 1, 1] | micro_bs = 8 | time = [2902, 2971, 2573, 3155, 6204] | memory = [23082, 20641, 13393, 12125, 7680]
cv:0.37482233017808964
line465:max stage:4, min stage:2, max_value:6204.7441163062485, min_value:2573.6623231820777
fix|6019.25|23082.94| op = [56, 55, 55, 34, 11]| tp = [1, 1, 1, 1, 1, ] | dp = [2, 2, 2, 1, 1, ] | algo = [0, 0, 0, 0, 0, ] | rc = [0, 0, 0, 0, 0] | gpus = [2, 2, 2, 1, 1] | micro_bs = 8 | time = [2902, 2971, 2592, 3321, 6019] | memory = [23082, 20641, 13417, 12125, 7680]
cv:0.35115820112456
line465:max stage:4, min stage:2, max_value:6019.249184923253, min_value:2592.4558524852764
fix|5803.03|23082.94| op = [56, 55, 56, 34, 10]| tp = [1, 1, 1, 1, 1, ] | dp = [2, 2, 2, 1, 1, ] | algo = [0, 0, 0, 0, 0, ] | rc = [0, 0, 0, 0, 0] | gpus = [2, 2, 2, 1, 1] | micro_bs = 8 | time = [2902, 2971, 2641, 3507, 5803] | memory = [23082, 20641, 13529, 14381, 5040]
cv:0.3236090561544807
line465:max stage:4, min stage:2, max_value:5803.031149656222, min_value:2641.9032796017145
fix|5363.51|23082.94| op = [56, 55, 57, 34, 9]| tp = [1, 1, 1, 1, 1, ] | dp = [2, 2, 2, 1, 1, ] | algo = [0, 0, 0, 0, 0, ] | rc = [0, 0, 0, 0, 0] | gpus = [2, 2, 2, 1, 1] | micro_bs = 8 | time = [2897, 2967, 2659, 3373, 5363] | memory = [23082, 20641, 13625, 14285, 4316]
cv:0.28466707098036115
line465:max stage:4, min stage:2, max_value:5363.5057020573495, min_value:2659.850452918775
fix|5338.86|23082.94| op = [56, 55, 58, 34, 8]| tp = [1, 1, 1, 1, 1, ] | dp = [2, 2, 2, 1, 1, ] | algo = [0, 0, 0, 0, 0, ] | rc = [0, 0, 0, 0, 0] | gpus = [2, 2, 2, 1, 1] | micro_bs = 8 | time = [2897, 2966, 2674, 3310, 5338] | memory = [23082, 20641, 13665, 14177, 4296]
cv:0.2828459163690823
line465:max stage:4, min stage:2, max_value:5338.859146833502, min_value:2674.7030775847957
fix|5310.65|23082.94| op = [56, 55, 59, 34, 7]| tp = [1, 1, 1, 1, 1, ] | dp = [2, 2, 2, 1, 1, ] | algo = [0, 0, 0, 0, 0, ] | rc = [0, 0, 0, 0, 0] | gpus = [2, 2, 2, 1, 1] | micro_bs = 8 | time = [2897, 2966, 2685, 3293, 5310] | memory = [23082, 20641, 13701, 14145, 4256]
cv:0.2798549643106741
line465:max stage:4, min stage:2, max_value:5310.645418422569, min_value:2685.4281420908583
fix|5291.36|23082.94| op = [56, 55, 60, 34, 6]| tp = [1, 1, 1, 1, 1, ] | dp = [2, 2, 2, 1, 1, ] | algo = [0, 0, 0, 0, 0, ] | rc = [0, 0, 0, 0, 0] | gpus = [2, 2, 2, 1, 1] | micro_bs = 8 | time = [2897, 2966, 2704, 3310, 5291] | memory = [23082, 20641, 13725, 14177, 4256]
cv:0.27640274964081135
line465:max stage:4, min stage:2, max_value:5291.358324833685, min_value:2704.2229505148957
fix|5261.11|23082.94| op = [56, 55, 61, 34, 5]| tp = [1, 1, 1, 1, 1, ] | dp = [2, 2, 2, 1, 1, ] | algo = [0, 0, 0, 0, 0, ] | rc = [0, 0, 0, 0, 0] | gpus = [2, 2, 2, 1, 1] | micro_bs = 8 | time = [2897, 2966, 2758, 3338, 5261] | memory = [23082, 20641, 13809, 14277, 4224]
cv:0.2695427693302149
line465:max stage:4, min stage:2, max_value:5261.111591548736, min_value:2758.1554191996274
fix|5222.36|23082.94| op = [56, 55, 62, 34, 4]| tp = [1, 1, 1, 1, 1, ] | dp = [2, 2, 2, 1, 1, ] | algo = [0, 0, 0, 0, 0, ] | rc = [0, 0, 0, 0, 0] | gpus = [2, 2, 2, 1, 1] | micro_bs = 8 | time = [2899, 2969, 2970, 3455, 5222] | memory = [23082, 20641, 14577, 14341, 3924]
cv:0.2518043385411788
line465:max stage:4, min stage:0, max_value:5222.361154402587, min_value:2899.8585239114527
fix|5133.89|23082.94| op = [57, 55, 62, 34, 3]| tp = [1, 1, 1, 1, 1, ] | dp = [2, 2, 2, 1, 1, ] | algo = [0, 0, 0, 0, 0, ] | rc = [0, 0, 0, 0, 0] | gpus = [2, 2, 2, 1, 1] | micro_bs = 8 | time = [2993, 2889, 3048, 3294, 5133] | memory = [23082, 20677, 14549, 14389, 3844]
cv:0.24243958921416237
line465:max stage:4, min stage:1, max_value:5133.885421906562, min_value:2889.020392747333
fix|5105.00|23082.94| op = [57, 56, 62, 34, 2]| tp = [1, 1, 1, 1, 1, ] | dp = [2, 2, 2, 1, 1, ] | algo = [0, 0, 0, 0, 0, ] | rc = [0, 0, 0, 0, 0] | gpus = [2, 2, 2, 1, 1] | micro_bs = 8 | time = [2992, 2898, 3140, 3089, 5104] | memory = [23082, 20725, 16217, 12133, 3712]
cv:0.24212376329635038
line465:max stage:4, min stage:1, max_value:5104.998674164267, min_value:2898.759636922033
fix|5046.11|23082.94| op = [57, 57, 62, 34, 1]| tp = [1, 1, 1, 1, 1, ] | dp = [2, 2, 2, 1, 1, ] | algo = [0, 0, 0, 0, 0, ] | rc = [0, 0, 0, 0, 0] | gpus = [2, 2, 2, 1, 1] | micro_bs = 8 | time = [2988, 2913, 3083, 2705, 5046] | memory = [23082, 20758, 16241, 11141, 3666]
cv:0.25644302524329887
line465:max stage:4, min stage:3, max_value:5046.110771039572, min_value:2705.307660067332
Traceback (most recent call last):
  File "cegis_gpt_search.py", line 647, in <module>
    result_dict[num_stages] = run_search(num_stages) #开始搜索
  File "cegis_gpt_search.py", line 583, in run_search
    best_config=cegis_search(config, num_stages)
  File "cegis_gpt_search.py", line 521, in cegis_search
    config = fix(config)
  File "cegis_gpt_search.py", line 473, in fix
    _config = get_config(num_ops_list, tp_list, dp_list, recompute_list, mbs, config.global_bs, full_op_list, algo_list)
  File "/home/liminglong.lml/sxz/SuperScaler/search/aceso_utils.py", line 105, in get_config
    num_gpus = tp_size_list[op_start_index] * dp_size_list[op_start_index],
IndexError: list index out of range
