------------------------ arguments ------------------------
  adaptive_hyper_parameters ....................... 5
  add_action_finetune_algo ........................ False
  add_action_finetune_dim ......................... False
  add_action_tp_dp_exchange ....................... False
  add_action_tune_tp_dp ........................... False
  check_recompute_with_group ...................... False
  config_save_path ................................ /home/liminglong.lml/sxz/SuperScaler/logs-large/aceso/configs/gpt/13B/
  config_suffix ................................... 2026-5-15-6-37-52
  consider_collective_memory ...................... False
  consider_reserved_space ......................... True
  consider_shared_space ........................... True
  continue_when_fail .............................. True
  decoder_seq_len ................................. 512
  end_num_stages .................................. 16
  finetune_after_trial ............................ 0
  finetune_tp_dp_after_trial ...................... False
  flex_recompute .................................. True
  forbid_turn_back ................................ False
  global_batch_size ............................... 1024
  high_memory_rate ................................ 0.9
  init_dim ........................................ tp
  initial_point ................................... balance
  log_path ........................................ /home/liminglong.lml/sxz/SuperScaler/logs-large/aceso/search/gpt/13B/
  max_num_hops .................................... 7
  max_num_trials .................................. 100
  max_op_move_steps ............................... 5
  max_tp .......................................... 8
  memory_limit .................................... 48000
  memory_main_params .............................. 2
  memory_optimizer ................................ 4
  memory_pred_type ................................ MAX
  micro_batch_size ................................ [1, 2, 4, 8]
  min_mbs ......................................... 1
  model_name ...................................... gpt
  model_size ...................................... 13B
  multi_process ................................... True
  num_algos ....................................... 2
  num_gpus ........................................ 32
  num_gpus_per_node ............................... 8
  num_layers ...................................... 40
  num_nodes ....................................... 4
  num_of_saved_configs ............................ 3
  num_partners_in_op_mig .......................... 1
  only_top_1_target ............................... False
  op_group_size ................................... 1
  peak_mem_in_backward ............................ 0
  predict_delta_time .............................. False
  print_debug_info ................................ False
  print_gpu_mig_details ........................... False
  print_move_op_details ........................... False
  print_recomp_debug_info ......................... False
  print_recompute_ops ............................. False
  profiled_time_path .............................. /home/liminglong.lml/sxz/SuperScaler/profiler/profiled-time-eurosys/
  random_order_actions ............................ False
  resharding ...................................... True
  save_to_csv ..................................... None
  seq_len ......................................... 2048
  simple_prim_mbs ................................. False
  simple_prim_mig ................................. False
  sort_metric ..................................... max_stage_time
  start_num_stages ................................ 1
  support_comm_predict ............................ False
  time_budget_per_trial ........................... 200
  time_budget_total ............................... 200
-------------------- end of arguments ---------------------
Starting CEGIS search with 1 to 16 stages...
working on num_stages = 1
stage 1 search time: 0.00 s
working on num_stages = 2
stage 2 search time: 0.00 s
working on num_stages = 3
stage 3 search time: 0.00 s
working on num_stages = 4
start|39784.02|61500.13| op = [131, 131, 131, 130]| tp = [1, 1, 1, 1, ] | dp = [8, 8, 8, 8, ] | algo = [0, 0, 0, 0, ] | rc = [129, 130, 131, 130] | gpus = [8, 8, 8, 8] | micro_bs = 8 | time = [36564, 37287, 39310, 39784] | memory = [61500, 56500, 57570, 59340]
line461:全部OOM
Traceback (most recent call last):
  File "cegis_gpt_search.py", line 647, in <module>
    result_dict[num_stages] = run_search(num_stages) #开始搜索
  File "cegis_gpt_search.py", line 583, in run_search
    best_config=cegis_search(config, num_stages)
  File "cegis_gpt_search.py", line 521, in cegis_search
    config = fix(config)
  File "cegis_gpt_search.py", line 444, in fix
    ops_now = [config.stages[i].num_ops for i in range(config.num_stages)]
  File "cegis_gpt_search.py", line 444, in <listcomp>
    ops_now = [config.stages[i].num_ops for i in range(config.num_stages)]
AttributeError: 'AcesoStageInfo' object has no attribute 'num_ops'
