------------------------ arguments ------------------------
  adaptive_hyper_parameters ....................... 5
  add_action_finetune_algo ........................ False
  add_action_finetune_dim ......................... False
  add_action_tp_dp_exchange ....................... False
  add_action_tune_tp_dp ........................... False
  check_recompute_with_group ...................... False
  config_save_path ................................ /home/liminglong.lml/sxz/SuperScaler/logs-large/megatron/configs/mbs/256/
  config_suffix ................................... 2026-5-16-7-31-54
  consider_collective_memory ...................... False
  consider_reserved_space ......................... True
  consider_shared_space ........................... True
  continue_when_fail .............................. True
  decoder_seq_len ................................. 512
  end_num_stages .................................. 8
  finetune_after_trial ............................ 0
  finetune_tp_dp_after_trial ...................... False
  flex_recompute .................................. True
  forbid_turn_back ................................ False
  global_batch_size ............................... 256
  high_memory_rate ................................ 0.9
  init_dim ........................................ tp
  initial_point ................................... balance
  log_path ........................................ /home/liminglong.lml/sxz/SuperScaler/logs-large/megatron/search/mbs/256/
  max_num_hops .................................... None
  max_num_trials .................................. 100
  max_op_move_steps ............................... 5
  max_tp .......................................... 8
  memory_limit .................................... 28000
  memory_main_params .............................. 2
  memory_optimizer ................................ 4
  memory_pred_type ................................ MAX
  micro_batch_size ................................ [1, 2, 4, 8]
  min_mbs ......................................... 1
  model_name ...................................... gpt
  model_size ...................................... 2_6B
  multi_process ................................... True
  num_algos ....................................... 2
  num_gpus ........................................ 8
  num_gpus_per_node ............................... 8
  num_layers ...................................... 32
  num_nodes ....................................... 1
  num_of_saved_configs ............................ 1
  num_partners_in_op_mig .......................... 1
  only_top_1_target ............................... False
  op_group_size ................................... 1
  peak_mem_in_backward ............................ 0
  predict_delta_time .............................. False
  print_debug_info ................................ True
  print_gpu_mig_details ........................... False
  print_move_op_details ........................... False
  print_recomp_debug_info ......................... False
  print_recompute_ops ............................. False
  profiled_time_path .............................. /home/liminglong.lml/sxz/SuperScaler/profiler/profiled-time-eurosys/
  random_order_actions ............................ False
  resharding ...................................... True
  save_to_csv ..................................... None
  seq_len ......................................... 2048
  simple_prim_mbs ................................. False
  simple_prim_mig ................................. False
  sort_metric ..................................... max_stage_time
  start_num_stages ................................ 1
  support_comm_predict ............................ False
  time_budget_per_trial ........................... 10
  time_budget_total ............................... 10
-------------------- end of arguments ---------------------
working on num_stages[1], tp_size[1], dp_size[8], mbs[8], recomp[True] ...
working on num_stages[1], tp_size[1], dp_size[8], mbs[8], recomp[False] ...
working on num_stages[1], tp_size[2], dp_size[4], mbs[4], recomp[True] ...
working on num_stages[1], tp_size[2], dp_size[4], mbs[4], recomp[False] ...
working on num_stages[1], tp_size[2], dp_size[4], mbs[8], recomp[True] ...
working on num_stages[1], tp_size[2], dp_size[4], mbs[8], recomp[False] ...
working on num_stages[1], tp_size[4], dp_size[2], mbs[2], recomp[True] ...
working on num_stages[1], tp_size[4], dp_size[2], mbs[2], recomp[False] ...
working on num_stages[1], tp_size[4], dp_size[2], mbs[4], recomp[True] ...
working on num_stages[1], tp_size[4], dp_size[2], mbs[4], recomp[False] ...
working on num_stages[1], tp_size[4], dp_size[2], mbs[8], recomp[True] ...
working on num_stages[1], tp_size[4], dp_size[2], mbs[8], recomp[False] ...
working on num_stages[1], tp_size[8], dp_size[1], mbs[1], recomp[True] ...
working on num_stages[1], tp_size[8], dp_size[1], mbs[1], recomp[False] ...
working on num_stages[1], tp_size[8], dp_size[1], mbs[2], recomp[True] ...
working on num_stages[1], tp_size[8], dp_size[1], mbs[2], recomp[False] ...
working on num_stages[1], tp_size[8], dp_size[1], mbs[4], recomp[True] ...
working on num_stages[1], tp_size[8], dp_size[1], mbs[4], recomp[False] ...
working on num_stages[1], tp_size[8], dp_size[1], mbs[8], recomp[True] ...
working on num_stages[1], tp_size[8], dp_size[1], mbs[8], recomp[False] ...
working on num_stages[2], tp_size[1], dp_size[4], mbs[4], recomp[True] ...
working on num_stages[2], tp_size[1], dp_size[4], mbs[4], recomp[False] ...
working on num_stages[2], tp_size[1], dp_size[4], mbs[8], recomp[True] ...
working on num_stages[2], tp_size[1], dp_size[4], mbs[8], recomp[False] ...
working on num_stages[2], tp_size[2], dp_size[2], mbs[2], recomp[True] ...
working on num_stages[2], tp_size[2], dp_size[2], mbs[2], recomp[False] ...
working on num_stages[2], tp_size[2], dp_size[2], mbs[4], recomp[True] ...
working on num_stages[2], tp_size[2], dp_size[2], mbs[4], recomp[False] ...
working on num_stages[2], tp_size[2], dp_size[2], mbs[8], recomp[True] ...
working on num_stages[2], tp_size[2], dp_size[2], mbs[8], recomp[False] ...
working on num_stages[2], tp_size[4], dp_size[1], mbs[1], recomp[True] ...
working on num_stages[2], tp_size[4], dp_size[1], mbs[1], recomp[False] ...
working on num_stages[2], tp_size[4], dp_size[1], mbs[2], recomp[True] ...
working on num_stages[2], tp_size[4], dp_size[1], mbs[2], recomp[False] ...
working on num_stages[2], tp_size[4], dp_size[1], mbs[4], recomp[True] ...
working on num_stages[2], tp_size[4], dp_size[1], mbs[4], recomp[False] ...
working on num_stages[2], tp_size[4], dp_size[1], mbs[8], recomp[True] ...
working on num_stages[2], tp_size[4], dp_size[1], mbs[8], recomp[False] ...
working on num_stages[4], tp_size[1], dp_size[2], mbs[2], recomp[True] ...
working on num_stages[4], tp_size[1], dp_size[2], mbs[2], recomp[False] ...
working on num_stages[4], tp_size[1], dp_size[2], mbs[4], recomp[True] ...
working on num_stages[4], tp_size[1], dp_size[2], mbs[4], recomp[False] ...
working on num_stages[4], tp_size[1], dp_size[2], mbs[8], recomp[True] ...
working on num_stages[4], tp_size[1], dp_size[2], mbs[8], recomp[False] ...
working on num_stages[4], tp_size[2], dp_size[1], mbs[1], recomp[True] ...
working on num_stages[4], tp_size[2], dp_size[1], mbs[1], recomp[False] ...
working on num_stages[4], tp_size[2], dp_size[1], mbs[2], recomp[True] ...
working on num_stages[4], tp_size[2], dp_size[1], mbs[2], recomp[False] ...
working on num_stages[4], tp_size[2], dp_size[1], mbs[4], recomp[True] ...
working on num_stages[4], tp_size[2], dp_size[1], mbs[4], recomp[False] ...
working on num_stages[4], tp_size[2], dp_size[1], mbs[8], recomp[True] ...
working on num_stages[4], tp_size[2], dp_size[1], mbs[8], recomp[False] ...
working on num_stages[8], tp_size[1], dp_size[1], mbs[1], recomp[True] ...
working on num_stages[8], tp_size[1], dp_size[1], mbs[1], recomp[False] ...
working on num_stages[8], tp_size[1], dp_size[1], mbs[2], recomp[True] ...
working on num_stages[8], tp_size[1], dp_size[1], mbs[2], recomp[False] ...
working on num_stages[8], tp_size[1], dp_size[1], mbs[4], recomp[True] ...
working on num_stages[8], tp_size[1], dp_size[1], mbs[4], recomp[False] ...
working on num_stages[8], tp_size[1], dp_size[1], mbs[8], recomp[True] ...
working on num_stages[8], tp_size[1], dp_size[1], mbs[8], recomp[False] ...
fail case|11478.99|49703.08| op = [419]| tp = [1, ] | dp = [8, ] | algo = [0, ] | rc = [417] | gpus = [8] | micro_bs = 8 | time = [11478] | memory = [49703]
fail case|8387.53|80921.07| op = [419]| tp = [1, ] | dp = [8, ] | algo = [0, ] | rc = [0] | gpus = [8] | micro_bs = 8 | time = [8387] | memory = [80921]
case 0|32709.79|25176.10| op = [419]| tp = [2, ] | dp = [4, ] | algo = [0, ] | rc = [417] | gpus = [8] | micro_bs = 4 | time = [32709] | memory = [25176]
fail case|22669.33|41638.09| op = [419]| tp = [2, ] | dp = [4, ] | algo = [0, ] | rc = [0] | gpus = [8] | micro_bs = 4 | time = [22669] | memory = [41638]
case 1|29974.33|26432.19| op = [419]| tp = [2, ] | dp = [4, ] | algo = [0, ] | rc = [417] | gpus = [8] | micro_bs = 8 | time = [29974] | memory = [26432]
fail case|20733.08|59356.12| op = [419]| tp = [2, ] | dp = [4, ] | algo = [0, ] | rc = [0] | gpus = [8] | micro_bs = 8 | time = [20733] | memory = [59356]
case 2|63626.57|12913.10| op = [419]| tp = [4, ] | dp = [2, ] | algo = [0, ] | rc = [417] | gpus = [8] | micro_bs = 2 | time = [63626] | memory = [12913]
case 3|43394.58|21997.09| op = [419]| tp = [4, ] | dp = [2, ] | algo = [0, ] | rc = [0] | gpus = [8] | micro_bs = 2 | time = [43394] | memory = [21997]
case 4|60034.05|13831.82| op = [419]| tp = [4, ] | dp = [2, ] | algo = [0, ] | rc = [417] | gpus = [8] | micro_bs = 4 | time = [60034] | memory = [13831]
fail case|40941.97|32019.12| op = [419]| tp = [4, ] | dp = [2, ] | algo = [0, ] | rc = [0] | gpus = [8] | micro_bs = 4 | time = [40941] | memory = [32019]
case 5|57498.75|15647.39| op = [419]| tp = [4, ] | dp = [2, ] | algo = [0, ] | rc = [417] | gpus = [8] | micro_bs = 8 | time = [57498] | memory = [15647]
fail case|39211.47|51983.23| op = [419]| tp = [4, ] | dp = [2, ] | algo = [0, ] | rc = [0] | gpus = [8] | micro_bs = 8 | time = [39211] | memory = [51983]
case 6|126726.59|6781.91| op = [419]| tp = [8, ] | dp = [1, ] | algo = [0, ] | rc = [417] | gpus = [8] | micro_bs = 1 | time = [126726] | memory = [6781]
case 7|85725.56|12186.57| op = [419]| tp = [8, ] | dp = [1, ] | algo = [0, ] | rc = [0] | gpus = [8] | micro_bs = 1 | time = [85725] | memory = [12186]
case 8|118704.43|7531.01| op = [419]| tp = [8, ] | dp = [1, ] | algo = [0, ] | rc = [417] | gpus = [8] | micro_bs = 2 | time = [118704] | memory = [7531]
case 9|80356.52|18330.60| op = [419]| tp = [8, ] | dp = [1, ] | algo = [0, ] | rc = [0] | gpus = [8] | micro_bs = 2 | time = [80356] | memory = [18330]
case 10|115682.93|9008.89| op = [419]| tp = [8, ] | dp = [1, ] | algo = [0, ] | rc = [417] | gpus = [8] | micro_bs = 4 | time = [115682] | memory = [9008]
fail case|78287.85|30588.73| op = [419]| tp = [8, ] | dp = [1, ] | algo = [0, ] | rc = [0] | gpus = [8] | micro_bs = 4 | time = [78287] | memory = [30588]
case 11|112724.83|12572.78| op = [419]| tp = [8, ] | dp = [1, ] | algo = [0, ] | rc = [417] | gpus = [8] | micro_bs = 8 | time = [112724] | memory = [12572]
fail case|76286.18|55732.53| op = [419]| tp = [8, ] | dp = [1, ] | algo = [0, ] | rc = [0] | gpus = [8] | micro_bs = 8 | time = [76286] | memory = [55732]
case 12|11952.02|25517.07| op = [209, 210]| tp = [1, 1, ] | dp = [4, 4, ] | algo = [0, 0, ] | rc = [208, 209] | gpus = [4, 4] | micro_bs = 4 | time = [11396, 11952] | memory = [25474, 25517]
fail case|8810.87|56677.04| op = [209, 210]| tp = [1, 1, ] | dp = [4, 4, ] | algo = [0, 0, ] | rc = [0, 0] | gpus = [4, 4] | micro_bs = 4 | time = [8257, 8810] | memory = [56677, 40622]
case 13|11577.18|27204.14| op = [209, 210]| tp = [1, 1, ] | dp = [4, 4, ] | algo = [0, 0, ] | rc = [208, 209] | gpus = [4, 4] | micro_bs = 8 | time = [11026, 11577] | memory = [27004, 27204]
fail case|8519.98|89410.02| op = [209, 210]| tp = [1, 1, ] | dp = [4, 4, ] | algo = [0, 0, ] | rc = [0, 0] | gpus = [4, 4] | micro_bs = 8 | time = [7972, 8519] | memory = [89410, 57415]
case 14|33283.53|13071.08| op = [209, 210]| tp = [2, 2, ] | dp = [2, 2, ] | algo = [0, 0, ] | rc = [208, 209] | gpus = [4, 4] | micro_bs = 2 | time = [32709, 33283] | memory = [13071, 12916]
fail case|23161.87|29518.08| op = [209, 210]| tp = [2, 2, ] | dp = [2, 2, ] | algo = [0, 0, ] | rc = [0, 0] | gpus = [4, 4] | micro_bs = 2 | time = [22593, 23161] | memory = [29518, 20881]
case 15|30738.29|14127.16| op = [209, 210]| tp = [2, 2, ] | dp = [2, 2, ] | algo = [0, 0, ] | rc = [208, 209] | gpus = [4, 4] | micro_bs = 4 | time = [30182, 30738] | memory = [14127, 13927]
fail case|21349.53|47021.09| op = [209, 210]| tp = [2, 2, ] | dp = [2, 2, ] | algo = [0, 0, ] | rc = [0, 0] | gpus = [4, 4] | micro_bs = 4 | time = [20800, 21349] | memory = [47021, 29858]
case 16|30383.41|17464.33| op = [209, 210]| tp = [2, 2, ] | dp = [2, 2, ] | algo = [0, 0, ] | rc = [208, 209] | gpus = [4, 4] | micro_bs = 8 | time = [29830, 30383] | memory = [17464, 17164]
fail case|21112.93|83252.17| op = [209, 210]| tp = [2, 2, ] | dp = [2, 2, ] | algo = [0, 0, ] | rc = [0, 0] | gpus = [4, 4] | micro_bs = 8 | time = [20565, 21112] | memory = [83252, 49026]
case 17|64268.73|6870.58| op = [209, 210]| tp = [4, 4, ] | dp = [1, 1, ] | algo = [0, 0, ] | rc = [208, 209] | gpus = [4, 4] | micro_bs = 1 | time = [63606, 64268] | memory = [6870, 6615]
case 18|43952.09|15939.58| op = [209, 210]| tp = [4, 4, ] | dp = [1, 1, ] | algo = [0, 0, ] | rc = [0, 0] | gpus = [4, 4] | micro_bs = 1 | time = [43301, 43952] | memory = [15939, 11011]
case 19|60843.64|7689.29| op = [209, 210]| tp = [4, 4, ] | dp = [1, 1, ] | algo = [0, 0, ] | rc = [208, 209] | gpus = [4, 4] | micro_bs = 2 | time = [60233, 60843] | memory = [7689, 7289]
case 20|41596.08|25846.59| op = [209, 210]| tp = [4, 4, ] | dp = [1, 1, ] | algo = [0, 0, ] | rc = [0, 0] | gpus = [4, 4] | micro_bs = 2 | time = [40998, 41596] | memory = [25846, 16089]
case 21|58695.55|9932.33| op = [209, 210]| tp = [4, 4, ] | dp = [1, 1, ] | algo = [0, 0, ] | rc = [208, 209] | gpus = [4, 4] | micro_bs = 4 | time = [58144, 58695] | memory = [9932, 9232]
fail case|40116.91|46208.17| op = [209, 210]| tp = [4, 4, ] | dp = [1, 1, ] | algo = [0, 0, ] | rc = [0, 0] | gpus = [4, 4] | micro_bs = 4 | time = [39577, 40116] | memory = [46208, 26814]
case 22|58516.75|14484.66| op = [209, 210]| tp = [4, 4, ] | dp = [1, 1, ] | algo = [0, 0, ] | rc = [208, 209] | gpus = [4, 4] | micro_bs = 8 | time = [57991, 58516] | memory = [14484, 13164]
fail case|39981.84|87036.41| op = [209, 210]| tp = [4, 4, ] | dp = [1, 1, ] | algo = [0, 0, ] | rc = [0, 0] | gpus = [4, 4] | micro_bs = 8 | time = [39467, 39981] | memory = [87036, 48328]
case 23|12698.24|14706.06| op = [105, 104, 104, 106]| tp = [1, 1, 1, 1, ] | dp = [2, 2, 2, 2, ] | algo = [0, 0, 0, 0, ] | rc = [104, 104, 104, 105] | gpus = [2, 2, 2, 2] | micro_bs = 2 | time = [11578, 11453, 11453, 12698] | memory = [14706, 12292, 12162, 14597]
fail case|9530.15|45909.06| op = [105, 104, 104, 106]| tp = [1, 1, 1, 1, ] | dp = [2, 2, 2, 2, ] | algo = [0, 0, 0, 0, ] | rc = [0, 0, 0, 0] | gpus = [2, 2, 2, 2] | micro_bs = 2 | time = [8415, 8291, 8291, 9530] | memory = [45909, 35438, 27252, 21646]
case 24|12372.87|17364.13| op = [105, 104, 104, 106]| tp = [1, 1, 1, 1, ] | dp = [2, 2, 2, 2, ] | algo = [0, 0, 0, 0, ] | rc = [104, 104, 104, 105] | gpus = [2, 2, 2, 2] | micro_bs = 4 | time = [11253, 11169, 11169, 12372] | memory = [17364, 14984, 14724, 17274]
fail case|9266.20|79770.05| op = [105, 104, 104, 106]| tp = [1, 1, 1, 1, ] | dp = [2, 2, 2, 2, ] | algo = [0, 0, 0, 0, ] | rc = [0, 0, 0, 0] | gpus = [2, 2, 2, 2] | micro_bs = 4 | time = [8152, 8069, 8069, 9266] | memory = [79770, 61277, 44904, 31372]
case 25|12946.04|23048.25| op = [105, 104, 104, 106]| tp = [1, 1, 1, 1, ] | dp = [2, 2, 2, 2, ] | algo = [0, 0, 0, 0, ] | rc = [104, 104, 104, 105] | gpus = [2, 2, 2, 2] | micro_bs = 8 | time = [11843, 11784, 11784, 12946] | memory = [23048, 20368, 19848, 22948]
fail case|9626.14|147860.09| op = [105, 104, 104, 106]| tp = [1, 1, 1, 1, ] | dp = [2, 2, 2, 2, ] | algo = [0, 0, 0, 0, ] | rc = [0, 0, 0, 0] | gpus = [2, 2, 2, 2] | micro_bs = 8 | time = [8528, 8470, 8470, 9626] | memory = [147860, 112954, 80209, 51145]
case 26|34329.53|7701.14| op = [105, 104, 104, 106]| tp = [2, 2, 2, 2, ] | dp = [1, 1, 1, 1, ] | algo = [0, 0, 0, 0, ] | rc = [104, 104, 104, 105] | gpus = [2, 2, 2, 2] | micro_bs = 1 | time = [33177, 32621, 32621, 34329] | memory = [7701, 6376, 6246, 7396]
case 27|24163.10|24148.13| op = [105, 104, 104, 106]| tp = [2, 2, 2, 2, ] | dp = [1, 1, 1, 1, ] | algo = [0, 0, 0, 0, ] | rc = [0, 0, 0, 0] | gpus = [2, 2, 2, 2] | micro_bs = 1 | time = [23022, 22466, 22466, 24163] | memory = [24148, 18574, 14196, 11113]
case 28|31825.79|9332.27| op = [105, 104, 104, 106]| tp = [2, 2, 2, 2, ] | dp = [1, 1, 1, 1, ] | algo = [0, 0, 0, 0, ] | rc = [104, 104, 104, 105] | gpus = [2, 2, 2, 2] | micro_bs = 2 | time = [30705, 30195, 30195, 31825] | memory = [9332, 7952, 7692, 8842]
fail case|22358.51|42226.19| op = [105, 104, 104, 106]| tp = [2, 2, 2, 2, ] | dp = [1, 1, 1, 1, ] | algo = [0, 0, 0, 0, ] | rc = [0, 0, 0, 0] | gpus = [2, 2, 2, 2] | micro_bs = 2 | time = [21250, 20740, 20740, 22358] | memory = [42226, 32349, 23592, 16276]
case 29|31668.13|12784.53| op = [105, 104, 104, 106]| tp = [2, 2, 2, 2, ] | dp = [1, 1, 1, 1, ] | algo = [0, 0, 0, 0, ] | rc = [104, 104, 104, 105] | gpus = [2, 2, 2, 2] | micro_bs = 4 | time = [30543, 30067, 30067, 31668] | memory = [12784, 11104, 10584, 11884]
fail case|22251.57|78572.37| op = [105, 104, 104, 106]| tp = [2, 2, 2, 2, ] | dp = [1, 1, 1, 1, ] | algo = [0, 0, 0, 0, ] | rc = [0, 0, 0, 0] | gpus = [2, 2, 2, 2] | micro_bs = 4 | time = [21138, 20662, 20662, 22251] | memory = [78572, 59898, 42385, 26753]
case 30|32394.67|19689.06| op = [105, 104, 104, 106]| tp = [2, 2, 2, 2, ] | dp = [1, 1, 1, 1, ] | algo = [0, 0, 0, 0, ] | rc = [104, 104, 104, 105] | gpus = [2, 2, 2, 2] | micro_bs = 8 | time = [31308, 30855, 30855, 32394] | memory = [19689, 17408, 16368, 17968]
fail case|22695.28|151264.81| op = [105, 104, 104, 106]| tp = [2, 2, 2, 2, ] | dp = [1, 1, 1, 1, ] | algo = [0, 0, 0, 0, ] | rc = [0, 0, 0, 0] | gpus = [2, 2, 2, 2] | micro_bs = 8 | time = [21619, 21166, 21166, 22695] | memory = [151264, 114998, 79972, 47706]
case 31|14060.40|9790.10| op = [53, 52, 52, 52, 52, 52, 52, 54]| tp = [1, 1, 1, 1, 1, 1, 1, 1, ] | dp = [1, 1, 1, 1, 1, 1, 1, 1, ] | algo = [0, 0, 0, 0, 0, 0, 0, 0, ] | rc = [52, 52, 52, 52, 52, 52, 52, 53] | gpus = [1, 1, 1, 1, 1, 1, 1, 1] | micro_bs = 1 | time = [11811, 11561, 11561, 11561, 11561, 11561, 11561, 14060] | memory = [9790, 7592, 7522, 7452, 7382, 7312, 7242, 9567]
fail case|10874.63|40993.09| op = [53, 52, 52, 52, 52, 52, 52, 54]| tp = [1, 1, 1, 1, 1, 1, 1, 1, ] | dp = [1, 1, 1, 1, 1, 1, 1, 1, ] | algo = [0, 0, 0, 0, 0, 0, 0, 0, ] | rc = [0, 0, 0, 0, 0, 0, 0, 0] | gpus = [1, 1, 1, 1, 1, 1, 1, 1] | micro_bs = 1 | time = [8636, 8386, 8386, 8386, 8386, 8386, 8386, 10874] | memory = [40993, 34766, 30668, 26570, 22472, 18374, 14276, 12588]
case 32|13715.45|12684.19| op = [53, 52, 52, 52, 52, 52, 52, 54]| tp = [1, 1, 1, 1, 1, 1, 1, 1, ] | dp = [1, 1, 1, 1, 1, 1, 1, 1, ] | algo = [0, 0, 0, 0, 0, 0, 0, 0, ] | rc = [52, 52, 52, 52, 52, 52, 52, 53] | gpus = [1, 1, 1, 1, 1, 1, 1, 1] | micro_bs = 2 | time = [11458, 11289, 11289, 11289, 11289, 11289, 11289, 13715] | memory = [12684, 10384, 10244, 10104, 9964, 9824, 9684, 12354]
fail case|10579.26|75090.11| op = [53, 52, 52, 52, 52, 52, 52, 54]| tp = [1, 1, 1, 1, 1, 1, 1, 1, ] | dp = [1, 1, 1, 1, 1, 1, 1, 1, ] | algo = [0, 0, 0, 0, 0, 0, 0, 0, ] | rc = [0, 0, 0, 0, 0, 0, 0, 0] | gpus = [1, 1, 1, 1, 1, 1, 1, 1] | micro_bs = 2 | time = [8334, 8166, 8166, 8166, 8166, 8166, 8166, 10579] | memory = [75090, 64733, 56537, 48341, 40144, 31948, 23752, 18396]
case 33|14337.74|18488.37| op = [53, 52, 52, 52, 52, 52, 52, 54]| tp = [1, 1, 1, 1, 1, 1, 1, 1, ] | dp = [1, 1, 1, 1, 1, 1, 1, 1, ] | algo = [0, 0, 0, 0, 0, 0, 0, 0, ] | rc = [52, 52, 52, 52, 52, 52, 52, 53] | gpus = [1, 1, 1, 1, 1, 1, 1, 1] | micro_bs = 4 | time = [12096, 11977, 11977, 11977, 11977, 11977, 11977, 14337] | memory = [18488, 15968, 15688, 15408, 15128, 14848, 14568, 17908]
fail case|10964.79|143300.22| op = [53, 52, 52, 52, 52, 52, 52, 54]| tp = [1, 1, 1, 1, 1, 1, 1, 1, ] | dp = [1, 1, 1, 1, 1, 1, 1, 1, ] | algo = [0, 0, 0, 0, 0, 0, 0, 0, ] | rc = [0, 0, 0, 0, 0, 0, 0, 0] | gpus = [1, 1, 1, 1, 1, 1, 1, 1] | micro_bs = 4 | time = [8734, 8615, 8615, 8615, 8615, 8615, 8615, 10964] | memory = [143300, 124667, 108274, 91882, 75489, 59097, 42704, 29992]
fail case|15299.37|30096.75| op = [53, 52, 52, 52, 52, 52, 52, 54]| tp = [1, 1, 1, 1, 1, 1, 1, 1, ] | dp = [1, 1, 1, 1, 1, 1, 1, 1, ] | algo = [0, 0, 0, 0, 0, 0, 0, 0, ] | rc = [52, 52, 52, 52, 52, 52, 52, 53] | gpus = [1, 1, 1, 1, 1, 1, 1, 1] | micro_bs = 8 | time = [13097, 13005, 13005, 13005, 13005, 13005, 13005, 15299] | memory = [30096, 27136, 26576, 26016, 25456, 24896, 24336, 29016]
fail case|11603.12|279720.50| op = [53, 52, 52, 52, 52, 52, 52, 54]| tp = [1, 1, 1, 1, 1, 1, 1, 1, ] | dp = [1, 1, 1, 1, 1, 1, 1, 1, ] | algo = [0, 0, 0, 0, 0, 0, 0, 0, ] | rc = [0, 0, 0, 0, 0, 0, 0, 0] | gpus = [1, 1, 1, 1, 1, 1, 1, 1] | micro_bs = 8 | time = [9412, 9319, 9319, 9319, 9319, 9319, 9319, 11603] | memory = [279720, 244535, 211750, 178965, 146180, 113395, 80610, 53185]


best_0|11577.18|27204.14| op = [209, 210]| tp = [1, 1, ] | dp = [4, 4, ] | algo = [0, 0, ] | rc = [208, 209] | gpus = [4, 4] | micro_bs = 8 | time = [11026, 11577] | memory = [27004, 27204]
config has been saved to /home/liminglong.lml/sxz/SuperScaler/logs-large/megatron/configs/mbs/256/gpt_2_6B_32layers_megatron_est_11577.json
[TOTAL TIME] 0.20757126808166504 s.
