------------------------ arguments ------------------------
  adaptive_hyper_parameters ....................... 5
  add_action_finetune_algo ........................ False
  add_action_finetune_dim ......................... False
  add_action_tp_dp_exchange ....................... False
  add_action_tune_tp_dp ........................... False
  check_recompute_with_group ...................... False
  config_save_path ................................ /home/liminglong.lml/sxz/SuperScaler/logs-large/megatron/configs/scale-layer/128layers/
  config_suffix ................................... 2026-5-16-3-7-59
  consider_collective_memory ...................... False
  consider_reserved_space ......................... True
  consider_shared_space ........................... True
  continue_when_fail .............................. True
  decoder_seq_len ................................. 512
  end_num_stages .................................. 8
  finetune_after_trial ............................ 0
  finetune_tp_dp_after_trial ...................... False
  flex_recompute .................................. True
  forbid_turn_back ................................ False
  global_batch_size ............................... 1024
  high_memory_rate ................................ 0.9
  init_dim ........................................ tp
  initial_point ................................... balance
  log_path ........................................ /home/liminglong.lml/sxz/SuperScaler/logs-large/megatron/search/scale-layer/128layers/
  max_num_hops .................................... None
  max_num_trials .................................. 100
  max_op_move_steps ............................... 5
  max_tp .......................................... 8
  memory_limit .................................... 28000
  memory_main_params .............................. 2
  memory_optimizer ................................ 4
  memory_pred_type ................................ MAX
  micro_batch_size ................................ [1, 2, 4, 8]
  min_mbs ......................................... 1
  model_name ...................................... scale-layer
  model_size ...................................... 128layers
  multi_process ................................... True
  num_algos ....................................... 2
  num_gpus ........................................ 8
  num_gpus_per_node ............................... 8
  num_layers ...................................... 128
  num_nodes ....................................... 1
  num_of_saved_configs ............................ 1
  num_partners_in_op_mig .......................... 1
  only_top_1_target ............................... False
  op_group_size ................................... 1
  peak_mem_in_backward ............................ 0
  predict_delta_time .............................. False
  print_debug_info ................................ True
  print_gpu_mig_details ........................... False
  print_move_op_details ........................... False
  print_recomp_debug_info ......................... False
  print_recompute_ops ............................. False
  profiled_time_path .............................. /home/liminglong.lml/sxz/SuperScaler/profiler/profiled-time-eurosys/
  random_order_actions ............................ False
  resharding ...................................... True
  save_to_csv ..................................... None
  seq_len ......................................... 2048
  simple_prim_mbs ................................. False
  simple_prim_mig ................................. False
  sort_metric ..................................... max_stage_time
  start_num_stages ................................ 1
  support_comm_predict ............................ False
  time_budget_per_trial ........................... 10
  time_budget_total ............................... 10
-------------------- end of arguments ---------------------
working on num_stages[1], tp_size[1], dp_size[8], mbs[8], recomp[True] ...
working on num_stages[1], tp_size[1], dp_size[8], mbs[8], recomp[False] ...
working on num_stages[1], tp_size[2], dp_size[4], mbs[4], recomp[True] ...
working on num_stages[1], tp_size[2], dp_size[4], mbs[4], recomp[False] ...
working on num_stages[1], tp_size[2], dp_size[4], mbs[8], recomp[True] ...
working on num_stages[1], tp_size[2], dp_size[4], mbs[8], recomp[False] ...
working on num_stages[1], tp_size[4], dp_size[2], mbs[2], recomp[True] ...
working on num_stages[1], tp_size[4], dp_size[2], mbs[2], recomp[False] ...
working on num_stages[1], tp_size[4], dp_size[2], mbs[4], recomp[True] ...
working on num_stages[1], tp_size[4], dp_size[2], mbs[4], recomp[False] ...
working on num_stages[1], tp_size[4], dp_size[2], mbs[8], recomp[True] ...
working on num_stages[1], tp_size[4], dp_size[2], mbs[8], recomp[False] ...
working on num_stages[1], tp_size[8], dp_size[1], mbs[1], recomp[True] ...
working on num_stages[1], tp_size[8], dp_size[1], mbs[1], recomp[False] ...
working on num_stages[1], tp_size[8], dp_size[1], mbs[2], recomp[True] ...
working on num_stages[1], tp_size[8], dp_size[1], mbs[2], recomp[False] ...
working on num_stages[1], tp_size[8], dp_size[1], mbs[4], recomp[True] ...
working on num_stages[1], tp_size[8], dp_size[1], mbs[4], recomp[False] ...
working on num_stages[1], tp_size[8], dp_size[1], mbs[8], recomp[True] ...
working on num_stages[1], tp_size[8], dp_size[1], mbs[8], recomp[False] ...
working on num_stages[2], tp_size[1], dp_size[4], mbs[4], recomp[True] ...
working on num_stages[2], tp_size[1], dp_size[4], mbs[4], recomp[False] ...
working on num_stages[2], tp_size[1], dp_size[4], mbs[8], recomp[True] ...
working on num_stages[2], tp_size[1], dp_size[4], mbs[8], recomp[False] ...
working on num_stages[2], tp_size[2], dp_size[2], mbs[2], recomp[True] ...
working on num_stages[2], tp_size[2], dp_size[2], mbs[2], recomp[False] ...
working on num_stages[2], tp_size[2], dp_size[2], mbs[4], recomp[True] ...
working on num_stages[2], tp_size[2], dp_size[2], mbs[4], recomp[False] ...
working on num_stages[2], tp_size[2], dp_size[2], mbs[8], recomp[True] ...
working on num_stages[2], tp_size[2], dp_size[2], mbs[8], recomp[False] ...
working on num_stages[2], tp_size[4], dp_size[1], mbs[1], recomp[True] ...
working on num_stages[2], tp_size[4], dp_size[1], mbs[1], recomp[False] ...
working on num_stages[2], tp_size[4], dp_size[1], mbs[2], recomp[True] ...
working on num_stages[2], tp_size[4], dp_size[1], mbs[2], recomp[False] ...
working on num_stages[2], tp_size[4], dp_size[1], mbs[4], recomp[True] ...
working on num_stages[2], tp_size[4], dp_size[1], mbs[4], recomp[False] ...
working on num_stages[2], tp_size[4], dp_size[1], mbs[8], recomp[True] ...
working on num_stages[2], tp_size[4], dp_size[1], mbs[8], recomp[False] ...
working on num_stages[4], tp_size[1], dp_size[2], mbs[2], recomp[True] ...
working on num_stages[4], tp_size[1], dp_size[2], mbs[2], recomp[False] ...
working on num_stages[4], tp_size[1], dp_size[2], mbs[4], recomp[True] ...
working on num_stages[4], tp_size[1], dp_size[2], mbs[4], recomp[False] ...
working on num_stages[4], tp_size[1], dp_size[2], mbs[8], recomp[True] ...
working on num_stages[4], tp_size[1], dp_size[2], mbs[8], recomp[False] ...
working on num_stages[4], tp_size[2], dp_size[1], mbs[1], recomp[True] ...
working on num_stages[4], tp_size[2], dp_size[1], mbs[1], recomp[False] ...
working on num_stages[4], tp_size[2], dp_size[1], mbs[2], recomp[True] ...
working on num_stages[4], tp_size[2], dp_size[1], mbs[2], recomp[False] ...
working on num_stages[4], tp_size[2], dp_size[1], mbs[4], recomp[True] ...
working on num_stages[4], tp_size[2], dp_size[1], mbs[4], recomp[False] ...
working on num_stages[4], tp_size[2], dp_size[1], mbs[8], recomp[True] ...
working on num_stages[4], tp_size[2], dp_size[1], mbs[8], recomp[False] ...
working on num_stages[8], tp_size[1], dp_size[1], mbs[1], recomp[True] ...
working on num_stages[8], tp_size[1], dp_size[1], mbs[1], recomp[False] ...
working on num_stages[8], tp_size[1], dp_size[1], mbs[2], recomp[True] ...
working on num_stages[8], tp_size[1], dp_size[1], mbs[2], recomp[False] ...
working on num_stages[8], tp_size[1], dp_size[1], mbs[4], recomp[True] ...
working on num_stages[8], tp_size[1], dp_size[1], mbs[4], recomp[False] ...
working on num_stages[8], tp_size[1], dp_size[1], mbs[8], recomp[True] ...
working on num_stages[8], tp_size[1], dp_size[1], mbs[8], recomp[False] ...
case 0|49372.94|8862.08| op = [1667]| tp = [1, ] | dp = [8, ] | algo = [0, ] | rc = [1665] | gpus = [8] | micro_bs = 8 | time = [49372] | memory = [8862]
fail case|34317.85|39727.14| op = [1667]| tp = [1, ] | dp = [8, ] | algo = [0, ] | rc = [0] | gpus = [8] | micro_bs = 8 | time = [34317] | memory = [39727]
case 1|164404.45|4640.10| op = [1667]| tp = [2, ] | dp = [4, ] | algo = [0, ] | rc = [1665] | gpus = [8] | micro_bs = 4 | time = [164404] | memory = [4640]
case 2|111486.46|20773.16| op = [1667]| tp = [2, ] | dp = [4, ] | algo = [0, ] | rc = [0] | gpus = [8] | micro_bs = 4 | time = [111486] | memory = [20773]
case 3|118722.09|5360.20| op = [1667]| tp = [2, ] | dp = [4, ] | algo = [0, ] | rc = [1665] | gpus = [8] | micro_bs = 8 | time = [118722] | memory = [5360]
fail case|80821.67|37626.07| op = [1667]| tp = [2, ] | dp = [4, ] | algo = [0, ] | rc = [0] | gpus = [8] | micro_bs = 8 | time = [80821] | memory = [37626]
case 4|409367.41|2529.10| op = [1667]| tp = [4, ] | dp = [2, ] | algo = [0, ] | rc = [1665] | gpus = [8] | micro_bs = 2 | time = [409367] | memory = [2529]
case 5|279849.11|11296.16| op = [1667]| tp = [4, ] | dp = [2, ] | algo = [0, ] | rc = [0] | gpus = [8] | micro_bs = 2 | time = [279849] | memory = [11296]
case 6|253625.10|3091.19| op = [1667]| tp = [4, ] | dp = [2, ] | algo = [0, ] | rc = [1665] | gpus = [8] | micro_bs = 4 | time = [253625] | memory = [3091]
case 7|171412.31|20625.07| op = [1667]| tp = [4, ] | dp = [2, ] | algo = [0, ] | rc = [0] | gpus = [8] | micro_bs = 4 | time = [171412] | memory = [20625]
case 8|202992.97|4312.39| op = [1667]| tp = [4, ] | dp = [2, ] | algo = [0, ] | rc = [1665] | gpus = [8] | micro_bs = 8 | time = [202992] | memory = [4312]
fail case|137544.53|39380.14| op = [1667]| tp = [4, ] | dp = [2, ] | algo = [0, ] | rc = [0] | gpus = [8] | micro_bs = 8 | time = [137544] | memory = [39380]
case 9|860418.08|1473.60| op = [1667]| tp = [8, ] | dp = [1, ] | algo = [0, ] | rc = [1665] | gpus = [8] | micro_bs = 1 | time = [860418] | memory = [1473]
case 10|605646.72|6557.66| op = [1667]| tp = [8, ] | dp = [1, ] | algo = [0, ] | rc = [0] | gpus = [8] | micro_bs = 1 | time = [605646] | memory = [6557]
case 11|577182.13|1974.20| op = [1667]| tp = [8, ] | dp = [1, ] | algo = [0, ] | rc = [1665] | gpus = [8] | micro_bs = 2 | time = [577182] | memory = [1974]
case 12|389509.85|12142.07| op = [1667]| tp = [8, ] | dp = [1, ] | algo = [0, ] | rc = [0] | gpus = [8] | micro_bs = 2 | time = [389509] | memory = [12142]
case 13|419174.53|2968.39| op = [1667]| tp = [8, ] | dp = [1, ] | algo = [0, ] | rc = [1665] | gpus = [8] | micro_bs = 4 | time = [419174] | memory = [2968]
case 14|282583.46|23304.14| op = [1667]| tp = [8, ] | dp = [1, ] | algo = [0, ] | rc = [0] | gpus = [8] | micro_bs = 4 | time = [282583] | memory = [23304]
case 15|377789.86|5052.78| op = [1667]| tp = [8, ] | dp = [1, ] | algo = [0, ] | rc = [1665] | gpus = [8] | micro_bs = 8 | time = [377789] | memory = [5052]
fail case|254224.72|45724.53| op = [1667]| tp = [8, ] | dp = [1, ] | algo = [0, ] | rc = [0] | gpus = [8] | micro_bs = 8 | time = [254224] | memory = [45724]
case 16|50218.84|4745.07| op = [833, 834]| tp = [1, 1, ] | dp = [4, 4, ] | algo = [0, 0, ] | rc = [832, 833] | gpus = [4, 4] | micro_bs = 4 | time = [48989, 50218] | memory = [4560, 4745]
fail case|35099.30|35422.11| op = [833, 834]| tp = [1, 1, ] | dp = [4, 4, ] | algo = [0, 0, ] | rc = [0, 0] | gpus = [4, 4] | micro_bs = 4 | time = [33881, 35099] | memory = [35422, 20056]
case 17|36866.89|5794.14| op = [833, 834]| tp = [1, 1, ] | dp = [4, 4, ] | algo = [0, 0, ] | rc = [832, 833] | gpus = [4, 4] | micro_bs = 8 | time = [35632, 36866] | memory = [5400, 5794]
fail case|26200.82|67123.97| op = [833, 834]| tp = [1, 1, ] | dp = [4, 4, ] | algo = [0, 0, ] | rc = [0, 0] | gpus = [4, 4] | micro_bs = 8 | time = [24974, 26200] | memory = [67123, 36416]
case 18|165490.43|2491.08| op = [833, 834]| tp = [2, 2, ] | dp = [2, 2, ] | algo = [0, 0, ] | rc = [832, 833] | gpus = [4, 4] | micro_bs = 2 | time = [164113, 165490] | memory = [2491, 2476]
case 19|112457.96|18621.15| op = [833, 834]| tp = [2, 2, ] | dp = [2, 2, ] | algo = [0, 0, ] | rc = [0, 0] | gpus = [4, 4] | micro_bs = 2 | time = [111103, 112457] | memory = [18621, 10479]
case 20|119889.50|3112.16| op = [833, 834]| tp = [2, 2, ] | dp = [2, 2, ] | algo = [0, 0, ] | rc = [832, 833] | gpus = [4, 4] | micro_bs = 4 | time = [118583, 119889] | memory = [3112, 3106]
fail case|81833.69|35372.04| op = [833, 834]| tp = [2, 2, ] | dp = [2, 2, ] | algo = [0, 0, ] | rc = [0, 0] | gpus = [4, 4] | micro_bs = 4 | time = [80542, 81833] | memory = [35372, 19112]
case 21|98876.20|4476.29| op = [833, 834]| tp = [2, 2, ] | dp = [2, 2, ] | algo = [0, 0, ] | rc = [832, 833] | gpus = [4, 4] | micro_bs = 8 | time = [97638, 98876] | memory = [4472, 4476]
fail case|67578.10|68992.07| op = [833, 834]| tp = [2, 2, ] | dp = [2, 2, ] | algo = [0, 0, ] | rc = [0, 0] | gpus = [4, 4] | micro_bs = 8 | time = [66347, 67578] | memory = [68992, 36488]
case 22|410811.80|1490.08| op = [833, 834]| tp = [4, 4, ] | dp = [1, 1, ] | algo = [0, 0, ] | rc = [832, 833] | gpus = [4, 4] | micro_bs = 1 | time = [409028, 410811] | memory = [1490, 1377]
case 23|281144.47|10254.15| op = [833, 834]| tp = [4, 4, ] | dp = [1, 1, ] | algo = [0, 0, ] | rc = [0, 0] | gpus = [4, 4] | micro_bs = 1 | time = [279405, 281144] | memory = [10254, 5726]
case 24|254979.55|1968.16| op = [833, 834]| tp = [4, 4, ] | dp = [1, 1, ] | algo = [0, 0, ] | rc = [832, 833] | gpus = [4, 4] | micro_bs = 2 | time = [253464, 254979] | memory = [1968, 1762]
case 25|172591.14|19496.04| op = [833, 834]| tp = [4, 4, ] | dp = [1, 1, ] | algo = [0, 0, ] | rc = [0, 0] | gpus = [4, 4] | micro_bs = 2 | time = [171106, 172591] | memory = [19496, 10460]
case 26|204493.56|3052.33| op = [833, 834]| tp = [4, 4, ] | dp = [1, 1, ] | algo = [0, 0, ] | rc = [832, 833] | gpus = [4, 4] | micro_bs = 4 | time = [203178, 204493] | memory = [3052, 2656]
fail case|138781.88|38108.07| op = [833, 834]| tp = [4, 4, ] | dp = [1, 1, ] | algo = [0, 0, ] | rc = [0, 0] | gpus = [4, 4] | micro_bs = 4 | time = [137481, 138781] | memory = [38108, 20052]
case 27|188361.25|5220.66| op = [833, 834]| tp = [4, 4, ] | dp = [1, 1, ] | algo = [0, 0, ] | rc = [832, 833] | gpus = [4, 4] | micro_bs = 8 | time = [187126, 188361] | memory = [5220, 4444]
fail case|127936.16|75332.41| op = [833, 834]| tp = [4, 4, ] | dp = [1, 1, ] | algo = [0, 0, ] | rc = [0, 0] | gpus = [4, 4] | micro_bs = 8 | time = [126713, 127936] | memory = [75332, 39236]
case 28|51755.72|2999.07| op = [417, 416, 416, 418]| tp = [1, 1, 1, 1, ] | dp = [2, 2, 2, 2, ] | algo = [0, 0, 0, 0, ] | rc = [416, 416, 416, 417] | gpus = [2, 2, 2, 2] | micro_bs = 2 | time = [49291, 49030, 49030, 51755] | memory = [2914, 2396, 2298, 2999]
fail case|36595.46|33776.13| op = [417, 416, 416, 418]| tp = [1, 1, 1, 1, ] | dp = [2, 2, 2, 2, ] | algo = [0, 0, 0, 0, ] | rc = [0, 0, 0, 0] | gpus = [2, 2, 2, 2] | micro_bs = 2 | time = [34154, 33893, 33893, 36595] | memory = [33776, 25481, 17606, 10533]
case 29|38363.21|4066.14| op = [417, 416, 416, 418]| tp = [1, 1, 1, 1, ] | dp = [2, 2, 2, 2, ] | algo = [0, 0, 0, 0, ] | rc = [416, 416, 416, 417] | gpus = [2, 2, 2, 2] | micro_bs = 4 | time = [35885, 35759, 35759, 38363] | memory = [3876, 3256, 3060, 4066]
fail case|27648.30|65600.00| op = [417, 416, 416, 418]| tp = [1, 1, 1, 1, ] | dp = [2, 2, 2, 2, ] | algo = [0, 0, 0, 0, ] | rc = [0, 0, 0, 0] | gpus = [2, 2, 2, 2] | micro_bs = 4 | time = [25185, 25059, 25059, 27648] | memory = [65600, 49425, 33675, 19134]
case 30|30088.40|6196.29| op = [417, 416, 416, 418]| tp = [1, 1, 1, 1, ] | dp = [2, 2, 2, 2, ] | algo = [0, 0, 0, 0, ] | rc = [416, 416, 416, 417] | gpus = [2, 2, 2, 2] | micro_bs = 8 | time = [27654, 27576, 27576, 30088] | memory = [5800, 4976, 4584, 6196]
fail case|22025.04|129248.00| op = [417, 416, 416, 418]| tp = [1, 1, 1, 1, ] | dp = [2, 2, 2, 2, ] | algo = [0, 0, 0, 0, ] | rc = [0, 0, 0, 0] | gpus = [2, 2, 2, 2] | micro_bs = 8 | time = [19599, 19520, 19520, 22025] | memory = [129247, 97315, 65815, 36332]
case 31|167537.57|1670.14| op = [417, 416, 416, 418]| tp = [2, 2, 2, 2, ] | dp = [1, 1, 1, 1, ] | algo = [0, 0, 0, 0, ] | rc = [416, 416, 416, 417] | gpus = [2, 2, 2, 2] | micro_bs = 1 | time = [164781, 164071, 164071, 167537] | memory = [1670, 1352, 1254, 1555]
case 32|114431.16|17800.20| op = [417, 416, 416, 418]| tp = [2, 2, 2, 2, ] | dp = [1, 1, 1, 1, ] | algo = [0, 0, 0, 0, ] | rc = [0, 0, 0, 0] | gpus = [2, 2, 2, 2] | micro_bs = 1 | time = [111719, 111010, 111010, 114431] | memory = [17800, 13417, 9254, 5493]
case 33|121798.56|2356.27| op = [417, 416, 416, 418]| tp = [2, 2, 2, 2, ] | dp = [1, 1, 1, 1, ] | algo = [0, 0, 0, 0, ] | rc = [416, 416, 416, 417] | gpus = [2, 2, 2, 2] | micro_bs = 2 | time = [119182, 118650, 118650, 121798] | memory = [2356, 1936, 1740, 2146]
fail case|83653.96|34616.14| op = [417, 416, 416, 418]| tp = [2, 2, 2, 2, ] | dp = [1, 1, 1, 1, ] | algo = [0, 0, 0, 0, ] | rc = [0, 0, 0, 0] | gpus = [2, 2, 2, 2] | micro_bs = 2 | time = [81067, 80535, 80535, 83653] | memory = [34616, 26065, 17739, 10022]
case 34|100780.03|3728.53| op = [417, 416, 416, 418]| tp = [2, 2, 2, 2, ] | dp = [1, 1, 1, 1, ] | algo = [0, 0, 0, 0, ] | rc = [416, 416, 416, 417] | gpus = [2, 2, 2, 2] | micro_bs = 4 | time = [98294, 97839, 97839, 100780] | memory = [3728, 3104, 2712, 3324]
fail case|69353.15|68248.28| op = [417, 416, 416, 418]| tp = [2, 2, 2, 2, ] | dp = [1, 1, 1, 1, ] | algo = [0, 0, 0, 0, ] | rc = [0, 0, 0, 0] | gpus = [2, 2, 2, 2] | micro_bs = 4 | time = [66882, 66427, 66427, 69353] | memory = [68248, 51363, 34711, 19076]
case 35|91498.42|6473.06| op = [417, 416, 416, 418]| tp = [2, 2, 2, 2, ] | dp = [1, 1, 1, 1, ] | algo = [0, 0, 0, 0, ] | rc = [416, 416, 416, 417] | gpus = [2, 2, 2, 2] | micro_bs = 8 | time = [89073, 88657, 88657, 91498] | memory = [6473, 5440, 4656, 5680]
fail case|63148.87|135512.81| op = [417, 416, 416, 418]| tp = [2, 2, 2, 2, ] | dp = [1, 1, 1, 1, ] | algo = [0, 0, 0, 0, ] | rc = [0, 0, 0, 0] | gpus = [2, 2, 2, 2] | micro_bs = 8 | time = [60735, 60319, 60319, 63148] | memory = [135512, 101960, 68656, 37184]
case 36|54687.14|2183.07| op = [209, 208, 208, 208, 208, 208, 208, 210]| tp = [1, 1, 1, 1, 1, 1, 1, 1, ] | dp = [1, 1, 1, 1, 1, 1, 1, 1, ] | algo = [0, 0, 0, 0, 0, 0, 0, 0, ] | rc = [208, 208, 208, 208, 208, 208, 208, 209] | gpus = [1, 1, 1, 1, 1, 1, 1, 1] | micro_bs = 1 | time = [49754, 49232, 49232, 49232, 49232, 49232, 49232, 54687] | memory = [2158, 1684, 1634, 1584, 1534, 1484, 1434, 2183]
fail case|39489.52|33020.16| op = [209, 208, 208, 208, 208, 208, 208, 210]| tp = [1, 1, 1, 1, 1, 1, 1, 1, ] | dp = [1, 1, 1, 1, 1, 1, 1, 1, ] | algo = [0, 0, 0, 0, 0, 0, 0, 0, ] | rc = [0, 0, 0, 0, 0, 0, 0, 0] | gpus = [1, 1, 1, 1, 1, 1, 1, 1] | micro_bs = 1 | time = [34602, 34079, 34079, 34079, 34079, 34079, 34079, 39489] | memory = [33020, 28657, 24719, 20780, 16842, 12903, 8965, 5828]
case 37|41149.40|3202.14| op = [209, 208, 208, 208, 208, 208, 208, 210]| tp = [1, 1, 1, 1, 1, 1, 1, 1, ] | dp = [1, 1, 1, 1, 1, 1, 1, 1, ] | algo = [0, 0, 0, 0, 0, 0, 0, 0, ] | rc = [208, 208, 208, 208, 208, 208, 208, 209] | gpus = [1, 1, 1, 1, 1, 1, 1, 1] | micro_bs = 2 | time = [36183, 35930, 35930, 35930, 35930, 35930, 35930, 41149] | memory = [3132, 2600, 2500, 2400, 2300, 2200, 2100, 3202]
fail case|30398.77|64856.06| op = [209, 208, 208, 208, 208, 208, 208, 210]| tp = [1, 1, 1, 1, 1, 1, 1, 1, ] | dp = [1, 1, 1, 1, 1, 1, 1, 1, ] | algo = [0, 0, 0, 0, 0, 0, 0, 0, ] | rc = [0, 0, 0, 0, 0, 0, 0, 0] | gpus = [1, 1, 1, 1, 1, 1, 1, 1] | micro_bs = 2 | time = [25462, 25210, 25210, 25210, 25210, 25210, 25210, 30398] | memory = [64856, 56546, 48669, 40792, 32915, 25038, 17161, 10493]
case 38|32776.66|5236.29| op = [209, 208, 208, 208, 208, 208, 208, 210]| tp = [1, 1, 1, 1, 1, 1, 1, 1, ] | dp = [1, 1, 1, 1, 1, 1, 1, 1, ] | algo = [0, 0, 0, 0, 0, 0, 0, 0, ] | rc = [208, 208, 208, 208, 208, 208, 208, 209] | gpus = [1, 1, 1, 1, 1, 1, 1, 1] | micro_bs = 4 | time = [27890, 27732, 27732, 27732, 27732, 27732, 27732, 32776] | memory = [5080, 4432, 4232, 4032, 3832, 3632, 3432, 5236]
fail case|24675.00|128528.12| op = [209, 208, 208, 208, 208, 208, 208, 210]| tp = [1, 1, 1, 1, 1, 1, 1, 1, ] | dp = [1, 1, 1, 1, 1, 1, 1, 1, ] | algo = [0, 0, 0, 0, 0, 0, 0, 0, ] | rc = [0, 0, 0, 0, 0, 0, 0, 0] | gpus = [1, 1, 1, 1, 1, 1, 1, 1] | micro_bs = 4 | time = [19804, 19646, 19646, 19646, 19646, 19646, 19646, 24675] | memory = [128528, 112325, 96571, 80817, 65063, 49309, 33555, 19818]
case 39|31551.06|9304.58| op = [209, 208, 208, 208, 208, 208, 208, 210]| tp = [1, 1, 1, 1, 1, 1, 1, 1, ] | dp = [1, 1, 1, 1, 1, 1, 1, 1, ] | algo = [0, 0, 0, 0, 0, 0, 0, 0, ] | rc = [208, 208, 208, 208, 208, 208, 208, 209] | gpus = [1, 1, 1, 1, 1, 1, 1, 1] | micro_bs = 8 | time = [26740, 26620, 26620, 26620, 26620, 26620, 26620, 31551] | memory = [8976, 8096, 7696, 7296, 6896, 6496, 6096, 9304]
fail case|23807.27|255872.50| op = [209, 208, 208, 208, 208, 208, 208, 210]| tp = [1, 1, 1, 1, 1, 1, 1, 1, ] | dp = [1, 1, 1, 1, 1, 1, 1, 1, ] | algo = [0, 0, 0, 0, 0, 0, 0, 0, ] | rc = [0, 0, 0, 0, 0, 0, 0, 0] | gpus = [1, 1, 1, 1, 1, 1, 1, 1] | micro_bs = 8 | time = [19008, 18888, 18888, 18888, 18888, 18888, 18888, 23807] | memory = [255872, 223884, 192376, 160868, 129360, 97852, 66344, 38468]


best_0|30088.40|6196.29| op = [417, 416, 416, 418]| tp = [1, 1, 1, 1, ] | dp = [2, 2, 2, 2, ] | algo = [0, 0, 0, 0, ] | rc = [416, 416, 416, 417] | gpus = [2, 2, 2, 2] | micro_bs = 8 | time = [27654, 27576, 27576, 30088] | memory = [5800, 4976, 4584, 6196]
config has been saved to /home/liminglong.lml/sxz/SuperScaler/logs-large/megatron/configs/scale-layer/128layers/scale-layer_128layers_128layers_megatron_est_30088.json
[TOTAL TIME] 0.8184447288513184 s.
