------------------------ arguments ------------------------
  adaptive_hyper_parameters ....................... 5
  add_action_finetune_algo ........................ False
  add_action_finetune_dim ......................... False
  add_action_tp_dp_exchange ....................... False
  add_action_tune_tp_dp ........................... False
  check_recompute_with_group ...................... False
  config_save_path ................................ /home/liminglong.lml/sxz/SuperScaler/logs-large/megatron/configs/scale-layer/32layers/
  config_suffix ................................... 2026-5-16-3-7-58
  consider_collective_memory ...................... False
  consider_reserved_space ......................... True
  consider_shared_space ........................... True
  continue_when_fail .............................. True
  decoder_seq_len ................................. 512
  end_num_stages .................................. 8
  finetune_after_trial ............................ 0
  finetune_tp_dp_after_trial ...................... False
  flex_recompute .................................. True
  forbid_turn_back ................................ False
  global_batch_size ............................... 1024
  high_memory_rate ................................ 0.9
  init_dim ........................................ tp
  initial_point ................................... balance
  log_path ........................................ /home/liminglong.lml/sxz/SuperScaler/logs-large/megatron/search/scale-layer/32layers/
  max_num_hops .................................... None
  max_num_trials .................................. 100
  max_op_move_steps ............................... 5
  max_tp .......................................... 8
  memory_limit .................................... 28000
  memory_main_params .............................. 2
  memory_optimizer ................................ 4
  memory_pred_type ................................ MAX
  micro_batch_size ................................ [1, 2, 4, 8]
  min_mbs ......................................... 1
  model_name ...................................... scale-layer
  model_size ...................................... 32layers
  multi_process ................................... True
  num_algos ....................................... 2
  num_gpus ........................................ 8
  num_gpus_per_node ............................... 8
  num_layers ...................................... 32
  num_nodes ....................................... 1
  num_of_saved_configs ............................ 1
  num_partners_in_op_mig .......................... 1
  only_top_1_target ............................... False
  op_group_size ................................... 1
  peak_mem_in_backward ............................ 0
  predict_delta_time .............................. False
  print_debug_info ................................ True
  print_gpu_mig_details ........................... False
  print_move_op_details ........................... False
  print_recomp_debug_info ......................... False
  print_recompute_ops ............................. False
  profiled_time_path .............................. /home/liminglong.lml/sxz/SuperScaler/profiler/profiled-time-eurosys/
  random_order_actions ............................ False
  resharding ...................................... True
  save_to_csv ..................................... None
  seq_len ......................................... 2048
  simple_prim_mbs ................................. False
  simple_prim_mig ................................. False
  sort_metric ..................................... max_stage_time
  start_num_stages ................................ 1
  support_comm_predict ............................ False
  time_budget_per_trial ........................... 10
  time_budget_total ............................... 10
-------------------- end of arguments ---------------------
working on num_stages[1], tp_size[1], dp_size[8], mbs[8], recomp[True] ...
working on num_stages[1], tp_size[1], dp_size[8], mbs[8], recomp[False] ...
working on num_stages[1], tp_size[2], dp_size[4], mbs[4], recomp[True] ...
working on num_stages[1], tp_size[2], dp_size[4], mbs[4], recomp[False] ...
working on num_stages[1], tp_size[2], dp_size[4], mbs[8], recomp[True] ...
working on num_stages[1], tp_size[2], dp_size[4], mbs[8], recomp[False] ...
working on num_stages[1], tp_size[4], dp_size[2], mbs[2], recomp[True] ...
working on num_stages[1], tp_size[4], dp_size[2], mbs[2], recomp[False] ...
working on num_stages[1], tp_size[4], dp_size[2], mbs[4], recomp[True] ...
working on num_stages[1], tp_size[4], dp_size[2], mbs[4], recomp[False] ...
working on num_stages[1], tp_size[4], dp_size[2], mbs[8], recomp[True] ...
working on num_stages[1], tp_size[4], dp_size[2], mbs[8], recomp[False] ...
working on num_stages[1], tp_size[8], dp_size[1], mbs[1], recomp[True] ...
working on num_stages[1], tp_size[8], dp_size[1], mbs[1], recomp[False] ...
working on num_stages[1], tp_size[8], dp_size[1], mbs[2], recomp[True] ...
working on num_stages[1], tp_size[8], dp_size[1], mbs[2], recomp[False] ...
working on num_stages[1], tp_size[8], dp_size[1], mbs[4], recomp[True] ...
working on num_stages[1], tp_size[8], dp_size[1], mbs[4], recomp[False] ...
working on num_stages[1], tp_size[8], dp_size[1], mbs[8], recomp[True] ...
working on num_stages[1], tp_size[8], dp_size[1], mbs[8], recomp[False] ...
working on num_stages[2], tp_size[1], dp_size[4], mbs[4], recomp[True] ...
working on num_stages[2], tp_size[1], dp_size[4], mbs[4], recomp[False] ...
working on num_stages[2], tp_size[1], dp_size[4], mbs[8], recomp[True] ...
working on num_stages[2], tp_size[1], dp_size[4], mbs[8], recomp[False] ...
working on num_stages[2], tp_size[2], dp_size[2], mbs[2], recomp[True] ...
working on num_stages[2], tp_size[2], dp_size[2], mbs[2], recomp[False] ...
working on num_stages[2], tp_size[2], dp_size[2], mbs[4], recomp[True] ...
working on num_stages[2], tp_size[2], dp_size[2], mbs[4], recomp[False] ...
working on num_stages[2], tp_size[2], dp_size[2], mbs[8], recomp[True] ...
working on num_stages[2], tp_size[2], dp_size[2], mbs[8], recomp[False] ...
working on num_stages[2], tp_size[4], dp_size[1], mbs[1], recomp[True] ...
working on num_stages[2], tp_size[4], dp_size[1], mbs[1], recomp[False] ...
working on num_stages[2], tp_size[4], dp_size[1], mbs[2], recomp[True] ...
working on num_stages[2], tp_size[4], dp_size[1], mbs[2], recomp[False] ...
working on num_stages[2], tp_size[4], dp_size[1], mbs[4], recomp[True] ...
working on num_stages[2], tp_size[4], dp_size[1], mbs[4], recomp[False] ...
working on num_stages[2], tp_size[4], dp_size[1], mbs[8], recomp[True] ...
working on num_stages[2], tp_size[4], dp_size[1], mbs[8], recomp[False] ...
working on num_stages[4], tp_size[1], dp_size[2], mbs[2], recomp[True] ...
working on num_stages[4], tp_size[1], dp_size[2], mbs[2], recomp[False] ...
working on num_stages[4], tp_size[1], dp_size[2], mbs[4], recomp[True] ...
working on num_stages[4], tp_size[1], dp_size[2], mbs[4], recomp[False] ...
working on num_stages[4], tp_size[1], dp_size[2], mbs[8], recomp[True] ...
working on num_stages[4], tp_size[1], dp_size[2], mbs[8], recomp[False] ...
working on num_stages[4], tp_size[2], dp_size[1], mbs[1], recomp[True] ...
working on num_stages[4], tp_size[2], dp_size[1], mbs[1], recomp[False] ...
working on num_stages[4], tp_size[2], dp_size[1], mbs[2], recomp[True] ...
working on num_stages[4], tp_size[2], dp_size[1], mbs[2], recomp[False] ...
working on num_stages[4], tp_size[2], dp_size[1], mbs[4], recomp[True] ...
working on num_stages[4], tp_size[2], dp_size[1], mbs[4], recomp[False] ...
working on num_stages[4], tp_size[2], dp_size[1], mbs[8], recomp[True] ...
working on num_stages[4], tp_size[2], dp_size[1], mbs[8], recomp[False] ...
working on num_stages[8], tp_size[1], dp_size[1], mbs[1], recomp[True] ...
working on num_stages[8], tp_size[1], dp_size[1], mbs[1], recomp[False] ...
working on num_stages[8], tp_size[1], dp_size[1], mbs[2], recomp[True] ...
working on num_stages[8], tp_size[1], dp_size[1], mbs[2], recomp[False] ...
working on num_stages[8], tp_size[1], dp_size[1], mbs[4], recomp[True] ...
working on num_stages[8], tp_size[1], dp_size[1], mbs[4], recomp[False] ...
working on num_stages[8], tp_size[1], dp_size[1], mbs[8], recomp[True] ...
working on num_stages[8], tp_size[1], dp_size[1], mbs[8], recomp[False] ...
case 0|12932.80|3416.08| op = [419]| tp = [1, ] | dp = [8, ] | algo = [0, ] | rc = [417] | gpus = [8] | micro_bs = 8 | time = [12932] | memory = [3416]
case 1|9164.78|10950.07| op = [419]| tp = [1, ] | dp = [8, ] | algo = [0, ] | rc = [0] | gpus = [8] | micro_bs = 8 | time = [9164] | memory = [10950]
case 2|41941.87|1772.10| op = [419]| tp = [2, ] | dp = [4, ] | algo = [0, ] | rc = [417] | gpus = [8] | micro_bs = 4 | time = [41941] | memory = [1772]
case 3|28704.02|5710.09| op = [419]| tp = [2, ] | dp = [4, ] | algo = [0, ] | rc = [0] | gpus = [8] | micro_bs = 4 | time = [28704] | memory = [5710]
case 4|30409.72|2364.20| op = [419]| tp = [2, ] | dp = [4, ] | algo = [0, ] | rc = [417] | gpus = [8] | micro_bs = 8 | time = [30409] | memory = [2364]
case 5|20929.08|10240.12| op = [419]| tp = [2, ] | dp = [4, ] | algo = [0, ] | rc = [0] | gpus = [8] | micro_bs = 8 | time = [20929] | memory = [10240]
case 6|103669.20|1014.10| op = [419]| tp = [4, ] | dp = [2, ] | algo = [0, ] | rc = [417] | gpus = [8] | micro_bs = 2 | time = [103669] | memory = [1014]
case 7|71272.69|3154.09| op = [419]| tp = [4, ] | dp = [2, ] | algo = [0, ] | rc = [0] | gpus = [8] | micro_bs = 2 | time = [71272] | memory = [3154]
case 8|64488.64|1304.19| op = [419]| tp = [4, ] | dp = [2, ] | algo = [0, ] | rc = [417] | gpus = [8] | micro_bs = 4 | time = [64488] | memory = [1304]
case 9|43924.14|5584.12| op = [419]| tp = [4, ] | dp = [2, ] | algo = [0, ] | rc = [0] | gpus = [8] | micro_bs = 4 | time = [43924] | memory = [5584]
case 10|51670.07|2008.39| op = [419]| tp = [4, ] | dp = [2, ] | algo = [0, ] | rc = [417] | gpus = [8] | micro_bs = 8 | time = [51670] | memory = [2008]
case 11|35302.25|10568.23| op = [419]| tp = [4, ] | dp = [2, ] | algo = [0, ] | rc = [0] | gpus = [8] | micro_bs = 8 | time = [35302] | memory = [10568]
case 12|217473.84|585.10| op = [419]| tp = [8, ] | dp = [1, ] | algo = [0, ] | rc = [417] | gpus = [8] | micro_bs = 1 | time = [217473] | memory = [585]
case 13|153748.05|1826.09| op = [419]| tp = [8, ] | dp = [1, ] | algo = [0, ] | rc = [0] | gpus = [8] | micro_bs = 1 | time = [153748] | memory = [1826]
case 14|146028.21|822.19| op = [419]| tp = [8, ] | dp = [1, ] | algo = [0, ] | rc = [417] | gpus = [8] | micro_bs = 2 | time = [146028] | memory = [822]
case 15|99087.84|3304.12| op = [419]| tp = [8, ] | dp = [1, ] | algo = [0, ] | rc = [0] | gpus = [8] | micro_bs = 2 | time = [99087] | memory = [3304]
case 16|106219.92|1240.39| op = [419]| tp = [8, ] | dp = [1, ] | algo = [0, ] | rc = [417] | gpus = [8] | micro_bs = 4 | time = [106219] | memory = [1240]
case 17|72061.12|6204.23| op = [419]| tp = [8, ] | dp = [1, ] | algo = [0, ] | rc = [0] | gpus = [8] | micro_bs = 4 | time = [72061] | memory = [6204]
case 18|95738.15|2172.78| op = [419]| tp = [8, ] | dp = [1, ] | algo = [0, ] | rc = [417] | gpus = [8] | micro_bs = 8 | time = [95738] | memory = [2172]
case 19|64837.93|12100.53| op = [419]| tp = [8, ] | dp = [1, ] | algo = [0, ] | rc = [0] | gpus = [8] | micro_bs = 8 | time = [64837] | memory = [12100]
case 20|13636.36|2183.07| op = [209, 210]| tp = [1, 1, ] | dp = [4, 4, ] | algo = [0, 0, ] | rc = [208, 209] | gpus = [4, 4] | micro_bs = 4 | time = [12406, 13636] | memory = [1852, 2183]
case 21|9847.98|9383.04| op = [209, 210]| tp = [1, 1, ] | dp = [4, 4, ] | algo = [0, 0, ] | rc = [0, 0] | gpus = [4, 4] | micro_bs = 4 | time = [8629, 9847] | memory = [9383, 5828]
case 22|10235.81|3202.14| op = [209, 210]| tp = [1, 1, ] | dp = [4, 4, ] | algo = [0, 0, ] | rc = [208, 209] | gpus = [4, 4] | micro_bs = 8 | time = [9001, 10235] | memory = [2520, 3202]
case 23|7563.65|17582.02| op = [209, 210]| tp = [1, 1, ] | dp = [4, 4, ] | algo = [0, 0, ] | rc = [0, 0] | gpus = [4, 4] | micro_bs = 8 | time = [6336, 7563] | memory = [17582, 10493]
case 24|42788.67|1123.07| op = [209, 210]| tp = [2, 2, ] | dp = [2, 2, ] | algo = [0, 0, ] | rc = [208, 209] | gpus = [4, 4] | micro_bs = 2 | time = [41411, 42788] | memory = [992, 1123]
case 25|29513.84|4927.08| op = [209, 210]| tp = [2, 2, ] | dp = [2, 2, ] | algo = [0, 0, ] | rc = [0, 0] | gpus = [4, 4] | micro_bs = 2 | time = [28159, 29513] | memory = [4927, 3028]
case 26|31232.16|1666.14| op = [209, 210]| tp = [2, 2, ] | dp = [2, 2, ] | algo = [0, 0, ] | rc = [208, 209] | gpus = [4, 4] | micro_bs = 4 | time = [29926, 31232] | memory = [1384, 1666]
case 27|21707.13|9254.09| op = [209, 210]| tp = [2, 2, ] | dp = [2, 2, ] | algo = [0, 0, ] | rc = [0, 0] | gpus = [4, 4] | micro_bs = 4 | time = [20416, 21707] | memory = [9254, 5477]
case 28|25864.98|2748.29| op = [209, 210]| tp = [2, 2, ] | dp = [2, 2, ] | algo = [0, 0, ] | rc = [208, 209] | gpus = [4, 4] | micro_bs = 8 | time = [24627, 25864] | memory = [2168, 2748]
case 29|18034.83|17908.17| op = [209, 210]| tp = [2, 2, ] | dp = [2, 2, ] | algo = [0, 0, ] | rc = [0, 0] | gpus = [4, 4] | micro_bs = 8 | time = [16804, 18034] | memory = [17908, 10370]
case 30|104815.06|657.07| op = [209, 210]| tp = [4, 4, ] | dp = [1, 1, ] | algo = [0, 0, ] | rc = [208, 209] | gpus = [4, 4] | micro_bs = 1 | time = [103031, 104815] | memory = [626, 657]
case 31|72364.37|2763.08| op = [209, 210]| tp = [4, 4, ] | dp = [1, 1, ] | algo = [0, 0, ] | rc = [0, 0] | gpus = [4, 4] | micro_bs = 1 | time = [70625, 72364] | memory = [2763, 1692]
case 32|65473.69|898.14| op = [209, 210]| tp = [4, 4, ] | dp = [1, 1, ] | algo = [0, 0, ] | rc = [208, 209] | gpus = [4, 4] | micro_bs = 2 | time = [63958, 65473] | memory = [816, 898]
case 33|44853.97|5090.09| op = [209, 210]| tp = [4, 4, ] | dp = [1, 1, ] | algo = [0, 0, ] | rc = [0, 0] | gpus = [4, 4] | micro_bs = 2 | time = [43369, 44853] | memory = [5090, 2969]
case 34|52579.56|1504.29| op = [209, 210]| tp = [4, 4, ] | dp = [1, 1, ] | algo = [0, 0, ] | rc = [208, 209] | gpus = [4, 4] | micro_bs = 4 | time = [51264, 52579] | memory = [1324, 1504]
case 35|36140.22|9872.17| op = [209, 210]| tp = [4, 4, ] | dp = [1, 1, ] | algo = [0, 0, ] | rc = [0, 0] | gpus = [4, 4] | micro_bs = 4 | time = [34840, 36140] | memory = [9872, 5646]
case 36|48433.36|2716.58| op = [209, 210]| tp = [4, 4, ] | dp = [1, 1, ] | algo = [0, 0, ] | rc = [208, 209] | gpus = [4, 4] | micro_bs = 8 | time = [47198, 48433] | memory = [2340, 2716]
case 37|33318.19|19436.41| op = [209, 210]| tp = [4, 4, ] | dp = [1, 1, ] | algo = [0, 0, ] | rc = [0, 0] | gpus = [4, 4] | micro_bs = 8 | time = [32095, 33318] | memory = [19436, 11000]
case 38|15102.07|1775.07| op = [105, 104, 104, 106]| tp = [1, 1, 1, 1, ] | dp = [2, 2, 2, 2, ] | algo = [0, 0, 0, 0, ] | rc = [104, 104, 104, 105] | gpus = [2, 2, 2, 2] | micro_bs = 2 | time = [12638, 12377, 12377, 15102] | memory = [1474, 1028, 1002, 1775]
case 39|11295.01|9005.06| op = [105, 104, 104, 106]| tp = [1, 1, 1, 1, ] | dp = [2, 2, 2, 2, ] | algo = [0, 0, 0, 0, ] | rc = [0, 0, 0, 0] | gpus = [2, 2, 2, 2] | micro_bs = 2 | time = [8853, 8592, 8592, 11295] | memory = [9005, 6614, 4644, 3476]
case 40|11628.91|2770.14| op = [105, 104, 104, 106]| tp = [1, 1, 1, 1, ] | dp = [2, 2, 2, 2, ] | algo = [0, 0, 0, 0, ] | rc = [104, 104, 104, 105] | gpus = [2, 2, 2, 2] | micro_bs = 4 | time = [9150, 9024, 9024, 11628] | memory = [2148, 1672, 1620, 2770]
case 41|8938.89|17210.05| op = [105, 104, 104, 106]| tp = [1, 1, 1, 1, ] | dp = [2, 2, 2, 2, ] | algo = [0, 0, 0, 0, ] | rc = [0, 0, 0, 0] | gpus = [2, 2, 2, 2] | micro_bs = 4 | time = [6475, 6349, 6349, 8938] | memory = [17210, 12845, 8904, 6172]
case 42|9459.73|4756.29| op = [105, 104, 104, 106]| tp = [1, 1, 1, 1, ] | dp = [2, 2, 2, 2, ] | algo = [0, 0, 0, 0, ] | rc = [104, 104, 104, 105] | gpus = [2, 2, 2, 2] | micro_bs = 8 | time = [7026, 6947, 6947, 9459] | memory = [3496, 2960, 2856, 4756]
fail case|7438.23|33620.09| op = [105, 104, 104, 106]| tp = [1, 1, 1, 1, ] | dp = [2, 2, 2, 2, ] | algo = [0, 0, 0, 0, ] | rc = [0, 0, 0, 0] | gpus = [2, 2, 2, 2] | micro_bs = 8 | time = [5012, 4933, 4933, 7438] | memory = [33620, 25306, 17425, 11561]
case 43|44716.22|907.07| op = [105, 104, 104, 106]| tp = [2, 2, 2, 2, ] | dp = [1, 1, 1, 1, ] | algo = [0, 0, 0, 0, ] | rc = [104, 104, 104, 105] | gpus = [2, 2, 2, 2] | micro_bs = 1 | time = [41959, 41250, 41250, 44716] | memory = [806, 560, 534, 907]
case 44|31406.20|4741.13| op = [105, 104, 104, 106]| tp = [2, 2, 2, 2, ] | dp = [1, 1, 1, 1, ] | algo = [0, 0, 0, 0, ] | rc = [0, 0, 0, 0] | gpus = [2, 2, 2, 2] | micro_bs = 1 | time = [28694, 27985, 27985, 31406] | memory = [4741, 3478, 2436, 1796]
case 45|32968.73|1426.14| op = [105, 104, 104, 106]| tp = [2, 2, 2, 2, ] | dp = [1, 1, 1, 1, ] | algo = [0, 0, 0, 0, ] | rc = [104, 104, 104, 105] | gpus = [2, 2, 2, 2] | micro_bs = 2 | time = [30352, 29821, 29821, 32968] | memory = [1204, 928, 876, 1426]
case 46|23410.43|9074.19| op = [105, 104, 104, 106]| tp = [2, 2, 2, 2, ] | dp = [1, 1, 1, 1, ] | algo = [0, 0, 0, 0, ] | rc = [0, 0, 0, 0] | gpus = [2, 2, 2, 2] | micro_bs = 2 | time = [20823, 20292, 20292, 23410] | memory = [9074, 6765, 4680, 3204]
case 47|27485.81|2460.29| op = [105, 104, 104, 106]| tp = [2, 2, 2, 2, ] | dp = [1, 1, 1, 1, ] | algo = [0, 0, 0, 0, ] | rc = [104, 104, 104, 105] | gpus = [2, 2, 2, 2] | micro_bs = 4 | time = [25000, 24545, 24545, 27485] | memory = [2000, 1664, 1560, 2460]
case 48|19617.86|17740.37| op = [105, 104, 104, 106]| tp = [2, 2, 2, 2, ] | dp = [1, 1, 1, 1, ] | algo = [0, 0, 0, 0, ] | rc = [0, 0, 0, 0] | gpus = [2, 2, 2, 2] | micro_bs = 4 | time = [17147, 16692, 16692, 19617] | memory = [17740, 13338, 9169, 6017]
case 49|25067.83|4528.58| op = [105, 104, 104, 106]| tp = [2, 2, 2, 2, ] | dp = [1, 1, 1, 1, ] | algo = [0, 0, 0, 0, ] | rc = [104, 104, 104, 105] | gpus = [2, 2, 2, 2] | micro_bs = 8 | time = [22642, 22226, 22226, 25067] | memory = [3593, 3136, 2928, 4528]
fail case|17971.53|35072.81| op = [105, 104, 104, 106]| tp = [2, 2, 2, 2, ] | dp = [1, 1, 1, 1, ] | algo = [0, 0, 0, 0, ] | rc = [0, 0, 0, 0] | gpus = [2, 2, 2, 2] | micro_bs = 8 | time = [15557, 15141, 15141, 17971] | memory = [35072, 26486, 18148, 11642]
case 50|17997.90|1571.07| op = [53, 52, 52, 52, 52, 52, 52, 54]| tp = [1, 1, 1, 1, 1, 1, 1, 1, ] | dp = [1, 1, 1, 1, 1, 1, 1, 1, ] | algo = [0, 0, 0, 0, 0, 0, 0, 0, ] | rc = [52, 52, 52, 52, 52, 52, 52, 53] | gpus = [1, 1, 1, 1, 1, 1, 1, 1] | micro_bs = 1 | time = [13065, 12542, 12542, 12542, 12542, 12542, 12542, 17997] | memory = [1294, 856, 842, 828, 814, 800, 786, 1571]
case 51|14164.51|8825.09| op = [53, 52, 52, 52, 52, 52, 52, 54]| tp = [1, 1, 1, 1, 1, 1, 1, 1, ] | dp = [1, 1, 1, 1, 1, 1, 1, 1, ] | algo = [0, 0, 0, 0, 0, 0, 0, 0, ] | rc = [0, 0, 0, 0, 0, 0, 0, 0] | gpus = [1, 1, 1, 1, 1, 1, 1, 1] | micro_bs = 1 | time = [9277, 8754, 8754, 8754, 8754, 8754, 8754, 14164] | memory = [8825, 7414, 6428, 5442, 4456, 3470, 2484, 2300]
case 52|14363.49|2554.14| op = [53, 52, 52, 52, 52, 52, 52, 54]| tp = [1, 1, 1, 1, 1, 1, 1, 1, ] | dp = [1, 1, 1, 1, 1, 1, 1, 1, ] | algo = [0, 0, 0, 0, 0, 0, 0, 0, ] | rc = [52, 52, 52, 52, 52, 52, 52, 53] | gpus = [1, 1, 1, 1, 1, 1, 1, 1] | micro_bs = 2 | time = [9397, 9144, 9144, 9144, 9144, 9144, 9144, 14363] | memory = [1980, 1520, 1492, 1464, 1436, 1408, 1380, 2554]
case 53|11653.25|17042.11| op = [53, 52, 52, 52, 52, 52, 52, 54]| tp = [1, 1, 1, 1, 1, 1, 1, 1, ] | dp = [1, 1, 1, 1, 1, 1, 1, 1, ] | algo = [0, 0, 0, 0, 0, 0, 0, 0, ] | rc = [0, 0, 0, 0, 0, 0, 0, 0] | gpus = [1, 1, 1, 1, 1, 1, 1, 1] | micro_bs = 2 | time = [6717, 6464, 6464, 6464, 6464, 6464, 6464, 11653] | memory = [17042, 14637, 12665, 10693, 8720, 6748, 4776, 4012]
case 54|12069.25|4516.29| op = [53, 52, 52, 52, 52, 52, 52, 54]| tp = [1, 1, 1, 1, 1, 1, 1, 1, ] | dp = [1, 1, 1, 1, 1, 1, 1, 1, ] | algo = [0, 0, 0, 0, 0, 0, 0, 0, ] | rc = [52, 52, 52, 52, 52, 52, 52, 53] | gpus = [1, 1, 1, 1, 1, 1, 1, 1] | micro_bs = 4 | time = [7183, 7025, 7025, 7025, 7025, 7025, 7025, 12069] | memory = [3352, 2848, 2792, 2736, 2680, 2624, 2568, 4516]
fail case|10032.51|33476.22| op = [53, 52, 52, 52, 52, 52, 52, 54]| tp = [1, 1, 1, 1, 1, 1, 1, 1, ] | dp = [1, 1, 1, 1, 1, 1, 1, 1, ] | algo = [0, 0, 0, 0, 0, 0, 0, 0, ] | rc = [0, 0, 0, 0, 0, 0, 0, 0] | gpus = [1, 1, 1, 1, 1, 1, 1, 1] | micro_bs = 4 | time = [5161, 5003, 5003, 5003, 5003, 5003, 5003, 10032] | memory = [33476, 29083, 25138, 21194, 17249, 13305, 9360, 7432]
case 55|11659.92|8440.58| op = [53, 52, 52, 52, 52, 52, 52, 54]| tp = [1, 1, 1, 1, 1, 1, 1, 1, ] | dp = [1, 1, 1, 1, 1, 1, 1, 1, ] | algo = [0, 0, 0, 0, 0, 0, 0, 0, ] | rc = [52, 52, 52, 52, 52, 52, 52, 53] | gpus = [1, 1, 1, 1, 1, 1, 1, 1] | micro_bs = 8 | time = [6849, 6729, 6729, 6729, 6729, 6729, 6729, 11659] | memory = [6096, 5504, 5392, 5280, 5168, 5056, 4944, 8440]
fail case|9715.08|66344.50| op = [53, 52, 52, 52, 52, 52, 52, 54]| tp = [1, 1, 1, 1, 1, 1, 1, 1, ] | dp = [1, 1, 1, 1, 1, 1, 1, 1, ] | algo = [0, 0, 0, 0, 0, 0, 0, 0, ] | rc = [0, 0, 0, 0, 0, 0, 0, 0] | gpus = [1, 1, 1, 1, 1, 1, 1, 1] | micro_bs = 8 | time = [4916, 4796, 4796, 4796, 4796, 4796, 4796, 9715] | memory = [66344, 57975, 50086, 42197, 34308, 26419, 18530, 14273]


best_0|7563.65|17582.02| op = [209, 210]| tp = [1, 1, ] | dp = [4, 4, ] | algo = [0, 0, ] | rc = [0, 0] | gpus = [4, 4] | micro_bs = 8 | time = [6336, 7563] | memory = [17582, 10493]
config has been saved to /home/liminglong.lml/sxz/SuperScaler/logs-large/megatron/configs/scale-layer/32layers/scale-layer_32layers_32layers_megatron_est_7563.json
[TOTAL TIME] 0.20625901222229004 s.
