------------------------ arguments ------------------------
  adaptive_hyper_parameters ....................... 5
  add_action_finetune_algo ........................ False
  add_action_finetune_dim ......................... False
  add_action_tp_dp_exchange ....................... False
  add_action_tune_tp_dp ........................... False
  check_recompute_with_group ...................... False
  config_save_path ................................ /home/liminglong.lml/sxz/SuperScaler/logs-large/megatron/configs/scale-layer/64layers/
  config_suffix ................................... 2026-5-16-3-7-58
  consider_collective_memory ...................... False
  consider_reserved_space ......................... True
  consider_shared_space ........................... True
  continue_when_fail .............................. True
  decoder_seq_len ................................. 512
  end_num_stages .................................. 8
  finetune_after_trial ............................ 0
  finetune_tp_dp_after_trial ...................... False
  flex_recompute .................................. True
  forbid_turn_back ................................ False
  global_batch_size ............................... 1024
  high_memory_rate ................................ 0.9
  init_dim ........................................ tp
  initial_point ................................... balance
  log_path ........................................ /home/liminglong.lml/sxz/SuperScaler/logs-large/megatron/search/scale-layer/64layers/
  max_num_hops .................................... None
  max_num_trials .................................. 100
  max_op_move_steps ............................... 5
  max_tp .......................................... 8
  memory_limit .................................... 28000
  memory_main_params .............................. 2
  memory_optimizer ................................ 4
  memory_pred_type ................................ MAX
  micro_batch_size ................................ [1, 2, 4, 8]
  min_mbs ......................................... 1
  model_name ...................................... scale-layer
  model_size ...................................... 64layers
  multi_process ................................... True
  num_algos ....................................... 2
  num_gpus ........................................ 8
  num_gpus_per_node ............................... 8
  num_layers ...................................... 64
  num_nodes ....................................... 1
  num_of_saved_configs ............................ 1
  num_partners_in_op_mig .......................... 1
  only_top_1_target ............................... False
  op_group_size ................................... 1
  peak_mem_in_backward ............................ 0
  predict_delta_time .............................. False
  print_debug_info ................................ True
  print_gpu_mig_details ........................... False
  print_move_op_details ........................... False
  print_recomp_debug_info ......................... False
  print_recompute_ops ............................. False
  profiled_time_path .............................. /home/liminglong.lml/sxz/SuperScaler/profiler/profiled-time-eurosys/
  random_order_actions ............................ False
  resharding ...................................... True
  save_to_csv ..................................... None
  seq_len ......................................... 2048
  simple_prim_mbs ................................. False
  simple_prim_mig ................................. False
  sort_metric ..................................... max_stage_time
  start_num_stages ................................ 1
  support_comm_predict ............................ False
  time_budget_per_trial ........................... 10
  time_budget_total ............................... 10
-------------------- end of arguments ---------------------
working on num_stages[1], tp_size[1], dp_size[8], mbs[8], recomp[True] ...
working on num_stages[1], tp_size[1], dp_size[8], mbs[8], recomp[False] ...
working on num_stages[1], tp_size[2], dp_size[4], mbs[4], recomp[True] ...
working on num_stages[1], tp_size[2], dp_size[4], mbs[4], recomp[False] ...
working on num_stages[1], tp_size[2], dp_size[4], mbs[8], recomp[True] ...
working on num_stages[1], tp_size[2], dp_size[4], mbs[8], recomp[False] ...
working on num_stages[1], tp_size[4], dp_size[2], mbs[2], recomp[True] ...
working on num_stages[1], tp_size[4], dp_size[2], mbs[2], recomp[False] ...
working on num_stages[1], tp_size[4], dp_size[2], mbs[4], recomp[True] ...
working on num_stages[1], tp_size[4], dp_size[2], mbs[4], recomp[False] ...
working on num_stages[1], tp_size[4], dp_size[2], mbs[8], recomp[True] ...
working on num_stages[1], tp_size[4], dp_size[2], mbs[8], recomp[False] ...
working on num_stages[1], tp_size[8], dp_size[1], mbs[1], recomp[True] ...
working on num_stages[1], tp_size[8], dp_size[1], mbs[1], recomp[False] ...
working on num_stages[1], tp_size[8], dp_size[1], mbs[2], recomp[True] ...
working on num_stages[1], tp_size[8], dp_size[1], mbs[2], recomp[False] ...
working on num_stages[1], tp_size[8], dp_size[1], mbs[4], recomp[True] ...
working on num_stages[1], tp_size[8], dp_size[1], mbs[4], recomp[False] ...
working on num_stages[1], tp_size[8], dp_size[1], mbs[8], recomp[True] ...
working on num_stages[1], tp_size[8], dp_size[1], mbs[8], recomp[False] ...
working on num_stages[2], tp_size[1], dp_size[4], mbs[4], recomp[True] ...
working on num_stages[2], tp_size[1], dp_size[4], mbs[4], recomp[False] ...
working on num_stages[2], tp_size[1], dp_size[4], mbs[8], recomp[True] ...
working on num_stages[2], tp_size[1], dp_size[4], mbs[8], recomp[False] ...
working on num_stages[2], tp_size[2], dp_size[2], mbs[2], recomp[True] ...
working on num_stages[2], tp_size[2], dp_size[2], mbs[2], recomp[False] ...
working on num_stages[2], tp_size[2], dp_size[2], mbs[4], recomp[True] ...
working on num_stages[2], tp_size[2], dp_size[2], mbs[4], recomp[False] ...
working on num_stages[2], tp_size[2], dp_size[2], mbs[8], recomp[True] ...
working on num_stages[2], tp_size[2], dp_size[2], mbs[8], recomp[False] ...
working on num_stages[2], tp_size[4], dp_size[1], mbs[1], recomp[True] ...
working on num_stages[2], tp_size[4], dp_size[1], mbs[1], recomp[False] ...
working on num_stages[2], tp_size[4], dp_size[1], mbs[2], recomp[True] ...
working on num_stages[2], tp_size[4], dp_size[1], mbs[2], recomp[False] ...
working on num_stages[2], tp_size[4], dp_size[1], mbs[4], recomp[True] ...
working on num_stages[2], tp_size[4], dp_size[1], mbs[4], recomp[False] ...
working on num_stages[2], tp_size[4], dp_size[1], mbs[8], recomp[True] ...
working on num_stages[2], tp_size[4], dp_size[1], mbs[8], recomp[False] ...
working on num_stages[4], tp_size[1], dp_size[2], mbs[2], recomp[True] ...
working on num_stages[4], tp_size[1], dp_size[2], mbs[2], recomp[False] ...
working on num_stages[4], tp_size[1], dp_size[2], mbs[4], recomp[True] ...
working on num_stages[4], tp_size[1], dp_size[2], mbs[4], recomp[False] ...
working on num_stages[4], tp_size[1], dp_size[2], mbs[8], recomp[True] ...
working on num_stages[4], tp_size[1], dp_size[2], mbs[8], recomp[False] ...
working on num_stages[4], tp_size[2], dp_size[1], mbs[1], recomp[True] ...
working on num_stages[4], tp_size[2], dp_size[1], mbs[1], recomp[False] ...
working on num_stages[4], tp_size[2], dp_size[1], mbs[2], recomp[True] ...
working on num_stages[4], tp_size[2], dp_size[1], mbs[2], recomp[False] ...
working on num_stages[4], tp_size[2], dp_size[1], mbs[4], recomp[True] ...
working on num_stages[4], tp_size[2], dp_size[1], mbs[4], recomp[False] ...
working on num_stages[4], tp_size[2], dp_size[1], mbs[8], recomp[True] ...
working on num_stages[4], tp_size[2], dp_size[1], mbs[8], recomp[False] ...
working on num_stages[8], tp_size[1], dp_size[1], mbs[1], recomp[True] ...
working on num_stages[8], tp_size[1], dp_size[1], mbs[1], recomp[False] ...
working on num_stages[8], tp_size[1], dp_size[1], mbs[2], recomp[True] ...
working on num_stages[8], tp_size[1], dp_size[1], mbs[2], recomp[False] ...
working on num_stages[8], tp_size[1], dp_size[1], mbs[4], recomp[True] ...
working on num_stages[8], tp_size[1], dp_size[1], mbs[4], recomp[False] ...
working on num_stages[8], tp_size[1], dp_size[1], mbs[8], recomp[True] ...
working on num_stages[8], tp_size[1], dp_size[1], mbs[8], recomp[False] ...
case 0|25079.52|5214.08| op = [835]| tp = [1, ] | dp = [8, ] | algo = [0, ] | rc = [833] | gpus = [8] | micro_bs = 8 | time = [25079] | memory = [5214]
case 1|17549.14|20525.10| op = [835]| tp = [1, ] | dp = [8, ] | algo = [0, ] | rc = [0] | gpus = [8] | micro_bs = 8 | time = [17549] | memory = [20525]
case 2|82762.73|2720.10| op = [835]| tp = [2, ] | dp = [4, ] | algo = [0, ] | rc = [833] | gpus = [8] | micro_bs = 4 | time = [82762] | memory = [2720]
case 3|56298.17|10723.11| op = [835]| tp = [2, ] | dp = [4, ] | algo = [0, ] | rc = [0] | gpus = [8] | micro_bs = 4 | time = [56298] | memory = [10723]
case 4|59847.18|3324.19| op = [835]| tp = [2, ] | dp = [4, ] | algo = [0, ] | rc = [833] | gpus = [8] | micro_bs = 8 | time = [59847] | memory = [3324]
case 5|40893.28|19330.10| op = [835]| tp = [2, ] | dp = [4, ] | algo = [0, ] | rc = [0] | gpus = [8] | micro_bs = 8 | time = [40893] | memory = [19330]
case 6|205568.60|1494.10| op = [835]| tp = [4, ] | dp = [2, ] | algo = [0, ] | rc = [833] | gpus = [8] | micro_bs = 2 | time = [205568] | memory = [1494]
case 7|140798.16|5843.11| op = [835]| tp = [4, ] | dp = [2, ] | algo = [0, ] | rc = [0] | gpus = [8] | micro_bs = 2 | time = [140798] | memory = [5843]
case 8|127534.13|1880.20| op = [835]| tp = [4, ] | dp = [2, ] | algo = [0, ] | rc = [833] | gpus = [8] | micro_bs = 4 | time = [127534] | memory = [1880]
case 9|86420.19|10578.10| op = [835]| tp = [4, ] | dp = [2, ] | algo = [0, ] | rc = [0] | gpus = [8] | micro_bs = 4 | time = [86420] | memory = [10578]
case 10|102111.04|2776.39| op = [835]| tp = [4, ] | dp = [2, ] | algo = [0, ] | rc = [833] | gpus = [8] | micro_bs = 8 | time = [102111] | memory = [2776]
case 11|69383.01|20172.20| op = [835]| tp = [4, ] | dp = [2, ] | algo = [0, ] | rc = [0] | gpus = [8] | micro_bs = 8 | time = [69383] | memory = [20172]
case 12|431788.59|873.10| op = [835]| tp = [8, ] | dp = [1, ] | algo = [0, ] | rc = [833] | gpus = [8] | micro_bs = 1 | time = [431788] | memory = [873]
case 13|304380.94|3395.12| op = [835]| tp = [8, ] | dp = [1, ] | algo = [0, ] | rc = [0] | gpus = [8] | micro_bs = 1 | time = [304380] | memory = [3395]
case 14|289746.18|1206.19| op = [835]| tp = [8, ] | dp = [1, ] | algo = [0, ] | rc = [833] | gpus = [8] | micro_bs = 2 | time = [289746] | memory = [1206]
case 15|195895.17|6250.10| op = [835]| tp = [8, ] | dp = [1, ] | algo = [0, ] | rc = [0] | gpus = [8] | micro_bs = 2 | time = [195895] | memory = [6250]
case 16|210538.12|1816.39| op = [835]| tp = [8, ] | dp = [1, ] | algo = [0, ] | rc = [833] | gpus = [8] | micro_bs = 4 | time = [210538] | memory = [1816]
case 17|142235.24|11904.20| op = [835]| tp = [8, ] | dp = [1, ] | algo = [0, ] | rc = [0] | gpus = [8] | micro_bs = 4 | time = [142235] | memory = [11904]
case 18|189755.38|3132.78| op = [835]| tp = [8, ] | dp = [1, ] | algo = [0, ] | rc = [833] | gpus = [8] | micro_bs = 8 | time = [189755] | memory = [3132]
case 19|127966.86|23308.53| op = [835]| tp = [8, ] | dp = [1, ] | algo = [0, ] | rc = [0] | gpus = [8] | micro_bs = 8 | time = [127966] | memory = [23308]
case 20|25830.52|2999.07| op = [417, 418]| tp = [1, 1, ] | dp = [4, 4, ] | algo = [0, 0, ] | rc = [416, 417] | gpus = [4, 4] | micro_bs = 4 | time = [24601, 25830] | memory = [2716, 2999]
case 21|18265.08|18024.06| op = [417, 418]| tp = [1, 1, ] | dp = [4, 4, ] | algo = [0, 0, ] | rc = [0, 0] | gpus = [4, 4] | micro_bs = 4 | time = [17046, 18265] | memory = [18024, 10533]
case 22|19112.84|4066.14| op = [417, 418]| tp = [1, 1, ] | dp = [4, 4, ] | algo = [0, 0, ] | rc = [416, 417] | gpus = [4, 4] | micro_bs = 8 | time = [17878, 19112] | memory = [3480, 4066]
fail case|13776.04|34096.00| op = [417, 418]| tp = [1, 1, ] | dp = [4, 4, ] | algo = [0, 0, ] | rc = [0, 0] | gpus = [4, 4] | micro_bs = 8 | time = [12549, 13776] | memory = [34096, 19134]
case 23|83689.25|1555.07| op = [417, 418]| tp = [2, 2, ] | dp = [2, 2, ] | algo = [0, 0, ] | rc = [416, 417] | gpus = [4, 4] | micro_bs = 2 | time = [82312, 83689] | memory = [1472, 1555]
case 24|57161.88|9472.10| op = [417, 418]| tp = [2, 2, ] | dp = [2, 2, ] | algo = [0, 0, ] | rc = [0, 0] | gpus = [4, 4] | micro_bs = 2 | time = [55807, 57161] | memory = [9472, 5493]
case 25|60784.61|2146.14| op = [417, 418]| tp = [2, 2, ] | dp = [2, 2, ] | algo = [0, 0, ] | rc = [416, 417] | gpus = [4, 4] | micro_bs = 4 | time = [59479, 60784] | memory = [1960, 2146]
case 26|41749.32|17960.07| op = [417, 418]| tp = [2, 2, ] | dp = [2, 2, ] | algo = [0, 0, ] | rc = [0, 0] | gpus = [4, 4] | micro_bs = 4 | time = [40458, 41749] | memory = [17960, 10022]
case 27|50202.05|3324.29| op = [417, 418]| tp = [2, 2, ] | dp = [2, 2, ] | algo = [0, 0, ] | rc = [416, 417] | gpus = [4, 4] | micro_bs = 8 | time = [48964, 50202] | memory = [2936, 3324]
fail case|34549.25|34936.14| op = [417, 418]| tp = [2, 2, ] | dp = [2, 2, ] | algo = [0, 0, ] | rc = [0, 0] | gpus = [4, 4] | micro_bs = 8 | time = [33318, 34549] | memory = [34936, 19076]
case 28|206813.97|914.08| op = [417, 418]| tp = [4, 4, ] | dp = [1, 1, ] | algo = [0, 0, ] | rc = [416, 417] | gpus = [4, 4] | micro_bs = 1 | time = [205030, 206813] | memory = [914, 897]
case 29|141957.74|5260.10| op = [417, 418]| tp = [4, 4, ] | dp = [1, 1, ] | algo = [0, 0, ] | rc = [0, 0] | gpus = [4, 4] | micro_bs = 1 | time = [140219, 141957] | memory = [5260, 3037]
case 30|128642.31|1200.16| op = [417, 418]| tp = [4, 4, ] | dp = [1, 1, ] | algo = [0, 0, ] | rc = [416, 417] | gpus = [4, 4] | micro_bs = 2 | time = [127127, 128642] | memory = [1200, 1186]
case 31|87433.03|9892.07| op = [417, 418]| tp = [4, 4, ] | dp = [1, 1, ] | algo = [0, 0, ] | rc = [0, 0] | gpus = [4, 4] | micro_bs = 2 | time = [85948, 87433] | memory = [9892, 5466]
case 32|103217.56|1900.33| op = [417, 418]| tp = [4, 4, ] | dp = [1, 1, ] | algo = [0, 0, ] | rc = [416, 417] | gpus = [4, 4] | micro_bs = 4 | time = [101902, 103217] | memory = [1900, 1888]
case 33|70354.11|19284.14| op = [417, 418]| tp = [4, 4, ] | dp = [1, 1, ] | algo = [0, 0, ] | rc = [0, 0] | gpus = [4, 4] | micro_bs = 4 | time = [69054, 70354] | memory = [19284, 10448]
case 34|95075.99|3300.66| op = [417, 418]| tp = [4, 4, ] | dp = [1, 1, ] | algo = [0, 0, ] | rc = [416, 417] | gpus = [4, 4] | micro_bs = 8 | time = [93841, 95075] | memory = [3300, 3292]
fail case|64857.51|38068.41| op = [417, 418]| tp = [4, 4, ] | dp = [1, 1, ] | algo = [0, 0, ] | rc = [0, 0] | gpus = [4, 4] | micro_bs = 8 | time = [63634, 64857] | memory = [38068, 20412]
case 35|27319.95|2183.07| op = [209, 208, 208, 210]| tp = [1, 1, 1, 1, ] | dp = [2, 2, 2, 2, ] | algo = [0, 0, 0, 0, ] | rc = [208, 208, 208, 209] | gpus = [2, 2, 2, 2] | micro_bs = 2 | time = [24856, 24595, 24595, 27319] | memory = [1954, 1484, 1434, 2183]
case 36|19728.49|17262.08| op = [209, 208, 208, 210]| tp = [1, 1, 1, 1, ] | dp = [2, 2, 2, 2, ] | algo = [0, 0, 0, 0, ] | rc = [0, 0, 0, 0] | gpus = [2, 2, 2, 2] | micro_bs = 2 | time = [17287, 17026, 17026, 19728] | memory = [17262, 12903, 8965, 5828]
case 37|20540.34|3202.14| op = [209, 208, 208, 210]| tp = [1, 1, 1, 1, ] | dp = [2, 2, 2, 2, ] | algo = [0, 0, 0, 0, ] | rc = [208, 208, 208, 209] | gpus = [2, 2, 2, 2] | micro_bs = 4 | time = [18062, 17936, 17936, 20540] | memory = [2724, 2200, 2100, 3202]
fail case|15175.36|33340.03| op = [209, 208, 208, 210]| tp = [1, 1, 1, 1, ] | dp = [2, 2, 2, 2, ] | algo = [0, 0, 0, 0, ] | rc = [0, 0, 0, 0] | gpus = [2, 2, 2, 2] | micro_bs = 4 | time = [12712, 12586, 12586, 15175] | memory = [33340, 25038, 17161, 10493]
case 38|16335.95|5236.29| op = [209, 208, 208, 210]| tp = [1, 1, 1, 1, ] | dp = [2, 2, 2, 2, ] | algo = [0, 0, 0, 0, ] | rc = [208, 208, 208, 209] | gpus = [2, 2, 2, 2] | micro_bs = 8 | time = [13902, 13823, 13823, 16335] | memory = [4264, 3632, 3432, 5236]
fail case|12300.50|65496.06| op = [209, 208, 208, 210]| tp = [1, 1, 1, 1, ] | dp = [2, 2, 2, 2, ] | algo = [0, 0, 0, 0, ] | rc = [0, 0, 0, 0] | gpus = [2, 2, 2, 2] | micro_bs = 8 | time = [9874, 9795, 9795, 12300] | memory = [65496, 49309, 33555, 19818]
case 39|85656.67|1123.07| op = [209, 208, 208, 210]| tp = [2, 2, 2, 2, ] | dp = [1, 1, 1, 1, ] | algo = [0, 0, 0, 0, ] | rc = [208, 208, 208, 209] | gpus = [2, 2, 2, 2] | micro_bs = 1 | time = [82900, 82191, 82191, 85656] | memory = [1094, 824, 774, 1123]
case 40|59081.19|9094.15| op = [209, 208, 208, 210]| tp = [2, 2, 2, 2, ] | dp = [1, 1, 1, 1, ] | algo = [0, 0, 0, 0, ] | rc = [0, 0, 0, 0] | gpus = [2, 2, 2, 2] | micro_bs = 1 | time = [56369, 55660, 55660, 59081] | memory = [9094, 6791, 4709, 3028]
case 41|62578.67|1666.14| op = [209, 208, 208, 210]| tp = [2, 2, 2, 2, ] | dp = [1, 1, 1, 1, ] | algo = [0, 0, 0, 0, ] | rc = [208, 208, 208, 209] | gpus = [2, 2, 2, 2] | micro_bs = 2 | time = [59962, 59431, 59431, 62578] | memory = [1588, 1264, 1164, 1666]
case 42|43491.61|17588.17| op = [209, 208, 208, 210]| tp = [2, 2, 2, 2, ] | dp = [1, 1, 1, 1, ] | algo = [0, 0, 0, 0, ] | rc = [0, 0, 0, 0] | gpus = [2, 2, 2, 2] | micro_bs = 2 | time = [40904, 40373, 40373, 43491] | memory = [17588, 13198, 9033, 5477]
case 43|51917.22|2748.29| op = [209, 208, 208, 210]| tp = [2, 2, 2, 2, ] | dp = [1, 1, 1, 1, ] | algo = [0, 0, 0, 0, ] | rc = [208, 208, 208, 209] | gpus = [2, 2, 2, 2] | micro_bs = 4 | time = [49432, 48977, 48977, 51917] | memory = [2576, 2144, 1944, 2748]
fail case|36196.29|34576.34| op = [209, 208, 208, 210]| tp = [2, 2, 2, 2, ] | dp = [1, 1, 1, 1, ] | algo = [0, 0, 0, 0, ] | rc = [0, 0, 0, 0] | gpus = [2, 2, 2, 2] | micro_bs = 4 | time = [33726, 33271, 33271, 36196] | memory = [34576, 26013, 17683, 10370]
case 44|47211.36|4912.58| op = [209, 208, 208, 210]| tp = [2, 2, 2, 2, ] | dp = [1, 1, 1, 1, ] | algo = [0, 0, 0, 0, ] | rc = [208, 208, 208, 209] | gpus = [2, 2, 2, 2] | micro_bs = 8 | time = [44785, 44370, 44370, 47211] | memory = [4553, 3904, 3504, 4912]
fail case|33030.64|68552.81| op = [209, 208, 208, 210]| tp = [2, 2, 2, 2, ] | dp = [1, 1, 1, 1, ] | algo = [0, 0, 0, 0, ] | rc = [0, 0, 0, 0] | gpus = [2, 2, 2, 2] | micro_bs = 8 | time = [30617, 30201, 30201, 33030] | memory = [68552, 51644, 34984, 20156]
case 45|30227.65|1775.07| op = [105, 104, 104, 104, 104, 104, 104, 106]| tp = [1, 1, 1, 1, 1, 1, 1, 1, ] | dp = [1, 1, 1, 1, 1, 1, 1, 1, ] | algo = [0, 0, 0, 0, 0, 0, 0, 0, ] | rc = [104, 104, 104, 104, 104, 104, 104, 105] | gpus = [1, 1, 1, 1, 1, 1, 1, 1] | micro_bs = 1 | time = [25295, 24772, 24772, 24772, 24772, 24772, 24772, 30227] | memory = [1582, 1132, 1106, 1080, 1054, 1028, 1002, 1775]
case 46|22606.18|16890.11| op = [105, 104, 104, 104, 104, 104, 104, 106]| tp = [1, 1, 1, 1, 1, 1, 1, 1, ] | dp = [1, 1, 1, 1, 1, 1, 1, 1, ] | algo = [0, 0, 0, 0, 0, 0, 0, 0, ] | rc = [0, 0, 0, 0, 0, 0, 0, 0] | gpus = [1, 1, 1, 1, 1, 1, 1, 1] | micro_bs = 1 | time = [17719, 17196, 17196, 17196, 17196, 17196, 17196, 22606] | memory = [16890, 14495, 12525, 10555, 8585, 6614, 4644, 3476]
case 47|23292.13|2770.14| op = [105, 104, 104, 104, 104, 104, 104, 106]| tp = [1, 1, 1, 1, 1, 1, 1, 1, ] | dp = [1, 1, 1, 1, 1, 1, 1, 1, ] | algo = [0, 0, 0, 0, 0, 0, 0, 0, ] | rc = [104, 104, 104, 104, 104, 104, 104, 105] | gpus = [1, 1, 1, 1, 1, 1, 1, 1] | micro_bs = 2 | time = [18326, 18073, 18073, 18073, 18073, 18073, 18073, 23292] | memory = [2364, 1880, 1828, 1776, 1724, 1672, 1620, 2770]
fail case|17901.76|32980.10| op = [105, 104, 104, 104, 104, 104, 104, 106]| tp = [1, 1, 1, 1, 1, 1, 1, 1, ] | dp = [1, 1, 1, 1, 1, 1, 1, 1, ] | algo = [0, 0, 0, 0, 0, 0, 0, 0, ] | rc = [0, 0, 0, 0, 0, 0, 0, 0] | gpus = [1, 1, 1, 1, 1, 1, 1, 1] | micro_bs = 2 | time = [12965, 12713, 12713, 12713, 12713, 12713, 12713, 17901] | memory = [32980, 28607, 24666, 20726, 16785, 12845, 8904, 6172]
case 48|18971.72|4756.29| op = [105, 104, 104, 104, 104, 104, 104, 106]| tp = [1, 1, 1, 1, 1, 1, 1, 1, ] | dp = [1, 1, 1, 1, 1, 1, 1, 1, ] | algo = [0, 0, 0, 0, 0, 0, 0, 0, ] | rc = [104, 104, 104, 104, 104, 104, 104, 105] | gpus = [1, 1, 1, 1, 1, 1, 1, 1] | micro_bs = 4 | time = [14085, 13927, 13927, 13927, 13927, 13927, 13927, 18971] | memory = [3928, 3376, 3272, 3168, 3064, 2960, 2856, 4756]
fail case|14913.34|65160.18| op = [105, 104, 104, 104, 104, 104, 104, 106]| tp = [1, 1, 1, 1, 1, 1, 1, 1, ] | dp = [1, 1, 1, 1, 1, 1, 1, 1, ] | algo = [0, 0, 0, 0, 0, 0, 0, 0, ] | rc = [0, 0, 0, 0, 0, 0, 0, 0] | gpus = [1, 1, 1, 1, 1, 1, 1, 1] | micro_bs = 4 | time = [10042, 9884, 9884, 9884, 9884, 9884, 9884, 14913] | memory = [65160, 56830, 48949, 41068, 33187, 25306, 17425, 11561]
case 49|18290.30|8728.58| op = [105, 104, 104, 104, 104, 104, 104, 106]| tp = [1, 1, 1, 1, 1, 1, 1, 1, ] | dp = [1, 1, 1, 1, 1, 1, 1, 1, ] | algo = [0, 0, 0, 0, 0, 0, 0, 0, ] | rc = [104, 104, 104, 104, 104, 104, 104, 105] | gpus = [1, 1, 1, 1, 1, 1, 1, 1] | micro_bs = 8 | time = [13479, 13359, 13359, 13359, 13359, 13359, 13359, 18290] | memory = [7056, 6368, 6160, 5952, 5744, 5536, 5328, 8728]
fail case|14412.47|129520.50| op = [105, 104, 104, 104, 104, 104, 104, 106]| tp = [1, 1, 1, 1, 1, 1, 1, 1, ] | dp = [1, 1, 1, 1, 1, 1, 1, 1, ] | algo = [0, 0, 0, 0, 0, 0, 0, 0, ] | rc = [0, 0, 0, 0, 0, 0, 0, 0] | gpus = [1, 1, 1, 1, 1, 1, 1, 1] | micro_bs = 8 | time = [9613, 9493, 9493, 9493, 9493, 9493, 9493, 14412] | memory = [129520, 113278, 97516, 81754, 65992, 50230, 34468, 22338]


best_0|16335.95|5236.29| op = [209, 208, 208, 210]| tp = [1, 1, 1, 1, ] | dp = [2, 2, 2, 2, ] | algo = [0, 0, 0, 0, ] | rc = [208, 208, 208, 209] | gpus = [2, 2, 2, 2] | micro_bs = 8 | time = [13902, 13823, 13823, 16335] | memory = [4264, 3632, 3432, 5236]
config has been saved to /home/liminglong.lml/sxz/SuperScaler/logs-large/megatron/configs/scale-layer/64layers/scale-layer_64layers_64layers_megatron_est_16335.json
[TOTAL TIME] 0.40625643730163574 s.
