------------------------ arguments ------------------------
  adaptive_hyper_parameters ....................... 5
  add_action_finetune_algo ........................ False
  add_action_finetune_dim ......................... False
  add_action_tp_dp_exchange ....................... False
  add_action_tune_tp_dp ........................... False
  check_recompute_with_group ...................... False
  config_save_path ................................ /home/liminglong.lml/sxz/SuperScaler/logs-large/aceso/configs/scale-layer/8layers/
  config_suffix ................................... 2026-5-16-7-17-45
  consider_collective_memory ...................... False
  consider_reserved_space ......................... True
  consider_shared_space ........................... True
  continue_when_fail .............................. True
  decoder_seq_len ................................. 512
  end_num_stages .................................. 8
  finetune_after_trial ............................ 0
  finetune_tp_dp_after_trial ...................... False
  flex_recompute .................................. True
  forbid_turn_back ................................ False
  global_batch_size ............................... 1024
  high_memory_rate ................................ 0.9
  init_dim ........................................ tp
  initial_point ................................... balance
  log_path ........................................ /home/liminglong.lml/sxz/SuperScaler/logs-large/aceso/search/scale-layer/8layers/
  max_num_hops .................................... 7
  max_num_trials .................................. 100
  max_op_move_steps ............................... 5
  max_tp .......................................... 8
  memory_limit .................................... 28000
  memory_main_params .............................. 2
  memory_optimizer ................................ 4
  memory_pred_type ................................ MAX
  micro_batch_size ................................ [1, 2, 4, 8]
  min_mbs ......................................... 1
  model_name ...................................... scale-layer
  model_size ...................................... 8layers
  multi_process ................................... True
  num_algos ....................................... 2
  num_gpus ........................................ 8
  num_gpus_per_node ............................... 8
  num_layers ...................................... 8
  num_nodes ....................................... 1
  num_of_saved_configs ............................ 1
  num_partners_in_op_mig .......................... 1
  only_top_1_target ............................... False
  op_group_size ................................... 1
  peak_mem_in_backward ............................ 1000
  predict_delta_time .............................. True
  print_debug_info ................................ False
  print_gpu_mig_details ........................... False
  print_move_op_details ........................... False
  print_recomp_debug_info ......................... False
  print_recompute_ops ............................. True
  profiled_time_path .............................. /home/liminglong.lml/sxz/SuperScaler/profiler/profiled-time-eurosys/
  random_order_actions ............................ False
  resharding ...................................... True
  save_to_csv ..................................... None
  seq_len ......................................... 2048
  simple_prim_mbs ................................. False
  simple_prim_mig ................................. False
  sort_metric ..................................... max_stage_time
  start_num_stages ................................ 1
  support_comm_predict ............................ False
  time_budget_per_trial ........................... 200
  time_budget_total ............................... 200
-------------------- end of arguments ---------------------
working on num_stages = 1
config has been saved to /home/liminglong.lml/sxz/SuperScaler/logs-large/aceso/configs/scale-layer/8layers/scale-layer_8layers_1stages_2026-5-16-7-17-45.json

========== Best Result (num_stages = 1) ==========
|2876.52|3893.31| op = [107]| tp = [1, ] | dp = [8, ] | algo = [0, ] | rc = [0] | gpus = [8] | micro_bs = 8 | time = [2876] | memory = [3893]
[stage 0 recompute_ops] 
stage 0: 
[stage 0 algo1] 
start|40773.38|649.32| op = [107]| tp = [8, ] | dp = [1, ] | algo = [0, ] | rc = [0] | gpus = [8] | micro_bs = 1 | time = [40773] | memory = [649]

[ Trial 0 ] |40773.38|649.32| op = [107]| tp = [8, ] | dp = [1, ] | algo = [0, ] | rc = [0] | gpus = [8] | micro_bs = 1 | time = [40773] | memory = [649]
>>>> [CONFIG: target(0), prim(inc_mbs)]
|19128.59|1137.32| op = [107]| tp = [4, ] | dp = [2, ] | algo = [0, ] | rc = [0] | gpus = [8] | micro_bs = 2 | time = [19128] | memory = [1137]

[ Trial 1 ] |19128.59|1137.32| op = [107]| tp = [4, ] | dp = [2, ] | algo = [0, ] | rc = [0] | gpus = [8] | micro_bs = 2 | time = [19128] | memory = [1137]
>>>> [CONFIG: target(0), prim(inc_mbs)]
|8008.41|2013.32| op = [107]| tp = [2, ] | dp = [4, ] | algo = [0, ] | rc = [0] | gpus = [8] | micro_bs = 4 | time = [8008] | memory = [2013]

[ Trial 2 ] |8008.41|2013.32| op = [107]| tp = [2, ] | dp = [4, ] | algo = [0, ] | rc = [0] | gpus = [8] | micro_bs = 4 | time = [8008] | memory = [2013]
>>>> [CONFIG: target(0), prim(inc_mbs)]
|2876.52|3893.31| op = [107]| tp = [1, ] | dp = [8, ] | algo = [0, ] | rc = [0] | gpus = [8] | micro_bs = 8 | time = [2876] | memory = [3893]

num_targets: [1, 1, 1]
num_hops: [1, 1, 1]
search time = 0.06 s.  [0, 1, 2, 3, 4, 5, 6, 7, 8, 9, 10, 11, 12, 13, 14, 15, 16, 17, 18, 19, 20, 21, 22, 23, 24] 
num_explored_cases = 45
time trend: [40773, 19128, 8008, 2876, 2876, 2876, 2876, 2876, 2876, 2876, 8008, 8008, 8008, 8008, 8008, 19128, 19128, 19128, 19128, 19128, 40773, 40773, 40773, 40773, 40773]

working on num_stages = 2
config has been saved to /home/liminglong.lml/sxz/SuperScaler/logs-large/aceso/configs/scale-layer/8layers/scale-layer_8layers_2stages_2026-5-16-7-17-45.json

========== Best Result (num_stages = 2) ==========
|2330.93|7112.71| op = [72, 35]| tp = [1, 1, ] | dp = [4, 4, ] | algo = [0, 0, ] | rc = [0, 0] | gpus = [4, 4] | micro_bs = 8 | time = [2330, 2250] | memory = [7112, 3028]
[stage 0 recompute_ops] 
stage 0: 
[stage 1 recompute_ops] 
stage 1: 
[stage 0 algo1] 
[stage 1 algo1] 
start|20169.34|890.31| op = [53, 54]| tp = [4, 4, ] | dp = [1, 1, ] | algo = [0, 0, ] | rc = [0, 0] | gpus = [4, 4] | micro_bs = 1 | time = [18430, 20169] | memory = [890, 684]

[ Trial 0 ] |20169.34|890.31| op = [53, 54]| tp = [4, 4, ] | dp = [1, 1, ] | algo = [0, 0, ] | rc = [0, 0] | gpus = [4, 4] | micro_bs = 1 | time = [18430, 20169] | memory = [890, 684]
>>>> [CONFIG: target(1), prim(inc_mbs)]
|8777.81|1518.31| op = [53, 54]| tp = [2, 2, ] | dp = [2, 2, ] | algo = [0, 0, ] | rc = [0, 0] | gpus = [4, 4] | micro_bs = 2 | time = [7423, 8777] | memory = [1518, 1180]

[ Trial 1 ] |8777.81|1518.31| op = [53, 54]| tp = [2, 2, ] | dp = [2, 2, ] | algo = [0, 0, ] | rc = [0, 0] | gpus = [4, 4] | micro_bs = 2 | time = [7423, 8777] | memory = [1518, 1180]
>>>> [CONFIG: target(1), prim(inc_mbs)]
|3535.15|2902.27| op = [53, 54]| tp = [1, 1, ] | dp = [4, 4, ] | algo = [0, 0, ] | rc = [0, 0] | gpus = [4, 4] | micro_bs = 4 | time = [2316, 3535] | memory = [2902, 2300]

[ Trial 2 ] |3535.15|2902.27| op = [53, 54]| tp = [1, 1, ] | dp = [4, 4, ] | algo = [0, 0, ] | rc = [0, 0] | gpus = [4, 4] | micro_bs = 4 | time = [2316, 3535] | memory = [2902, 2300]
>>>> [CONFIG: target(1), prim(dec_op)]
|3013.17|3442.34| op = [66, 41]| tp = [1, 1, ] | dp = [4, 4, ] | algo = [0, 0, ] | rc = [0, 0] | gpus = [4, 4] | micro_bs = 4 | time = [2838, 3013] | memory = [3442, 2006]

[ Trial 6 ] |3013.17|3442.34| op = [66, 41]| tp = [1, 1, ] | dp = [4, 4, ] | algo = [0, 0, ] | rc = [0, 0] | gpus = [4, 4] | micro_bs = 4 | time = [2838, 3013] | memory = [3442, 2006]
>>>> [CONFIG: target(1), prim(dec_op)]
|2998.75|3446.37| op = [67, 40]| tp = [1, 1, ] | dp = [4, 4, ] | algo = [0, 0, ] | rc = [0, 0] | gpus = [4, 4] | micro_bs = 4 | time = [2878, 2998] | memory = [3446, 2006]
>>>> [CONFIG: target(1), prim(dec_mbs)]
|9222.87|1806.40| op = [67, 40]| tp = [2, 2, ] | dp = [2, 2, ] | algo = [0, 0, ] | rc = [0, 0] | gpus = [4, 4] | micro_bs = 2 | time = [9222, 7028] | memory = [1806, 1026]
>>>> [CONFIG: target(0), prim(dec_op)]
|8148.88|1744.34| op = [59, 48]| tp = [2, 2, ] | dp = [2, 2, ] | algo = [0, 0, ] | rc = [0, 0] | gpus = [4, 4] | micro_bs = 2 | time = [8148, 8128] | memory = [1744, 1065]
>>>> [CONFIG: target(0), prim(inc_mbs)]
|3226.63|3350.30| op = [59, 48]| tp = [1, 1, ] | dp = [4, 4, ] | algo = [0, 0, ] | rc = [0, 0] | gpus = [4, 4] | micro_bs = 4 | time = [2650, 3226] | memory = [3350, 2072]
>>>> [CONFIG: target(1), prim(inc_mbs)]
|2632.47|6080.59| op = [59, 48]| tp = [1, 1, ] | dp = [4, 4, ] | algo = [0, 0, ] | rc = [0, 0] | gpus = [4, 4] | micro_bs = 8 | time = [1948, 2632] | memory = [6080, 3568]
>>>> [CONFIG: target(1), prim(dec_op)]
|2330.93|7112.71| op = [72, 35]| tp = [1, 1, ] | dp = [4, 4, ] | algo = [0, 0, ] | rc = [0, 0] | gpus = [4, 4] | micro_bs = 8 | time = [2330, 2250] | memory = [7112, 3028]

num_targets: [1, 1, 1, 1, 1]
num_hops: [1, 1, 1, 1, 6]
search time = 1.12 s.  [0, 1, 2, 3, 4, 5, 6, 7, 8, 9, 10, 11, 12, 13, 14, 15, 16, 17, 18, 19, 20, 21, 22, 23, 24, 25, 26, 27, 28, 29, 30, 31, 32, 33, 34, 35, 36, 37, 38, 39, 40, 41, 42, 43, 44, 45, 46, 47, 48, 49, 50, 51, 52, 53, 54, 55, 56, 57, 58, 59, 60, 61, 62, 63, 64, 65, 66, 67, 68, 69, 70, 71, 72, 73, 74, 75, 76, 77, 78, 79, 80, 81, 82, 83, 84, 85, 86, 87, 88, 89, 90, 91, 92, 93, 94, 95, 96, 97, 98, 99, 100] 
num_explored_cases = 1111
time trend: [20169, 8777, 3535, 2904, 2374, 2374, 2430, 2330, 2330, 8148, 2330, 2330, 2330, 2330, 2330, 2374, 2374, 2374, 2374, 2374, 2430, 2430, 2430, 2430, 2430, 2478, 2478, 2478, 2478, 2478, 2508, 2508, 2508, 2508, 2508, 2522, 2522, 2522, 2522, 2522, 2601, 2601, 2601, 2601, 2601, 2632, 2632, 2632, 2632, 2632, 2756, 2756, 2756, 2756, 2756, 2904, 2904, 2904, 2904, 2904, 2942, 2942, 2942, 2942, 2942, 2998, 2998, 2998, 2998, 2998, 3013, 3013, 3013, 3013, 3013, 3113, 3113, 3113, 3113, 3113, 3152, 3152, 3152, 3152, 3152, 3171, 3171, 3171, 3171, 3171, 3172, 3172, 3172, 3172, 3172, 3226, 3226, 3226, 3226, 3226, 2535]

working on num_stages = 8
config has been saved to /home/liminglong.lml/sxz/SuperScaler/logs-large/aceso/configs/scale-layer/8layers/scale-layer_8layers_8stages_2026-5-16-7-17-45.json

========== Best Result (num_stages = 8) ==========
|5032.85|18770.50| op = [13, 13, 13, 13, 13, 13, 28, 1]| tp = [1, 1, 1, 1, 1, 1, 1, 1, ] | dp = [1, 1, 1, 1, 1, 1, 1, 1, ] | algo = [0, 0, 0, 0, 0, 0, 0, 0, ] | rc = [0, 0, 0, 0, 0, 0, 0, 0] | gpus = [1, 1, 1, 1, 1, 1, 1, 1] | micro_bs = 8 | time = [1382, 1290, 1290, 1290, 1290, 1290, 2461, 5032] | memory = [18770, 16609, 14609, 12609, 10609, 8608, 10705, 3666]
[stage 0 recompute_ops] 
stage 0: 
[stage 1 recompute_ops] 
stage 1: 
[stage 2 recompute_ops] 
stage 2: 
[stage 3 recompute_ops] 
stage 3: 
[stage 4 recompute_ops] 
stage 4: 
[stage 5 recompute_ops] 
stage 5: 
[stage 6 recompute_ops] 
stage 6: 
[stage 7 recompute_ops] 
stage 7: 
[stage 0 algo1] 
[stage 1 algo1] 
[stage 2 algo1] 
[stage 3 algo1] 
[stage 4 algo1] 
[stage 5 algo1] 
[stage 6 algo1] 
[stage 7 algo1] 
start|7996.22|2752.32| op = [13, 13, 13, 13, 13, 13, 13, 16]| tp = [1, 1, 1, 1, 1, 1, 1, 1, ] | dp = [1, 1, 1, 1, 1, 1, 1, 1, ] | algo = [0, 0, 0, 0, 0, 0, 0, 0, ] | rc = [0, 0, 0, 0, 0, 0, 0, 0] | gpus = [1, 1, 1, 1, 1, 1, 1, 1] | micro_bs = 1 | time = [2884, 2524, 2524, 2524, 2524, 2524, 2524, 7996] | memory = [2752, 2118, 1868, 1618, 1368, 1118, 868, 1423]

[ Trial 0 ] |7996.22|2752.32| op = [13, 13, 13, 13, 13, 13, 13, 16]| tp = [1, 1, 1, 1, 1, 1, 1, 1, ] | dp = [1, 1, 1, 1, 1, 1, 1, 1, ] | algo = [0, 0, 0, 0, 0, 0, 0, 0, ] | rc = [0, 0, 0, 0, 0, 0, 0, 0] | gpus = [1, 1, 1, 1, 1, 1, 1, 1] | micro_bs = 1 | time = [2884, 2524, 2524, 2524, 2524, 2524, 2524, 7996] | memory = [2752, 2118, 1868, 1618, 1368, 1118, 868, 1423]
>>>> [CONFIG: target(7), prim(dec_op)]
|5471.99|2752.32| op = [13, 13, 13, 13, 13, 13, 28, 1]| tp = [1, 1, 1, 1, 1, 1, 1, 1, ] | dp = [1, 1, 1, 1, 1, 1, 1, 1, ] | algo = [0, 0, 0, 0, 0, 0, 0, 0, ] | rc = [0, 0, 0, 0, 0, 0, 0, 0] | gpus = [1, 1, 1, 1, 1, 1, 1, 1] | micro_bs = 1 | time = [2884, 2524, 2524, 2524, 2524, 2524, 4948, 5471] | memory = [2752, 2118, 1868, 1618, 1368, 1118, 1418, 852]

[ Trial 1 ] |5471.99|2752.32| op = [13, 13, 13, 13, 13, 13, 28, 1]| tp = [1, 1, 1, 1, 1, 1, 1, 1, ] | dp = [1, 1, 1, 1, 1, 1, 1, 1, ] | algo = [0, 0, 0, 0, 0, 0, 0, 0, ] | rc = [0, 0, 0, 0, 0, 0, 0, 0] | gpus = [1, 1, 1, 1, 1, 1, 1, 1] | micro_bs = 1 | time = [2884, 2524, 2524, 2524, 2524, 2524, 4948, 5471] | memory = [2752, 2118, 1868, 1618, 1368, 1118, 1418, 852]
>>>> [CONFIG: target(7), prim(inc_mbs)]
|5224.00|5040.62| op = [13, 13, 13, 13, 13, 13, 28, 1]| tp = [1, 1, 1, 1, 1, 1, 1, 1, ] | dp = [1, 1, 1, 1, 1, 1, 1, 1, ] | algo = [0, 0, 0, 0, 0, 0, 0, 0, ] | rc = [0, 0, 0, 0, 0, 0, 0, 0] | gpus = [1, 1, 1, 1, 1, 1, 1, 1] | micro_bs = 2 | time = [1972, 1775, 1775, 1775, 1775, 1775, 3575, 5223] | memory = [5040, 4188, 3688, 3188, 2688, 2188, 2748, 1254]

[ Trial 2 ] |5224.00|5040.62| op = [13, 13, 13, 13, 13, 13, 28, 1]| tp = [1, 1, 1, 1, 1, 1, 1, 1, ] | dp = [1, 1, 1, 1, 1, 1, 1, 1, ] | algo = [0, 0, 0, 0, 0, 0, 0, 0, ] | rc = [0, 0, 0, 0, 0, 0, 0, 0] | gpus = [1, 1, 1, 1, 1, 1, 1, 1] | micro_bs = 2 | time = [1972, 1775, 1775, 1775, 1775, 1775, 3575, 5223] | memory = [5040, 4188, 3688, 3188, 2688, 2188, 2748, 1254]
>>>> [CONFIG: target(7), prim(inc_mbs)]
|5086.90|9617.24| op = [13, 13, 13, 13, 13, 13, 28, 1]| tp = [1, 1, 1, 1, 1, 1, 1, 1, ] | dp = [1, 1, 1, 1, 1, 1, 1, 1, ] | algo = [0, 0, 0, 0, 0, 0, 0, 0, ] | rc = [0, 0, 0, 0, 0, 0, 0, 0] | gpus = [1, 1, 1, 1, 1, 1, 1, 1] | micro_bs = 4 | time = [1479, 1355, 1355, 1355, 1355, 1355, 2662, 5086] | memory = [9617, 8328, 7328, 6328, 5328, 4328, 5400, 2058]

[ Trial 3 ] |5086.90|9617.24| op = [13, 13, 13, 13, 13, 13, 28, 1]| tp = [1, 1, 1, 1, 1, 1, 1, 1, ] | dp = [1, 1, 1, 1, 1, 1, 1, 1, ] | algo = [0, 0, 0, 0, 0, 0, 0, 0, ] | rc = [0, 0, 0, 0, 0, 0, 0, 0] | gpus = [1, 1, 1, 1, 1, 1, 1, 1] | micro_bs = 4 | time = [1479, 1355, 1355, 1355, 1355, 1355, 2662, 5086] | memory = [9617, 8328, 7328, 6328, 5328, 4328, 5400, 2058]
>>>> [CONFIG: target(7), prim(inc_mbs)]
|5032.85|18770.50| op = [13, 13, 13, 13, 13, 13, 28, 1]| tp = [1, 1, 1, 1, 1, 1, 1, 1, ] | dp = [1, 1, 1, 1, 1, 1, 1, 1, ] | algo = [0, 0, 0, 0, 0, 0, 0, 0, ] | rc = [0, 0, 0, 0, 0, 0, 0, 0] | gpus = [1, 1, 1, 1, 1, 1, 1, 1] | micro_bs = 8 | time = [1382, 1290, 1290, 1290, 1290, 1290, 2461, 5032] | memory = [18770, 16609, 14609, 12609, 10609, 8608, 10705, 3666]

num_targets: [1, 1, 1, 1]
num_hops: [1, 1, 1, 1]
search time = 3.78 s.  [0, 1, 2, 3, 4, 5, 6, 7, 8, 9, 10, 11, 12, 13, 14, 15, 16, 17, 18, 19, 20, 21, 22, 23, 24, 25, 26, 27, 28, 29, 30, 31, 32, 33, 34, 35, 36, 37, 38, 39, 40, 41, 42, 43, 44, 45, 46, 47, 48, 49, 50, 51, 52, 53, 54, 55, 56, 57, 58, 59, 60, 61, 62, 63, 64, 65, 66, 67, 68, 69, 70, 71, 72, 73, 74, 75, 76, 77, 78, 79, 80, 81, 82, 83, 84, 85, 86, 87, 88, 89, 90, 91, 92, 93, 94, 95, 96, 97, 98, 99, 100] 
num_explored_cases = 4050
time trend: [7996, 5471, 5223, 5086, 5032, 5032, 6220, 5032, 5032, 5032, 5032, 5032, 5086, 5086, 5086, 5086, 5086, 5223, 5223, 5223, 5223, 5223, 5471, 5471, 5471, 5471, 5471, 5036, 5033, 5033, 5033, 5033, 5033, 5036, 5036, 5036, 5036, 5036, 5037, 5037, 5037, 5037, 5087, 5087, 5087, 5087, 5088, 5088, 5088, 5088, 5088, 5089, 5089, 5089, 5089, 5088, 5088, 5088, 5088, 5116, 5116, 5116, 5189, 5189, 5189, 5203, 5203, 5203, 5203, 5223, 5223, 5223, 5223, 5224, 5224, 5224, 5224, 5224, 5224, 5224, 5224, 5224, 5225, 5225, 5225, 5225, 5323, 5323, 5323, 5323, 5428, 5428, 5428, 5471, 5471, 5471, 5471, 5472, 5472, 5472, 5472]

