------------------------ arguments ------------------------
  adaptive_hyper_parameters ....................... 5
  add_action_finetune_algo ........................ False
  add_action_finetune_dim ......................... False
  add_action_tp_dp_exchange ....................... False
  add_action_tune_tp_dp ........................... False
  check_recompute_with_group ...................... False
  config_save_path ................................ /home/liminglong.lml/sxz/SuperScaler/logs-large/megatron/configs/gpt/13B/
  config_suffix ................................... 2026-5-14-6-9-39
  consider_collective_memory ...................... False
  consider_reserved_space ......................... True
  consider_shared_space ........................... True
  continue_when_fail .............................. True
  decoder_seq_len ................................. 512
  end_num_stages .................................. 16
  finetune_after_trial ............................ 0
  finetune_tp_dp_after_trial ...................... False
  flex_recompute .................................. True
  forbid_turn_back ................................ False
  global_batch_size ............................... 1024
  high_memory_rate ................................ 0.9
  init_dim ........................................ tp
  initial_point ................................... balance
  log_path ........................................ /home/liminglong.lml/sxz/SuperScaler/logs-large/megatron/search/gpt/13B/
  max_num_hops .................................... None
  max_num_trials .................................. 100
  max_op_move_steps ............................... 5
  max_tp .......................................... 8
  memory_limit .................................... 28000
  memory_main_params .............................. 2
  memory_optimizer ................................ 4
  memory_pred_type ................................ MAX
  micro_batch_size ................................ [1, 2, 4, 8]
  min_mbs ......................................... 1
  model_name ...................................... gpt
  model_size ...................................... 13B
  multi_process ................................... True
  num_algos ....................................... 2
  num_gpus ........................................ 32
  num_gpus_per_node ............................... 8
  num_layers ...................................... 40
  num_nodes ....................................... 4
  num_of_saved_configs ............................ 1
  num_partners_in_op_mig .......................... 1
  only_top_1_target ............................... False
  op_group_size ................................... 1
  peak_mem_in_backward ............................ 0
  predict_delta_time .............................. False
  print_debug_info ................................ True
  print_gpu_mig_details ........................... False
  print_move_op_details ........................... False
  print_recomp_debug_info ......................... False
  print_recompute_ops ............................. False
  profiled_time_path .............................. /home/liminglong.lml/sxz/SuperScaler/profiler/profiled-time-eurosys/
  random_order_actions ............................ False
  resharding ...................................... True
  save_to_csv ..................................... None
  seq_len ......................................... 2048
  simple_prim_mbs ................................. False
  simple_prim_mig ................................. False
  sort_metric ..................................... max_stage_time
  start_num_stages ................................ 1
  support_comm_predict ............................ False
  time_budget_per_trial ........................... 10
  time_budget_total ............................... 10
-------------------- end of arguments ---------------------
working on num_stages[1], tp_size[4], dp_size[8], mbs[8], recomp[True] ...
working on num_stages[1], tp_size[4], dp_size[8], mbs[8], recomp[False] ...
working on num_stages[1], tp_size[8], dp_size[4], mbs[4], recomp[True] ...
working on num_stages[1], tp_size[8], dp_size[4], mbs[4], recomp[False] ...
working on num_stages[1], tp_size[8], dp_size[4], mbs[8], recomp[True] ...
working on num_stages[1], tp_size[8], dp_size[4], mbs[8], recomp[False] ...
working on num_stages[2], tp_size[2], dp_size[8], mbs[8], recomp[True] ...
working on num_stages[2], tp_size[2], dp_size[8], mbs[8], recomp[False] ...
working on num_stages[2], tp_size[4], dp_size[4], mbs[4], recomp[True] ...
working on num_stages[2], tp_size[4], dp_size[4], mbs[4], recomp[False] ...
working on num_stages[2], tp_size[4], dp_size[4], mbs[8], recomp[True] ...
working on num_stages[2], tp_size[4], dp_size[4], mbs[8], recomp[False] ...
working on num_stages[2], tp_size[8], dp_size[2], mbs[2], recomp[True] ...
working on num_stages[2], tp_size[8], dp_size[2], mbs[2], recomp[False] ...
working on num_stages[2], tp_size[8], dp_size[2], mbs[4], recomp[True] ...
working on num_stages[2], tp_size[8], dp_size[2], mbs[4], recomp[False] ...
working on num_stages[2], tp_size[8], dp_size[2], mbs[8], recomp[True] ...
working on num_stages[2], tp_size[8], dp_size[2], mbs[8], recomp[False] ...
working on num_stages[4], tp_size[1], dp_size[8], mbs[8], recomp[True] ...
working on num_stages[4], tp_size[1], dp_size[8], mbs[8], recomp[False] ...
working on num_stages[4], tp_size[2], dp_size[4], mbs[4], recomp[True] ...
working on num_stages[4], tp_size[2], dp_size[4], mbs[4], recomp[False] ...
working on num_stages[4], tp_size[2], dp_size[4], mbs[8], recomp[True] ...
working on num_stages[4], tp_size[2], dp_size[4], mbs[8], recomp[False] ...
working on num_stages[4], tp_size[4], dp_size[2], mbs[2], recomp[True] ...
working on num_stages[4], tp_size[4], dp_size[2], mbs[2], recomp[False] ...
working on num_stages[4], tp_size[4], dp_size[2], mbs[4], recomp[True] ...
working on num_stages[4], tp_size[4], dp_size[2], mbs[4], recomp[False] ...
working on num_stages[4], tp_size[4], dp_size[2], mbs[8], recomp[True] ...
working on num_stages[4], tp_size[4], dp_size[2], mbs[8], recomp[False] ...
working on num_stages[4], tp_size[8], dp_size[1], mbs[1], recomp[True] ...
working on num_stages[4], tp_size[8], dp_size[1], mbs[1], recomp[False] ...
working on num_stages[4], tp_size[8], dp_size[1], mbs[2], recomp[True] ...
working on num_stages[4], tp_size[8], dp_size[1], mbs[2], recomp[False] ...
working on num_stages[4], tp_size[8], dp_size[1], mbs[4], recomp[True] ...
working on num_stages[4], tp_size[8], dp_size[1], mbs[4], recomp[False] ...
working on num_stages[4], tp_size[8], dp_size[1], mbs[8], recomp[True] ...
working on num_stages[4], tp_size[8], dp_size[1], mbs[8], recomp[False] ...
working on num_stages[8], tp_size[1], dp_size[4], mbs[4], recomp[True] ...
working on num_stages[8], tp_size[1], dp_size[4], mbs[4], recomp[False] ...
working on num_stages[8], tp_size[1], dp_size[4], mbs[8], recomp[True] ...
working on num_stages[8], tp_size[1], dp_size[4], mbs[8], recomp[False] ...
working on num_stages[8], tp_size[2], dp_size[2], mbs[2], recomp[True] ...
working on num_stages[8], tp_size[2], dp_size[2], mbs[2], recomp[False] ...
working on num_stages[8], tp_size[2], dp_size[2], mbs[4], recomp[True] ...
working on num_stages[8], tp_size[2], dp_size[2], mbs[4], recomp[False] ...
working on num_stages[8], tp_size[2], dp_size[2], mbs[8], recomp[True] ...
working on num_stages[8], tp_size[2], dp_size[2], mbs[8], recomp[False] ...
working on num_stages[8], tp_size[4], dp_size[1], mbs[1], recomp[True] ...
working on num_stages[8], tp_size[4], dp_size[1], mbs[1], recomp[False] ...
working on num_stages[8], tp_size[4], dp_size[1], mbs[2], recomp[True] ...
working on num_stages[8], tp_size[4], dp_size[1], mbs[2], recomp[False] ...
working on num_stages[8], tp_size[4], dp_size[1], mbs[4], recomp[True] ...
working on num_stages[8], tp_size[4], dp_size[1], mbs[4], recomp[False] ...
working on num_stages[8], tp_size[4], dp_size[1], mbs[8], recomp[True] ...
working on num_stages[8], tp_size[4], dp_size[1], mbs[8], recomp[False] ...
working on num_stages[16], tp_size[1], dp_size[2], mbs[2], recomp[True] ...
working on num_stages[16], tp_size[1], dp_size[2], mbs[2], recomp[False] ...
working on num_stages[16], tp_size[1], dp_size[2], mbs[4], recomp[True] ...
working on num_stages[16], tp_size[1], dp_size[2], mbs[4], recomp[False] ...
working on num_stages[16], tp_size[1], dp_size[2], mbs[8], recomp[True] ...
working on num_stages[16], tp_size[1], dp_size[2], mbs[8], recomp[False] ...
working on num_stages[16], tp_size[2], dp_size[1], mbs[1], recomp[True] ...
working on num_stages[16], tp_size[2], dp_size[1], mbs[1], recomp[False] ...
working on num_stages[16], tp_size[2], dp_size[1], mbs[2], recomp[True] ...
working on num_stages[16], tp_size[2], dp_size[1], mbs[2], recomp[False] ...
working on num_stages[16], tp_size[2], dp_size[1], mbs[4], recomp[True] ...
working on num_stages[16], tp_size[2], dp_size[1], mbs[4], recomp[False] ...
working on num_stages[16], tp_size[2], dp_size[1], mbs[8], recomp[True] ...
working on num_stages[16], tp_size[2], dp_size[1], mbs[8], recomp[False] ...
fail case|173313.11|58210.10| op = [523]| tp = [4, ] | dp = [8, ] | algo = [0, ] | rc = [521] | gpus = [32] | micro_bs = 8 | time = [173313] | memory = [58210]
fail case|119506.46|74981.35| op = [523]| tp = [4, ] | dp = [8, ] | algo = [0, ] | rc = [0] | gpus = [32] | micro_bs = 8 | time = [119506] | memory = [74981]
fail case|319022.89|29875.10| op = [523]| tp = [8, ] | dp = [4, ] | algo = [0, ] | rc = [521] | gpus = [32] | micro_bs = 4 | time = [319022] | memory = [29875]
fail case|217467.70|40406.35| op = [523]| tp = [8, ] | dp = [4, ] | algo = [0, ] | rc = [0] | gpus = [32] | micro_bs = 4 | time = [217467] | memory = [40406]
fail case|311978.84|31485.19| op = [523]| tp = [8, ] | dp = [4, ] | algo = [0, ] | rc = [521] | gpus = [32] | micro_bs = 8 | time = [311978] | memory = [31485]
fail case|212376.49|52547.61| op = [523]| tp = [8, ] | dp = [4, ] | algo = [0, ] | rc = [0] | gpus = [32] | micro_bs = 8 | time = [212376] | memory = [52547]
fail case|83961.67|58470.08| op = [261, 262]| tp = [2, 2, ] | dp = [8, 8, ] | algo = [0, 0, ] | rc = [260, 261] | gpus = [16, 16] | micro_bs = 8 | time = [83111, 83961] | memory = [58470, 57840]
fail case|59040.90|87691.33| op = [261, 262]| tp = [2, 2, ] | dp = [8, 8, ] | algo = [0, 0, ] | rc = [0, 0] | gpus = [16, 16] | micro_bs = 8 | time = [58197, 59040] | memory = [87691, 72090]
fail case|175452.18|30025.08| op = [261, 262]| tp = [4, 4, ] | dp = [4, 4, ] | algo = [0, 0, ] | rc = [260, 261] | gpus = [16, 16] | micro_bs = 4 | time = [174584, 175452] | memory = [30025, 29295]
fail case|121428.29|46766.33| op = [261, 262]| tp = [4, 4, ] | dp = [4, 4, ] | algo = [0, 0, ] | rc = [0, 0] | gpus = [16, 16] | micro_bs = 4 | time = [120574, 121428] | memory = [46766, 37465]
fail case|153926.88|31745.16| op = [261, 262]| tp = [4, 4, ] | dp = [4, 4, ] | algo = [0, 0, ] | rc = [260, 261] | gpus = [16, 16] | micro_bs = 8 | time = [153089, 153926] | memory = [31745, 30505]
fail case|106065.03|65227.58| op = [261, 262]| tp = [4, 4, ] | dp = [4, 4, ] | algo = [0, 0, ] | rc = [0, 0] | gpus = [16, 16] | micro_bs = 8 | time = [105252, 106065] | memory = [65227, 46846]
case 0|322149.03|15802.58| op = [261, 262]| tp = [8, 8, ] | dp = [2, 2, ] | algo = [0, 0, ] | rc = [260, 261] | gpus = [16, 16] | micro_bs = 2 | time = [321246, 322149] | memory = [15802, 15022]
case 1|220381.89|26303.83| op = [261, 262]| tp = [8, 8, ] | dp = [2, 2, ] | algo = [0, 0, ] | rc = [0, 0] | gpus = [16, 16] | micro_bs = 2 | time = [219506, 220381] | memory = [26303, 20153]
case 2|315496.43|17362.66| op = [261, 262]| tp = [8, 8, ] | dp = [2, 2, ] | algo = [0, 0, ] | rc = [260, 261] | gpus = [16, 16] | micro_bs = 4 | time = [314734, 315496] | memory = [17362, 16022]
fail case|215479.61|38365.08| op = [261, 262]| tp = [8, 8, ] | dp = [2, 2, ] | algo = [0, 0, ] | rc = [0, 0] | gpus = [16, 16] | micro_bs = 4 | time = [214768, 215479] | memory = [38365, 26283]
case 3|294823.92|20482.83| op = [261, 262]| tp = [8, 8, ] | dp = [2, 2, ] | algo = [0, 0, ] | rc = [260, 261] | gpus = [16, 16] | micro_bs = 8 | time = [294089, 294823] | memory = [20482, 17982]
fail case|200855.17|62487.66| op = [261, 262]| tp = [8, 8, ] | dp = [2, 2, ] | algo = [0, 0, ] | rc = [0, 0] | gpus = [16, 16] | micro_bs = 8 | time = [200167, 200855] | memory = [62487, 38505]
fail case|38231.31|61420.06| op = [131, 130, 130, 132]| tp = [1, 1, 1, 1, ] | dp = [8, 8, 8, 8, ] | algo = [0, 0, 0, 0, ] | rc = [130, 130, 130, 131] | gpus = [8, 8, 8, 8] | micro_bs = 8 | time = [36536, 36783, 36783, 38231] | memory = [61420, 56380, 56060, 60630]
fail case|28667.55|115601.31| op = [131, 130, 130, 132]| tp = [1, 1, 1, 1, ] | dp = [8, 8, 8, 8, ] | algo = [0, 0, 0, 0, ] | rc = [0, 0, 0, 0] | gpus = [8, 8, 8, 8] | micro_bs = 8 | time = [26980, 27227, 27227, 28667] | memory = [115601, 96660, 82440, 73140]
fail case|86229.47|31530.14| op = [131, 130, 130, 132]| tp = [2, 2, 2, 2, ] | dp = [4, 4, 4, 4, ] | algo = [0, 0, 0, 0, ] | rc = [130, 130, 130, 131] | gpus = [8, 8, 8, 8] | micro_bs = 4 | time = [84522, 84416, 84416, 86229] | memory = [31530, 28740, 28420, 30540]
fail case|61205.40|60751.38| op = [131, 130, 130, 132]| tp = [2, 2, 2, 2, ] | dp = [4, 4, 4, 4, ] | algo = [0, 0, 0, 0, ] | rc = [0, 0, 0, 0] | gpus = [8, 8, 8, 8] | micro_bs = 4 | time = [59512, 59406, 59406, 61205] | memory = [60751, 50460, 42640, 37290]
fail case|85382.29|33630.27| op = [131, 130, 130, 132]| tp = [2, 2, 2, 2, ] | dp = [4, 4, 4, 4, ] | algo = [0, 0, 0, 0, ] | rc = [130, 130, 130, 131] | gpus = [8, 8, 8, 8] | micro_bs = 8 | time = [83678, 83587, 83587, 85382] | memory = [33630, 30480, 29840, 31870]
fail case|60425.51|92072.68| op = [131, 130, 130, 132]| tp = [2, 2, 2, 2, ] | dp = [4, 4, 4, 4, ] | algo = [0, 0, 0, 0, ] | rc = [0, 0, 0, 0] | gpus = [8, 8, 8, 8] | micro_bs = 8 | time = [58747, 58656, 58656, 60425] | memory = [92072, 73921, 58281, 45370]
case 4|178936.82|16585.14| op = [131, 130, 130, 132]| tp = [4, 4, 4, 4, ] | dp = [2, 2, 2, 2, ] | algo = [0, 0, 0, 0, ] | rc = [130, 130, 130, 131] | gpus = [8, 8, 8, 8] | micro_bs = 2 | time = [177197, 176770, 176770, 178936] | memory = [16585, 14920, 14600, 15495]
fail case|124793.67|33326.38| op = [131, 130, 130, 132]| tp = [4, 4, 4, 4, ] | dp = [2, 2, 2, 2, ] | algo = [0, 0, 0, 0, ] | rc = [0, 0, 0, 0] | gpus = [8, 8, 8, 8] | micro_bs = 2 | time = [123082, 122655, 122655, 124793] | memory = [33326, 27360, 22740, 19365]
case 5|157543.19|18365.27| op = [131, 130, 130, 132]| tp = [4, 4, 4, 4, ] | dp = [2, 2, 2, 2, ] | algo = [0, 0, 0, 0, ] | rc = [130, 130, 130, 131] | gpus = [8, 8, 8, 8] | micro_bs = 4 | time = [155861, 155369, 155369, 157543] | memory = [18365, 16340, 15700, 16405]
fail case|109470.17|51847.68| op = [131, 130, 130, 132]| tp = [4, 4, 4, 4, ] | dp = [2, 2, 2, 2, ] | algo = [0, 0, 0, 0, ] | rc = [0, 0, 0, 0] | gpus = [8, 8, 8, 8] | micro_bs = 4 | time = [107839, 107347, 107347, 109470] | memory = [51847, 41221, 31981, 24145]
case 6|157424.42|21925.53| op = [131, 130, 130, 132]| tp = [4, 4, 4, 4, ] | dp = [2, 2, 2, 2, ] | algo = [0, 0, 0, 0, ] | rc = [130, 130, 130, 131] | gpus = [8, 8, 8, 8] | micro_bs = 8 | time = [155793, 155393, 155393, 157424] | memory = [21925, 19280, 18000, 18185]
fail case|109246.90|88890.36| op = [131, 130, 130, 132]| tp = [4, 4, 4, 4, ] | dp = [2, 2, 2, 2, ] | algo = [0, 0, 0, 0, ] | rc = [0, 0, 0, 0] | gpus = [8, 8, 8, 8] | micro_bs = 8 | time = [107663, 107262, 107262, 109246] | memory = [88890, 69043, 50562, 33666]
case 7|328019.29|9112.64| op = [131, 130, 130, 132]| tp = [8, 8, 8, 8, ] | dp = [1, 1, 1, 1, ] | algo = [0, 0, 0, 0, ] | rc = [130, 130, 130, 131] | gpus = [8, 8, 8, 8] | micro_bs = 1 | time = [326213, 325122, 325122, 328019] | memory = [9112, 8010, 7690, 7972]
case 8|226125.75|19613.88| op = [131, 130, 130, 132]| tp = [8, 8, 8, 8, ] | dp = [1, 1, 1, 1, ] | algo = [0, 0, 0, 0, ] | rc = [0, 0, 0, 0] | gpus = [8, 8, 8, 8] | micro_bs = 1 | time = [224374, 223283, 223283, 226125] | memory = [19613, 15810, 12790, 10402]
case 9|321382.79|10732.77| op = [131, 130, 130, 132]| tp = [8, 8, 8, 8, ] | dp = [1, 1, 1, 1, ] | algo = [0, 0, 0, 0, ] | rc = [130, 130, 130, 131] | gpus = [8, 8, 8, 8] | micro_bs = 2 | time = [319855, 318524, 318524, 321382] | memory = [10732, 9270, 8630, 8672]
fail case|221120.48|31735.18| op = [131, 130, 130, 132]| tp = [8, 8, 8, 8, ] | dp = [1, 1, 1, 1, ] | algo = [0, 0, 0, 0, ] | rc = [0, 0, 0, 0] | gpus = [8, 8, 8, 8] | micro_bs = 2 | time = [219695, 218363, 218363, 221120] | memory = [31735, 24871, 18831, 13533]
case 10|301122.54|14020.46| op = [131, 130, 130, 132]| tp = [8, 8, 8, 8, ] | dp = [1, 1, 1, 1, ] | algo = [0, 0, 0, 0, ] | rc = [130, 130, 130, 131] | gpus = [8, 8, 8, 8] | micro_bs = 4 | time = [299647, 298527, 298527, 301122] | memory = [14020, 11840, 10560, 10032]
fail case|206742.05|56025.29| op = [131, 130, 130, 132]| tp = [8, 8, 8, 8, ] | dp = [1, 1, 1, 1, ] | algo = [0, 0, 0, 0, ] | rc = [0, 0, 0, 0] | gpus = [8, 8, 8, 8] | micro_bs = 4 | time = [205361, 204242, 204242, 206742] | memory = [56025, 43043, 30962, 19753]
case 11|301605.36|21380.92| op = [131, 130, 130, 132]| tp = [8, 8, 8, 8, ] | dp = [1, 1, 1, 1, ] | algo = [0, 0, 0, 0, ] | rc = [130, 130, 130, 131] | gpus = [8, 8, 8, 8] | micro_bs = 8 | time = [300179, 299016, 299016, 301605] | memory = [21380, 17680, 15120, 13540]
fail case|206767.41|105390.67| op = [131, 130, 130, 132]| tp = [8, 8, 8, 8, ] | dp = [1, 1, 1, 1, ] | algo = [0, 0, 0, 0, ] | rc = [0, 0, 0, 0] | gpus = [8, 8, 8, 8] | micro_bs = 8 | time = [205429, 204267, 204267, 206767] | memory = [105390, 80087, 55925, 32982]
fail case|39902.65|34540.10| op = [66, 65, 65, 65, 65, 65, 65, 67]| tp = [1, 1, 1, 1, 1, 1, 1, 1, ] | dp = [4, 4, 4, 4, 4, 4, 4, 4, ] | algo = [0, 0, 0, 0, 0, 0, 0, 0, ] | rc = [65, 65, 65, 65, 65, 65, 65, 66] | gpus = [4, 4, 4, 4, 4, 4, 4, 4] | micro_bs = 4 | time = [36499, 36995, 36995, 36995, 36995, 36995, 36995, 39902] | memory = [34540, 29610, 29440, 29270, 29100, 28930, 28760, 33480]
fail case|30294.65|88721.34| op = [66, 65, 65, 65, 65, 65, 65, 67]| tp = [1, 1, 1, 1, 1, 1, 1, 1, ] | dp = [4, 4, 4, 4, 4, 4, 4, 4, ] | algo = [0, 0, 0, 0, 0, 0, 0, 0, ] | rc = [0, 0, 0, 0, 0, 0, 0, 0] | gpus = [4, 4, 4, 4, 4, 4, 4, 4] | micro_bs = 4 | time = [26906, 27403, 27403, 27403, 27403, 27403, 27403, 30294] | memory = [88721, 76841, 69720, 62600, 55480, 48360, 41240, 39040]
fail case|40461.60|37400.19| op = [66, 65, 65, 65, 65, 65, 65, 67]| tp = [1, 1, 1, 1, 1, 1, 1, 1, ] | dp = [4, 4, 4, 4, 4, 4, 4, 4, ] | algo = [0, 0, 0, 0, 0, 0, 0, 0, ] | rc = [65, 65, 65, 65, 65, 65, 65, 66] | gpus = [4, 4, 4, 4, 4, 4, 4, 4] | micro_bs = 8 | time = [36967, 37559, 37559, 37559, 37559, 37559, 37559, 40461] | memory = [37400, 32420, 32080, 31740, 31400, 31060, 30720, 35500]
fail case|30473.22|145762.61| op = [66, 65, 65, 65, 65, 65, 65, 67]| tp = [1, 1, 1, 1, 1, 1, 1, 1, ] | dp = [4, 4, 4, 4, 4, 4, 4, 4, ] | algo = [0, 0, 0, 0, 0, 0, 0, 0, ] | rc = [0, 0, 0, 0, 0, 0, 0, 0] | gpus = [4, 4, 4, 4, 4, 4, 4, 4] | micro_bs = 8 | time = [27005, 27596, 27596, 27596, 27596, 27596, 27596, 30473] | memory = [145762, 126882, 112641, 98401, 84161, 69920, 55680, 46620]
case 12|88354.17|18150.24| op = [66, 65, 65, 65, 65, 65, 65, 67]| tp = [2, 2, 2, 2, 2, 2, 2, 2, ] | dp = [2, 2, 2, 2, 2, 2, 2, 2, ] | algo = [0, 0, 0, 0, 0, 0, 0, 0, ] | rc = [65, 65, 65, 65, 65, 65, 65, 66] | gpus = [4, 4, 4, 4, 4, 4, 4, 4] | micro_bs = 2 | time = [84934, 84721, 84721, 84721, 84721, 84721, 84721, 88354] | memory = [18150, 15470, 15300, 15130, 14960, 14790, 14620, 16890]
fail case|63268.35|47371.49| op = [66, 65, 65, 65, 65, 65, 65, 67]| tp = [2, 2, 2, 2, 2, 2, 2, 2, ] | dp = [2, 2, 2, 2, 2, 2, 2, 2, ] | algo = [0, 0, 0, 0, 0, 0, 0, 0, ] | rc = [0, 0, 0, 0, 0, 0, 0, 0] | gpus = [4, 4, 4, 4, 4, 4, 4, 4] | micro_bs = 2 | time = [59875, 59662, 59662, 59662, 59662, 59662, 59662, 63268] | memory = [47371, 40941, 37020, 33100, 29180, 25260, 21340, 19890]
case 13|87603.48|20370.47| op = [66, 65, 65, 65, 65, 65, 65, 67]| tp = [2, 2, 2, 2, 2, 2, 2, 2, ] | dp = [2, 2, 2, 2, 2, 2, 2, 2, ] | algo = [0, 0, 0, 0, 0, 0, 0, 0, ] | rc = [65, 65, 65, 65, 65, 65, 65, 66] | gpus = [4, 4, 4, 4, 4, 4, 4, 4] | micro_bs = 4 | time = [84182, 83999, 83999, 83999, 83999, 83999, 83999, 87603] | memory = [20370, 17540, 17200, 16860, 16520, 16180, 15840, 18070]
fail case|62525.68|78812.89| op = [66, 65, 65, 65, 65, 65, 65, 67]| tp = [2, 2, 2, 2, 2, 2, 2, 2, ] | dp = [2, 2, 2, 2, 2, 2, 2, 2, ] | algo = [0, 0, 0, 0, 0, 0, 0, 0, ] | rc = [0, 0, 0, 0, 0, 0, 0, 0] | gpus = [4, 4, 4, 4, 4, 4, 4, 4] | micro_bs = 4 | time = [59156, 58972, 58972, 58972, 58972, 58972, 58972, 62525] | memory = [78812, 68482, 60641, 52801, 44961, 37120, 29280, 24070]
case 14|88775.42|26240.93| op = [66, 65, 65, 65, 65, 65, 65, 67]| tp = [2, 2, 2, 2, 2, 2, 2, 2, ] | dp = [2, 2, 2, 2, 2, 2, 2, 2, ] | algo = [0, 0, 0, 0, 0, 0, 0, 0, ] | rc = [65, 65, 65, 65, 65, 65, 65, 66] | gpus = [4, 4, 4, 4, 4, 4, 4, 4] | micro_bs = 8 | time = [85287, 85248, 85248, 85248, 85248, 85248, 85248, 88775] | memory = [26240, 23080, 22400, 21720, 21040, 20360, 19680, 21840]
fail case|63200.10|143125.77| op = [66, 65, 65, 65, 65, 65, 65, 67]| tp = [2, 2, 2, 2, 2, 2, 2, 2, ] | dp = [2, 2, 2, 2, 2, 2, 2, 2, ] | algo = [0, 0, 0, 0, 0, 0, 0, 0, ] | rc = [0, 0, 0, 0, 0, 0, 0, 0] | gpus = [4, 4, 4, 4, 4, 4, 4, 4] | micro_bs = 8 | time = [59758, 59720, 59720, 59720, 59720, 59720, 59720, 63200] | memory = [143125, 124964, 109283, 93603, 77922, 62241, 46561, 33840]
case 15|181561.24|9955.24| op = [66, 65, 65, 65, 65, 65, 65, 67]| tp = [4, 4, 4, 4, 4, 4, 4, 4, ] | dp = [1, 1, 1, 1, 1, 1, 1, 1, ] | algo = [0, 0, 0, 0, 0, 0, 0, 0, ] | rc = [65, 65, 65, 65, 65, 65, 65, 66] | gpus = [4, 4, 4, 4, 4, 4, 4, 4] | micro_bs = 1 | time = [178078, 177223, 177223, 177223, 177223, 177223, 177223, 181561] | memory = [9955, 8400, 8230, 8060, 7890, 7720, 7550, 8595]
case 16|127337.21|26696.49| op = [66, 65, 65, 65, 65, 65, 65, 67]| tp = [4, 4, 4, 4, 4, 4, 4, 4, ] | dp = [1, 1, 1, 1, 1, 1, 1, 1, ] | algo = [0, 0, 0, 0, 0, 0, 0, 0, ] | rc = [0, 0, 0, 0, 0, 0, 0, 0] | gpus = [4, 4, 4, 4, 4, 4, 4, 4] | micro_bs = 1 | time = [123911, 123056, 123056, 123056, 123056, 123056, 123056, 127337] | memory = [26696, 22991, 20670, 18350, 16030, 13710, 11390, 10315]
case 17|160208.86|11855.47| op = [66, 65, 65, 65, 65, 65, 65, 67]| tp = [4, 4, 4, 4, 4, 4, 4, 4, ] | dp = [1, 1, 1, 1, 1, 1, 1, 1, ] | algo = [0, 0, 0, 0, 0, 0, 0, 0, ] | rc = [65, 65, 65, 65, 65, 65, 65, 66] | gpus = [4, 4, 4, 4, 4, 4, 4, 4] | micro_bs = 2 | time = [156837, 155852, 155852, 155852, 155852, 155852, 155852, 160208] | memory = [11855, 10100, 9760, 9420, 9080, 8740, 8400, 9355]
fail case|111991.59|45337.89| op = [66, 65, 65, 65, 65, 65, 65, 67]| tp = [4, 4, 4, 4, 4, 4, 4, 4, ] | dp = [1, 1, 1, 1, 1, 1, 1, 1, ] | algo = [0, 0, 0, 0, 0, 0, 0, 0, ] | rc = [0, 0, 0, 0, 0, 0, 0, 0] | gpus = [4, 4, 4, 4, 4, 4, 4, 4] | micro_bs = 2 | time = [108723, 107738, 107738, 107738, 107738, 107738, 107738, 111991] | memory = [45337, 39282, 34641, 30001, 25361, 20720, 16080, 12795]
case 18|160201.93|16360.93| op = [66, 65, 65, 65, 65, 65, 65, 67]| tp = [4, 4, 4, 4, 4, 4, 4, 4, ] | dp = [1, 1, 1, 1, 1, 1, 1, 1, ] | algo = [0, 0, 0, 0, 0, 0, 0, 0, ] | rc = [65, 65, 65, 65, 65, 65, 65, 66] | gpus = [4, 4, 4, 4, 4, 4, 4, 4] | micro_bs = 4 | time = [156928, 156124, 156124, 156124, 156124, 156124, 156124, 160201] | memory = [16360, 14200, 13520, 12840, 12160, 11480, 10800, 11560]
fail case|111793.70|83325.77| op = [66, 65, 65, 65, 65, 65, 65, 67]| tp = [4, 4, 4, 4, 4, 4, 4, 4, ] | dp = [1, 1, 1, 1, 1, 1, 1, 1, ] | algo = [0, 0, 0, 0, 0, 0, 0, 0, ] | rc = [0, 0, 0, 0, 0, 0, 0, 0] | gpus = [4, 4, 4, 4, 4, 4, 4, 4] | micro_bs = 4 | time = [108613, 107809, 107809, 107809, 107809, 107809, 107809, 111793] | memory = [83325, 72564, 63283, 54003, 44722, 35441, 26161, 18440]
case 19|162245.61|25561.87| op = [66, 65, 65, 65, 65, 65, 65, 67]| tp = [4, 4, 4, 4, 4, 4, 4, 4, ] | dp = [1, 1, 1, 1, 1, 1, 1, 1, ] | algo = [0, 0, 0, 0, 0, 0, 0, 0, ] | rc = [65, 65, 65, 65, 65, 65, 65, 66] | gpus = [4, 4, 4, 4, 4, 4, 4, 4] | micro_bs = 8 | time = [158978, 158268, 158268, 158268, 158268, 158268, 158268, 162245] | memory = [25561, 22400, 21040, 19680, 18320, 16960, 15600, 16120]
fail case|112895.15|159491.62| op = [66, 65, 65, 65, 65, 65, 65, 67]| tp = [4, 4, 4, 4, 4, 4, 4, 4, ] | dp = [1, 1, 1, 1, 1, 1, 1, 1, ] | algo = [0, 0, 0, 0, 0, 0, 0, 0, ] | rc = [0, 0, 0, 0, 0, 0, 0, 0] | gpus = [4, 4, 4, 4, 4, 4, 4, 4] | micro_bs = 8 | time = [109716, 109007, 109007, 109007, 109007, 109007, 109007, 112895] | memory = [159491, 139128, 120567, 102006, 83445, 64883, 46322, 29881]


best_0|87603.48|20370.47| op = [66, 65, 65, 65, 65, 65, 65, 67]| tp = [2, 2, 2, 2, 2, 2, 2, 2, ] | dp = [2, 2, 2, 2, 2, 2, 2, 2, ] | algo = [0, 0, 0, 0, 0, 0, 0, 0, ] | rc = [65, 65, 65, 65, 65, 65, 65, 66] | gpus = [4, 4, 4, 4, 4, 4, 4, 4] | micro_bs = 4 | time = [84182, 83999, 83999, 83999, 83999, 83999, 83999, 87603] | memory = [20370, 17540, 17200, 16860, 16520, 16180, 15840, 18070]
config has been saved to /home/liminglong.lml/sxz/SuperScaler/logs-large/megatron/configs/gpt/13B/gpt_13B_40layers_megatron_est_87603.json
[TOTAL TIME] 0.24630427360534668 s.
