------------------------ arguments ------------------------
  adaptive_hyper_parameters ....................... 5
  add_action_finetune_algo ........................ False
  add_action_finetune_dim ......................... False
  add_action_tp_dp_exchange ....................... False
  add_action_tune_tp_dp ........................... False
  check_recompute_with_group ...................... False
  config_save_path ................................ /home/liminglong.lml/sxz/SuperScaler/logs-large/megatron/configs/gpt/6_7B/
  config_suffix ................................... 2026-5-14-6-9-39
  consider_collective_memory ...................... False
  consider_reserved_space ......................... True
  consider_shared_space ........................... True
  continue_when_fail .............................. True
  decoder_seq_len ................................. 512
  end_num_stages .................................. 16
  finetune_after_trial ............................ 0
  finetune_tp_dp_after_trial ...................... False
  flex_recompute .................................. True
  forbid_turn_back ................................ False
  global_batch_size ............................... 1024
  high_memory_rate ................................ 0.9
  init_dim ........................................ tp
  initial_point ................................... balance
  log_path ........................................ /home/liminglong.lml/sxz/SuperScaler/logs-large/megatron/search/gpt/6_7B/
  max_num_hops .................................... None
  max_num_trials .................................. 100
  max_op_move_steps ............................... 5
  max_tp .......................................... 8
  memory_limit .................................... 28000
  memory_main_params .............................. 2
  memory_optimizer ................................ 4
  memory_pred_type ................................ MAX
  micro_batch_size ................................ [1, 2, 4, 8]
  min_mbs ......................................... 1
  model_name ...................................... gpt
  model_size ...................................... 6_7B
  multi_process ................................... True
  num_algos ....................................... 2
  num_gpus ........................................ 16
  num_gpus_per_node ............................... 8
  num_layers ...................................... 32
  num_nodes ....................................... 2
  num_of_saved_configs ............................ 1
  num_partners_in_op_mig .......................... 1
  only_top_1_target ............................... False
  op_group_size ................................... 1
  peak_mem_in_backward ............................ 0
  predict_delta_time .............................. False
  print_debug_info ................................ True
  print_gpu_mig_details ........................... False
  print_move_op_details ........................... False
  print_recomp_debug_info ......................... False
  print_recompute_ops ............................. False
  profiled_time_path .............................. /home/liminglong.lml/sxz/SuperScaler/profiler/profiled-time-eurosys/
  random_order_actions ............................ False
  resharding ...................................... True
  save_to_csv ..................................... None
  seq_len ......................................... 2048
  simple_prim_mbs ................................. False
  simple_prim_mig ................................. False
  sort_metric ..................................... max_stage_time
  start_num_stages ................................ 1
  support_comm_predict ............................ False
  time_budget_per_trial ........................... 10
  time_budget_total ............................... 10
-------------------- end of arguments ---------------------
working on num_stages[1], tp_size[2], dp_size[8], mbs[8], recomp[True] ...
working on num_stages[1], tp_size[2], dp_size[8], mbs[8], recomp[False] ...
working on num_stages[1], tp_size[4], dp_size[4], mbs[4], recomp[True] ...
working on num_stages[1], tp_size[4], dp_size[4], mbs[4], recomp[False] ...
working on num_stages[1], tp_size[4], dp_size[4], mbs[8], recomp[True] ...
working on num_stages[1], tp_size[4], dp_size[4], mbs[8], recomp[False] ...
working on num_stages[1], tp_size[8], dp_size[2], mbs[2], recomp[True] ...
working on num_stages[1], tp_size[8], dp_size[2], mbs[2], recomp[False] ...
working on num_stages[1], tp_size[8], dp_size[2], mbs[4], recomp[True] ...
working on num_stages[1], tp_size[8], dp_size[2], mbs[4], recomp[False] ...
working on num_stages[1], tp_size[8], dp_size[2], mbs[8], recomp[True] ...
working on num_stages[1], tp_size[8], dp_size[2], mbs[8], recomp[False] ...
working on num_stages[2], tp_size[1], dp_size[8], mbs[8], recomp[True] ...
working on num_stages[2], tp_size[1], dp_size[8], mbs[8], recomp[False] ...
working on num_stages[2], tp_size[2], dp_size[4], mbs[4], recomp[True] ...
working on num_stages[2], tp_size[2], dp_size[4], mbs[4], recomp[False] ...
working on num_stages[2], tp_size[2], dp_size[4], mbs[8], recomp[True] ...
working on num_stages[2], tp_size[2], dp_size[4], mbs[8], recomp[False] ...
working on num_stages[2], tp_size[4], dp_size[2], mbs[2], recomp[True] ...
working on num_stages[2], tp_size[4], dp_size[2], mbs[2], recomp[False] ...
working on num_stages[2], tp_size[4], dp_size[2], mbs[4], recomp[True] ...
working on num_stages[2], tp_size[4], dp_size[2], mbs[4], recomp[False] ...
working on num_stages[2], tp_size[4], dp_size[2], mbs[8], recomp[True] ...
working on num_stages[2], tp_size[4], dp_size[2], mbs[8], recomp[False] ...
working on num_stages[2], tp_size[8], dp_size[1], mbs[1], recomp[True] ...
working on num_stages[2], tp_size[8], dp_size[1], mbs[1], recomp[False] ...
working on num_stages[2], tp_size[8], dp_size[1], mbs[2], recomp[True] ...
working on num_stages[2], tp_size[8], dp_size[1], mbs[2], recomp[False] ...
working on num_stages[2], tp_size[8], dp_size[1], mbs[4], recomp[True] ...
working on num_stages[2], tp_size[8], dp_size[1], mbs[4], recomp[False] ...
working on num_stages[2], tp_size[8], dp_size[1], mbs[8], recomp[True] ...
working on num_stages[2], tp_size[8], dp_size[1], mbs[8], recomp[False] ...
working on num_stages[4], tp_size[1], dp_size[4], mbs[4], recomp[True] ...
working on num_stages[4], tp_size[1], dp_size[4], mbs[4], recomp[False] ...
working on num_stages[4], tp_size[1], dp_size[4], mbs[8], recomp[True] ...
working on num_stages[4], tp_size[1], dp_size[4], mbs[8], recomp[False] ...
working on num_stages[4], tp_size[2], dp_size[2], mbs[2], recomp[True] ...
working on num_stages[4], tp_size[2], dp_size[2], mbs[2], recomp[False] ...
working on num_stages[4], tp_size[2], dp_size[2], mbs[4], recomp[True] ...
working on num_stages[4], tp_size[2], dp_size[2], mbs[4], recomp[False] ...
working on num_stages[4], tp_size[2], dp_size[2], mbs[8], recomp[True] ...
working on num_stages[4], tp_size[2], dp_size[2], mbs[8], recomp[False] ...
working on num_stages[4], tp_size[4], dp_size[1], mbs[1], recomp[True] ...
working on num_stages[4], tp_size[4], dp_size[1], mbs[1], recomp[False] ...
working on num_stages[4], tp_size[4], dp_size[1], mbs[2], recomp[True] ...
working on num_stages[4], tp_size[4], dp_size[1], mbs[2], recomp[False] ...
working on num_stages[4], tp_size[4], dp_size[1], mbs[4], recomp[True] ...
working on num_stages[4], tp_size[4], dp_size[1], mbs[4], recomp[False] ...
working on num_stages[4], tp_size[4], dp_size[1], mbs[8], recomp[True] ...
working on num_stages[4], tp_size[4], dp_size[1], mbs[8], recomp[False] ...
working on num_stages[8], tp_size[1], dp_size[2], mbs[2], recomp[True] ...
working on num_stages[8], tp_size[1], dp_size[2], mbs[2], recomp[False] ...
working on num_stages[8], tp_size[1], dp_size[2], mbs[4], recomp[True] ...
working on num_stages[8], tp_size[1], dp_size[2], mbs[4], recomp[False] ...
working on num_stages[8], tp_size[1], dp_size[2], mbs[8], recomp[True] ...
working on num_stages[8], tp_size[1], dp_size[2], mbs[8], recomp[False] ...
working on num_stages[8], tp_size[2], dp_size[1], mbs[1], recomp[True] ...
working on num_stages[8], tp_size[2], dp_size[1], mbs[1], recomp[False] ...
working on num_stages[8], tp_size[2], dp_size[1], mbs[2], recomp[True] ...
working on num_stages[8], tp_size[2], dp_size[1], mbs[2], recomp[False] ...
working on num_stages[8], tp_size[2], dp_size[1], mbs[4], recomp[True] ...
working on num_stages[8], tp_size[2], dp_size[1], mbs[4], recomp[False] ...
working on num_stages[8], tp_size[2], dp_size[1], mbs[8], recomp[True] ...
working on num_stages[8], tp_size[2], dp_size[1], mbs[8], recomp[False] ...
working on num_stages[16], tp_size[1], dp_size[1], mbs[1], recomp[True] ...
working on num_stages[16], tp_size[1], dp_size[1], mbs[1], recomp[False] ...
working on num_stages[16], tp_size[1], dp_size[1], mbs[2], recomp[True] ...
working on num_stages[16], tp_size[1], dp_size[1], mbs[2], recomp[False] ...
working on num_stages[16], tp_size[1], dp_size[1], mbs[4], recomp[True] ...
working on num_stages[16], tp_size[1], dp_size[1], mbs[4], recomp[False] ...
working on num_stages[16], tp_size[1], dp_size[1], mbs[8], recomp[True] ...
working on num_stages[16], tp_size[1], dp_size[1], mbs[8], recomp[False] ...
fail case|102857.44|60648.10| op = [419]| tp = [2, ] | dp = [8, ] | algo = [0, ] | rc = [417] | gpus = [16] | micro_bs = 8 | time = [102857] | memory = [60648]
fail case|71696.46|79249.09| op = [419]| tp = [2, ] | dp = [8, ] | algo = [0, ] | rc = [0] | gpus = [16] | micro_bs = 8 | time = [71696] | memory = [79249]
fail case|194582.17|30844.10| op = [419]| tp = [4, ] | dp = [4, ] | algo = [0, ] | rc = [417] | gpus = [16] | micro_bs = 4 | time = [194582] | memory = [30844]
fail case|133401.76|41509.09| op = [419]| tp = [4, ] | dp = [4, ] | algo = [0, ] | rc = [0] | gpus = [16] | micro_bs = 4 | time = [133401] | memory = [41509]
fail case|189831.13|32128.19| op = [419]| tp = [4, ] | dp = [4, ] | algo = [0, ] | rc = [417] | gpus = [16] | micro_bs = 8 | time = [189831] | memory = [32128]
fail case|130068.90|53458.12| op = [419]| tp = [4, ] | dp = [4, ] | algo = [0, ] | rc = [0] | gpus = [16] | micro_bs = 8 | time = [130068] | memory = [53458]
case 0|385097.68|15942.10| op = [419]| tp = [8, ] | dp = [2, ] | algo = [0, ] | rc = [417] | gpus = [16] | micro_bs = 2 | time = [385097] | memory = [15942]
case 1|261382.19|22639.09| op = [419]| tp = [8, ] | dp = [2, ] | algo = [0, ] | rc = [0] | gpus = [16] | micro_bs = 2 | time = [261382] | memory = [22639]
case 2|374705.00|17048.20| op = [419]| tp = [8, ] | dp = [2, ] | algo = [0, ] | rc = [417] | gpus = [16] | micro_bs = 4 | time = [374705] | memory = [17048]
fail case|254278.76|30442.12| op = [419]| tp = [8, ] | dp = [2, ] | algo = [0, ] | rc = [0] | gpus = [16] | micro_bs = 4 | time = [254278] | memory = [30442]
case 3|367727.03|19228.39| op = [419]| tp = [8, ] | dp = [2, ] | algo = [0, ] | rc = [417] | gpus = [16] | micro_bs = 8 | time = [367727] | memory = [19228]
fail case|249445.64|46016.23| op = [419]| tp = [8, ] | dp = [2, ] | algo = [0, ] | rc = [0] | gpus = [16] | micro_bs = 8 | time = [249445] | memory = [46016]
fail case|42197.12|60992.05| op = [209, 210]| tp = [1, 1, ] | dp = [8, 8, ] | algo = [0, 0, ] | rc = [208, 209] | gpus = [8, 8] | micro_bs = 8 | time = [40719, 42197] | memory = [60992, 60824]
fail case|31345.50|95441.04| op = [209, 210]| tp = [1, 1, ] | dp = [8, 8, ] | algo = [0, 0, ] | rc = [0, 0] | gpus = [8, 8] | micro_bs = 8 | time = [29874, 31345] | memory = [95441, 77504]
fail case|104858.68|31032.08| op = [209, 210]| tp = [2, 2, ] | dp = [4, 4, ] | algo = [0, 0, ] | rc = [208, 209] | gpus = [8, 8] | micro_bs = 4 | time = [103304, 104858] | memory = [31032, 30664]
fail case|73570.36|49609.08| op = [209, 210]| tp = [2, 2, ] | dp = [4, 4, ] | algo = [0, 0, ] | rc = [0, 0] | gpus = [8, 8] | micro_bs = 4 | time = [72027, 73570] | memory = [49609, 39664]
fail case|101173.60|32472.16| op = [209, 210]| tp = [2, 2, ] | dp = [4, 4, ] | algo = [0, 0, ] | rc = [208, 209] | gpus = [8, 8] | micro_bs = 8 | time = [99690, 101173] | memory = [32472, 31912]
fail case|70869.31|69626.09| op = [209, 210]| tp = [2, 2, ] | dp = [4, 4, ] | algo = [0, 0, ] | rc = [0, 0] | gpus = [8, 8] | micro_bs = 8 | time = [69405, 70869] | memory = [69626, 49913]
case 4|197403.55|16052.08| op = [209, 210]| tp = [4, 4, ] | dp = [2, 2, ] | algo = [0, 0, ] | rc = [208, 209] | gpus = [8, 8] | micro_bs = 2 | time = [195804, 197403] | memory = [16052, 15584]
case 5|136092.00|26693.08| op = [209, 210]| tp = [4, 4, ] | dp = [2, 2, ] | algo = [0, 0, ] | rc = [0, 0] | gpus = [8, 8] | micro_bs = 2 | time = [134515, 136092] | memory = [26693, 20744]
case 6|192858.78|17236.16| op = [209, 210]| tp = [4, 4, ] | dp = [2, 2, ] | algo = [0, 0, ] | rc = [208, 209] | gpus = [8, 8] | micro_bs = 4 | time = [191355, 192858] | memory = [17236, 16476]
fail case|132843.23|38518.09| op = [209, 210]| tp = [4, 4, ] | dp = [2, 2, ] | algo = [0, 0, ] | rc = [0, 0] | gpus = [8, 8] | micro_bs = 4 | time = [131379, 132843] | memory = [38518, 26797]
case 7|190114.67|19604.33| op = [209, 210]| tp = [4, 4, ] | dp = [2, 2, ] | algo = [0, 0, ] | rc = [208, 209] | gpus = [8, 8] | micro_bs = 8 | time = [188656, 190114] | memory = [19604, 18228]
fail case|130819.62|62168.17| op = [209, 210]| tp = [4, 4, ] | dp = [2, 2, ] | algo = [0, 0, ] | rc = [0, 0] | gpus = [8, 8] | micro_bs = 8 | time = [129397, 130819] | memory = [62168, 38870]
case 8|389644.27|8562.08| op = [209, 210]| tp = [8, 8, ] | dp = [1, 1, ] | algo = [0, 0, ] | rc = [208, 209] | gpus = [8, 8] | micro_bs = 1 | time = [387863, 389644] | memory = [8562, 8044]
case 9|265785.75|15235.08| op = [209, 210]| tp = [8, 8, ] | dp = [1, 1, ] | algo = [0, 0, ] | rc = [0, 0] | gpus = [8, 8] | micro_bs = 1 | time = [264049, 265785] | memory = [15235, 11284]
case 10|379195.45|9618.16| op = [209, 210]| tp = [8, 8, ] | dp = [1, 1, ] | algo = [0, 0, ] | rc = [208, 209] | gpus = [8, 8] | micro_bs = 2 | time = [377803, 379195] | memory = [9618, 8758]
case 11|258494.11|22964.09| op = [209, 210]| tp = [8, 8, ] | dp = [1, 1, ] | algo = [0, 0, ] | rc = [0, 0] | gpus = [8, 8] | micro_bs = 2 | time = [257182, 258494] | memory = [22964, 15239]
case 12|372884.10|11730.33| op = [209, 210]| tp = [8, 8, ] | dp = [1, 1, ] | algo = [0, 0, ] | rc = [208, 209] | gpus = [8, 8] | micro_bs = 4 | time = [371568, 372884] | memory = [11730, 10154]
fail case|254104.61|38422.17| op = [209, 210]| tp = [8, 8, ] | dp = [1, 1, ] | algo = [0, 0, ] | rc = [0, 0] | gpus = [8, 8] | micro_bs = 4 | time = [252861, 254104] | memory = [38422, 23116]
case 13|369604.19|16528.52| op = [209, 210]| tp = [8, 8, ] | dp = [1, 1, ] | algo = [0, 0, ] | rc = [208, 209] | gpus = [8, 8] | micro_bs = 8 | time = [368362, 369604] | memory = [16528, 13408]
fail case|251696.85|69912.26| op = [209, 210]| tp = [8, 8, ] | dp = [1, 1, ] | algo = [0, 0, ] | rc = [0, 0] | gpus = [8, 8] | micro_bs = 8 | time = [250523, 251696] | memory = [69912, 39332]
fail case|43711.80|33392.06| op = [105, 104, 104, 106]| tp = [1, 1, 1, 1, ] | dp = [4, 4, 4, 4, ] | algo = [0, 0, 0, 0, ] | rc = [104, 104, 104, 105] | gpus = [4, 4, 4, 4] | micro_bs = 4 | time = [40745, 41122, 41122, 43711] | memory = [33392, 29408, 29200, 32984]
fail case|32812.40|67841.06| op = [105, 104, 104, 106]| tp = [1, 1, 1, 1, ] | dp = [4, 4, 4, 4, ] | algo = [0, 0, 0, 0, ] | rc = [0, 0, 0, 0] | gpus = [4, 4, 4, 4] | micro_bs = 4 | time = [29857, 30235, 30235, 32812] | memory = [67841, 54960, 45856, 40768]
fail case|43325.94|35392.13| op = [105, 104, 104, 106]| tp = [1, 1, 1, 1, ] | dp = [4, 4, 4, 4, ] | algo = [0, 0, 0, 0, ] | rc = [104, 104, 104, 105] | gpus = [4, 4, 4, 4] | micro_bs = 8 | time = [40277, 40739, 40739, 43325] | memory = [35392, 31168, 30752, 34752]
fail case|32393.04|104290.05| op = [105, 104, 104, 106]| tp = [1, 1, 1, 1, ] | dp = [4, 4, 4, 4, ] | algo = [0, 0, 0, 0, ] | rc = [0, 0, 0, 0] | gpus = [4, 4, 4, 4] | micro_bs = 8 | time = [29364, 29826, 29826, 32393] | memory = [104290, 82273, 64064, 50320]
case 14|106840.11|17256.14| op = [105, 104, 104, 106]| tp = [2, 2, 2, 2, ] | dp = [2, 2, 2, 2, ] | algo = [0, 0, 0, 0, ] | rc = [104, 104, 104, 105] | gpus = [4, 4, 4, 4] | micro_bs = 2 | time = [103725, 103510, 103510, 106840] | memory = [17256, 15072, 14864, 16648]
fail case|75479.62|35833.13| op = [105, 104, 104, 106]| tp = [2, 2, 2, 2, ] | dp = [2, 2, 2, 2, ] | algo = [0, 0, 0, 0, ] | rc = [0, 0, 0, 0] | gpus = [4, 4, 4, 4] | micro_bs = 2 | time = [72387, 72172, 72172, 75479] | memory = [35833, 28848, 23840, 20848]
case 15|103215.55|18744.27| op = [105, 104, 104, 106]| tp = [2, 2, 2, 2, ] | dp = [2, 2, 2, 2, ] | algo = [0, 0, 0, 0, ] | rc = [104, 104, 104, 105] | gpus = [4, 4, 4, 4] | micro_bs = 4 | time = [100237, 100062, 100062, 103215] | memory = [18744, 16320, 15904, 17704]
fail case|72773.96|55898.19| op = [105, 104, 104, 106]| tp = [2, 2, 2, 2, ] | dp = [2, 2, 2, 2, ] | algo = [0, 0, 0, 0, ] | rc = [0, 0, 0, 0] | gpus = [4, 4, 4, 4] | micro_bs = 4 | time = [69835, 69660, 69660, 72773] | memory = [55898, 43873, 33856, 26104]
case 16|102309.88|22528.53| op = [105, 104, 104, 106]| tp = [2, 2, 2, 2, ] | dp = [2, 2, 2, 2, ] | algo = [0, 0, 0, 0, ] | rc = [104, 104, 104, 105] | gpus = [4, 4, 4, 4] | micro_bs = 8 | time = [99247, 99197, 99197, 102309] | memory = [22528, 19840, 19008, 20608]
fail case|71980.44|96836.37| op = [105, 104, 104, 106]| tp = [2, 2, 2, 2, ] | dp = [2, 2, 2, 2, ] | algo = [0, 0, 0, 0, ] | rc = [0, 0, 0, 0] | gpus = [4, 4, 4, 4] | micro_bs = 8 | time = [68953, 68904, 68904, 71980] | memory = [96836, 74946, 54913, 37409]
case 17|199801.27|9188.14| op = [105, 104, 104, 106]| tp = [4, 4, 4, 4, ] | dp = [1, 1, 1, 1, ] | algo = [0, 0, 0, 0, ] | rc = [104, 104, 104, 105] | gpus = [4, 4, 4, 4] | micro_bs = 1 | time = [196599, 195840, 195840, 199801] | memory = [9188, 7904, 7696, 8480]
case 18|138406.67|19829.13| op = [105, 104, 104, 106]| tp = [4, 4, 4, 4, ] | dp = [1, 1, 1, 1, ] | algo = [0, 0, 0, 0, ] | rc = [0, 0, 0, 0] | gpus = [4, 4, 4, 4] | micro_bs = 1 | time = [135251, 134492, 134492, 138406] | memory = [19829, 15792, 12832, 10888]
case 19|195307.17|10420.27| op = [105, 104, 104, 106]| tp = [4, 4, 4, 4, ] | dp = [1, 1, 1, 1, ] | algo = [0, 0, 0, 0, ] | rc = [104, 104, 104, 105] | gpus = [4, 4, 4, 4] | micro_bs = 2 | time = [192294, 191452, 191452, 195307] | memory = [10420, 8896, 8480, 9180]
fail case|135135.02|31702.19| op = [105, 104, 104, 106]| tp = [4, 4, 4, 4, ] | dp = [1, 1, 1, 1, ] | algo = [0, 0, 0, 0, ] | rc = [0, 0, 0, 0] | gpus = [4, 4, 4, 4] | micro_bs = 2 | time = [132201, 131359, 131359, 135135] | memory = [31702, 24673, 18752, 13996]
case 20|192738.17|13280.53| op = [105, 104, 104, 106]| tp = [4, 4, 4, 4, ] | dp = [1, 1, 1, 1, ] | algo = [0, 0, 0, 0, ] | rc = [104, 104, 104, 105] | gpus = [4, 4, 4, 4] | micro_bs = 4 | time = [189810, 189181, 189181, 192738] | memory = [13280, 11392, 10560, 10960]
fail case|133177.23|55844.37| op = [105, 104, 104, 106]| tp = [4, 4, 4, 4, ] | dp = [1, 1, 1, 1, ] | algo = [0, 0, 0, 0, ] | rc = [0, 0, 0, 0] | gpus = [4, 4, 4, 4] | micro_bs = 4 | time = [130321, 129692, 129692, 133177] | memory = [55844, 42946, 31105, 20593]
case 21|193520.97|19489.06| op = [105, 104, 104, 106]| tp = [4, 4, 4, 4, ] | dp = [1, 1, 1, 1, ] | algo = [0, 0, 0, 0, ] | rc = [104, 104, 104, 105] | gpus = [4, 4, 4, 4] | micro_bs = 8 | time = [190714, 190049, 190049, 193520] | memory = [19489, 16640, 14976, 14976]
fail case|133400.85|104616.81| op = [105, 104, 104, 106]| tp = [4, 4, 4, 4, ] | dp = [1, 1, 1, 1, ] | algo = [0, 0, 0, 0, ] | rc = [0, 0, 0, 0] | gpus = [4, 4, 4, 4] | micro_bs = 8 | time = [130662, 129997, 129997, 133400] | memory = [104616, 79750, 56068, 34242]
case 22|47265.41|19664.10| op = [53, 52, 52, 52, 52, 52, 52, 54]| tp = [1, 1, 1, 1, 1, 1, 1, 1, ] | dp = [2, 2, 2, 2, 2, 2, 2, 2, ] | algo = [0, 0, 0, 0, 0, 0, 0, 0, ] | rc = [52, 52, 52, 52, 52, 52, 52, 53] | gpus = [2, 2, 2, 2, 2, 2, 2, 2] | micro_bs = 2 | time = [41321, 40554, 40554, 42077, 42077, 40554, 40554, 47265] | memory = [19664, 15744, 15632, 15520, 15408, 15296, 15184, 19064]
fail case|36333.49|54113.09| op = [53, 52, 52, 52, 52, 52, 52, 54]| tp = [1, 1, 1, 1, 1, 1, 1, 1, ] | dp = [2, 2, 2, 2, 2, 2, 2, 2, ] | algo = [0, 0, 0, 0, 0, 0, 0, 0, ] | rc = [0, 0, 0, 0, 0, 0, 0, 0] | gpus = [2, 2, 2, 2, 2, 2, 2, 2] | micro_bs = 2 | time = [30412, 29645, 29645, 31168, 31168, 29645, 29645, 36333] | memory = [54113, 45744, 41184, 36624, 32064, 27504, 22944, 22400]
case 23|46887.63|22368.19| op = [53, 52, 52, 52, 52, 52, 52, 54]| tp = [1, 1, 1, 1, 1, 1, 1, 1, ] | dp = [2, 2, 2, 2, 2, 2, 2, 2, ] | algo = [0, 0, 0, 0, 0, 0, 0, 0, ] | rc = [52, 52, 52, 52, 52, 52, 52, 53] | gpus = [2, 2, 2, 2, 2, 2, 2, 2] | micro_bs = 4 | time = [40766, 40244, 40244, 41694, 41694, 40244, 40244, 46887] | memory = [22368, 18688, 18464, 18240, 18016, 17792, 17568, 21360]
fail case|35892.91|91266.11| op = [53, 52, 52, 52, 52, 52, 52, 54]| tp = [1, 1, 1, 1, 1, 1, 1, 1, ] | dp = [2, 2, 2, 2, 2, 2, 2, 2, ] | algo = [0, 0, 0, 0, 0, 0, 0, 0, ] | rc = [0, 0, 0, 0, 0, 0, 0, 0] | gpus = [2, 2, 2, 2, 2, 2, 2, 2] | micro_bs = 4 | time = [29812, 29289, 29289, 30739, 30739, 29289, 29289, 35892] | memory = [91266, 78689, 69569, 60449, 51328, 42208, 33088, 28032]
fail case|47279.54|29120.37| op = [53, 52, 52, 52, 52, 52, 52, 54]| tp = [1, 1, 1, 1, 1, 1, 1, 1, ] | dp = [2, 2, 2, 2, 2, 2, 2, 2, ] | algo = [0, 0, 0, 0, 0, 0, 0, 0, ] | rc = [52, 52, 52, 52, 52, 52, 52, 53] | gpus = [2, 2, 2, 2, 2, 2, 2, 2] | micro_bs = 8 | time = [41180, 40822, 40822, 42282, 42282, 40822, 40822, 47279] | memory = [29120, 25088, 24640, 24192, 23744, 23296, 22848, 27232]
fail case|35925.68|166916.22| op = [53, 52, 52, 52, 52, 52, 52, 54]| tp = [1, 1, 1, 1, 1, 1, 1, 1, ] | dp = [2, 2, 2, 2, 2, 2, 2, 2, ] | algo = [0, 0, 0, 0, 0, 0, 0, 0, ] | rc = [0, 0, 0, 0, 0, 0, 0, 0] | gpus = [2, 2, 2, 2, 2, 2, 2, 2] | micro_bs = 8 | time = [29863, 29504, 29504, 30965, 30965, 29504, 29504, 35925] | memory = [166916, 145091, 126850, 108610, 90369, 72129, 53888, 40576]
case 24|112027.02|10440.24| op = [53, 52, 52, 52, 52, 52, 52, 54]| tp = [2, 2, 2, 2, 2, 2, 2, 2, ] | dp = [1, 1, 1, 1, 1, 1, 1, 1, ] | algo = [0, 0, 0, 0, 0, 0, 0, 0, ] | rc = [52, 52, 52, 52, 52, 52, 52, 53] | gpus = [2, 2, 2, 2, 2, 2, 2, 2] | micro_bs = 1 | time = [105792, 102311, 102311, 105361, 105361, 102311, 102311, 112027] | memory = [10440, 8320, 8208, 8096, 7984, 7872, 7760, 9640]
fail case|80613.50|29017.23| op = [53, 52, 52, 52, 52, 52, 52, 54]| tp = [2, 2, 2, 2, 2, 2, 2, 2, ] | dp = [1, 1, 1, 1, 1, 1, 1, 1, ] | algo = [0, 0, 0, 0, 0, 0, 0, 0, ] | rc = [0, 0, 0, 0, 0, 0, 0, 0] | gpus = [2, 2, 2, 2, 2, 2, 2, 2] | micro_bs = 1 | time = [74423, 70943, 70943, 73993, 73993, 70943, 70943, 80613] | memory = [29017, 24496, 21984, 19472, 16960, 14448, 11936, 11440]
case 25|108173.95|12320.47| op = [53, 52, 52, 52, 52, 52, 52, 54]| tp = [2, 2, 2, 2, 2, 2, 2, 2, ] | dp = [1, 1, 1, 1, 1, 1, 1, 1, ] | algo = [0, 0, 0, 0, 0, 0, 0, 0, ] | rc = [52, 52, 52, 52, 52, 52, 52, 53] | gpus = [2, 2, 2, 2, 2, 2, 2, 2] | micro_bs = 2 | time = [102205, 98949, 98949, 101855, 101855, 98949, 98949, 108173] | memory = [12320, 10240, 10016, 9792, 9568, 9344, 9120, 10912]
fail case|77633.82|49474.39| op = [53, 52, 52, 52, 52, 52, 52, 54]| tp = [2, 2, 2, 2, 2, 2, 2, 2, ] | dp = [1, 1, 1, 1, 1, 1, 1, 1, ] | algo = [0, 0, 0, 0, 0, 0, 0, 0, ] | rc = [0, 0, 0, 0, 0, 0, 0, 0] | gpus = [2, 2, 2, 2, 2, 2, 2, 2] | micro_bs = 2 | time = [71744, 68488, 68488, 71395, 71395, 68488, 68488, 77633] | memory = [49474, 42593, 37569, 32545, 27520, 22496, 17472, 14512]
case 26|107401.56|16768.93| op = [53, 52, 52, 52, 52, 52, 52, 54]| tp = [2, 2, 2, 2, 2, 2, 2, 2, ] | dp = [1, 1, 1, 1, 1, 1, 1, 1, ] | algo = [0, 0, 0, 0, 0, 0, 0, 0, ] | rc = [52, 52, 52, 52, 52, 52, 52, 53] | gpus = [2, 2, 2, 2, 2, 2, 2, 2] | micro_bs = 4 | time = [101252, 98219, 98219, 101152, 101152, 98219, 98219, 107401] | memory = [16768, 14336, 13888, 13440, 12992, 12544, 12096, 14080]
fail case|76920.21|91076.78| op = [53, 52, 52, 52, 52, 52, 52, 54]| tp = [2, 2, 2, 2, 2, 2, 2, 2, ] | dp = [1, 1, 1, 1, 1, 1, 1, 1, ] | algo = [0, 0, 0, 0, 0, 0, 0, 0, ] | rc = [0, 0, 0, 0, 0, 0, 0, 0] | gpus = [2, 2, 2, 2, 2, 2, 2, 2] | micro_bs = 4 | time = [70843, 67810, 67810, 70743, 70743, 67810, 67810, 76920] | memory = [91076, 79043, 68994, 58946, 48897, 38849, 28800, 21280]
case 27|107279.66|25665.87| op = [53, 52, 52, 52, 52, 52, 52, 54]| tp = [2, 2, 2, 2, 2, 2, 2, 2, ] | dp = [1, 1, 1, 1, 1, 1, 1, 1, ] | algo = [0, 0, 0, 0, 0, 0, 0, 0, ] | rc = [52, 52, 52, 52, 52, 52, 52, 53] | gpus = [2, 2, 2, 2, 2, 2, 2, 2] | micro_bs = 8 | time = [101435, 98528, 98528, 101364, 101364, 98528, 98528, 107279] | memory = [25665, 22528, 21632, 20736, 19840, 18944, 18048, 20416]
fail case|76730.89|174281.62| op = [53, 52, 52, 52, 52, 52, 52, 54]| tp = [2, 2, 2, 2, 2, 2, 2, 2, ] | dp = [1, 1, 1, 1, 1, 1, 1, 1, ] | algo = [0, 0, 0, 0, 0, 0, 0, 0, ] | rc = [0, 0, 0, 0, 0, 0, 0, 0] | gpus = [2, 2, 2, 2, 2, 2, 2, 2] | micro_bs = 8 | time = [70955, 68047, 68047, 70883, 70883, 68047, 68047, 76730] | memory = [174281, 151943, 131846, 111749, 91652, 71555, 51458, 34817]
case 28|54256.13|13040.16| op = [27, 26, 26, 26, 26, 26, 26, 26, 26, 26, 26, 26, 26, 26, 26, 28]| tp = [1, 1, 1, 1, 1, 1, 1, 1, 1, 1, 1, 1, 1, 1, 1, 1, ] | dp = [1, 1, 1, 1, 1, 1, 1, 1, 1, 1, 1, 1, 1, 1, 1, 1, ] | algo = [0, 0, 0, 0, 0, 0, 0, 0, 0, 0, 0, 0, 0, 0, 0, 0, ] | rc = [26, 26, 26, 26, 26, 26, 26, 26, 26, 26, 26, 26, 26, 26, 26, 27] | gpus = [1, 1, 1, 1, 1, 1, 1, 1, 1, 1, 1, 1, 1, 1, 1, 1] | micro_bs = 1 | time = [42357, 40820, 40820, 40820, 40820, 40820, 40820, 43870, 43870, 40820, 40820, 40820, 40820, 40820, 40820, 54256] | memory = [13040, 9520, 9456, 9392, 9328, 9264, 9200, 9136, 9072, 9008, 8944, 8880, 8816, 8752, 8688, 12216]
fail case|43290.72|47489.15| op = [27, 26, 26, 26, 26, 26, 26, 26, 26, 26, 26, 26, 26, 26, 26, 28]| tp = [1, 1, 1, 1, 1, 1, 1, 1, 1, 1, 1, 1, 1, 1, 1, 1, ] | dp = [1, 1, 1, 1, 1, 1, 1, 1, 1, 1, 1, 1, 1, 1, 1, 1, ] | algo = [0, 0, 0, 0, 0, 0, 0, 0, 0, 0, 0, 0, 0, 0, 0, 0, ] | rc = [0, 0, 0, 0, 0, 0, 0, 0, 0, 0, 0, 0, 0, 0, 0, 0] | gpus = [1, 1, 1, 1, 1, 1, 1, 1, 1, 1, 1, 1, 1, 1, 1, 1] | micro_bs = 1 | time = [31437, 29901, 29901, 29901, 29901, 29901, 29901, 32950, 32950, 29901, 29901, 29901, 29901, 29901, 29901, 43290] | memory = [47489, 41744, 39456, 37168, 34880, 32592, 30304, 28016, 25728, 23440, 21152, 18864, 16576, 14288, 12000, 13328]
case 29|53782.55|16608.32| op = [27, 26, 26, 26, 26, 26, 26, 26, 26, 26, 26, 26, 26, 26, 26, 28]| tp = [1, 1, 1, 1, 1, 1, 1, 1, 1, 1, 1, 1, 1, 1, 1, 1, ] | dp = [1, 1, 1, 1, 1, 1, 1, 1, 1, 1, 1, 1, 1, 1, 1, 1, ] | algo = [0, 0, 0, 0, 0, 0, 0, 0, 0, 0, 0, 0, 0, 0, 0, 0, ] | rc = [26, 26, 26, 26, 26, 26, 26, 26, 26, 26, 26, 26, 26, 26, 26, 27] | gpus = [1, 1, 1, 1, 1, 1, 1, 1, 1, 1, 1, 1, 1, 1, 1, 1] | micro_bs = 2 | time = [41517, 40469, 40469, 40469, 40469, 40469, 40469, 43375, 43375, 40469, 40469, 40469, 40469, 40469, 40469, 53782] | memory = [16608, 12896, 12768, 12640, 12512, 12384, 12256, 12128, 12000, 11872, 11744, 11616, 11488, 11360, 11232, 15120]
fail case|42726.68|85506.24| op = [27, 26, 26, 26, 26, 26, 26, 26, 26, 26, 26, 26, 26, 26, 26, 28]| tp = [1, 1, 1, 1, 1, 1, 1, 1, 1, 1, 1, 1, 1, 1, 1, 1, ] | dp = [1, 1, 1, 1, 1, 1, 1, 1, 1, 1, 1, 1, 1, 1, 1, 1, ] | algo = [0, 0, 0, 0, 0, 0, 0, 0, 0, 0, 0, 0, 0, 0, 0, 0, ] | rc = [0, 0, 0, 0, 0, 0, 0, 0, 0, 0, 0, 0, 0, 0, 0, 0] | gpus = [1, 1, 1, 1, 1, 1, 1, 1, 1, 1, 1, 1, 1, 1, 1, 1] | micro_bs = 2 | time = [30541, 29494, 29494, 29494, 29494, 29494, 29494, 32400, 32400, 29494, 29494, 29494, 29494, 29494, 29494, 42726] | memory = [85506, 77345, 72769, 68193, 63617, 59041, 54465, 49889, 45312, 40736, 36160, 31584, 27008, 22432, 17856, 17344]
case 30|54052.09|23744.62| op = [27, 26, 26, 26, 26, 26, 26, 26, 26, 26, 26, 26, 26, 26, 26, 28]| tp = [1, 1, 1, 1, 1, 1, 1, 1, 1, 1, 1, 1, 1, 1, 1, 1, ] | dp = [1, 1, 1, 1, 1, 1, 1, 1, 1, 1, 1, 1, 1, 1, 1, 1, ] | algo = [0, 0, 0, 0, 0, 0, 0, 0, 0, 0, 0, 0, 0, 0, 0, 0, ] | rc = [26, 26, 26, 26, 26, 26, 26, 26, 26, 26, 26, 26, 26, 26, 26, 27] | gpus = [1, 1, 1, 1, 1, 1, 1, 1, 1, 1, 1, 1, 1, 1, 1, 1] | micro_bs = 4 | time = [41806, 41086, 41086, 41086, 41086, 41086, 41086, 44018, 44018, 41086, 41086, 41086, 41086, 41086, 41086, 54052] | memory = [23744, 19648, 19392, 19136, 18880, 18624, 18368, 18112, 17856, 17600, 17344, 17088, 16832, 16576, 16320, 20896]
fail case|42619.61|161540.46| op = [27, 26, 26, 26, 26, 26, 26, 26, 26, 26, 26, 26, 26, 26, 26, 28]| tp = [1, 1, 1, 1, 1, 1, 1, 1, 1, 1, 1, 1, 1, 1, 1, 1, ] | dp = [1, 1, 1, 1, 1, 1, 1, 1, 1, 1, 1, 1, 1, 1, 1, 1, ] | algo = [0, 0, 0, 0, 0, 0, 0, 0, 0, 0, 0, 0, 0, 0, 0, 0, ] | rc = [0, 0, 0, 0, 0, 0, 0, 0, 0, 0, 0, 0, 0, 0, 0, 0] | gpus = [1, 1, 1, 1, 1, 1, 1, 1, 1, 1, 1, 1, 1, 1, 1, 1] | micro_bs = 4 | time = [30447, 29727, 29727, 29727, 29727, 29727, 29727, 32659, 32659, 29727, 29727, 29727, 29727, 29727, 29727, 42619] | memory = [161540, 148547, 139395, 130243, 121090, 111938, 102786, 93634, 84481, 75329, 66177, 57025, 47872, 38720, 29568, 25344]
fail case|55343.99|38017.24| op = [27, 26, 26, 26, 26, 26, 26, 26, 26, 26, 26, 26, 26, 26, 26, 28]| tp = [1, 1, 1, 1, 1, 1, 1, 1, 1, 1, 1, 1, 1, 1, 1, 1, ] | dp = [1, 1, 1, 1, 1, 1, 1, 1, 1, 1, 1, 1, 1, 1, 1, 1, ] | algo = [0, 0, 0, 0, 0, 0, 0, 0, 0, 0, 0, 0, 0, 0, 0, 0, ] | rc = [26, 26, 26, 26, 26, 26, 26, 26, 26, 26, 26, 26, 26, 26, 26, 27] | gpus = [1, 1, 1, 1, 1, 1, 1, 1, 1, 1, 1, 1, 1, 1, 1, 1] | micro_bs = 8 | time = [43284, 42719, 42719, 42719, 42719, 42719, 42719, 45555, 45555, 42719, 42719, 42719, 42719, 42719, 42719, 55343] | memory = [38017, 33152, 32640, 32128, 31616, 31104, 30592, 30080, 29568, 29056, 28544, 28032, 27520, 27008, 26496, 32448]
fail case|43360.65|313608.99| op = [27, 26, 26, 26, 26, 26, 26, 26, 26, 26, 26, 26, 26, 26, 26, 28]| tp = [1, 1, 1, 1, 1, 1, 1, 1, 1, 1, 1, 1, 1, 1, 1, 1, ] | dp = [1, 1, 1, 1, 1, 1, 1, 1, 1, 1, 1, 1, 1, 1, 1, 1, ] | algo = [0, 0, 0, 0, 0, 0, 0, 0, 0, 0, 0, 0, 0, 0, 0, 0, ] | rc = [0, 0, 0, 0, 0, 0, 0, 0, 0, 0, 0, 0, 0, 0, 0, 0] | gpus = [1, 1, 1, 1, 1, 1, 1, 1, 1, 1, 1, 1, 1, 1, 1, 1] | micro_bs = 8 | time = [31370, 30804, 30804, 30804, 30804, 30804, 30804, 33640, 33640, 30804, 30804, 30804, 30804, 30804, 30804, 43360] | memory = [313608, 290951, 272647, 254342, 236038, 217733, 199429, 181124, 162820, 144515, 126211, 107906, 89602, 71297, 52993, 41344]


best_0|46887.63|22368.19| op = [53, 52, 52, 52, 52, 52, 52, 54]| tp = [1, 1, 1, 1, 1, 1, 1, 1, ] | dp = [2, 2, 2, 2, 2, 2, 2, 2, ] | algo = [0, 0, 0, 0, 0, 0, 0, 0, ] | rc = [52, 52, 52, 52, 52, 52, 52, 53] | gpus = [2, 2, 2, 2, 2, 2, 2, 2] | micro_bs = 4 | time = [40766, 40244, 40244, 41694, 41694, 40244, 40244, 46887] | memory = [22368, 18688, 18464, 18240, 18016, 17792, 17568, 21360]
config has been saved to /home/liminglong.lml/sxz/SuperScaler/logs-large/megatron/configs/gpt/6_7B/gpt_6_7B_32layers_megatron_est_46887.json
[TOTAL TIME] 0.24904346466064453 s.
