------------------------ arguments ------------------------
  adaptive_hyper_parameters ....................... 5
  add_action_finetune_algo ........................ False
  add_action_finetune_dim ......................... False
  add_action_tp_dp_exchange ....................... False
  add_action_tune_tp_dp ........................... False
  check_recompute_with_group ...................... False
  config_save_path ................................ /home/liminglong.lml/sxz/SuperScaler/logs-large/megatron/configs/scale-layer/1024layers/
  config_suffix ................................... 2026-5-16-3-8-4
  consider_collective_memory ...................... False
  consider_reserved_space ......................... True
  consider_shared_space ........................... True
  continue_when_fail .............................. True
  decoder_seq_len ................................. 512
  end_num_stages .................................. 8
  finetune_after_trial ............................ 0
  finetune_tp_dp_after_trial ...................... False
  flex_recompute .................................. True
  forbid_turn_back ................................ False
  global_batch_size ............................... 1024
  high_memory_rate ................................ 0.9
  init_dim ........................................ tp
  initial_point ................................... balance
  log_path ........................................ /home/liminglong.lml/sxz/SuperScaler/logs-large/megatron/search/scale-layer/1024layers/
  max_num_hops .................................... None
  max_num_trials .................................. 100
  max_op_move_steps ............................... 5
  max_tp .......................................... 8
  memory_limit .................................... 28000
  memory_main_params .............................. 2
  memory_optimizer ................................ 4
  memory_pred_type ................................ MAX
  micro_batch_size ................................ [1, 2, 4, 8]
  min_mbs ......................................... 1
  model_name ...................................... scale-layer
  model_size ...................................... 1024layers
  multi_process ................................... True
  num_algos ....................................... 2
  num_gpus ........................................ 8
  num_gpus_per_node ............................... 8
  num_layers ...................................... 1024
  num_nodes ....................................... 1
  num_of_saved_configs ............................ 1
  num_partners_in_op_mig .......................... 1
  only_top_1_target ............................... False
  op_group_size ................................... 1
  peak_mem_in_backward ............................ 0
  predict_delta_time .............................. False
  print_debug_info ................................ True
  print_gpu_mig_details ........................... False
  print_move_op_details ........................... False
  print_recomp_debug_info ......................... False
  print_recompute_ops ............................. False
  profiled_time_path .............................. /home/liminglong.lml/sxz/SuperScaler/profiler/profiled-time-eurosys/
  random_order_actions ............................ False
  resharding ...................................... True
  save_to_csv ..................................... None
  seq_len ......................................... 2048
  simple_prim_mbs ................................. False
  simple_prim_mig ................................. False
  sort_metric ..................................... max_stage_time
  start_num_stages ................................ 1
  support_comm_predict ............................ False
  time_budget_per_trial ........................... 10
  time_budget_total ............................... 10
-------------------- end of arguments ---------------------
working on num_stages[1], tp_size[1], dp_size[8], mbs[8], recomp[True] ...
working on num_stages[1], tp_size[1], dp_size[8], mbs[8], recomp[False] ...
working on num_stages[1], tp_size[2], dp_size[4], mbs[4], recomp[True] ...
working on num_stages[1], tp_size[2], dp_size[4], mbs[4], recomp[False] ...
working on num_stages[1], tp_size[2], dp_size[4], mbs[8], recomp[True] ...
working on num_stages[1], tp_size[2], dp_size[4], mbs[8], recomp[False] ...
working on num_stages[1], tp_size[4], dp_size[2], mbs[2], recomp[True] ...
working on num_stages[1], tp_size[4], dp_size[2], mbs[2], recomp[False] ...
working on num_stages[1], tp_size[4], dp_size[2], mbs[4], recomp[True] ...
working on num_stages[1], tp_size[4], dp_size[2], mbs[4], recomp[False] ...
working on num_stages[1], tp_size[4], dp_size[2], mbs[8], recomp[True] ...
working on num_stages[1], tp_size[4], dp_size[2], mbs[8], recomp[False] ...
working on num_stages[1], tp_size[8], dp_size[1], mbs[1], recomp[True] ...
working on num_stages[1], tp_size[8], dp_size[1], mbs[1], recomp[False] ...
working on num_stages[1], tp_size[8], dp_size[1], mbs[2], recomp[True] ...
working on num_stages[1], tp_size[8], dp_size[1], mbs[2], recomp[False] ...
working on num_stages[1], tp_size[8], dp_size[1], mbs[4], recomp[True] ...
working on num_stages[1], tp_size[8], dp_size[1], mbs[4], recomp[False] ...
working on num_stages[1], tp_size[8], dp_size[1], mbs[8], recomp[True] ...
working on num_stages[1], tp_size[8], dp_size[1], mbs[8], recomp[False] ...
working on num_stages[2], tp_size[1], dp_size[4], mbs[4], recomp[True] ...
working on num_stages[2], tp_size[1], dp_size[4], mbs[4], recomp[False] ...
working on num_stages[2], tp_size[1], dp_size[4], mbs[8], recomp[True] ...
working on num_stages[2], tp_size[1], dp_size[4], mbs[8], recomp[False] ...
working on num_stages[2], tp_size[2], dp_size[2], mbs[2], recomp[True] ...
working on num_stages[2], tp_size[2], dp_size[2], mbs[2], recomp[False] ...
working on num_stages[2], tp_size[2], dp_size[2], mbs[4], recomp[True] ...
working on num_stages[2], tp_size[2], dp_size[2], mbs[4], recomp[False] ...
working on num_stages[2], tp_size[2], dp_size[2], mbs[8], recomp[True] ...
working on num_stages[2], tp_size[2], dp_size[2], mbs[8], recomp[False] ...
working on num_stages[2], tp_size[4], dp_size[1], mbs[1], recomp[True] ...
working on num_stages[2], tp_size[4], dp_size[1], mbs[1], recomp[False] ...
working on num_stages[2], tp_size[4], dp_size[1], mbs[2], recomp[True] ...
working on num_stages[2], tp_size[4], dp_size[1], mbs[2], recomp[False] ...
working on num_stages[2], tp_size[4], dp_size[1], mbs[4], recomp[True] ...
working on num_stages[2], tp_size[4], dp_size[1], mbs[4], recomp[False] ...
working on num_stages[2], tp_size[4], dp_size[1], mbs[8], recomp[True] ...
working on num_stages[2], tp_size[4], dp_size[1], mbs[8], recomp[False] ...
working on num_stages[4], tp_size[1], dp_size[2], mbs[2], recomp[True] ...
working on num_stages[4], tp_size[1], dp_size[2], mbs[2], recomp[False] ...
working on num_stages[4], tp_size[1], dp_size[2], mbs[4], recomp[True] ...
working on num_stages[4], tp_size[1], dp_size[2], mbs[4], recomp[False] ...
working on num_stages[4], tp_size[1], dp_size[2], mbs[8], recomp[True] ...
working on num_stages[4], tp_size[1], dp_size[2], mbs[8], recomp[False] ...
working on num_stages[4], tp_size[2], dp_size[1], mbs[1], recomp[True] ...
working on num_stages[4], tp_size[2], dp_size[1], mbs[1], recomp[False] ...
working on num_stages[4], tp_size[2], dp_size[1], mbs[2], recomp[True] ...
working on num_stages[4], tp_size[2], dp_size[1], mbs[2], recomp[False] ...
working on num_stages[4], tp_size[2], dp_size[1], mbs[4], recomp[True] ...
working on num_stages[4], tp_size[2], dp_size[1], mbs[4], recomp[False] ...
working on num_stages[4], tp_size[2], dp_size[1], mbs[8], recomp[True] ...
working on num_stages[4], tp_size[2], dp_size[1], mbs[8], recomp[False] ...
working on num_stages[8], tp_size[1], dp_size[1], mbs[1], recomp[True] ...
working on num_stages[8], tp_size[1], dp_size[1], mbs[1], recomp[False] ...
working on num_stages[8], tp_size[1], dp_size[1], mbs[2], recomp[True] ...
working on num_stages[8], tp_size[1], dp_size[1], mbs[2], recomp[False] ...
working on num_stages[8], tp_size[1], dp_size[1], mbs[4], recomp[True] ...
working on num_stages[8], tp_size[1], dp_size[1], mbs[4], recomp[False] ...
working on num_stages[8], tp_size[1], dp_size[1], mbs[8], recomp[True] ...
working on num_stages[8], tp_size[1], dp_size[1], mbs[8], recomp[False] ...
fail case|389480.89|59934.08| op = [13315]| tp = [1, ] | dp = [8, ] | algo = [0, ] | rc = [13313] | gpus = [8] | micro_bs = 8 | time = [389480] | memory = [59934]
fail case|269079.83|308555.82| op = [13315]| tp = [1, ] | dp = [8, ] | algo = [0, ] | rc = [0] | gpus = [8] | micro_bs = 8 | time = [269079] | memory = [308555]
fail case|1307388.50|31520.10| op = [13315]| tp = [2, ] | dp = [4, ] | algo = [0, ] | rc = [13313] | gpus = [8] | micro_bs = 4 | time = [1307388] | memory = [31520]
fail case|884122.54|161473.84| op = [13315]| tp = [2, ] | dp = [4, ] | algo = [0, ] | rc = [0] | gpus = [8] | micro_bs = 4 | time = [884122] | memory = [161473]
fail case|942970.87|34928.20| op = [13315]| tp = [2, ] | dp = [4, ] | algo = [0, ] | rc = [13313] | gpus = [8] | micro_bs = 8 | time = [942970] | memory = [34928]
fail case|639819.24|294833.62| op = [13315]| tp = [2, ] | dp = [4, ] | algo = [0, ] | rc = [0] | gpus = [8] | micro_bs = 8 | time = [639819] | memory = [294833]
case 0|3262550.70|17313.10| op = [13315]| tp = [4, ] | dp = [2, ] | algo = [0, ] | rc = [13313] | gpus = [8] | micro_bs = 2 | time = [3262550] | memory = [17313]
fail case|2226562.30|87932.84| op = [13315]| tp = [4, ] | dp = [2, ] | algo = [0, ] | rc = [0] | gpus = [8] | micro_bs = 2 | time = [2226562] | memory = [87932]
case 1|2018898.66|20563.19| op = [13315]| tp = [4, ] | dp = [2, ] | algo = [0, ] | rc = [13313] | gpus = [8] | micro_bs = 4 | time = [2018898] | memory = [20563]
fail case|1361301.92|161800.62| op = [13315]| tp = [4, ] | dp = [2, ] | algo = [0, ] | rc = [0] | gpus = [8] | micro_bs = 4 | time = [1361301] | memory = [161800]
case 2|1615340.02|27059.39| op = [13315]| tp = [4, ] | dp = [2, ] | algo = [0, ] | rc = [13313] | gpus = [8] | micro_bs = 8 | time = [1615340] | memory = [27059]
fail case|1091805.81|309534.24| op = [13315]| tp = [4, ] | dp = [2, ] | algo = [0, ] | rc = [0] | gpus = [8] | micro_bs = 8 | time = [1091805] | memory = [309534]
case 3|6861230.97|10209.60| op = [13315]| tp = [8, ] | dp = [1, ] | algo = [0, ] | rc = [13313] | gpus = [8] | micro_bs = 1 | time = [6861230] | memory = [10209]
fail case|4823367.65|51162.34| op = [13315]| tp = [8, ] | dp = [1, ] | algo = [0, ] | rc = [0] | gpus = [8] | micro_bs = 1 | time = [4823367] | memory = [51162]
case 4|4601285.40|13380.70| op = [13315]| tp = [8, ] | dp = [1, ] | algo = [0, ] | rc = [13313] | gpus = [8] | micro_bs = 2 | time = [4601285] | memory = [13380]
fail case|3100115.31|95284.12| op = [13315]| tp = [8, ] | dp = [1, ] | algo = [0, ] | rc = [0] | gpus = [8] | micro_bs = 2 | time = [3100115] | memory = [95284]
case 5|3340084.30|19718.89| op = [13315]| tp = [8, ] | dp = [1, ] | algo = [0, ] | rc = [13313] | gpus = [8] | micro_bs = 4 | time = [3340084] | memory = [19718]
fail case|2247458.65|183525.74| op = [13315]| tp = [8, ] | dp = [1, ] | algo = [0, ] | rc = [0] | gpus = [8] | micro_bs = 4 | time = [2247458] | memory = [183525]
fail case|3010272.49|32395.28| op = [13315]| tp = [8, ] | dp = [1, ] | algo = [0, ] | rc = [13313] | gpus = [8] | micro_bs = 8 | time = [3010272] | memory = [32395]
fail case|2021834.83|360011.03| op = [13315]| tp = [8, ] | dp = [1, ] | algo = [0, ] | rc = [0] | gpus = [8] | micro_bs = 8 | time = [2021834] | memory = [360011]
fail case|391655.34|31440.05| op = [6657, 6658]| tp = [1, 1, ] | dp = [4, 4, ] | algo = [0, 0, ] | rc = [6656, 6657] | gpus = [4, 4] | micro_bs = 4 | time = [390425, 391655] | memory = [31440, 30281]
fail case|270778.32|280058.78| op = [6657, 6658]| tp = [1, 1, ] | dp = [4, 4, ] | algo = [0, 0, ] | rc = [0, 0] | gpus = [4, 4] | micro_bs = 4 | time = [269560, 270778] | memory = [280058, 154470]
fail case|285423.57|34764.09| op = [6657, 6658]| tp = [1, 1, ] | dp = [4, 4, ] | algo = [0, 0, ] | rc = [6656, 6657] | gpus = [4, 4] | micro_bs = 8 | time = [284189, 285423] | memory = [34764, 32468]
fail case|200147.75|531999.52| op = [6657, 6658]| tp = [1, 1, ] | dp = [4, 4, ] | algo = [0, 0, ] | rc = [0, 0] | gpus = [4, 4] | micro_bs = 8 | time = [198920, 200147] | memory = [531999, 280845]
case 6|1310706.87|17275.08| op = [6657, 6658]| tp = [2, 2, ] | dp = [2, 2, ] | algo = [0, 0, ] | rc = [6656, 6657] | gpus = [4, 4] | micro_bs = 2 | time = [1309330, 1310706] | memory = [17275, 15916]
fail case|886603.10|147225.82| op = [6657, 6658]| tp = [2, 2, ] | dp = [2, 2, ] | algo = [0, 0, ] | rc = [0, 0] | gpus = [4, 4] | micro_bs = 2 | time = [885248, 886603] | memory = [147225, 80829]
case 7|947358.00|20483.16| op = [6657, 6658]| tp = [2, 2, ] | dp = [2, 2, ] | algo = [0, 0, ] | rc = [6656, 6657] | gpus = [4, 4] | micro_bs = 4 | time = [946052, 947358] | memory = [20483, 17787]
fail case|643014.84|280382.59| op = [6657, 6658]| tp = [2, 2, ] | dp = [2, 2, ] | algo = [0, 0, ] | rc = [0, 0] | gpus = [4, 4] | micro_bs = 4 | time = [641724, 643014] | memory = [280382, 147612]
case 8|780314.33|26899.33| op = [6657, 6658]| tp = [2, 2, ] | dp = [2, 2, ] | algo = [0, 0, ] | rc = [6656, 6657] | gpus = [4, 4] | micro_bs = 8 | time = [779076, 780314] | memory = [26899, 21525]
fail case|529981.89|546698.18| op = [6657, 6658]| tp = [2, 2, ] | dp = [2, 2, ] | algo = [0, 0, ] | rc = [0, 0] | gpus = [4, 4] | micro_bs = 8 | time = [528751, 529981] | memory = [546698, 281176]
case 9|3266781.41|10192.58| op = [6657, 6658]| tp = [4, 4, ] | dp = [1, 1, ] | algo = [0, 0, ] | rc = [6656, 6657] | gpus = [4, 4] | micro_bs = 1 | time = [3264997, 3266781] | memory = [10192, 8733]
fail case|2229758.75|80809.32| op = [6657, 6658]| tp = [4, 4, ] | dp = [1, 1, ] | algo = [0, 0, ] | rc = [0, 0] | gpus = [4, 4] | micro_bs = 1 | time = [2228020, 2229758] | memory = [80809, 44008]
case 10|2023700.91|13342.66| op = [6657, 6658]| tp = [4, 4, ] | dp = [1, 1, ] | algo = [0, 0, ] | rc = [6656, 6657] | gpus = [4, 4] | micro_bs = 2 | time = [2022185, 2023700] | memory = [13342, 10446]
fail case|1364804.75|154574.09| op = [6657, 6658]| tp = [4, 4, ] | dp = [1, 1, ] | algo = [0, 0, ] | rc = [0, 0] | gpus = [4, 4] | micro_bs = 2 | time = [1363319, 1364804] | memory = [154574, 80996]
case 11|1622357.59|19642.83| op = [6657, 6658]| tp = [4, 4, ] | dp = [1, 1, ] | algo = [0, 0, ] | rc = [6656, 6657] | gpus = [4, 4] | micro_bs = 4 | time = [1621042, 1622357] | memory = [19642, 13868]
fail case|1096770.74|302105.68| op = [6657, 6658]| tp = [4, 4, ] | dp = [1, 1, ] | algo = [0, 0, ] | rc = [0, 0] | gpus = [4, 4] | micro_bs = 4 | time = [1095470, 1096770] | memory = [302105, 154968]
fail case|1494354.92|32243.16| op = [6657, 6658]| tp = [4, 4, ] | dp = [1, 1, ] | algo = [0, 0, ] | rc = [6656, 6657] | gpus = [4, 4] | micro_bs = 8 | time = [1493120, 1494354] | memory = [32243, 20713]
fail case|1011037.22|597170.91| op = [6657, 6658]| tp = [4, 4, ] | dp = [1, 1, ] | algo = [0, 0, ] | rc = [0, 0] | gpus = [4, 4] | micro_bs = 8 | time = [1009814, 1011037] | memory = [597170, 302912]
case 12|393856.50|17622.06| op = [3329, 3328, 3328, 3330]| tp = [1, 1, 1, 1, ] | dp = [2, 2, 2, 2, ] | algo = [0, 0, 0, 0, ] | rc = [3328, 3328, 3328, 3329] | gpus = [2, 2, 2, 2] | micro_bs = 2 | time = [391392, 391131, 391131, 393856] | memory = [17622, 16380, 15610, 15689]
fail case|272733.00|266240.80| op = [3329, 3328, 3328, 3330]| tp = [1, 1, 1, 1, ] | dp = [2, 2, 2, 2, ] | algo = [0, 0, 0, 0, ] | rc = [0, 0, 0, 0] | gpus = [2, 2, 2, 2] | micro_bs = 2 | time = [270291, 270030, 270030, 272732] | memory = [266240, 202782, 139796, 77662]
case 13|287883.29|20952.13| op = [3329, 3328, 3328, 3330]| tp = [1, 1, 1, 1, ] | dp = [2, 2, 2, 2, ] | algo = [0, 0, 0, 0, ] | rc = [3328, 3328, 3328, 3329] | gpus = [2, 2, 2, 2] | micro_bs = 4 | time = [285405, 285279, 285279, 287883] | memory = [20952, 18936, 17396, 17108]
fail case|202269.44|518187.55| op = [3329, 3328, 3328, 3330]| tp = [1, 1, 1, 1, ] | dp = [2, 2, 2, 2, ] | algo = [0, 0, 0, 0, ] | rc = [0, 0, 0, 0] | gpus = [2, 2, 2, 2] | micro_bs = 4 | time = [199806, 199680, 199680, 202269] | memory = [518187, 391739, 265767, 141053]
case 14|222622.63|27612.25| op = [3329, 3328, 3328, 3330]| tp = [1, 1, 1, 1, ] | dp = [2, 2, 2, 2, ] | algo = [0, 0, 0, 0, ] | rc = [3328, 3328, 3328, 3329] | gpus = [2, 2, 2, 2] | micro_bs = 8 | time = [220189, 220110, 220110, 222622] | memory = [27612, 24048, 20968, 19942]
fail case|158168.64|1022083.10| op = [3329, 3328, 3328, 3330]| tp = [1, 1, 1, 1, ] | dp = [2, 2, 2, 2, ] | algo = [0, 0, 0, 0, ] | rc = [0, 0, 0, 0] | gpus = [2, 2, 2, 2] | micro_bs = 8 | time = [155742, 155664, 155664, 158168] | memory = [1022083, 769655, 517711, 267833]
case 15|1313870.20|10369.14| op = [3329, 3328, 3328, 3330]| tp = [2, 2, 2, 2, ] | dp = [1, 1, 1, 1, ] | algo = [0, 0, 0, 0, ] | rc = [3328, 3328, 3328, 3329] | gpus = [2, 2, 2, 2] | micro_bs = 1 | time = [1311113, 1310404, 1310404, 1313870] | memory = [10369, 9352, 8582, 8236]
fail case|889330.83|140319.87| op = [3329, 3328, 3328, 3330]| tp = [2, 2, 2, 2, ] | dp = [1, 1, 1, 1, ] | algo = [0, 0, 0, 0, ] | rc = [0, 0, 0, 0] | gpus = [2, 2, 2, 2] | micro_bs = 1 | time = [886618, 885909, 885909, 889330] | memory = [140319, 106782, 73492, 40629]
case 16|950876.92|13583.27| op = [3329, 3328, 3328, 3330]| tp = [2, 2, 2, 2, ] | dp = [1, 1, 1, 1, ] | algo = [0, 0, 0, 0, ] | rc = [3328, 3328, 3328, 3329] | gpus = [2, 2, 2, 2] | micro_bs = 2 | time = [948260, 947729, 947729, 950876] | memory = [13583, 11792, 10252, 9339]
fail case|645926.91|273482.69| op = [3329, 3328, 3328, 3330]| tp = [2, 2, 2, 2, ] | dp = [1, 1, 1, 1, ] | algo = [0, 0, 0, 0, ] | rc = [0, 0, 0, 0] | gpus = [2, 2, 2, 2] | micro_bs = 2 | time = [643340, 642808, 642808, 645926] | memory = [273482, 206651, 140071, 74124]
case 17|784859.39|20011.53| op = [3329, 3328, 3328, 3330]| tp = [2, 2, 2, 2, ] | dp = [1, 1, 1, 1, ] | algo = [0, 0, 0, 0, ] | rc = [3328, 3328, 3328, 3329] | gpus = [2, 2, 2, 2] | micro_bs = 4 | time = [782374, 781919, 781919, 784859] | memory = [20011, 16672, 13592, 11541]
fail case|533549.20|539810.38| op = [3329, 3328, 3328, 3330]| tp = [2, 2, 2, 2, ] | dp = [1, 1, 1, 1, ] | algo = [0, 0, 0, 0, ] | rc = [0, 0, 0, 0] | gpus = [2, 2, 2, 2] | micro_bs = 4 | time = [531078, 530623, 530623, 533549] | memory = [539810, 406391, 273231, 141112]
fail case|711517.31|33353.06| op = [3329, 3328, 3328, 3330]| tp = [2, 2, 2, 2, ] | dp = [1, 1, 1, 1, ] | algo = [0, 0, 0, 0, ] | rc = [3328, 3328, 3328, 3329] | gpus = [2, 2, 2, 2] | micro_bs = 8 | time = [709091, 708675, 708675, 711517] | memory = [33353, 26944, 20784, 16432]
fail case|484804.08|1072952.81| op = [3329, 3328, 3328, 3330]| tp = [2, 2, 2, 2, ] | dp = [1, 1, 1, 1, ] | algo = [0, 0, 0, 0, ] | rc = [0, 0, 0, 0] | gpus = [2, 2, 2, 2] | micro_bs = 8 | time = [482390, 481974, 481974, 484804] | memory = [1072952, 806384, 540064, 275576]
case 18|397120.05|10722.10| op = [1665, 1664, 1664, 1664, 1664, 1664, 1664, 1666]| tp = [1, 1, 1, 1, 1, 1, 1, 1, ] | dp = [1, 1, 1, 1, 1, 1, 1, 1, ] | algo = [0, 0, 0, 0, 0, 0, 0, 0, ] | rc = [1664, 1664, 1664, 1664, 1664, 1664, 1664, 1665] | gpus = [1, 1, 1, 1, 1, 1, 1, 1] | micro_bs = 1 | time = [392187, 391665, 391665, 391665, 391665, 391665, 391665, 397120] | memory = [10722, 9860, 9474, 9088, 8702, 8316, 7930, 8393]
fail case|275856.32|259340.83| op = [1665, 1664, 1664, 1664, 1664, 1664, 1664, 1666]| tp = [1, 1, 1, 1, 1, 1, 1, 1, ] | dp = [1, 1, 1, 1, 1, 1, 1, 1, ] | algo = [0, 0, 0, 0, 0, 0, 0, 0, ] | rc = [0, 0, 0, 0, 0, 0, 0, 0] | gpus = [1, 1, 1, 1, 1, 1, 1, 1] | micro_bs = 1 | time = [270969, 270446, 270446, 270446, 270446, 270446, 270446, 275856] | memory = [259340, 227370, 195876, 164382, 132888, 101394, 69900, 39258]
case 19|291151.19|14064.19| op = [1665, 1664, 1664, 1664, 1664, 1664, 1664, 1666]| tp = [1, 1, 1, 1, 1, 1, 1, 1, ] | dp = [1, 1, 1, 1, 1, 1, 1, 1, ] | algo = [0, 0, 0, 0, 0, 0, 0, 0, ] | rc = [1664, 1664, 1664, 1664, 1664, 1664, 1664, 1665] | gpus = [1, 1, 1, 1, 1, 1, 1, 1] | micro_bs = 2 | time = [286185, 285932, 285932, 285932, 285932, 285932, 285932, 291151] | memory = [14064, 12808, 12036, 11264, 10492, 9720, 8948, 9428]
fail case|205357.02|511299.62| op = [1665, 1664, 1664, 1664, 1664, 1664, 1664, 1666]| tp = [1, 1, 1, 1, 1, 1, 1, 1, ] | dp = [1, 1, 1, 1, 1, 1, 1, 1, ] | algo = [0, 0, 0, 0, 0, 0, 0, 0, ] | rc = [0, 0, 0, 0, 0, 0, 0, 0] | gpus = [1, 1, 1, 1, 1, 1, 1, 1] | micro_bs = 2 | time = [200421, 200168, 200168, 200168, 200168, 200168, 200168, 205357] | memory = [511299, 447827, 384839, 321851, 258863, 195875, 132887, 71158]
case 20|226045.75|21208.37| op = [1665, 1664, 1664, 1664, 1664, 1664, 1664, 1666]| tp = [1, 1, 1, 1, 1, 1, 1, 1, ] | dp = [1, 1, 1, 1, 1, 1, 1, 1, ] | algo = [0, 0, 0, 0, 0, 0, 0, 0, ] | rc = [1664, 1664, 1664, 1664, 1664, 1664, 1664, 1665] | gpus = [1, 1, 1, 1, 1, 1, 1, 1] | micro_bs = 4 | time = [221159, 221001, 221001, 221001, 221001, 221001, 221001, 226045] | memory = [21208, 19216, 17672, 16128, 14584, 13040, 11496, 11956]
fail case|161338.24|1015679.22| op = [1665, 1664, 1664, 1664, 1664, 1664, 1664, 1666]| tp = [1, 1, 1, 1, 1, 1, 1, 1, ] | dp = [1, 1, 1, 1, 1, 1, 1, 1, ] | algo = [0, 0, 0, 0, 0, 0, 0, 0, ] | rc = [0, 0, 0, 0, 0, 0, 0, 0] | gpus = [1, 1, 1, 1, 1, 1, 1, 1] | micro_bs = 4 | time = [156467, 156309, 156309, 156309, 156309, 156309, 156309, 161338] | memory = [1015679, 889255, 763279, 637303, 511327, 385351, 259375, 135416]
fail case|217201.67|35856.75| op = [1665, 1664, 1664, 1664, 1664, 1664, 1664, 1666]| tp = [1, 1, 1, 1, 1, 1, 1, 1, ] | dp = [1, 1, 1, 1, 1, 1, 1, 1, ] | algo = [0, 0, 0, 0, 0, 0, 0, 0, ] | rc = [1664, 1664, 1664, 1664, 1664, 1664, 1664, 1665] | gpus = [1, 1, 1, 1, 1, 1, 1, 1] | micro_bs = 8 | time = [212390, 212270, 212270, 212270, 212270, 212270, 212270, 217201] | memory = [35856, 32288, 29200, 26112, 23024, 19936, 16848, 17368]
fail case|155334.35|2024800.50| op = [1665, 1664, 1664, 1664, 1664, 1664, 1664, 1666]| tp = [1, 1, 1, 1, 1, 1, 1, 1, ] | dp = [1, 1, 1, 1, 1, 1, 1, 1, ] | algo = [0, 0, 0, 0, 0, 0, 0, 0, ] | rc = [0, 0, 0, 0, 0, 0, 0, 0] | gpus = [1, 1, 1, 1, 1, 1, 1, 1] | micro_bs = 8 | time = [150535, 150415, 150415, 150415, 150415, 150415, 150415, 155334] | memory = [2024800, 1772368, 1520416, 1268464, 1016512, 764560, 512608, 264288]


best_0|222622.63|27612.25| op = [3329, 3328, 3328, 3330]| tp = [1, 1, 1, 1, ] | dp = [2, 2, 2, 2, ] | algo = [0, 0, 0, 0, ] | rc = [3328, 3328, 3328, 3329] | gpus = [2, 2, 2, 2] | micro_bs = 8 | time = [220189, 220110, 220110, 222622] | memory = [27612, 24048, 20968, 19942]
config has been saved to /home/liminglong.lml/sxz/SuperScaler/logs-large/megatron/configs/scale-layer/1024layers/scale-layer_1024layers_1024layers_megatron_est_222622.json
[TOTAL TIME] 6.4420764446258545 s.
