------------------------ arguments ------------------------
  adaptive_hyper_parameters ....................... 5
  add_action_finetune_algo ........................ False
  add_action_finetune_dim ......................... False
  add_action_tp_dp_exchange ....................... False
  add_action_tune_tp_dp ........................... False
  check_recompute_with_group ...................... False
  config_save_path ................................ /home/liminglong.lml/sxz/SuperScaler/logs-large/aceso/configs/gpt/1_3B/
  config_suffix ................................... 2026-5-15-8-9-21
  consider_collective_memory ...................... False
  consider_reserved_space ......................... True
  consider_shared_space ........................... True
  continue_when_fail .............................. True
  decoder_seq_len ................................. 512
  end_num_stages .................................. 4
  finetune_after_trial ............................ 0
  finetune_tp_dp_after_trial ...................... False
  flex_recompute .................................. True
  forbid_turn_back ................................ False
  global_batch_size ............................... 1024
  high_memory_rate ................................ 0.9
  init_dim ........................................ tp
  initial_point ................................... balance
  log_path ........................................ /home/liminglong.lml/sxz/SuperScaler/logs-large/aceso/search/gpt/1_3B/
  max_num_hops .................................... 7
  max_num_trials .................................. 100
  max_op_move_steps ............................... 5
  max_tp .......................................... 4
  memory_limit .................................... 58000
  memory_main_params .............................. 2
  memory_optimizer ................................ 4
  memory_pred_type ................................ MAX
  micro_batch_size ................................ [1, 2, 4, 8]
  min_mbs ......................................... 1
  model_name ...................................... gpt
  model_size ...................................... 1_3B
  multi_process ................................... True
  num_algos ....................................... 2
  num_gpus ........................................ 4
  num_gpus_per_node ............................... 4
  num_layers ...................................... 24
  num_nodes ....................................... 1
  num_of_saved_configs ............................ 3
  num_partners_in_op_mig .......................... 1
  only_top_1_target ............................... False
  op_group_size ................................... 1
  peak_mem_in_backward ............................ 0
  predict_delta_time .............................. False
  print_debug_info ................................ False
  print_gpu_mig_details ........................... False
  print_move_op_details ........................... False
  print_recomp_debug_info ......................... False
  print_recompute_ops ............................. True
  profiled_time_path .............................. /home/liminglong.lml/sxz/SuperScaler/profiler/profiled-time-eurosys/
  random_order_actions ............................ False
  resharding ...................................... True
  save_to_csv ..................................... None
  seq_len ......................................... 2048
  simple_prim_mbs ................................. False
  simple_prim_mig ................................. False
  sort_metric ..................................... max_stage_time
  start_num_stages ................................ 1
  support_comm_predict ............................ False
  time_budget_per_trial ........................... 200
  time_budget_total ............................... 200
-------------------- end of arguments ---------------------
Starting CEGIS search with 1 to 4 stages...
working on num_stages = 1
start|42456.97|51761.59| op = [315]| tp = [1, ] | dp = [4, ] | algo = [0, ] | rc = [38] | gpus = [4] | micro_bs = 8 | time = [42456] | memory = [51761]
line146:config.memory_list:[51761.58600000003]
line147:config.time_list:[42456.9679449761]
------------------------------------------------------------------------------------------------------
cegis_search for the 0th times
开始求解check...
line351:
tp_list[1, 1, 1, 1, 1, 1, 1, 1, 1, 1, 1, 1, 1, 1, 1, 1, 1, 1, 1, 1, 1, 1, 1, 1, 1, 1, 1, 1, 1, 1, 1, 1, 1, 1, 1, 1, 1, 1, 1, 1, 1, 1, 1, 1, 1, 1, 1, 1, 1, 1, 1, 1, 1, 1, 1, 1, 1, 1, 1, 1, 1, 1, 1, 1, 1, 1, 1, 1, 1, 1, 1, 1, 1, 1, 1, 1, 1, 1, 1, 1, 1, 1, 1, 1, 1, 1, 1, 1, 1, 1, 1, 1, 1, 1, 1, 1, 1, 1, 1, 1, 1, 1, 1, 1, 1, 1, 1, 1, 1, 1, 1, 1, 1, 1, 1, 1, 1, 1, 1, 1, 1, 1, 1, 1, 1, 1, 1, 1, 1, 1, 1, 1, 1, 1, 1, 1, 1, 1, 1, 1, 1, 1, 1, 1, 1, 1, 1, 1, 1, 1, 1, 1, 1, 1, 1, 1, 1, 1, 1, 1, 1, 1, 1, 1, 1, 1, 1, 1, 1, 1, 1, 1, 1, 1, 1, 1, 1, 1, 1, 1, 1, 1, 1, 1, 1, 1, 1, 1, 1, 1, 1, 1, 1, 1, 1, 1, 1, 1, 1, 1, 1, 1, 1, 1, 1, 1, 1, 1, 1, 1, 1, 1, 1, 1, 1, 1, 1, 1, 1, 1, 1, 1, 1, 1, 1, 1, 1, 1, 1, 1, 1, 1, 1, 1, 1, 1, 1, 1, 1, 1, 1, 1, 1, 1, 1, 1, 1, 1, 1, 1, 1, 1, 1, 1, 1, 1, 1, 1, 1, 1, 1, 1, 1, 1, 1, 1, 1, 1, 1, 1, 1, 1, 1, 1, 1, 1, 1, 1, 1, 1, 1, 1, 1, 1, 1, 1, 1, 1, 1, 1, 1, 1, 1, 1, 1, 1, 1, 1, 1, 1, 1, 1, 1, 1, 1, 1, 1, 1, 1, 1, 1, 1, 1, 1, 1]
dp_list[4, 4, 4, 4, 4, 4, 4, 4, 4, 4, 4, 4, 4, 4, 4, 4, 4, 4, 4, 4, 4, 4, 4, 4, 4, 4, 4, 4, 4, 4, 4, 4, 4, 4, 4, 4, 4, 4, 4, 4, 4, 4, 4, 4, 4, 4, 4, 4, 4, 4, 4, 4, 4, 4, 4, 4, 4, 4, 4, 4, 4, 4, 4, 4, 4, 4, 4, 4, 4, 4, 4, 4, 4, 4, 4, 4, 4, 4, 4, 4, 4, 4, 4, 4, 4, 4, 4, 4, 4, 4, 4, 4, 4, 4, 4, 4, 4, 4, 4, 4, 4, 4, 4, 4, 4, 4, 4, 4, 4, 4, 4, 4, 4, 4, 4, 4, 4, 4, 4, 4, 4, 4, 4, 4, 4, 4, 4, 4, 4, 4, 4, 4, 4, 4, 4, 4, 4, 4, 4, 4, 4, 4, 4, 4, 4, 4, 4, 4, 4, 4, 4, 4, 4, 4, 4, 4, 4, 4, 4, 4, 4, 4, 4, 4, 4, 4, 4, 4, 4, 4, 4, 4, 4, 4, 4, 4, 4, 4, 4, 4, 4, 4, 4, 4, 4, 4, 4, 4, 4, 4, 4, 4, 4, 4, 4, 4, 4, 4, 4, 4, 4, 4, 4, 4, 4, 4, 4, 4, 4, 4, 4, 4, 4, 4, 4, 4, 4, 4, 4, 4, 4, 4, 4, 4, 4, 4, 4, 4, 4, 4, 4, 4, 4, 4, 4, 4, 4, 4, 4, 4, 4, 4, 4, 4, 4, 4, 4, 4, 4, 4, 4, 4, 4, 4, 4, 4, 4, 4, 4, 4, 4, 4, 4, 4, 4, 4, 4, 4, 4, 4, 4, 4, 4, 4, 4, 4, 4, 4, 4, 4, 4, 4, 4, 4, 4, 4, 4, 4, 4, 4, 4, 4, 4, 4, 4, 4, 4, 4, 4, 4, 4, 4, 4, 4, 4, 4, 4, 4, 4, 4, 4, 4, 4, 4, 4]
algo_list[0, 0, 0, 0, 0, 0, 0, 0, 0, 0, 0, 0, 0, 0, 0, 0, 0, 0, 0, 0, 0, 0, 0, 0, 0, 0, 0, 0, 0, 0, 0, 0, 0, 0, 0, 0, 0, 0, 0, 0, 0, 0, 0, 0, 0, 0, 0, 0, 0, 0, 0, 0, 0, 0, 0, 0, 0, 0, 0, 0, 0, 0, 0, 0, 0, 0, 0, 0, 0, 0, 0, 0, 0, 0, 0, 0, 0, 0, 0, 0, 0, 0, 0, 0, 0, 0, 0, 0, 0, 0, 0, 0, 0, 0, 0, 0, 0, 0, 0, 0, 0, 0, 0, 0, 0, 0, 0, 0, 0, 0, 0, 0, 0, 0, 0, 0, 0, 0, 0, 0, 0, 0, 0, 0, 0, 0, 0, 0, 0, 0, 0, 0, 0, 0, 0, 0, 0, 0, 0, 0, 0, 0, 0, 0, 0, 0, 0, 0, 0, 0, 0, 0, 0, 0, 0, 0, 0, 0, 0, 0, 0, 0, 0, 0, 0, 0, 0, 0, 0, 0, 0, 0, 0, 0, 0, 0, 0, 0, 0, 0, 0, 0, 0, 0, 0, 0, 0, 0, 0, 0, 0, 0, 0, 0, 0, 0, 0, 0, 0, 0, 0, 0, 0, 0, 0, 0, 0, 0, 0, 0, 0, 0, 0, 0, 0, 0, 0, 0, 0, 0, 0, 0, 0, 0, 0, 0, 0, 0, 0, 0, 0, 0, 0, 0, 0, 0, 0, 0, 0, 0, 0, 0, 0, 0, 0, 0, 0, 0, 0, 0, 0, 0, 0, 0, 0, 0, 0, 0, 0, 0, 0, 0, 0, 0, 0, 0, 0, 0, 0, 0, 0, 0, 0, 0, 0, 0, 0, 0, 0, 0, 0, 0, 0, 0, 0, 0, 0, 0, 0, 0, 0, 0, 0, 0, 0, 0, 0, 0, 0, 0, 0, 0, 0, 0, 0, 0, 0, 0, 0, 0, 0, 0, 0, 0, 0]

decode|41390.15|48444.82| op = [315]| tp = [1, ] | dp = [4, ] | algo = [0, ] | rc = [0] | gpus = [4] | micro_bs = 4 | time = [41390] | memory = [48444]
验证解
line146:config.memory_list:[48444.81699999999]
line147:config.time_list:[41390.14561049584]
求解成功
config has been saved to /home/liminglong.lml/sxz/SuperScaler/logs-large/aceso/configs/gpt/1_3B/gpt_1_3B_1stages_2026-5-15-8-9-21.json

========== Best Result (num_stages = 1) ==========
|41390.15|48444.82| op = [315]| tp = [1, ] | dp = [4, ] | algo = [0, ] | rc = [0] | gpus = [4] | micro_bs = 4 | time = [41390] | memory = [48444]
[stage 0 recompute_ops] 
stage 0: 
[stage 0 algo1] 
start|42456.97|51761.59| op = [315]| tp = [1, ] | dp = [4, ] | algo = [0, ] | rc = [38] | gpus = [4] | micro_bs = 8 | time = [42456] | memory = [51761]
decode|41390.15|48444.82| op = [315]| tp = [1, ] | dp = [4, ] | algo = [0, ] | rc = [0] | gpus = [4] | micro_bs = 4 | time = [41390] | memory = [48444]

num_targets: []
num_hops: []
search time = 0.00 s.  [0] 
num_explored_cases = 0
time trend: [42456]

stage 1 search time: 0.08 s
working on num_stages = 2
start|42610.65|57635.16| op = [158, 157]| tp = [1, 1, ] | dp = [2, 2, ] | algo = [0, 0, ] | rc = [24, 10] | gpus = [2, 2] | micro_bs = 8 | time = [41023, 42610] | memory = [57635, 55649]
line146:config.memory_list:[57635.162, 55649.59]
line147:config.time_list:[41023.66231478405, 42610.65227346626]
------------------------------------------------------------------------------------------------------
cegis_search for the 0th times
开始求解check...
line351:
tp_list[1, 1, 1, 1, 1, 1, 1, 1, 1, 1, 1, 1, 1, 1, 1, 1, 1, 1, 1, 1, 1, 1, 1, 1, 1, 1, 1, 1, 1, 1, 1, 1, 1, 1, 1, 1, 1, 1, 1, 1, 1, 1, 1, 1, 1, 1, 1, 1, 1, 1, 1, 1, 1, 1, 1, 1, 1, 1, 1, 1, 1, 1, 1, 1, 1, 1, 1, 1, 1, 1, 1, 1, 1, 1, 1, 1, 1, 1, 1, 1, 1, 1, 1, 1, 1, 1, 1, 1, 1, 1, 1, 1, 1, 1, 1, 1, 1, 1, 1, 1, 1, 1, 1, 1, 1, 1, 1, 1, 1, 1, 1, 1, 1, 1, 1, 1, 1, 1, 1, 1, 1, 1, 1, 1, 1, 1, 1, 1, 1, 1, 1, 1, 1, 1, 1, 1, 1, 1, 1, 1, 1, 1, 1, 1, 1, 1, 1, 1, 1, 1, 1, 1, 1, 1, 1, 1, 1, 1, 1, 1, 1, 1, 1, 1, 1, 1, 1, 1, 1, 1, 1, 1, 1, 1, 1, 1, 1, 1, 1, 1, 1, 1, 1, 1, 1, 1, 1, 1, 1, 1, 1, 1, 1, 1, 1, 1, 1, 1, 1, 1, 1, 1, 1, 1, 1, 1, 1, 1, 1, 1, 1, 1, 1, 1, 1, 1, 1, 1, 1, 1, 1, 1, 1, 1, 1, 1, 1, 1, 1, 1, 1, 1, 1, 1, 1, 1, 1, 1, 1, 1, 1, 1, 1, 1, 1, 1, 1, 1, 1, 1, 1, 1, 1, 1, 1, 1, 1, 1, 1, 1, 1, 1, 1, 1, 1, 1, 1, 1, 1, 1, 1, 1, 1, 1, 1, 1, 1, 1, 1, 1, 1, 1, 1, 1, 1, 1, 1, 1, 1, 1, 1, 1, 1, 1, 1, 1, 1, 1, 1, 1, 1, 1, 1, 1, 1, 1, 1, 1, 1, 1, 1, 1, 1, 1, 1]
dp_list[2, 2, 2, 2, 2, 2, 2, 2, 2, 2, 2, 2, 2, 2, 2, 2, 2, 2, 2, 2, 2, 2, 2, 2, 2, 2, 2, 2, 2, 2, 2, 2, 2, 2, 2, 2, 2, 2, 2, 2, 2, 2, 2, 2, 2, 2, 2, 2, 2, 2, 2, 2, 2, 2, 2, 2, 2, 2, 2, 2, 2, 2, 2, 2, 2, 2, 2, 2, 2, 2, 2, 2, 2, 2, 2, 2, 2, 2, 2, 2, 2, 2, 2, 2, 2, 2, 2, 2, 2, 2, 2, 2, 2, 2, 2, 2, 2, 2, 2, 2, 2, 2, 2, 2, 2, 2, 2, 2, 2, 2, 2, 2, 2, 2, 2, 2, 2, 2, 2, 2, 2, 2, 2, 2, 2, 2, 2, 2, 2, 2, 2, 2, 2, 2, 2, 2, 2, 2, 2, 2, 2, 2, 2, 2, 2, 2, 2, 2, 2, 2, 2, 2, 2, 2, 2, 2, 2, 2, 2, 2, 2, 2, 2, 2, 2, 2, 2, 2, 2, 2, 2, 2, 2, 2, 2, 2, 2, 2, 2, 2, 2, 2, 2, 2, 2, 2, 2, 2, 2, 2, 2, 2, 2, 2, 2, 2, 2, 2, 2, 2, 2, 2, 2, 2, 2, 2, 2, 2, 2, 2, 2, 2, 2, 2, 2, 2, 2, 2, 2, 2, 2, 2, 2, 2, 2, 2, 2, 2, 2, 2, 2, 2, 2, 2, 2, 2, 2, 2, 2, 2, 2, 2, 2, 2, 2, 2, 2, 2, 2, 2, 2, 2, 2, 2, 2, 2, 2, 2, 2, 2, 2, 2, 2, 2, 2, 2, 2, 2, 2, 2, 2, 2, 2, 2, 2, 2, 2, 2, 2, 2, 2, 2, 2, 2, 2, 2, 2, 2, 2, 2, 2, 2, 2, 2, 2, 2, 2, 2, 2, 2, 2, 2, 2, 2, 2, 2, 2, 2, 2, 2, 2, 2, 2, 2, 2]
algo_list[0, 0, 0, 0, 0, 0, 0, 0, 0, 0, 0, 0, 0, 0, 0, 0, 0, 0, 0, 0, 0, 0, 0, 0, 0, 0, 0, 0, 0, 0, 0, 0, 0, 0, 0, 0, 0, 0, 0, 0, 0, 0, 0, 0, 0, 0, 0, 0, 0, 0, 0, 0, 0, 0, 0, 0, 0, 0, 0, 0, 0, 0, 0, 0, 0, 0, 0, 0, 0, 0, 0, 0, 0, 0, 0, 0, 0, 0, 0, 0, 0, 0, 0, 0, 0, 0, 0, 0, 0, 0, 0, 0, 0, 0, 0, 0, 0, 0, 0, 0, 0, 0, 0, 0, 0, 0, 0, 0, 0, 0, 0, 0, 0, 0, 0, 0, 0, 0, 0, 0, 0, 0, 0, 0, 0, 0, 0, 0, 0, 0, 0, 0, 0, 0, 0, 0, 0, 0, 0, 0, 0, 0, 0, 0, 0, 0, 0, 0, 0, 0, 0, 0, 0, 0, 0, 0, 0, 0, 0, 0, 0, 0, 0, 0, 0, 0, 0, 0, 0, 0, 0, 0, 0, 0, 0, 0, 0, 0, 0, 0, 0, 0, 0, 0, 0, 0, 0, 0, 0, 0, 0, 0, 0, 0, 0, 0, 0, 0, 0, 0, 0, 0, 0, 0, 0, 0, 0, 0, 0, 0, 0, 0, 0, 0, 0, 0, 0, 0, 0, 0, 0, 0, 0, 0, 0, 0, 0, 0, 0, 0, 0, 0, 0, 0, 0, 0, 0, 0, 0, 0, 0, 0, 0, 0, 0, 0, 0, 0, 0, 0, 0, 0, 0, 0, 0, 0, 0, 0, 0, 0, 0, 0, 0, 0, 0, 0, 0, 0, 0, 0, 0, 0, 0, 0, 0, 0, 0, 0, 0, 0, 0, 0, 0, 0, 0, 0, 0, 0, 0, 0, 0, 0, 0, 0, 0, 0, 0, 0, 0, 0, 0, 0, 0, 0, 0, 0, 0, 0, 0, 0, 0, 0, 0, 0, 0]

decode|42610.65|57635.16| op = [158, 157]| tp = [1, 1, ] | dp = [2, 2, ] | algo = [0, 0, ] | rc = [24, 10] | gpus = [2, 2] | micro_bs = 8 | time = [41023, 42610] | memory = [57635, 55649]
验证解
line146:config.memory_list:[57635.162, 55649.59]
line147:config.time_list:[41023.66231478405, 42610.65227346626]
求解成功
config has been saved to /home/liminglong.lml/sxz/SuperScaler/logs-large/aceso/configs/gpt/1_3B/gpt_1_3B_2stages_2026-5-15-8-9-21.json

========== Best Result (num_stages = 2) ==========
|42610.65|57635.16| op = [158, 157]| tp = [1, 1, ] | dp = [2, 2, ] | algo = [0, 0, ] | rc = [24, 10] | gpus = [2, 2] | micro_bs = 8 | time = [41023, 42610] | memory = [57635, 55649]
[stage 0 recompute_ops] 5,6,18,19,31,32,44,45,57,58,70,71,83,84,96,97,109,110,122,123,135,136,148,149,
stage 0: enc-attention-dropout, enc-attention-context, enc-attention-dropout, enc-attention-context, enc-attention-dropout, enc-attention-context, enc-attention-dropout, enc-attention-context, enc-attention-dropout, enc-attention-context, enc-attention-dropout, enc-attention-context, enc-attention-dropout, enc-attention-context, enc-attention-dropout, enc-attention-context, enc-attention-dropout, enc-attention-context, enc-attention-dropout, enc-attention-context, enc-attention-dropout, enc-attention-context, enc-attention-dropout, enc-attention-context, 
[stage 1 recompute_ops] 3,4,16,17,29,30,42,43,55,56,
stage 1: enc-attention-dropout, enc-attention-context, enc-attention-dropout, enc-attention-context, enc-attention-dropout, enc-attention-context, enc-attention-dropout, enc-attention-context, enc-attention-dropout, enc-attention-context, 
[stage 0 algo1] 
[stage 1 algo1] 
start|42610.65|57635.16| op = [158, 157]| tp = [1, 1, ] | dp = [2, 2, ] | algo = [0, 0, ] | rc = [24, 10] | gpus = [2, 2] | micro_bs = 8 | time = [41023, 42610] | memory = [57635, 55649]
decode|42610.65|57635.16| op = [158, 157]| tp = [1, 1, ] | dp = [2, 2, ] | algo = [0, 0, ] | rc = [24, 10] | gpus = [2, 2] | micro_bs = 8 | time = [41023, 42610] | memory = [57635, 55649]

num_targets: []
num_hops: []
search time = 0.00 s.  [0] 
num_explored_cases = 0
time trend: [42610]

stage 2 search time: 0.16 s
working on num_stages = 3
start|46391.15|57601.70| op = [158, 79, 78]| tp = [1, 1, 1, ] | dp = [2, 1, 1, ] | algo = [0, 0, 0, ] | rc = [38, 14, 6] | gpus = [2, 1, 1] | micro_bs = 8 | time = [43517, 42417, 46391] | memory = [56820, 57411, 57601]
line465:max stage:2, min stage:1, max_value:46391.14936650761, min_value:42417.676110176835
fix|46747.92|57473.70| op = [158, 80, 77]| tp = [1, 1, 1, ] | dp = [2, 1, 1, ] | algo = [0, 0, 0, ] | rc = [38, 16, 6] | gpus = [2, 1, 1] | micro_bs = 8 | time = [43538, 44716, 46747] | memory = [56820, 57411, 57473]
cv:0.029458521954681932
line465:max stage:2, min stage:0, max_value:46747.91997094562, min_value:43538.380035916074
fix|46013.90|57473.70| op = [159, 80, 76]| tp = [1, 1, 1, ] | dp = [2, 1, 1, ] | algo = [0, 0, 0, ] | rc = [38, 16, 6] | gpus = [2, 1, 1] | micro_bs = 8 | time = [43948, 44753, 46013] | memory = [57300, 57091, 57473]
cv:0.01892722501873943
line465:max stage:2, min stage:0, max_value:46013.90160989943, min_value:43948.7555011368
fix|47954.76|57859.00| op = [160, 80, 75]| tp = [1, 1, 1, ] | dp = [2, 1, 1, ] | algo = [0, 0, 0, ] | rc = [40, 22, 4] | gpus = [2, 1, 1] | micro_bs = 8 | time = [45115, 47954, 44502] | memory = [57300, 57859, 57473]
cv:0.032796290217790965
line465:max stage:1, min stage:2, max_value:47954.762524981095, min_value:44502.048569231454
fix|46027.98|57473.70| op = [160, 79, 76]| tp = [1, 1, 1, ] | dp = [2, 1, 1, ] | algo = [0, 0, 0, ] | rc = [40, 17, 6] | gpus = [2, 1, 1] | micro_bs = 8 | time = [45108, 45409, 46027] | memory = [57300, 56835, 57473]
best|46013.90|57473.70| op = [159, 80, 76]| tp = [1, 1, 1, ] | dp = [2, 1, 1, ] | algo = [0, 0, 0, ] | rc = [38, 16, 6] | gpus = [2, 1, 1] | micro_bs = 8 | time = [43948, 44753, 46013] | memory = [57300, 57091, 57473]
line146:config.memory_list:[57300.742999999995, 57091.0, 57473.703]
line147:config.time_list:[43948.7555011368, 44753.062748434924, 46013.90160989943]
------------------------------------------------------------------------------------------------------
cegis_search for the 0th times
开始求解check...
line351:
tp_list[1, 1, 1, 1, 1, 1, 1, 1, 1, 1, 1, 1, 1, 1, 1, 1, 1, 1, 1, 1, 1, 1, 1, 1, 1, 1, 1, 1, 1, 1, 1, 1, 1, 1, 1, 1, 1, 1, 1, 1, 1, 1, 1, 1, 1, 1, 1, 1, 1, 1, 1, 1, 1, 1, 1, 1, 1, 1, 1, 1, 1, 1, 1, 1, 1, 1, 1, 1, 1, 1, 1, 1, 1, 1, 1, 1, 1, 1, 1, 1, 1, 1, 1, 1, 1, 1, 1, 1, 1, 1, 1, 1, 1, 1, 1, 1, 1, 1, 1, 1, 1, 1, 1, 1, 1, 1, 1, 1, 1, 1, 1, 1, 1, 1, 1, 1, 1, 1, 1, 1, 1, 1, 1, 1, 1, 1, 1, 1, 1, 1, 1, 1, 1, 1, 1, 1, 1, 1, 1, 1, 1, 1, 1, 1, 1, 1, 1, 1, 1, 1, 1, 1, 1, 1, 1, 1, 1, 1, 1, 1, 1, 1, 1, 1, 1, 1, 1, 1, 1, 1, 1, 1, 1, 1, 1, 1, 1, 1, 1, 1, 1, 1, 1, 1, 1, 1, 1, 1, 1, 1, 1, 1, 1, 1, 1, 1, 1, 1, 1, 1, 1, 1, 1, 1, 1, 1, 1, 1, 1, 1, 1, 1, 1, 1, 1, 1, 1, 1, 1, 1, 1, 1, 1, 1, 1, 1, 1, 1, 1, 1, 1, 1, 1, 1, 1, 1, 1, 1, 1, 1, 1, 1, 1, 1, 1, 1, 1, 1, 1, 1, 1, 1, 1, 1, 1, 1, 1, 1, 1, 1, 1, 1, 1, 1, 1, 1, 1, 1, 1, 1, 1, 1, 1, 1, 1, 1, 1, 1, 1, 1, 1, 1, 1, 1, 1, 1, 1, 1, 1, 1, 1, 1, 1, 1, 1, 1, 1, 1, 1, 1, 1, 1, 1, 1, 1, 1, 1, 1, 1, 1, 1, 1, 1, 1, 1]
dp_list[2, 2, 2, 2, 2, 2, 2, 2, 2, 2, 2, 2, 2, 2, 2, 2, 2, 2, 2, 2, 2, 2, 2, 2, 2, 2, 2, 2, 2, 2, 2, 2, 2, 2, 2, 2, 2, 2, 2, 2, 2, 2, 2, 2, 2, 2, 2, 2, 2, 2, 2, 2, 2, 2, 2, 2, 2, 2, 2, 2, 2, 2, 2, 2, 2, 2, 2, 2, 2, 2, 2, 2, 2, 2, 2, 2, 2, 2, 2, 2, 2, 2, 2, 2, 2, 2, 2, 2, 2, 2, 2, 2, 2, 2, 2, 2, 2, 2, 2, 2, 2, 2, 2, 2, 2, 2, 2, 2, 2, 2, 2, 2, 2, 2, 2, 2, 2, 2, 2, 2, 2, 2, 2, 2, 2, 2, 2, 2, 2, 2, 2, 2, 2, 2, 2, 2, 2, 2, 2, 2, 2, 2, 2, 2, 2, 2, 2, 2, 2, 2, 2, 2, 2, 2, 2, 2, 2, 2, 2, 2, 1, 1, 1, 1, 1, 1, 1, 1, 1, 1, 1, 1, 1, 1, 1, 1, 1, 1, 1, 1, 1, 1, 1, 1, 1, 1, 1, 1, 1, 1, 1, 1, 1, 1, 1, 1, 1, 1, 1, 1, 1, 1, 1, 1, 1, 1, 1, 1, 1, 1, 1, 1, 1, 1, 1, 1, 1, 1, 1, 1, 1, 1, 1, 1, 1, 1, 1, 1, 1, 1, 1, 1, 1, 1, 1, 1, 1, 1, 1, 1, 1, 1, 1, 1, 1, 1, 1, 1, 1, 1, 1, 1, 1, 1, 1, 1, 1, 1, 1, 1, 1, 1, 1, 1, 1, 1, 1, 1, 1, 1, 1, 1, 1, 1, 1, 1, 1, 1, 1, 1, 1, 1, 1, 1, 1, 1, 1, 1, 1, 1, 1, 1, 1, 1, 1, 1, 1, 1, 1, 1, 1, 1, 1, 1, 1, 1, 1, 1, 1, 1, 1, 1, 1, 1, 1]
algo_list[0, 0, 0, 0, 0, 0, 0, 0, 0, 0, 0, 0, 0, 0, 0, 0, 0, 0, 0, 0, 0, 0, 0, 0, 0, 0, 0, 0, 0, 0, 0, 0, 0, 0, 0, 0, 0, 0, 0, 0, 0, 0, 0, 0, 0, 0, 0, 0, 0, 0, 0, 0, 0, 0, 0, 0, 0, 0, 0, 0, 0, 0, 0, 0, 0, 0, 0, 0, 0, 0, 0, 0, 0, 0, 0, 0, 0, 0, 0, 0, 0, 0, 0, 0, 0, 0, 0, 0, 0, 0, 0, 0, 0, 0, 0, 0, 0, 0, 0, 0, 0, 0, 0, 0, 0, 0, 0, 0, 0, 0, 0, 0, 0, 0, 0, 0, 0, 0, 0, 0, 0, 0, 0, 0, 0, 0, 0, 0, 0, 0, 0, 0, 0, 0, 0, 0, 0, 0, 0, 0, 0, 0, 0, 0, 0, 0, 0, 0, 0, 0, 0, 0, 0, 0, 0, 0, 0, 0, 0, 0, 0, 0, 0, 0, 0, 0, 0, 0, 0, 0, 0, 0, 0, 0, 0, 0, 0, 0, 0, 0, 0, 0, 0, 0, 0, 0, 0, 0, 0, 0, 0, 0, 0, 0, 0, 0, 0, 0, 0, 0, 0, 0, 0, 0, 0, 0, 0, 0, 0, 0, 0, 0, 0, 0, 0, 0, 0, 0, 0, 0, 0, 0, 0, 0, 0, 0, 0, 0, 0, 0, 0, 0, 0, 0, 0, 0, 0, 0, 0, 0, 0, 0, 0, 0, 0, 0, 0, 0, 0, 0, 0, 0, 0, 0, 0, 0, 0, 0, 0, 0, 0, 0, 0, 0, 0, 0, 0, 0, 0, 0, 0, 0, 0, 0, 0, 0, 0, 0, 0, 0, 0, 0, 0, 0, 0, 0, 0, 0, 0, 0, 0, 0, 0, 0, 0, 0, 0, 0, 0, 0, 0, 0, 0, 0, 0, 0, 0, 0, 0, 0, 0, 0, 0, 0, 0]

decode|47954.76|57859.00| op = [160, 80, 75]| tp = [1, 1, 1, ] | dp = [2, 1, 1, ] | algo = [0, 0, 0, ] | rc = [40, 22, 4] | gpus = [2, 1, 1] | micro_bs = 8 | time = [45115, 47954, 44502] | memory = [57300, 57859, 57473]
验证解
line465:max stage:1, min stage:2, max_value:47954.762524981095, min_value:44502.048569231454
fix|46027.98|57473.70| op = [160, 79, 76]| tp = [1, 1, 1, ] | dp = [2, 1, 1, ] | algo = [0, 0, 0, ] | rc = [40, 17, 6] | gpus = [2, 1, 1] | micro_bs = 8 | time = [45108, 45409, 46027] | memory = [57300, 56835, 57473]
best|46027.98|57473.70| op = [160, 79, 76]| tp = [1, 1, 1, ] | dp = [2, 1, 1, ] | algo = [0, 0, 0, ] | rc = [40, 17, 6] | gpus = [2, 1, 1] | micro_bs = 8 | time = [45108, 45409, 46027] | memory = [57300, 56835, 57473]
line146:config.memory_list:[57300.742999999995, 56835.0, 57473.703]
line147:config.time_list:[45108.03488641974, 45409.46072798109, 46027.97662823144]
求解成功
config has been saved to /home/liminglong.lml/sxz/SuperScaler/logs-large/aceso/configs/gpt/1_3B/gpt_1_3B_3stages_2026-5-15-8-9-21.json

========== Best Result (num_stages = 3) ==========
|46027.98|57473.70| op = [160, 79, 76]| tp = [1, 1, 1, ] | dp = [2, 1, 1, ] | algo = [0, 0, 0, ] | rc = [40, 17, 6] | gpus = [2, 1, 1] | micro_bs = 8 | time = [45108, 45409, 46027] | memory = [57300, 56835, 57473]
[stage 0 recompute_ops] 3,4,5,6,16,17,18,19,29,30,31,32,42,43,44,45,55,56,57,58,68,69,70,71,81,82,83,84,94,95,96,97,109,110,122,123,135,136,148,149,
stage 0: enc-attention-score, enc-attention-softmax, enc-attention-dropout, enc-attention-context, enc-attention-score, enc-attention-softmax, enc-attention-dropout, enc-attention-context, enc-attention-score, enc-attention-softmax, enc-attention-dropout, enc-attention-context, enc-attention-score, enc-attention-softmax, enc-attention-dropout, enc-attention-context, enc-attention-score, enc-attention-softmax, enc-attention-dropout, enc-attention-context, enc-attention-score, enc-attention-softmax, enc-attention-dropout, enc-attention-context, enc-attention-score, enc-attention-softmax, enc-attention-dropout, enc-attention-context, enc-attention-score, enc-attention-softmax, enc-attention-dropout, enc-attention-context, enc-attention-dropout, enc-attention-context, enc-attention-dropout, enc-attention-context, enc-attention-dropout, enc-attention-context, enc-attention-dropout, enc-attention-context, 
[stage 1 recompute_ops] 0,1,2,12,13,14,15,25,26,27,28,40,41,53,54,66,67,
stage 1: enc-attention-softmax, enc-attention-dropout, enc-attention-context, enc-attention-score, enc-attention-softmax, enc-attention-dropout, enc-attention-context, enc-attention-score, enc-attention-softmax, enc-attention-dropout, enc-attention-context, enc-attention-dropout, enc-attention-context, enc-attention-dropout, enc-attention-context, enc-attention-dropout, enc-attention-context, 
[stage 2 recompute_ops] 0,1,13,14,26,27,
stage 2: enc-attention-dropout, enc-attention-context, enc-attention-dropout, enc-attention-context, enc-attention-dropout, enc-attention-context, 
[stage 0 algo1] 
[stage 1 algo1] 
[stage 2 algo1] 
start|46391.15|57601.70| op = [158, 79, 78]| tp = [1, 1, 1, ] | dp = [2, 1, 1, ] | algo = [0, 0, 0, ] | rc = [38, 14, 6] | gpus = [2, 1, 1] | micro_bs = 8 | time = [43517, 42417, 46391] | memory = [56820, 57411, 57601]
fix|46747.92|57473.70| op = [158, 80, 77]| tp = [1, 1, 1, ] | dp = [2, 1, 1, ] | algo = [0, 0, 0, ] | rc = [38, 16, 6] | gpus = [2, 1, 1] | micro_bs = 8 | time = [43538, 44716, 46747] | memory = [56820, 57411, 57473]
fix|46013.90|57473.70| op = [159, 80, 76]| tp = [1, 1, 1, ] | dp = [2, 1, 1, ] | algo = [0, 0, 0, ] | rc = [38, 16, 6] | gpus = [2, 1, 1] | micro_bs = 8 | time = [43948, 44753, 46013] | memory = [57300, 57091, 57473]
best|46013.90|57473.70| op = [159, 80, 76]| tp = [1, 1, 1, ] | dp = [2, 1, 1, ] | algo = [0, 0, 0, ] | rc = [38, 16, 6] | gpus = [2, 1, 1] | micro_bs = 8 | time = [43948, 44753, 46013] | memory = [57300, 57091, 57473]
decode|47954.76|57859.00| op = [160, 80, 75]| tp = [1, 1, 1, ] | dp = [2, 1, 1, ] | algo = [0, 0, 0, ] | rc = [40, 22, 4] | gpus = [2, 1, 1] | micro_bs = 8 | time = [45115, 47954, 44502] | memory = [57300, 57859, 57473]
fix|46027.98|57473.70| op = [160, 79, 76]| tp = [1, 1, 1, ] | dp = [2, 1, 1, ] | algo = [0, 0, 0, ] | rc = [40, 17, 6] | gpus = [2, 1, 1] | micro_bs = 8 | time = [45108, 45409, 46027] | memory = [57300, 56835, 57473]
best|46027.98|57473.70| op = [160, 79, 76]| tp = [1, 1, 1, ] | dp = [2, 1, 1, ] | algo = [0, 0, 0, ] | rc = [40, 17, 6] | gpus = [2, 1, 1] | micro_bs = 8 | time = [45108, 45409, 46027] | memory = [57300, 56835, 57473]

num_targets: []
num_hops: []
search time = 0.00 s.  [0] 
num_explored_cases = 0
time trend: [46391]

stage 3 search time: 0.12 s
working on num_stages = 4
start|46735.92|57601.70| op = [79, 79, 79, 78]| tp = [1, 1, 1, 1, ] | dp = [1, 1, 1, 1, ] | algo = [0, 0, 0, 0, ] | rc = [24, 20, 14, 6] | gpus = [1, 1, 1, 1] | micro_bs = 8 | time = [45222, 43788, 42762, 46735] | memory = [52742, 56068, 57411, 57601]
line465:max stage:3, min stage:2, max_value:46735.92012747521, min_value:42762.446871144435
fix|47092.69|57473.70| op = [79, 79, 80, 77]| tp = [1, 1, 1, 1, ] | dp = [1, 1, 1, 1, ] | algo = [0, 0, 0, 0, ] | rc = [24, 20, 16, 6] | gpus = [1, 1, 1, 1] | micro_bs = 8 | time = [45243, 43808, 45060, 47092] | memory = [52742, 56068, 57411, 57473]
cv:0.0258794473491824
line465:max stage:3, min stage:1, max_value:47092.690731913215, min_value:43808.75469623511
fix|46361.92|57473.70| op = [79, 80, 80, 76]| tp = [1, 1, 1, 1, ] | dp = [1, 1, 1, 1, ] | algo = [0, 0, 0, 0, ] | rc = [24, 20, 16, 6] | gpus = [1, 1, 1, 1] | micro_bs = 8 | time = [45244, 44634, 45101, 46361] | memory = [52742, 56836, 57091, 57473]
best|46361.92|57473.70| op = [79, 80, 80, 76]| tp = [1, 1, 1, 1, ] | dp = [1, 1, 1, 1, ] | algo = [0, 0, 0, 0, ] | rc = [24, 20, 16, 6] | gpus = [1, 1, 1, 1] | micro_bs = 8 | time = [45244, 44634, 45101, 46361] | memory = [52742, 56836, 57091, 57473]
line146:config.memory_list:[52742.24799999999, 56836.875, 57091.0, 57473.703]
line147:config.time_list:[45244.57439658457, 44634.63402498903, 45101.079633336376, 46361.918494800884]
------------------------------------------------------------------------------------------------------
cegis_search for the 0th times
开始求解check...
line351:
tp_list[1, 1, 1, 1, 1, 1, 1, 1, 1, 1, 1, 1, 1, 1, 1, 1, 1, 1, 1, 1, 1, 1, 1, 1, 1, 1, 1, 1, 1, 1, 1, 1, 1, 1, 1, 1, 1, 1, 1, 1, 1, 1, 1, 1, 1, 1, 1, 1, 1, 1, 1, 1, 1, 1, 1, 1, 1, 1, 1, 1, 1, 1, 1, 1, 1, 1, 1, 1, 1, 1, 1, 1, 1, 1, 1, 1, 1, 1, 1, 1, 1, 1, 1, 1, 1, 1, 1, 1, 1, 1, 1, 1, 1, 1, 1, 1, 1, 1, 1, 1, 1, 1, 1, 1, 1, 1, 1, 1, 1, 1, 1, 1, 1, 1, 1, 1, 1, 1, 1, 1, 1, 1, 1, 1, 1, 1, 1, 1, 1, 1, 1, 1, 1, 1, 1, 1, 1, 1, 1, 1, 1, 1, 1, 1, 1, 1, 1, 1, 1, 1, 1, 1, 1, 1, 1, 1, 1, 1, 1, 1, 1, 1, 1, 1, 1, 1, 1, 1, 1, 1, 1, 1, 1, 1, 1, 1, 1, 1, 1, 1, 1, 1, 1, 1, 1, 1, 1, 1, 1, 1, 1, 1, 1, 1, 1, 1, 1, 1, 1, 1, 1, 1, 1, 1, 1, 1, 1, 1, 1, 1, 1, 1, 1, 1, 1, 1, 1, 1, 1, 1, 1, 1, 1, 1, 1, 1, 1, 1, 1, 1, 1, 1, 1, 1, 1, 1, 1, 1, 1, 1, 1, 1, 1, 1, 1, 1, 1, 1, 1, 1, 1, 1, 1, 1, 1, 1, 1, 1, 1, 1, 1, 1, 1, 1, 1, 1, 1, 1, 1, 1, 1, 1, 1, 1, 1, 1, 1, 1, 1, 1, 1, 1, 1, 1, 1, 1, 1, 1, 1, 1, 1, 1, 1, 1, 1, 1, 1, 1, 1, 1, 1, 1, 1, 1, 1, 1, 1, 1, 1, 1, 1, 1, 1, 1, 1]
dp_list[1, 1, 1, 1, 1, 1, 1, 1, 1, 1, 1, 1, 1, 1, 1, 1, 1, 1, 1, 1, 1, 1, 1, 1, 1, 1, 1, 1, 1, 1, 1, 1, 1, 1, 1, 1, 1, 1, 1, 1, 1, 1, 1, 1, 1, 1, 1, 1, 1, 1, 1, 1, 1, 1, 1, 1, 1, 1, 1, 1, 1, 1, 1, 1, 1, 1, 1, 1, 1, 1, 1, 1, 1, 1, 1, 1, 1, 1, 1, 1, 1, 1, 1, 1, 1, 1, 1, 1, 1, 1, 1, 1, 1, 1, 1, 1, 1, 1, 1, 1, 1, 1, 1, 1, 1, 1, 1, 1, 1, 1, 1, 1, 1, 1, 1, 1, 1, 1, 1, 1, 1, 1, 1, 1, 1, 1, 1, 1, 1, 1, 1, 1, 1, 1, 1, 1, 1, 1, 1, 1, 1, 1, 1, 1, 1, 1, 1, 1, 1, 1, 1, 1, 1, 1, 1, 1, 1, 1, 1, 1, 1, 1, 1, 1, 1, 1, 1, 1, 1, 1, 1, 1, 1, 1, 1, 1, 1, 1, 1, 1, 1, 1, 1, 1, 1, 1, 1, 1, 1, 1, 1, 1, 1, 1, 1, 1, 1, 1, 1, 1, 1, 1, 1, 1, 1, 1, 1, 1, 1, 1, 1, 1, 1, 1, 1, 1, 1, 1, 1, 1, 1, 1, 1, 1, 1, 1, 1, 1, 1, 1, 1, 1, 1, 1, 1, 1, 1, 1, 1, 1, 1, 1, 1, 1, 1, 1, 1, 1, 1, 1, 1, 1, 1, 1, 1, 1, 1, 1, 1, 1, 1, 1, 1, 1, 1, 1, 1, 1, 1, 1, 1, 1, 1, 1, 1, 1, 1, 1, 1, 1, 1, 1, 1, 1, 1, 1, 1, 1, 1, 1, 1, 1, 1, 1, 1, 1, 1, 1, 1, 1, 1, 1, 1, 1, 1, 1, 1, 1, 1, 1, 1, 1, 1, 1, 1]
algo_list[0, 0, 0, 0, 0, 0, 0, 0, 0, 0, 0, 0, 0, 0, 0, 0, 0, 0, 0, 0, 0, 0, 0, 0, 0, 0, 0, 0, 0, 0, 0, 0, 0, 0, 0, 0, 0, 0, 0, 0, 0, 0, 0, 0, 0, 0, 0, 0, 0, 0, 0, 0, 0, 0, 0, 0, 0, 0, 0, 0, 0, 0, 0, 0, 0, 0, 0, 0, 0, 0, 0, 0, 0, 0, 0, 0, 0, 0, 0, 0, 0, 0, 0, 0, 0, 0, 0, 0, 0, 0, 0, 0, 0, 0, 0, 0, 0, 0, 0, 0, 0, 0, 0, 0, 0, 0, 0, 0, 0, 0, 0, 0, 0, 0, 0, 0, 0, 0, 0, 0, 0, 0, 0, 0, 0, 0, 0, 0, 0, 0, 0, 0, 0, 0, 0, 0, 0, 0, 0, 0, 0, 0, 0, 0, 0, 0, 0, 0, 0, 0, 0, 0, 0, 0, 0, 0, 0, 0, 0, 0, 0, 0, 0, 0, 0, 0, 0, 0, 0, 0, 0, 0, 0, 0, 0, 0, 0, 0, 0, 0, 0, 0, 0, 0, 0, 0, 0, 0, 0, 0, 0, 0, 0, 0, 0, 0, 0, 0, 0, 0, 0, 0, 0, 0, 0, 0, 0, 0, 0, 0, 0, 0, 0, 0, 0, 0, 0, 0, 0, 0, 0, 0, 0, 0, 0, 0, 0, 0, 0, 0, 0, 0, 0, 0, 0, 0, 0, 0, 0, 0, 0, 0, 0, 0, 0, 0, 0, 0, 0, 0, 0, 0, 0, 0, 0, 0, 0, 0, 0, 0, 0, 0, 0, 0, 0, 0, 0, 0, 0, 0, 0, 0, 0, 0, 0, 0, 0, 0, 0, 0, 0, 0, 0, 0, 0, 0, 0, 0, 0, 0, 0, 0, 0, 0, 0, 0, 0, 0, 0, 0, 0, 0, 0, 0, 0, 0, 0, 0, 0, 0, 0, 0, 0, 0, 0]

decode|46361.92|57473.70| op = [79, 80, 80, 76]| tp = [1, 1, 1, 1, ] | dp = [1, 1, 1, 1, ] | algo = [0, 0, 0, 0, ] | rc = [24, 20, 16, 6] | gpus = [1, 1, 1, 1] | micro_bs = 8 | time = [45244, 44634, 45101, 46361] | memory = [52742, 56836, 57091, 57473]
验证解
line465:max stage:3, min stage:1, max_value:46361.918494800884, min_value:44634.63402498903
fix|48311.70|57859.00| op = [79, 81, 80, 75]| tp = [1, 1, 1, 1, ] | dp = [1, 1, 1, 1, ] | algo = [0, 0, 0, 0, ] | rc = [24, 22, 22, 4] | gpus = [1, 1, 1, 1] | micro_bs = 8 | time = [45275, 46943, 48311, 44858] | memory = [52742, 56836, 57859, 57473]
cv:0.029697957640343525
line465:max stage:2, min stage:3, max_value:48311.69846677438, min_value:44858.98451102473
fix|46935.55|57473.70| op = [79, 81, 79, 76]| tp = [1, 1, 1, 1, ] | dp = [1, 1, 1, 1, ] | algo = [0, 0, 0, 0, ] | rc = [24, 22, 17, 6] | gpus = [1, 1, 1, 1] | micro_bs = 8 | time = [45267, 46935, 45766, 46384] | memory = [52742, 56836, 56835, 57473]
best|46361.92|57473.70| op = [79, 80, 80, 76]| tp = [1, 1, 1, 1, ] | dp = [1, 1, 1, 1, ] | algo = [0, 0, 0, 0, ] | rc = [24, 20, 16, 6] | gpus = [1, 1, 1, 1] | micro_bs = 8 | time = [45244, 44634, 45101, 46361] | memory = [52742, 56836, 57091, 57473]
line146:config.memory_list:[52742.24799999999, 56836.875, 57091.0, 57473.703]
line147:config.time_list:[45244.57439658457, 44634.63402498903, 45101.079633336376, 46361.918494800884]
求解成功
config has been saved to /home/liminglong.lml/sxz/SuperScaler/logs-large/aceso/configs/gpt/1_3B/gpt_1_3B_4stages_2026-5-15-8-9-21.json

========== Best Result (num_stages = 4) ==========
|46361.92|57473.70| op = [79, 80, 80, 76]| tp = [1, 1, 1, 1, ] | dp = [1, 1, 1, 1, ] | algo = [0, 0, 0, 0, ] | rc = [24, 20, 16, 6] | gpus = [1, 1, 1, 1] | micro_bs = 8 | time = [45244, 44634, 45101, 46361] | memory = [52742, 56836, 57091, 57473]
[stage 0 recompute_ops] 3,4,5,6,16,17,18,19,29,30,31,32,42,43,44,45,55,56,57,58,68,69,70,71,
stage 0: enc-attention-score, enc-attention-softmax, enc-attention-dropout, enc-attention-context, enc-attention-score, enc-attention-softmax, enc-attention-dropout, enc-attention-context, enc-attention-score, enc-attention-softmax, enc-attention-dropout, enc-attention-context, enc-attention-score, enc-attention-softmax, enc-attention-dropout, enc-attention-context, enc-attention-score, enc-attention-softmax, enc-attention-dropout, enc-attention-context, enc-attention-score, enc-attention-softmax, enc-attention-dropout, enc-attention-context, 
[stage 1 recompute_ops] 2,3,4,5,15,16,17,18,28,29,30,31,41,42,43,44,56,57,69,70,
stage 1: enc-attention-score, enc-attention-softmax, enc-attention-dropout, enc-attention-context, enc-attention-score, enc-attention-softmax, enc-attention-dropout, enc-attention-context, enc-attention-score, enc-attention-softmax, enc-attention-dropout, enc-attention-context, enc-attention-score, enc-attention-softmax, enc-attention-dropout, enc-attention-context, enc-attention-dropout, enc-attention-context, enc-attention-dropout, enc-attention-context, 
[stage 2 recompute_ops] 0,1,2,3,13,14,15,16,28,29,41,42,54,55,67,68,
stage 2: enc-attention-score, enc-attention-softmax, enc-attention-dropout, enc-attention-context, enc-attention-score, enc-attention-softmax, enc-attention-dropout, enc-attention-context, enc-attention-dropout, enc-attention-context, enc-attention-dropout, enc-attention-context, enc-attention-dropout, enc-attention-context, enc-attention-dropout, enc-attention-context, 
[stage 3 recompute_ops] 0,1,13,14,26,27,
stage 3: enc-attention-dropout, enc-attention-context, enc-attention-dropout, enc-attention-context, enc-attention-dropout, enc-attention-context, 
[stage 0 algo1] 
[stage 1 algo1] 
[stage 2 algo1] 
[stage 3 algo1] 
start|46735.92|57601.70| op = [79, 79, 79, 78]| tp = [1, 1, 1, 1, ] | dp = [1, 1, 1, 1, ] | algo = [0, 0, 0, 0, ] | rc = [24, 20, 14, 6] | gpus = [1, 1, 1, 1] | micro_bs = 8 | time = [45222, 43788, 42762, 46735] | memory = [52742, 56068, 57411, 57601]
fix|47092.69|57473.70| op = [79, 79, 80, 77]| tp = [1, 1, 1, 1, ] | dp = [1, 1, 1, 1, ] | algo = [0, 0, 0, 0, ] | rc = [24, 20, 16, 6] | gpus = [1, 1, 1, 1] | micro_bs = 8 | time = [45243, 43808, 45060, 47092] | memory = [52742, 56068, 57411, 57473]
fix|46361.92|57473.70| op = [79, 80, 80, 76]| tp = [1, 1, 1, 1, ] | dp = [1, 1, 1, 1, ] | algo = [0, 0, 0, 0, ] | rc = [24, 20, 16, 6] | gpus = [1, 1, 1, 1] | micro_bs = 8 | time = [45244, 44634, 45101, 46361] | memory = [52742, 56836, 57091, 57473]
best|46361.92|57473.70| op = [79, 80, 80, 76]| tp = [1, 1, 1, 1, ] | dp = [1, 1, 1, 1, ] | algo = [0, 0, 0, 0, ] | rc = [24, 20, 16, 6] | gpus = [1, 1, 1, 1] | micro_bs = 8 | time = [45244, 44634, 45101, 46361] | memory = [52742, 56836, 57091, 57473]
decode|46361.92|57473.70| op = [79, 80, 80, 76]| tp = [1, 1, 1, 1, ] | dp = [1, 1, 1, 1, ] | algo = [0, 0, 0, 0, ] | rc = [24, 20, 16, 6] | gpus = [1, 1, 1, 1] | micro_bs = 8 | time = [45244, 44634, 45101, 46361] | memory = [52742, 56836, 57091, 57473]
best|46361.92|57473.70| op = [79, 80, 80, 76]| tp = [1, 1, 1, 1, ] | dp = [1, 1, 1, 1, ] | algo = [0, 0, 0, 0, ] | rc = [24, 20, 16, 6] | gpus = [1, 1, 1, 1] | micro_bs = 8 | time = [45244, 44634, 45101, 46361] | memory = [52742, 56836, 57091, 57473]

num_targets: []
num_hops: []
search time = 0.00 s.  [0] 
num_explored_cases = 0
time trend: [46735]

stage 4 search time: 0.11 s
# of stages	est_iteration_time(s)	est_thpt(samples/s)	est_mem(MB)	# of explored cases
1          	42.46                	24.12              	48445      	0                  
2          	42.61                	24.03              	57635      	0                  
3          	46.39                	22.07              	57474      	0                  

overall search time: 0.46 s
stage 0 search time: 0.08 s
stage 1 search time: 0.16 s
stage 2 search time: 0.12 s
stage 3 search time: 0.11 s
