------------------------ arguments ------------------------
  adaptive_hyper_parameters ....................... 5
  add_action_finetune_algo ........................ False
  add_action_finetune_dim ......................... False
  add_action_tp_dp_exchange ....................... False
  add_action_tune_tp_dp ........................... False
  check_recompute_with_group ...................... False
  config_save_path ................................ /home/liminglong.lml/sxz/SuperScaler/logs-large/aceso/configs/gpt/1_3B/
  config_suffix ................................... 2026-5-15-12-57-26
  consider_collective_memory ...................... False
  consider_reserved_space ......................... True
  consider_shared_space ........................... True
  continue_when_fail .............................. True
  decoder_seq_len ................................. 512
  end_num_stages .................................. 4
  finetune_after_trial ............................ 0
  finetune_tp_dp_after_trial ...................... False
  flex_recompute .................................. True
  forbid_turn_back ................................ False
  global_batch_size ............................... 1024
  high_memory_rate ................................ 0.9
  init_dim ........................................ tp
  initial_point ................................... balance
  log_path ........................................ /home/liminglong.lml/sxz/SuperScaler/logs-large/aceso/search/gpt/1_3B/
  max_num_hops .................................... 7
  max_num_trials .................................. 100
  max_op_move_steps ............................... 5
  max_tp .......................................... 4
  memory_limit .................................... 28000
  memory_main_params .............................. 2
  memory_optimizer ................................ 4
  memory_pred_type ................................ MAX
  micro_batch_size ................................ [1, 2, 4, 8]
  min_mbs ......................................... 1
  model_name ...................................... gpt
  model_size ...................................... 1_3B
  multi_process ................................... True
  num_algos ....................................... 2
  num_gpus ........................................ 4
  num_gpus_per_node ............................... 4
  num_layers ...................................... 24
  num_nodes ....................................... 1
  num_of_saved_configs ............................ 3
  num_partners_in_op_mig .......................... 1
  only_top_1_target ............................... False
  op_group_size ................................... 1
  peak_mem_in_backward ............................ 0
  predict_delta_time .............................. False
  print_debug_info ................................ False
  print_gpu_mig_details ........................... False
  print_move_op_details ........................... False
  print_recomp_debug_info ......................... False
  print_recompute_ops ............................. True
  profiled_time_path .............................. /home/liminglong.lml/sxz/SuperScaler/profiler/profiled-time-eurosys/
  random_order_actions ............................ False
  resharding ...................................... True
  save_to_csv ..................................... None
  seq_len ......................................... 2048
  simple_prim_mbs ................................. False
  simple_prim_mig ................................. False
  sort_metric ..................................... max_stage_time
  start_num_stages ................................ 1
  support_comm_predict ............................ False
  time_budget_per_trial ........................... 200
  time_budget_total ............................... 200
-------------------- end of arguments ---------------------
working on num_stages = 1
config has been saved to /home/liminglong.lml/sxz/SuperScaler/logs-large/aceso/configs/gpt/1_3B/gpt_1_3B_1stages_2026-5-15-12-57-26.json

========== Best Result (num_stages = 1) ==========
|53265.27|27972.78| op = [315]| tp = [1, ] | dp = [4, ] | algo = [0, ] | rc = [171] | gpus = [4] | micro_bs = 4 | time = [53265] | memory = [27972]
[stage 0 recompute_ops] 2,3,4,5,6,8,9,10,11,15,16,17,18,19,21,22,23,24,28,29,30,31,32,36,37,41,42,43,44,45,49,50,54,55,56,57,58,62,63,67,68,69,70,71,75,76,80,81,82,83,84,88,89,93,94,95,96,97,101,102,106,107,108,109,110,114,115,119,120,121,122,123,127,128,132,133,134,135,136,140,141,145,146,147,148,149,153,154,158,159,160,161,162,166,167,171,172,173,174,175,179,180,184,185,186,187,188,192,193,197,198,199,200,201,205,206,210,211,212,213,214,218,219,223,224,225,226,227,231,232,236,237,238,239,240,244,245,249,250,251,252,253,257,258,262,263,264,265,266,270,271,275,276,277,278,279,283,284,288,289,290,291,292,296,297,302,303,304,305,309,310,
stage 0: enc-attention-qkv, enc-attention-score, enc-attention-softmax, enc-attention-dropout, enc-attention-context, enc-post-attention-dropout, enc-2nd-layernorm, enc-MLP-GEMM-1, enc-MLP-gelu, enc-attention-qkv, enc-attention-score, enc-attention-softmax, enc-attention-dropout, enc-attention-context, enc-post-attention-dropout, enc-2nd-layernorm, enc-MLP-GEMM-1, enc-MLP-gelu, enc-attention-qkv, enc-attention-score, enc-attention-softmax, enc-attention-dropout, enc-attention-context, enc-MLP-GEMM-1, enc-MLP-gelu, enc-attention-qkv, enc-attention-score, enc-attention-softmax, enc-attention-dropout, enc-attention-context, enc-MLP-GEMM-1, enc-MLP-gelu, enc-attention-qkv, enc-attention-score, enc-attention-softmax, enc-attention-dropout, enc-attention-context, enc-MLP-GEMM-1, enc-MLP-gelu, enc-attention-qkv, enc-attention-score, enc-attention-softmax, enc-attention-dropout, enc-attention-context, enc-MLP-GEMM-1, enc-MLP-gelu, enc-attention-qkv, enc-attention-score, enc-attention-softmax, enc-attention-dropout, enc-attention-context, enc-MLP-GEMM-1, enc-MLP-gelu, enc-attention-qkv, enc-attention-score, enc-attention-softmax, enc-attention-dropout, enc-attention-context, enc-MLP-GEMM-1, enc-MLP-gelu, enc-attention-qkv, enc-attention-score, enc-attention-softmax, enc-attention-dropout, enc-attention-context, enc-MLP-GEMM-1, enc-MLP-gelu, enc-attention-qkv, enc-attention-score, enc-attention-softmax, enc-attention-dropout, enc-attention-context, enc-MLP-GEMM-1, enc-MLP-gelu, enc-attention-qkv, enc-attention-score, enc-attention-softmax, enc-attention-dropout, enc-attention-context, enc-MLP-GEMM-1, enc-MLP-gelu, enc-attention-qkv, enc-attention-score, enc-attention-softmax, enc-attention-dropout, enc-attention-context, enc-MLP-GEMM-1, enc-MLP-gelu, enc-attention-qkv, enc-attention-score, enc-attention-softmax, enc-attention-dropout, enc-attention-context, enc-MLP-GEMM-1, enc-MLP-gelu, enc-attention-qkv, enc-attention-score, enc-attention-softmax, enc-attention-dropout, enc-attention-context, enc-MLP-GEMM-1, enc-MLP-gelu, enc-attention-qkv, enc-attention-score, enc-attention-softmax, enc-attention-dropout, enc-attention-context, enc-MLP-GEMM-1, enc-MLP-gelu, enc-attention-qkv, enc-attention-score, enc-attention-softmax, enc-attention-dropout, enc-attention-context, enc-MLP-GEMM-1, enc-MLP-gelu, enc-attention-qkv, enc-attention-score, enc-attention-softmax, enc-attention-dropout, enc-attention-context, enc-MLP-GEMM-1, enc-MLP-gelu, enc-attention-qkv, enc-attention-score, enc-attention-softmax, enc-attention-dropout, enc-attention-context, enc-MLP-GEMM-1, enc-MLP-gelu, enc-attention-qkv, enc-attention-score, enc-attention-softmax, enc-attention-dropout, enc-attention-context, enc-MLP-GEMM-1, enc-MLP-gelu, enc-attention-qkv, enc-attention-score, enc-attention-softmax, enc-attention-dropout, enc-attention-context, enc-MLP-GEMM-1, enc-MLP-gelu, enc-attention-qkv, enc-attention-score, enc-attention-softmax, enc-attention-dropout, enc-attention-context, enc-MLP-GEMM-1, enc-MLP-gelu, enc-attention-qkv, enc-attention-score, enc-attention-softmax, enc-attention-dropout, enc-attention-context, enc-MLP-GEMM-1, enc-MLP-gelu, enc-attention-qkv, enc-attention-score, enc-attention-softmax, enc-attention-dropout, enc-attention-context, enc-MLP-GEMM-1, enc-MLP-gelu, enc-attention-score, enc-attention-softmax, enc-attention-dropout, enc-attention-context, enc-MLP-GEMM-1, enc-MLP-gelu, 
[stage 0 algo1] 
start|215856.10|13188.83| op = [315]| tp = [4, ] | dp = [1, ] | algo = [0, ] | rc = [0] | gpus = [4] | micro_bs = 1 | time = [215856] | memory = [13188]

[ Trial 0 ] |215856.10|13188.83| op = [315]| tp = [4, ] | dp = [1, ] | algo = [0, ] | rc = [0] | gpus = [4] | micro_bs = 1 | time = [215856] | memory = [13188]
>>>> [CONFIG: target(0), prim(inc_mbs)]
|112083.29|24940.83| op = [315]| tp = [2, ] | dp = [2, ] | algo = [0, ] | rc = [0] | gpus = [4] | micro_bs = 2 | time = [112083] | memory = [24940]

[ Trial 1 ] |112083.29|24940.83| op = [315]| tp = [2, ] | dp = [2, ] | algo = [0, ] | rc = [0] | gpus = [4] | micro_bs = 2 | time = [112083] | memory = [24940]
>>>> [CONFIG: target(0), prim(inc_mbs)]
|53265.27|27972.78| op = [315]| tp = [1, ] | dp = [4, ] | algo = [0, ] | rc = [171] | gpus = [4] | micro_bs = 4 | time = [53265] | memory = [27972]

num_targets: [1, 1]
num_hops: [1, 1]
search time = 0.23 s.  [0, 1, 2, 3, 4, 5, 6, 7, 8, 9, 10, 11, 12, 13, 14, 15, 16, 17, 18, 19, 20, 21, 22, 23] 
num_explored_cases = 46
time trend: [215856, 112083, 53265, 53265, 53265, 53265, 53265, 53265, 53265, 54019, 54019, 54019, 54019, 54019, 112083, 112083, 112083, 112083, 112083, 215856, 215856, 215856, 215856, 215856]

working on num_stages = 2
config has been saved to /home/liminglong.lml/sxz/SuperScaler/logs-large/aceso/configs/gpt/1_3B/gpt_1_3B_2stages_2026-5-15-12-57-26.json

========== Best Result (num_stages = 2) ==========
|43549.12|24392.41| op = [158, 157]| tp = [1, 1, ] | dp = [2, 2, ] | algo = [0, 0, ] | rc = [22, 0] | gpus = [2, 2] | micro_bs = 2 | time = [43513, 43549] | memory = [23800, 24392]
[stage 0 recompute_ops] 5,6,18,19,31,32,44,45,57,58,70,71,83,84,96,97,109,110,122,123,135,136,
stage 0: enc-attention-dropout, enc-attention-context, enc-attention-dropout, enc-attention-context, enc-attention-dropout, enc-attention-context, enc-attention-dropout, enc-attention-context, enc-attention-dropout, enc-attention-context, enc-attention-dropout, enc-attention-context, enc-attention-dropout, enc-attention-context, enc-attention-dropout, enc-attention-context, enc-attention-dropout, enc-attention-context, enc-attention-dropout, enc-attention-context, enc-attention-dropout, enc-attention-context, 
[stage 1 recompute_ops] 
stage 1: 
[stage 0 algo1] 
[stage 1 algo1] 
start|114467.20|18660.82| op = [157, 158]| tp = [2, 2, ] | dp = [1, 1, ] | algo = [0, 0, ] | rc = [0, 0] | gpus = [2, 2] | micro_bs = 1 | time = [110317, 114467] | memory = [18660, 12540]

[ Trial 0 ] |114467.20|18660.82| op = [157, 158]| tp = [2, 2, ] | dp = [1, 1, ] | algo = [0, 0, ] | rc = [0, 0] | gpus = [2, 2] | micro_bs = 1 | time = [110317, 114467] | memory = [18660, 12540]
>>>> [CONFIG: target(1), prim(inc_mbs)]
|43591.98|24392.42| op = [157, 158]| tp = [1, 1, ] | dp = [2, 2, ] | algo = [0, 0, ] | rc = [22, 0] | gpus = [2, 2] | micro_bs = 2 | time = [43445, 43591] | memory = [23784, 24392]

[ Trial 1 ] |43591.98|24392.42| op = [157, 158]| tp = [1, 1, ] | dp = [2, 2, ] | algo = [0, 0, ] | rc = [22, 0] | gpus = [2, 2] | micro_bs = 2 | time = [43445, 43591] | memory = [23784, 24392]
>>>> [CONFIG: target(1), prim(inc_mbs)]
|45559.89|27569.52| op = [157, 158]| tp = [1, 1, ] | dp = [2, 2, ] | algo = [0, 0, ] | rc = [38, 24] | gpus = [2, 2] | micro_bs = 4 | time = [43680, 45559] | memory = [27569, 25168]
>>>> [CONFIG: target(1), prim(dec_op)]
|45183.27|27889.58| op = [159, 156]| tp = [1, 1, ] | dp = [2, 2, ] | algo = [0, 0, ] | rc = [38, 24] | gpus = [2, 2] | micro_bs = 4 | time = [44159, 45183] | memory = [27889, 24960]
>>>> [CONFIG: target(1), prim(inc_mbs)]
|49693.85|27905.59| op = [159, 156]| tp = [1, 1, ] | dp = [2, 2, ] | algo = [0, 0, ] | rc = [109, 50] | gpus = [2, 2] | micro_bs = 8 | time = [49693, 48553] | memory = [27265, 27905]
>>>> [CONFIG: target(0), prim(dec_op)]
|49261.29|27873.59| op = [158, 157]| tp = [1, 1, ] | dp = [2, 2, ] | algo = [0, 0, ] | rc = [102, 54] | gpus = [2, 2] | micro_bs = 8 | time = [49027, 49261] | memory = [27362, 27873]
>>>> [CONFIG: target(1), prim(dec_mbs)]
|45536.01|27601.58| op = [158, 157]| tp = [1, 1, ] | dp = [2, 2, ] | algo = [0, 0, ] | rc = [38, 24] | gpus = [2, 2] | micro_bs = 4 | time = [43737, 45536] | memory = [27601, 25168]
>>>> [CONFIG: target(1), prim(dec_mbs)]
|43549.12|24392.41| op = [158, 157]| tp = [1, 1, ] | dp = [2, 2, ] | algo = [0, 0, ] | rc = [22, 0] | gpus = [2, 2] | micro_bs = 2 | time = [43513, 43549] | memory = [23800, 24392]

num_targets: [1, 1]
num_hops: [1, 6]
search time = 1.87 s.  [0, 1, 2, 3, 4, 5, 6, 7, 8, 9, 10, 11, 12, 13, 14, 15, 16, 17, 18, 19, 20, 21, 22, 23, 24, 25, 26, 27, 28, 29, 30, 31, 32, 33, 34, 35, 36, 37, 38, 39, 40, 41, 42, 43, 44, 45, 46, 47, 48, 49, 50, 51, 52, 53, 54, 55, 56, 57, 58, 59, 60, 61, 62, 63, 64, 65, 66, 67, 68] 
num_explored_cases = 631
time trend: [114467, 43591, 43549, 43549, 112720, 43549, 43549, 43549, 43549, 43549, 43591, 43591, 43591, 43591, 43591, 43958, 43958, 43958, 43958, 43958, 45183, 45183, 45183, 45183, 45183, 45536, 45536, 45536, 45536, 45536, 45559, 45559, 45559, 45559, 45559, 49261, 49261, 49261, 49261, 49261, 49279, 49279, 49279, 49279, 49693, 49693, 49693, 49693, 49693, 112720, 112720, 112720, 112720, 112720, 112720, 112720, 112720, 112720, 112720, 114383, 114383, 114383, 114383, 114383, 114467, 114467, 114467, 114467, 114467]

