------------------------ arguments ------------------------
  adaptive_hyper_parameters ....................... 5
  add_action_finetune_algo ........................ False
  add_action_finetune_dim ......................... False
  add_action_tp_dp_exchange ....................... False
  add_action_tune_tp_dp ........................... False
  check_recompute_with_group ...................... False
  config_save_path ................................ /home/liminglong.lml/sxz/SuperScaler/logs-large/aceso/configs/gpt/1_3B/
  config_suffix ................................... 2026-5-15-6-59-56
  consider_collective_memory ...................... False
  consider_reserved_space ......................... True
  consider_shared_space ........................... True
  continue_when_fail .............................. True
  decoder_seq_len ................................. 512
  end_num_stages .................................. 4
  finetune_after_trial ............................ 0
  finetune_tp_dp_after_trial ...................... False
  flex_recompute .................................. True
  forbid_turn_back ................................ False
  global_batch_size ............................... 1024
  high_memory_rate ................................ 0.9
  init_dim ........................................ tp
  initial_point ................................... balance
  log_path ........................................ /home/liminglong.lml/sxz/SuperScaler/logs-large/aceso/search/gpt/1_3B/
  max_num_hops .................................... 7
  max_num_trials .................................. 100
  max_op_move_steps ............................... 5
  max_tp .......................................... 4
  memory_limit .................................... 48000
  memory_main_params .............................. 2
  memory_optimizer ................................ 4
  memory_pred_type ................................ MAX
  micro_batch_size ................................ [1, 2, 4, 8]
  min_mbs ......................................... 1
  model_name ...................................... gpt
  model_size ...................................... 1_3B
  multi_process ................................... True
  num_algos ....................................... 2
  num_gpus ........................................ 4
  num_gpus_per_node ............................... 4
  num_layers ...................................... 24
  num_nodes ....................................... 1
  num_of_saved_configs ............................ 3
  num_partners_in_op_mig .......................... 1
  only_top_1_target ............................... False
  op_group_size ................................... 1
  peak_mem_in_backward ............................ 0
  predict_delta_time .............................. False
  print_debug_info ................................ False
  print_gpu_mig_details ........................... False
  print_move_op_details ........................... False
  print_recomp_debug_info ......................... False
  print_recompute_ops ............................. True
  profiled_time_path .............................. /home/liminglong.lml/sxz/SuperScaler/profiler/profiled-time-eurosys/
  random_order_actions ............................ False
  resharding ...................................... True
  save_to_csv ..................................... None
  seq_len ......................................... 2048
  simple_prim_mbs ................................. False
  simple_prim_mig ................................. False
  sort_metric ..................................... max_stage_time
  start_num_stages ................................ 1
  support_comm_predict ............................ False
  time_budget_per_trial ........................... 200
  time_budget_total ............................... 200
-------------------- end of arguments ---------------------
Starting CEGIS search with 1 to 4 stages...
working on num_stages = 1
start|43311.12|46001.59| op = [315]| tp = [1, ] | dp = [4, ] | algo = [0, ] | rc = [48] | gpus = [4] | micro_bs = 8 | time = [43311] | memory = [46001]
line146:config.memory_list:[46001.58600000003]
line147:config.time_list:[43311.1247449761]
------------------------------------------------------------------------------------------------------
cegis_search for the 0th times
开始求解check...
line351:
tp_list[1, 1, 1, 1, 1, 1, 1, 1, 1, 1, 1, 1, 1, 1, 1, 1, 1, 1, 1, 1, 1, 1, 1, 1, 1, 1, 1, 1, 1, 1, 1, 1, 1, 1, 1, 1, 1, 1, 1, 1, 1, 1, 1, 1, 1, 1, 1, 1, 1, 1, 1, 1, 1, 1, 1, 1, 1, 1, 1, 1, 1, 1, 1, 1, 1, 1, 1, 1, 1, 1, 1, 1, 1, 1, 1, 1, 1, 1, 1, 1, 1, 1, 1, 1, 1, 1, 1, 1, 1, 1, 1, 1, 1, 1, 1, 1, 1, 1, 1, 1, 1, 1, 1, 1, 1, 1, 1, 1, 1, 1, 1, 1, 1, 1, 1, 1, 1, 1, 1, 1, 1, 1, 1, 1, 1, 1, 1, 1, 1, 1, 1, 1, 1, 1, 1, 1, 1, 1, 1, 1, 1, 1, 1, 1, 1, 1, 1, 1, 1, 1, 1, 1, 1, 1, 1, 1, 1, 1, 1, 1, 1, 1, 1, 1, 1, 1, 1, 1, 1, 1, 1, 1, 1, 1, 1, 1, 1, 1, 1, 1, 1, 1, 1, 1, 1, 1, 1, 1, 1, 1, 1, 1, 1, 1, 1, 1, 1, 1, 1, 1, 1, 1, 1, 1, 1, 1, 1, 1, 1, 1, 1, 1, 1, 1, 1, 1, 1, 1, 1, 1, 1, 1, 1, 1, 1, 1, 1, 1, 1, 1, 1, 1, 1, 1, 1, 1, 1, 1, 1, 1, 1, 1, 1, 1, 1, 1, 1, 1, 1, 1, 1, 1, 1, 1, 1, 1, 1, 1, 1, 1, 1, 1, 1, 1, 1, 1, 1, 1, 1, 1, 1, 1, 1, 1, 1, 1, 1, 1, 1, 1, 1, 1, 1, 1, 1, 1, 1, 1, 1, 1, 1, 1, 1, 1, 1, 1, 1, 1, 1, 1, 1, 1, 1, 1, 1, 1, 1, 1, 1, 1, 1, 1, 1, 1, 1]
dp_list[4, 4, 4, 4, 4, 4, 4, 4, 4, 4, 4, 4, 4, 4, 4, 4, 4, 4, 4, 4, 4, 4, 4, 4, 4, 4, 4, 4, 4, 4, 4, 4, 4, 4, 4, 4, 4, 4, 4, 4, 4, 4, 4, 4, 4, 4, 4, 4, 4, 4, 4, 4, 4, 4, 4, 4, 4, 4, 4, 4, 4, 4, 4, 4, 4, 4, 4, 4, 4, 4, 4, 4, 4, 4, 4, 4, 4, 4, 4, 4, 4, 4, 4, 4, 4, 4, 4, 4, 4, 4, 4, 4, 4, 4, 4, 4, 4, 4, 4, 4, 4, 4, 4, 4, 4, 4, 4, 4, 4, 4, 4, 4, 4, 4, 4, 4, 4, 4, 4, 4, 4, 4, 4, 4, 4, 4, 4, 4, 4, 4, 4, 4, 4, 4, 4, 4, 4, 4, 4, 4, 4, 4, 4, 4, 4, 4, 4, 4, 4, 4, 4, 4, 4, 4, 4, 4, 4, 4, 4, 4, 4, 4, 4, 4, 4, 4, 4, 4, 4, 4, 4, 4, 4, 4, 4, 4, 4, 4, 4, 4, 4, 4, 4, 4, 4, 4, 4, 4, 4, 4, 4, 4, 4, 4, 4, 4, 4, 4, 4, 4, 4, 4, 4, 4, 4, 4, 4, 4, 4, 4, 4, 4, 4, 4, 4, 4, 4, 4, 4, 4, 4, 4, 4, 4, 4, 4, 4, 4, 4, 4, 4, 4, 4, 4, 4, 4, 4, 4, 4, 4, 4, 4, 4, 4, 4, 4, 4, 4, 4, 4, 4, 4, 4, 4, 4, 4, 4, 4, 4, 4, 4, 4, 4, 4, 4, 4, 4, 4, 4, 4, 4, 4, 4, 4, 4, 4, 4, 4, 4, 4, 4, 4, 4, 4, 4, 4, 4, 4, 4, 4, 4, 4, 4, 4, 4, 4, 4, 4, 4, 4, 4, 4, 4, 4, 4, 4, 4, 4, 4, 4, 4, 4, 4, 4, 4]
algo_list[0, 0, 0, 0, 0, 0, 0, 0, 0, 0, 0, 0, 0, 0, 0, 0, 0, 0, 0, 0, 0, 0, 0, 0, 0, 0, 0, 0, 0, 0, 0, 0, 0, 0, 0, 0, 0, 0, 0, 0, 0, 0, 0, 0, 0, 0, 0, 0, 0, 0, 0, 0, 0, 0, 0, 0, 0, 0, 0, 0, 0, 0, 0, 0, 0, 0, 0, 0, 0, 0, 0, 0, 0, 0, 0, 0, 0, 0, 0, 0, 0, 0, 0, 0, 0, 0, 0, 0, 0, 0, 0, 0, 0, 0, 0, 0, 0, 0, 0, 0, 0, 0, 0, 0, 0, 0, 0, 0, 0, 0, 0, 0, 0, 0, 0, 0, 0, 0, 0, 0, 0, 0, 0, 0, 0, 0, 0, 0, 0, 0, 0, 0, 0, 0, 0, 0, 0, 0, 0, 0, 0, 0, 0, 0, 0, 0, 0, 0, 0, 0, 0, 0, 0, 0, 0, 0, 0, 0, 0, 0, 0, 0, 0, 0, 0, 0, 0, 0, 0, 0, 0, 0, 0, 0, 0, 0, 0, 0, 0, 0, 0, 0, 0, 0, 0, 0, 0, 0, 0, 0, 0, 0, 0, 0, 0, 0, 0, 0, 0, 0, 0, 0, 0, 0, 0, 0, 0, 0, 0, 0, 0, 0, 0, 0, 0, 0, 0, 0, 0, 0, 0, 0, 0, 0, 0, 0, 0, 0, 0, 0, 0, 0, 0, 0, 0, 0, 0, 0, 0, 0, 0, 0, 0, 0, 0, 0, 0, 0, 0, 0, 0, 0, 0, 0, 0, 0, 0, 0, 0, 0, 0, 0, 0, 0, 0, 0, 0, 0, 0, 0, 0, 0, 0, 0, 0, 0, 0, 0, 0, 0, 0, 0, 0, 0, 0, 0, 0, 0, 0, 0, 0, 0, 0, 0, 0, 0, 0, 0, 0, 0, 0, 0, 0, 0, 0, 0, 0, 0, 0, 0, 0, 0, 0, 0, 0]

decode|41743.62|47868.82| op = [315]| tp = [1, ] | dp = [4, ] | algo = [0, ] | rc = [4] | gpus = [4] | micro_bs = 4 | time = [41743] | memory = [47868]
验证解
line146:config.memory_list:[47868.81699999999]
line147:config.time_list:[41743.61505049584]
求解成功
config has been saved to /home/liminglong.lml/sxz/SuperScaler/logs-large/aceso/configs/gpt/1_3B/gpt_1_3B_1stages_2026-5-15-6-59-56.json

========== Best Result (num_stages = 1) ==========
|41743.62|47868.82| op = [315]| tp = [1, ] | dp = [4, ] | algo = [0, ] | rc = [4] | gpus = [4] | micro_bs = 4 | time = [41743] | memory = [47868]
[stage 0 recompute_ops] 5,6,18,19,
stage 0: enc-attention-dropout, enc-attention-context, enc-attention-dropout, enc-attention-context, 
[stage 0 algo1] 
start|43311.12|46001.59| op = [315]| tp = [1, ] | dp = [4, ] | algo = [0, ] | rc = [48] | gpus = [4] | micro_bs = 8 | time = [43311] | memory = [46001]
decode|41743.62|47868.82| op = [315]| tp = [1, ] | dp = [4, ] | algo = [0, ] | rc = [4] | gpus = [4] | micro_bs = 4 | time = [41743] | memory = [47868]

num_targets: []
num_hops: []
search time = 0.00 s.  [0] 
num_explored_cases = 0
time trend: [43311]

stage 1 search time: 0.07 s
working on num_stages = 2
start|44668.50|47907.16| op = [158, 157]| tp = [1, 1, ] | dp = [2, 2, ] | algo = [0, 0, ] | rc = [38, 22] | gpus = [2, 2] | micro_bs = 8 | time = [42925, 44668] | memory = [47907, 41825]
line146:config.memory_list:[47907.162, 41825.59]
line147:config.time_list:[42925.17895478405, 44668.49664246625]
------------------------------------------------------------------------------------------------------
cegis_search for the 0th times
开始求解check...
line351:
tp_list[1, 1, 1, 1, 1, 1, 1, 1, 1, 1, 1, 1, 1, 1, 1, 1, 1, 1, 1, 1, 1, 1, 1, 1, 1, 1, 1, 1, 1, 1, 1, 1, 1, 1, 1, 1, 1, 1, 1, 1, 1, 1, 1, 1, 1, 1, 1, 1, 1, 1, 1, 1, 1, 1, 1, 1, 1, 1, 1, 1, 1, 1, 1, 1, 1, 1, 1, 1, 1, 1, 1, 1, 1, 1, 1, 1, 1, 1, 1, 1, 1, 1, 1, 1, 1, 1, 1, 1, 1, 1, 1, 1, 1, 1, 1, 1, 1, 1, 1, 1, 1, 1, 1, 1, 1, 1, 1, 1, 1, 1, 1, 1, 1, 1, 1, 1, 1, 1, 1, 1, 1, 1, 1, 1, 1, 1, 1, 1, 1, 1, 1, 1, 1, 1, 1, 1, 1, 1, 1, 1, 1, 1, 1, 1, 1, 1, 1, 1, 1, 1, 1, 1, 1, 1, 1, 1, 1, 1, 1, 1, 1, 1, 1, 1, 1, 1, 1, 1, 1, 1, 1, 1, 1, 1, 1, 1, 1, 1, 1, 1, 1, 1, 1, 1, 1, 1, 1, 1, 1, 1, 1, 1, 1, 1, 1, 1, 1, 1, 1, 1, 1, 1, 1, 1, 1, 1, 1, 1, 1, 1, 1, 1, 1, 1, 1, 1, 1, 1, 1, 1, 1, 1, 1, 1, 1, 1, 1, 1, 1, 1, 1, 1, 1, 1, 1, 1, 1, 1, 1, 1, 1, 1, 1, 1, 1, 1, 1, 1, 1, 1, 1, 1, 1, 1, 1, 1, 1, 1, 1, 1, 1, 1, 1, 1, 1, 1, 1, 1, 1, 1, 1, 1, 1, 1, 1, 1, 1, 1, 1, 1, 1, 1, 1, 1, 1, 1, 1, 1, 1, 1, 1, 1, 1, 1, 1, 1, 1, 1, 1, 1, 1, 1, 1, 1, 1, 1, 1, 1, 1, 1, 1, 1, 1, 1, 1]
dp_list[2, 2, 2, 2, 2, 2, 2, 2, 2, 2, 2, 2, 2, 2, 2, 2, 2, 2, 2, 2, 2, 2, 2, 2, 2, 2, 2, 2, 2, 2, 2, 2, 2, 2, 2, 2, 2, 2, 2, 2, 2, 2, 2, 2, 2, 2, 2, 2, 2, 2, 2, 2, 2, 2, 2, 2, 2, 2, 2, 2, 2, 2, 2, 2, 2, 2, 2, 2, 2, 2, 2, 2, 2, 2, 2, 2, 2, 2, 2, 2, 2, 2, 2, 2, 2, 2, 2, 2, 2, 2, 2, 2, 2, 2, 2, 2, 2, 2, 2, 2, 2, 2, 2, 2, 2, 2, 2, 2, 2, 2, 2, 2, 2, 2, 2, 2, 2, 2, 2, 2, 2, 2, 2, 2, 2, 2, 2, 2, 2, 2, 2, 2, 2, 2, 2, 2, 2, 2, 2, 2, 2, 2, 2, 2, 2, 2, 2, 2, 2, 2, 2, 2, 2, 2, 2, 2, 2, 2, 2, 2, 2, 2, 2, 2, 2, 2, 2, 2, 2, 2, 2, 2, 2, 2, 2, 2, 2, 2, 2, 2, 2, 2, 2, 2, 2, 2, 2, 2, 2, 2, 2, 2, 2, 2, 2, 2, 2, 2, 2, 2, 2, 2, 2, 2, 2, 2, 2, 2, 2, 2, 2, 2, 2, 2, 2, 2, 2, 2, 2, 2, 2, 2, 2, 2, 2, 2, 2, 2, 2, 2, 2, 2, 2, 2, 2, 2, 2, 2, 2, 2, 2, 2, 2, 2, 2, 2, 2, 2, 2, 2, 2, 2, 2, 2, 2, 2, 2, 2, 2, 2, 2, 2, 2, 2, 2, 2, 2, 2, 2, 2, 2, 2, 2, 2, 2, 2, 2, 2, 2, 2, 2, 2, 2, 2, 2, 2, 2, 2, 2, 2, 2, 2, 2, 2, 2, 2, 2, 2, 2, 2, 2, 2, 2, 2, 2, 2, 2, 2, 2, 2, 2, 2, 2, 2, 2]
algo_list[0, 0, 0, 0, 0, 0, 0, 0, 0, 0, 0, 0, 0, 0, 0, 0, 0, 0, 0, 0, 0, 0, 0, 0, 0, 0, 0, 0, 0, 0, 0, 0, 0, 0, 0, 0, 0, 0, 0, 0, 0, 0, 0, 0, 0, 0, 0, 0, 0, 0, 0, 0, 0, 0, 0, 0, 0, 0, 0, 0, 0, 0, 0, 0, 0, 0, 0, 0, 0, 0, 0, 0, 0, 0, 0, 0, 0, 0, 0, 0, 0, 0, 0, 0, 0, 0, 0, 0, 0, 0, 0, 0, 0, 0, 0, 0, 0, 0, 0, 0, 0, 0, 0, 0, 0, 0, 0, 0, 0, 0, 0, 0, 0, 0, 0, 0, 0, 0, 0, 0, 0, 0, 0, 0, 0, 0, 0, 0, 0, 0, 0, 0, 0, 0, 0, 0, 0, 0, 0, 0, 0, 0, 0, 0, 0, 0, 0, 0, 0, 0, 0, 0, 0, 0, 0, 0, 0, 0, 0, 0, 0, 0, 0, 0, 0, 0, 0, 0, 0, 0, 0, 0, 0, 0, 0, 0, 0, 0, 0, 0, 0, 0, 0, 0, 0, 0, 0, 0, 0, 0, 0, 0, 0, 0, 0, 0, 0, 0, 0, 0, 0, 0, 0, 0, 0, 0, 0, 0, 0, 0, 0, 0, 0, 0, 0, 0, 0, 0, 0, 0, 0, 0, 0, 0, 0, 0, 0, 0, 0, 0, 0, 0, 0, 0, 0, 0, 0, 0, 0, 0, 0, 0, 0, 0, 0, 0, 0, 0, 0, 0, 0, 0, 0, 0, 0, 0, 0, 0, 0, 0, 0, 0, 0, 0, 0, 0, 0, 0, 0, 0, 0, 0, 0, 0, 0, 0, 0, 0, 0, 0, 0, 0, 0, 0, 0, 0, 0, 0, 0, 0, 0, 0, 0, 0, 0, 0, 0, 0, 0, 0, 0, 0, 0, 0, 0, 0, 0, 0, 0, 0, 0, 0, 0, 0, 0]

decode|44668.50|47907.16| op = [158, 157]| tp = [1, 1, ] | dp = [2, 2, ] | algo = [0, 0, ] | rc = [38, 22] | gpus = [2, 2] | micro_bs = 8 | time = [42925, 44668] | memory = [47907, 41825]
验证解
line146:config.memory_list:[47907.162, 41825.59]
line147:config.time_list:[42925.17895478405, 44668.49664246625]
求解成功
config has been saved to /home/liminglong.lml/sxz/SuperScaler/logs-large/aceso/configs/gpt/1_3B/gpt_1_3B_2stages_2026-5-15-6-59-56.json

========== Best Result (num_stages = 2) ==========
|44668.50|47907.16| op = [158, 157]| tp = [1, 1, ] | dp = [2, 2, ] | algo = [0, 0, ] | rc = [38, 22] | gpus = [2, 2] | micro_bs = 8 | time = [42925, 44668] | memory = [47907, 41825]
[stage 0 recompute_ops] 3,4,5,6,10,11,16,17,18,19,23,24,29,30,31,32,42,43,44,45,55,56,57,58,70,71,83,84,96,97,109,110,122,123,135,136,148,149,
stage 0: enc-attention-score, enc-attention-softmax, enc-attention-dropout, enc-attention-context, enc-MLP-GEMM-1, enc-MLP-gelu, enc-attention-score, enc-attention-softmax, enc-attention-dropout, enc-attention-context, enc-MLP-GEMM-1, enc-MLP-gelu, enc-attention-score, enc-attention-softmax, enc-attention-dropout, enc-attention-context, enc-attention-score, enc-attention-softmax, enc-attention-dropout, enc-attention-context, enc-attention-score, enc-attention-softmax, enc-attention-dropout, enc-attention-context, enc-attention-dropout, enc-attention-context, enc-attention-dropout, enc-attention-context, enc-attention-dropout, enc-attention-context, enc-attention-dropout, enc-attention-context, enc-attention-dropout, enc-attention-context, enc-attention-dropout, enc-attention-context, enc-attention-dropout, enc-attention-context, 
[stage 1 recompute_ops] 3,4,16,17,29,30,42,43,55,56,68,69,81,82,94,95,107,108,120,121,133,134,
stage 1: enc-attention-dropout, enc-attention-context, enc-attention-dropout, enc-attention-context, enc-attention-dropout, enc-attention-context, enc-attention-dropout, enc-attention-context, enc-attention-dropout, enc-attention-context, enc-attention-dropout, enc-attention-context, enc-attention-dropout, enc-attention-context, enc-attention-dropout, enc-attention-context, enc-attention-dropout, enc-attention-context, enc-attention-dropout, enc-attention-context, enc-attention-dropout, enc-attention-context, 
[stage 0 algo1] 
[stage 1 algo1] 
start|44668.50|47907.16| op = [158, 157]| tp = [1, 1, ] | dp = [2, 2, ] | algo = [0, 0, ] | rc = [38, 22] | gpus = [2, 2] | micro_bs = 8 | time = [42925, 44668] | memory = [47907, 41825]
decode|44668.50|47907.16| op = [158, 157]| tp = [1, 1, ] | dp = [2, 2, ] | algo = [0, 0, ] | rc = [38, 22] | gpus = [2, 2] | micro_bs = 8 | time = [42925, 44668] | memory = [47907, 41825]

num_targets: []
num_hops: []
search time = 0.00 s.  [0] 
num_explored_cases = 0
time trend: [44668]

stage 2 search time: 0.14 s
working on num_stages = 3
start|48454.15|47683.00| op = [158, 79, 78]| tp = [1, 1, 1, ] | dp = [2, 1, 1, ] | algo = [0, 0, 0, ] | rc = [44, 24, 12] | gpus = [2, 1, 1] | micro_bs = 8 | time = [44469, 44762, 48454] | memory = [47604, 47683, 43777]
line465:max stage:2, min stage:0, max_value:48454.15313450762, min_value:44469.549358692224
fix|48807.23|47875.00| op = [159, 79, 77]| tp = [1, 1, 1, ] | dp = [2, 1, 1, ] | algo = [0, 0, 0, ] | rc = [46, 24, 12] | gpus = [2, 1, 1] | micro_bs = 8 | time = [45075, 45999, 48807] | memory = [47700, 47875, 43649]
cv:0.03403233469430628
line465:max stage:2, min stage:0, max_value:48807.23443589944, min_value:45075.6636691368
fix|48089.50|47700.74| op = [160, 79, 76]| tp = [1, 1, 1, ] | dp = [2, 1, 1, ] | algo = [0, 0, 0, ] | rc = [48, 25, 12] | gpus = [2, 1, 1] | micro_bs = 8 | time = [46234, 47387, 48089] | memory = [47700, 47619, 43649]
cv:0.016184795648525395
line465:max stage:2, min stage:0, max_value:48089.49697323144, min_value:46234.94305441974
fix|49625.33|47700.74| op = [161, 79, 75]| tp = [1, 1, 1, ] | dp = [2, 1, 1, ] | algo = [0, 0, 0, ] | rc = [48, 33, 10] | gpus = [2, 1, 1] | micro_bs = 8 | time = [46611, 49625, 46564] | memory = [47700, 47619, 43649]
cv:0.030087175348740666
line465:max stage:1, min stage:2, max_value:49625.326387981106, min_value:46564.040148231456
fix|48084.22|47700.74| op = [161, 78, 76]| tp = [1, 1, 1, ] | dp = [2, 1, 1, ] | algo = [0, 0, 0, ] | rc = [48, 24, 12] | gpus = [2, 1, 1] | micro_bs = 8 | time = [46597, 46344, 48084] | memory = [47700, 47619, 43649]
cv:0.016328157298595252
line465:max stage:2, min stage:1, max_value:48084.21964923144, min_value:46344.209166981105
fix|49625.33|47700.74| op = [161, 79, 75]| tp = [1, 1, 1, ] | dp = [2, 1, 1, ] | algo = [0, 0, 0, ] | rc = [48, 33, 10] | gpus = [2, 1, 1] | micro_bs = 8 | time = [46611, 49625, 46564] | memory = [47700, 47619, 43649]
cv:0.030087175348740666
line465:max stage:1, min stage:2, max_value:49625.326387981106, min_value:46564.040148231456
best|48084.22|47700.74| op = [161, 78, 76]| tp = [1, 1, 1, ] | dp = [2, 1, 1, ] | algo = [0, 0, 0, ] | rc = [48, 24, 12] | gpus = [2, 1, 1] | micro_bs = 8 | time = [46597, 46344, 48084] | memory = [47700, 47619, 43649]
line146:config.memory_list:[47700.742999999995, 47619.0, 43649.703]
line147:config.time_list:[46597.39397641974, 46344.209166981105, 48084.21964923144]
------------------------------------------------------------------------------------------------------
cegis_search for the 0th times
开始求解check...
line351:
tp_list[1, 1, 1, 1, 1, 1, 1, 1, 1, 1, 1, 1, 1, 1, 1, 1, 1, 1, 1, 1, 1, 1, 1, 1, 1, 1, 1, 1, 1, 1, 1, 1, 1, 1, 1, 1, 1, 1, 1, 1, 1, 1, 1, 1, 1, 1, 1, 1, 1, 1, 1, 1, 1, 1, 1, 1, 1, 1, 1, 1, 1, 1, 1, 1, 1, 1, 1, 1, 1, 1, 1, 1, 1, 1, 1, 1, 1, 1, 1, 1, 1, 1, 1, 1, 1, 1, 1, 1, 1, 1, 1, 1, 1, 1, 1, 1, 1, 1, 1, 1, 1, 1, 1, 1, 1, 1, 1, 1, 1, 1, 1, 1, 1, 1, 1, 1, 1, 1, 1, 1, 1, 1, 1, 1, 1, 1, 1, 1, 1, 1, 1, 1, 1, 1, 1, 1, 1, 1, 1, 1, 1, 1, 1, 1, 1, 1, 1, 1, 1, 1, 1, 1, 1, 1, 1, 1, 1, 1, 1, 1, 1, 1, 1, 1, 1, 1, 1, 1, 1, 1, 1, 1, 1, 1, 1, 1, 1, 1, 1, 1, 1, 1, 1, 1, 1, 1, 1, 1, 1, 1, 1, 1, 1, 1, 1, 1, 1, 1, 1, 1, 1, 1, 1, 1, 1, 1, 1, 1, 1, 1, 1, 1, 1, 1, 1, 1, 1, 1, 1, 1, 1, 1, 1, 1, 1, 1, 1, 1, 1, 1, 1, 1, 1, 1, 1, 1, 1, 1, 1, 1, 1, 1, 1, 1, 1, 1, 1, 1, 1, 1, 1, 1, 1, 1, 1, 1, 1, 1, 1, 1, 1, 1, 1, 1, 1, 1, 1, 1, 1, 1, 1, 1, 1, 1, 1, 1, 1, 1, 1, 1, 1, 1, 1, 1, 1, 1, 1, 1, 1, 1, 1, 1, 1, 1, 1, 1, 1, 1, 1, 1, 1, 1, 1, 1, 1, 1, 1, 1, 1, 1, 1, 1, 1, 1, 1]
dp_list[2, 2, 2, 2, 2, 2, 2, 2, 2, 2, 2, 2, 2, 2, 2, 2, 2, 2, 2, 2, 2, 2, 2, 2, 2, 2, 2, 2, 2, 2, 2, 2, 2, 2, 2, 2, 2, 2, 2, 2, 2, 2, 2, 2, 2, 2, 2, 2, 2, 2, 2, 2, 2, 2, 2, 2, 2, 2, 2, 2, 2, 2, 2, 2, 2, 2, 2, 2, 2, 2, 2, 2, 2, 2, 2, 2, 2, 2, 2, 2, 2, 2, 2, 2, 2, 2, 2, 2, 2, 2, 2, 2, 2, 2, 2, 2, 2, 2, 2, 2, 2, 2, 2, 2, 2, 2, 2, 2, 2, 2, 2, 2, 2, 2, 2, 2, 2, 2, 2, 2, 2, 2, 2, 2, 2, 2, 2, 2, 2, 2, 2, 2, 2, 2, 2, 2, 2, 2, 2, 2, 2, 2, 2, 2, 2, 2, 2, 2, 2, 2, 2, 2, 2, 2, 2, 2, 2, 2, 2, 2, 2, 1, 1, 1, 1, 1, 1, 1, 1, 1, 1, 1, 1, 1, 1, 1, 1, 1, 1, 1, 1, 1, 1, 1, 1, 1, 1, 1, 1, 1, 1, 1, 1, 1, 1, 1, 1, 1, 1, 1, 1, 1, 1, 1, 1, 1, 1, 1, 1, 1, 1, 1, 1, 1, 1, 1, 1, 1, 1, 1, 1, 1, 1, 1, 1, 1, 1, 1, 1, 1, 1, 1, 1, 1, 1, 1, 1, 1, 1, 1, 1, 1, 1, 1, 1, 1, 1, 1, 1, 1, 1, 1, 1, 1, 1, 1, 1, 1, 1, 1, 1, 1, 1, 1, 1, 1, 1, 1, 1, 1, 1, 1, 1, 1, 1, 1, 1, 1, 1, 1, 1, 1, 1, 1, 1, 1, 1, 1, 1, 1, 1, 1, 1, 1, 1, 1, 1, 1, 1, 1, 1, 1, 1, 1, 1, 1, 1, 1, 1, 1, 1, 1, 1, 1, 1]
algo_list[0, 0, 0, 0, 0, 0, 0, 0, 0, 0, 0, 0, 0, 0, 0, 0, 0, 0, 0, 0, 0, 0, 0, 0, 0, 0, 0, 0, 0, 0, 0, 0, 0, 0, 0, 0, 0, 0, 0, 0, 0, 0, 0, 0, 0, 0, 0, 0, 0, 0, 0, 0, 0, 0, 0, 0, 0, 0, 0, 0, 0, 0, 0, 0, 0, 0, 0, 0, 0, 0, 0, 0, 0, 0, 0, 0, 0, 0, 0, 0, 0, 0, 0, 0, 0, 0, 0, 0, 0, 0, 0, 0, 0, 0, 0, 0, 0, 0, 0, 0, 0, 0, 0, 0, 0, 0, 0, 0, 0, 0, 0, 0, 0, 0, 0, 0, 0, 0, 0, 0, 0, 0, 0, 0, 0, 0, 0, 0, 0, 0, 0, 0, 0, 0, 0, 0, 0, 0, 0, 0, 0, 0, 0, 0, 0, 0, 0, 0, 0, 0, 0, 0, 0, 0, 0, 0, 0, 0, 0, 0, 0, 0, 0, 0, 0, 0, 0, 0, 0, 0, 0, 0, 0, 0, 0, 0, 0, 0, 0, 0, 0, 0, 0, 0, 0, 0, 0, 0, 0, 0, 0, 0, 0, 0, 0, 0, 0, 0, 0, 0, 0, 0, 0, 0, 0, 0, 0, 0, 0, 0, 0, 0, 0, 0, 0, 0, 0, 0, 0, 0, 0, 0, 0, 0, 0, 0, 0, 0, 0, 0, 0, 0, 0, 0, 0, 0, 0, 0, 0, 0, 0, 0, 0, 0, 0, 0, 0, 0, 0, 0, 0, 0, 0, 0, 0, 0, 0, 0, 0, 0, 0, 0, 0, 0, 0, 0, 0, 0, 0, 0, 0, 0, 0, 0, 0, 0, 0, 0, 0, 0, 0, 0, 0, 0, 0, 0, 0, 0, 0, 0, 0, 0, 0, 0, 0, 0, 0, 0, 0, 0, 0, 0, 0, 0, 0, 0, 0, 0, 0, 0, 0, 0, 0, 0, 0]

decode|49625.33|47700.74| op = [161, 79, 75]| tp = [1, 1, 1, ] | dp = [2, 1, 1, ] | algo = [0, 0, 0, ] | rc = [48, 33, 10] | gpus = [2, 1, 1] | micro_bs = 8 | time = [46611, 49625, 46564] | memory = [47700, 47619, 43649]
验证解
line465:max stage:1, min stage:2, max_value:49625.326387981106, min_value:46564.040148231456
fix|48084.22|47700.74| op = [161, 78, 76]| tp = [1, 1, 1, ] | dp = [2, 1, 1, ] | algo = [0, 0, 0, ] | rc = [48, 24, 12] | gpus = [2, 1, 1] | micro_bs = 8 | time = [46597, 46344, 48084] | memory = [47700, 47619, 43649]
cv:0.016328157298595252
line465:max stage:2, min stage:1, max_value:48084.21964923144, min_value:46344.209166981105
fix|49625.33|47700.74| op = [161, 79, 75]| tp = [1, 1, 1, ] | dp = [2, 1, 1, ] | algo = [0, 0, 0, ] | rc = [48, 33, 10] | gpus = [2, 1, 1] | micro_bs = 8 | time = [46611, 49625, 46564] | memory = [47700, 47619, 43649]
cv:0.030087175348740666
line465:max stage:1, min stage:2, max_value:49625.326387981106, min_value:46564.040148231456
fix|48084.22|47700.74| op = [161, 78, 76]| tp = [1, 1, 1, ] | dp = [2, 1, 1, ] | algo = [0, 0, 0, ] | rc = [48, 24, 12] | gpus = [2, 1, 1] | micro_bs = 8 | time = [46597, 46344, 48084] | memory = [47700, 47619, 43649]
cv:0.016328157298595252
line465:max stage:2, min stage:1, max_value:48084.21964923144, min_value:46344.209166981105
best|48084.22|47700.74| op = [161, 78, 76]| tp = [1, 1, 1, ] | dp = [2, 1, 1, ] | algo = [0, 0, 0, ] | rc = [48, 24, 12] | gpus = [2, 1, 1] | micro_bs = 8 | time = [46597, 46344, 48084] | memory = [47700, 47619, 43649]
line146:config.memory_list:[47700.742999999995, 47619.0, 43649.703]
line147:config.time_list:[46597.39397641974, 46344.209166981105, 48084.21964923144]
求解成功
config has been saved to /home/liminglong.lml/sxz/SuperScaler/logs-large/aceso/configs/gpt/1_3B/gpt_1_3B_3stages_2026-5-15-6-59-56.json

========== Best Result (num_stages = 3) ==========
|48084.22|47700.74| op = [161, 78, 76]| tp = [1, 1, 1, ] | dp = [2, 1, 1, ] | algo = [0, 0, 0, ] | rc = [48, 24, 12] | gpus = [2, 1, 1] | micro_bs = 8 | time = [46597, 46344, 48084] | memory = [47700, 47619, 43649]
[stage 0 recompute_ops] 3,4,5,6,10,11,16,17,18,19,29,30,31,32,42,43,44,45,55,56,57,58,68,69,70,71,81,82,83,84,94,95,96,97,107,108,109,110,120,121,122,123,133,134,135,136,148,149,
stage 0: enc-attention-score, enc-attention-softmax, enc-attention-dropout, enc-attention-context, enc-MLP-GEMM-1, enc-MLP-gelu, enc-attention-score, enc-attention-softmax, enc-attention-dropout, enc-attention-context, enc-attention-score, enc-attention-softmax, enc-attention-dropout, enc-attention-context, enc-attention-score, enc-attention-softmax, enc-attention-dropout, enc-attention-context, enc-attention-score, enc-attention-softmax, enc-attention-dropout, enc-attention-context, enc-attention-score, enc-attention-softmax, enc-attention-dropout, enc-attention-context, enc-attention-score, enc-attention-softmax, enc-attention-dropout, enc-attention-context, enc-attention-score, enc-attention-softmax, enc-attention-dropout, enc-attention-context, enc-attention-score, enc-attention-softmax, enc-attention-dropout, enc-attention-context, enc-attention-score, enc-attention-softmax, enc-attention-dropout, enc-attention-context, enc-attention-score, enc-attention-softmax, enc-attention-dropout, enc-attention-context, enc-attention-dropout, enc-attention-context, 
[stage 1 recompute_ops] 0,1,5,6,11,12,13,14,18,19,24,25,26,27,37,38,39,40,50,51,52,53,65,66,
stage 1: enc-attention-dropout, enc-attention-context, enc-MLP-GEMM-1, enc-MLP-gelu, enc-attention-score, enc-attention-softmax, enc-attention-dropout, enc-attention-context, enc-MLP-GEMM-1, enc-MLP-gelu, enc-attention-score, enc-attention-softmax, enc-attention-dropout, enc-attention-context, enc-attention-score, enc-attention-softmax, enc-attention-dropout, enc-attention-context, enc-attention-score, enc-attention-softmax, enc-attention-dropout, enc-attention-context, enc-attention-dropout, enc-attention-context, 
[stage 2 recompute_ops] 0,1,13,14,26,27,39,40,52,53,65,66,
stage 2: enc-attention-dropout, enc-attention-context, enc-attention-dropout, enc-attention-context, enc-attention-dropout, enc-attention-context, enc-attention-dropout, enc-attention-context, enc-attention-dropout, enc-attention-context, enc-attention-dropout, enc-attention-context, 
[stage 0 algo1] 
[stage 1 algo1] 
[stage 2 algo1] 
start|48454.15|47683.00| op = [158, 79, 78]| tp = [1, 1, 1, ] | dp = [2, 1, 1, ] | algo = [0, 0, 0, ] | rc = [44, 24, 12] | gpus = [2, 1, 1] | micro_bs = 8 | time = [44469, 44762, 48454] | memory = [47604, 47683, 43777]
fix|48807.23|47875.00| op = [159, 79, 77]| tp = [1, 1, 1, ] | dp = [2, 1, 1, ] | algo = [0, 0, 0, ] | rc = [46, 24, 12] | gpus = [2, 1, 1] | micro_bs = 8 | time = [45075, 45999, 48807] | memory = [47700, 47875, 43649]
fix|48089.50|47700.74| op = [160, 79, 76]| tp = [1, 1, 1, ] | dp = [2, 1, 1, ] | algo = [0, 0, 0, ] | rc = [48, 25, 12] | gpus = [2, 1, 1] | micro_bs = 8 | time = [46234, 47387, 48089] | memory = [47700, 47619, 43649]
fix|49625.33|47700.74| op = [161, 79, 75]| tp = [1, 1, 1, ] | dp = [2, 1, 1, ] | algo = [0, 0, 0, ] | rc = [48, 33, 10] | gpus = [2, 1, 1] | micro_bs = 8 | time = [46611, 49625, 46564] | memory = [47700, 47619, 43649]
fix|48084.22|47700.74| op = [161, 78, 76]| tp = [1, 1, 1, ] | dp = [2, 1, 1, ] | algo = [0, 0, 0, ] | rc = [48, 24, 12] | gpus = [2, 1, 1] | micro_bs = 8 | time = [46597, 46344, 48084] | memory = [47700, 47619, 43649]
best|48084.22|47700.74| op = [161, 78, 76]| tp = [1, 1, 1, ] | dp = [2, 1, 1, ] | algo = [0, 0, 0, ] | rc = [48, 24, 12] | gpus = [2, 1, 1] | micro_bs = 8 | time = [46597, 46344, 48084] | memory = [47700, 47619, 43649]
decode|49625.33|47700.74| op = [161, 79, 75]| tp = [1, 1, 1, ] | dp = [2, 1, 1, ] | algo = [0, 0, 0, ] | rc = [48, 33, 10] | gpus = [2, 1, 1] | micro_bs = 8 | time = [46611, 49625, 46564] | memory = [47700, 47619, 43649]
fix|48084.22|47700.74| op = [161, 78, 76]| tp = [1, 1, 1, ] | dp = [2, 1, 1, ] | algo = [0, 0, 0, ] | rc = [48, 24, 12] | gpus = [2, 1, 1] | micro_bs = 8 | time = [46597, 46344, 48084] | memory = [47700, 47619, 43649]
best|48084.22|47700.74| op = [161, 78, 76]| tp = [1, 1, 1, ] | dp = [2, 1, 1, ] | algo = [0, 0, 0, ] | rc = [48, 24, 12] | gpus = [2, 1, 1] | micro_bs = 8 | time = [46597, 46344, 48084] | memory = [47700, 47619, 43649]

num_targets: []
num_hops: []
search time = 0.00 s.  [0] 
num_explored_cases = 0
time trend: [48454]

stage 3 search time: 0.13 s
working on num_stages = 4
start|48819.51|47683.00| op = [79, 79, 79, 78]| tp = [1, 1, 1, 1, ] | dp = [1, 1, 1, 1, ] | algo = [0, 0, 0, 0, ] | rc = [34, 28, 24, 12] | gpus = [1, 1, 1, 1] | micro_bs = 8 | time = [47109, 45549, 45127, 48819] | memory = [47622, 47620, 47683, 43777]
line465:max stage:3, min stage:2, max_value:48819.50517447521, min_value:45127.51916314444
fix|49176.28|47683.00| op = [79, 79, 80, 77]| tp = [1, 1, 1, 1, ] | dp = [1, 1, 1, 1, ] | algo = [0, 0, 0, 0, ] | rc = [34, 28, 26, 12] | gpus = [1, 1, 1, 1] | micro_bs = 8 | time = [47130, 45569, 47426, 49176] | memory = [47622, 47620, 47683, 43649]
cv:0.02705196821653923
line465:max stage:3, min stage:1, max_value:49176.27577891323, min_value:45569.74412223512
fix|48438.76|47875.00| op = [79, 80, 80, 76]| tp = [1, 1, 1, 1, ] | dp = [1, 1, 1, 1, ] | algo = [0, 0, 0, 0, ] | rc = [34, 24, 24, 12] | gpus = [1, 1, 1, 1] | micro_bs = 8 | time = [47124, 45897, 47094, 48438] | memory = [47622, 44548, 47875, 43649]
cv:0.01906887890560461
line465:max stage:3, min stage:1, max_value:48438.76298380089, min_value:45897.865459989036
fix|51049.90|47622.25| op = [79, 81, 80, 75]| tp = [1, 1, 1, 1, ] | dp = [1, 1, 1, 1, ] | algo = [0, 0, 0, 0, ] | rc = [34, 33, 34, 10] | gpus = [1, 1, 1, 1] | micro_bs = 8 | time = [47170, 49375, 51049, 46950] | memory = [47622, 47620, 47619, 43649]
cv:0.034652015807223206
line465:max stage:2, min stage:3, max_value:51049.898788774386, min_value:46950.66415502474
fix|49361.87|47622.25| op = [79, 81, 79, 76]| tp = [1, 1, 1, 1, ] | dp = [1, 1, 1, 1, ] | algo = [0, 0, 0, 0, ] | rc = [34, 33, 25, 12] | gpus = [1, 1, 1, 1] | micro_bs = 8 | time = [47156, 49361, 47768, 48470] | memory = [47622, 47620, 47619, 43649]
cv:0.017039178549959545
line465:max stage:1, min stage:0, max_value:49361.86854342704, min_value:47156.8879368084
fix|49324.01|47878.75| op = [80, 80, 79, 76]| tp = [1, 1, 1, 1, ] | dp = [1, 1, 1, 1, ] | algo = [0, 0, 0, 0, ] | rc = [34, 33, 25, 12] | gpus = [1, 1, 1, 1] | micro_bs = 8 | time = [47254, 49324, 47769, 48471] | memory = [47878, 47620, 47619, 43649]
cv:0.016126141001685426
line465:max stage:1, min stage:0, max_value:49324.01425371391, min_value:47254.142343095285
fix|48635.20|47814.75| op = [81, 79, 79, 76]| tp = [1, 1, 1, 1, ] | dp = [1, 1, 1, 1, ] | algo = [0, 0, 0, 0, ] | rc = [36, 33, 25, 12] | gpus = [1, 1, 1, 1] | micro_bs = 8 | time = [48447, 48635, 47773, 48475] | memory = [47814, 47236, 47619, 43649]
best|48438.76|47875.00| op = [79, 80, 80, 76]| tp = [1, 1, 1, 1, ] | dp = [1, 1, 1, 1, ] | algo = [0, 0, 0, 0, ] | rc = [34, 24, 24, 12] | gpus = [1, 1, 1, 1] | micro_bs = 8 | time = [47124, 45897, 47094, 48438] | memory = [47622, 44548, 47875, 43649]
line146:config.memory_list:[47622.24799999999, 44548.875, 47875.0, 43649.703]
line147:config.time_list:[47124.80726458456, 45897.865459989036, 47094.37793433637, 48438.76298380089]
------------------------------------------------------------------------------------------------------
cegis_search for the 0th times
开始求解check...
line351:
tp_list[1, 1, 1, 1, 1, 1, 1, 1, 1, 1, 1, 1, 1, 1, 1, 1, 1, 1, 1, 1, 1, 1, 1, 1, 1, 1, 1, 1, 1, 1, 1, 1, 1, 1, 1, 1, 1, 1, 1, 1, 1, 1, 1, 1, 1, 1, 1, 1, 1, 1, 1, 1, 1, 1, 1, 1, 1, 1, 1, 1, 1, 1, 1, 1, 1, 1, 1, 1, 1, 1, 1, 1, 1, 1, 1, 1, 1, 1, 1, 1, 1, 1, 1, 1, 1, 1, 1, 1, 1, 1, 1, 1, 1, 1, 1, 1, 1, 1, 1, 1, 1, 1, 1, 1, 1, 1, 1, 1, 1, 1, 1, 1, 1, 1, 1, 1, 1, 1, 1, 1, 1, 1, 1, 1, 1, 1, 1, 1, 1, 1, 1, 1, 1, 1, 1, 1, 1, 1, 1, 1, 1, 1, 1, 1, 1, 1, 1, 1, 1, 1, 1, 1, 1, 1, 1, 1, 1, 1, 1, 1, 1, 1, 1, 1, 1, 1, 1, 1, 1, 1, 1, 1, 1, 1, 1, 1, 1, 1, 1, 1, 1, 1, 1, 1, 1, 1, 1, 1, 1, 1, 1, 1, 1, 1, 1, 1, 1, 1, 1, 1, 1, 1, 1, 1, 1, 1, 1, 1, 1, 1, 1, 1, 1, 1, 1, 1, 1, 1, 1, 1, 1, 1, 1, 1, 1, 1, 1, 1, 1, 1, 1, 1, 1, 1, 1, 1, 1, 1, 1, 1, 1, 1, 1, 1, 1, 1, 1, 1, 1, 1, 1, 1, 1, 1, 1, 1, 1, 1, 1, 1, 1, 1, 1, 1, 1, 1, 1, 1, 1, 1, 1, 1, 1, 1, 1, 1, 1, 1, 1, 1, 1, 1, 1, 1, 1, 1, 1, 1, 1, 1, 1, 1, 1, 1, 1, 1, 1, 1, 1, 1, 1, 1, 1, 1, 1, 1, 1, 1, 1, 1, 1, 1, 1, 1, 1]
dp_list[1, 1, 1, 1, 1, 1, 1, 1, 1, 1, 1, 1, 1, 1, 1, 1, 1, 1, 1, 1, 1, 1, 1, 1, 1, 1, 1, 1, 1, 1, 1, 1, 1, 1, 1, 1, 1, 1, 1, 1, 1, 1, 1, 1, 1, 1, 1, 1, 1, 1, 1, 1, 1, 1, 1, 1, 1, 1, 1, 1, 1, 1, 1, 1, 1, 1, 1, 1, 1, 1, 1, 1, 1, 1, 1, 1, 1, 1, 1, 1, 1, 1, 1, 1, 1, 1, 1, 1, 1, 1, 1, 1, 1, 1, 1, 1, 1, 1, 1, 1, 1, 1, 1, 1, 1, 1, 1, 1, 1, 1, 1, 1, 1, 1, 1, 1, 1, 1, 1, 1, 1, 1, 1, 1, 1, 1, 1, 1, 1, 1, 1, 1, 1, 1, 1, 1, 1, 1, 1, 1, 1, 1, 1, 1, 1, 1, 1, 1, 1, 1, 1, 1, 1, 1, 1, 1, 1, 1, 1, 1, 1, 1, 1, 1, 1, 1, 1, 1, 1, 1, 1, 1, 1, 1, 1, 1, 1, 1, 1, 1, 1, 1, 1, 1, 1, 1, 1, 1, 1, 1, 1, 1, 1, 1, 1, 1, 1, 1, 1, 1, 1, 1, 1, 1, 1, 1, 1, 1, 1, 1, 1, 1, 1, 1, 1, 1, 1, 1, 1, 1, 1, 1, 1, 1, 1, 1, 1, 1, 1, 1, 1, 1, 1, 1, 1, 1, 1, 1, 1, 1, 1, 1, 1, 1, 1, 1, 1, 1, 1, 1, 1, 1, 1, 1, 1, 1, 1, 1, 1, 1, 1, 1, 1, 1, 1, 1, 1, 1, 1, 1, 1, 1, 1, 1, 1, 1, 1, 1, 1, 1, 1, 1, 1, 1, 1, 1, 1, 1, 1, 1, 1, 1, 1, 1, 1, 1, 1, 1, 1, 1, 1, 1, 1, 1, 1, 1, 1, 1, 1, 1, 1, 1, 1, 1, 1]
algo_list[0, 0, 0, 0, 0, 0, 0, 0, 0, 0, 0, 0, 0, 0, 0, 0, 0, 0, 0, 0, 0, 0, 0, 0, 0, 0, 0, 0, 0, 0, 0, 0, 0, 0, 0, 0, 0, 0, 0, 0, 0, 0, 0, 0, 0, 0, 0, 0, 0, 0, 0, 0, 0, 0, 0, 0, 0, 0, 0, 0, 0, 0, 0, 0, 0, 0, 0, 0, 0, 0, 0, 0, 0, 0, 0, 0, 0, 0, 0, 0, 0, 0, 0, 0, 0, 0, 0, 0, 0, 0, 0, 0, 0, 0, 0, 0, 0, 0, 0, 0, 0, 0, 0, 0, 0, 0, 0, 0, 0, 0, 0, 0, 0, 0, 0, 0, 0, 0, 0, 0, 0, 0, 0, 0, 0, 0, 0, 0, 0, 0, 0, 0, 0, 0, 0, 0, 0, 0, 0, 0, 0, 0, 0, 0, 0, 0, 0, 0, 0, 0, 0, 0, 0, 0, 0, 0, 0, 0, 0, 0, 0, 0, 0, 0, 0, 0, 0, 0, 0, 0, 0, 0, 0, 0, 0, 0, 0, 0, 0, 0, 0, 0, 0, 0, 0, 0, 0, 0, 0, 0, 0, 0, 0, 0, 0, 0, 0, 0, 0, 0, 0, 0, 0, 0, 0, 0, 0, 0, 0, 0, 0, 0, 0, 0, 0, 0, 0, 0, 0, 0, 0, 0, 0, 0, 0, 0, 0, 0, 0, 0, 0, 0, 0, 0, 0, 0, 0, 0, 0, 0, 0, 0, 0, 0, 0, 0, 0, 0, 0, 0, 0, 0, 0, 0, 0, 0, 0, 0, 0, 0, 0, 0, 0, 0, 0, 0, 0, 0, 0, 0, 0, 0, 0, 0, 0, 0, 0, 0, 0, 0, 0, 0, 0, 0, 0, 0, 0, 0, 0, 0, 0, 0, 0, 0, 0, 0, 0, 0, 0, 0, 0, 0, 0, 0, 0, 0, 0, 0, 0, 0, 0, 0, 0, 0, 0]

decode|51049.90|47622.25| op = [79, 81, 80, 75]| tp = [1, 1, 1, 1, ] | dp = [1, 1, 1, 1, ] | algo = [0, 0, 0, 0, ] | rc = [34, 33, 34, 10] | gpus = [1, 1, 1, 1] | micro_bs = 8 | time = [47170, 49375, 51049, 46950] | memory = [47622, 47620, 47619, 43649]
验证解
line465:max stage:2, min stage:3, max_value:51049.898788774386, min_value:46950.66415502474
fix|49361.87|47622.25| op = [79, 81, 79, 76]| tp = [1, 1, 1, 1, ] | dp = [1, 1, 1, 1, ] | algo = [0, 0, 0, 0, ] | rc = [34, 33, 25, 12] | gpus = [1, 1, 1, 1] | micro_bs = 8 | time = [47156, 49361, 47768, 48470] | memory = [47622, 47620, 47619, 43649]
cv:0.017039178549959545
line465:max stage:1, min stage:0, max_value:49361.86854342704, min_value:47156.8879368084
fix|49324.01|47878.75| op = [80, 80, 79, 76]| tp = [1, 1, 1, 1, ] | dp = [1, 1, 1, 1, ] | algo = [0, 0, 0, 0, ] | rc = [34, 33, 25, 12] | gpus = [1, 1, 1, 1] | micro_bs = 8 | time = [47254, 49324, 47769, 48471] | memory = [47878, 47620, 47619, 43649]
cv:0.016126141001685426
line465:max stage:1, min stage:0, max_value:49324.01425371391, min_value:47254.142343095285
fix|48635.20|47814.75| op = [81, 79, 79, 76]| tp = [1, 1, 1, 1, ] | dp = [1, 1, 1, 1, ] | algo = [0, 0, 0, 0, ] | rc = [36, 33, 25, 12] | gpus = [1, 1, 1, 1] | micro_bs = 8 | time = [48447, 48635, 47773, 48475] | memory = [47814, 47236, 47619, 43649]
best|48635.20|47814.75| op = [81, 79, 79, 76]| tp = [1, 1, 1, 1, ] | dp = [1, 1, 1, 1, ] | algo = [0, 0, 0, 0, ] | rc = [36, 33, 25, 12] | gpus = [1, 1, 1, 1] | micro_bs = 8 | time = [48447, 48635, 47773, 48475] | memory = [47814, 47236, 47619, 43649]
line146:config.memory_list:[47814.74799999999, 47236.5, 47619.0, 43649.703]
line147:config.time_list:[48447.92938384919, 48635.200665467826, 47773.15655668199, 48475.21864493234]
求解成功
config has been saved to /home/liminglong.lml/sxz/SuperScaler/logs-large/aceso/configs/gpt/1_3B/gpt_1_3B_4stages_2026-5-15-6-59-56.json

========== Best Result (num_stages = 4) ==========
|48635.20|47814.75| op = [81, 79, 79, 76]| tp = [1, 1, 1, 1, ] | dp = [1, 1, 1, 1, ] | algo = [0, 0, 0, 0, ] | rc = [36, 33, 25, 12] | gpus = [1, 1, 1, 1] | micro_bs = 8 | time = [48447, 48635, 47773, 48475] | memory = [47814, 47236, 47619, 43649]
[stage 0 recompute_ops] 3,4,5,6,10,11,16,17,18,19,23,24,29,30,31,32,36,37,42,43,44,45,49,50,55,56,57,58,62,63,68,69,70,71,75,76,
stage 0: enc-attention-score, enc-attention-softmax, enc-attention-dropout, enc-attention-context, enc-MLP-GEMM-1, enc-MLP-gelu, enc-attention-score, enc-attention-softmax, enc-attention-dropout, enc-attention-context, enc-MLP-GEMM-1, enc-MLP-gelu, enc-attention-score, enc-attention-softmax, enc-attention-dropout, enc-attention-context, enc-MLP-GEMM-1, enc-MLP-gelu, enc-attention-score, enc-attention-softmax, enc-attention-dropout, enc-attention-context, enc-MLP-GEMM-1, enc-MLP-gelu, enc-attention-score, enc-attention-softmax, enc-attention-dropout, enc-attention-context, enc-MLP-GEMM-1, enc-MLP-gelu, enc-attention-score, enc-attention-softmax, enc-attention-dropout, enc-attention-context, enc-MLP-GEMM-1, enc-MLP-gelu, 
[stage 1 recompute_ops] 0,1,2,3,7,8,13,14,15,16,20,21,26,27,28,29,33,34,39,40,41,42,46,47,52,53,54,55,65,66,67,68,78,
stage 1: enc-attention-score, enc-attention-softmax, enc-attention-dropout, enc-attention-context, enc-MLP-GEMM-1, enc-MLP-gelu, enc-attention-score, enc-attention-softmax, enc-attention-dropout, enc-attention-context, enc-MLP-GEMM-1, enc-MLP-gelu, enc-attention-score, enc-attention-softmax, enc-attention-dropout, enc-attention-context, enc-MLP-GEMM-1, enc-MLP-gelu, enc-attention-score, enc-attention-softmax, enc-attention-dropout, enc-attention-context, enc-MLP-GEMM-1, enc-MLP-gelu, enc-attention-score, enc-attention-softmax, enc-attention-dropout, enc-attention-context, enc-attention-score, enc-attention-softmax, enc-attention-dropout, enc-attention-context, enc-attention-score, 
[stage 2 recompute_ops] 0,1,2,6,7,12,13,14,15,19,20,25,26,27,28,38,39,40,41,51,52,53,54,66,67,
stage 2: enc-attention-softmax, enc-attention-dropout, enc-attention-context, enc-MLP-GEMM-1, enc-MLP-gelu, enc-attention-score, enc-attention-softmax, enc-attention-dropout, enc-attention-context, enc-MLP-GEMM-1, enc-MLP-gelu, enc-attention-score, enc-attention-softmax, enc-attention-dropout, enc-attention-context, enc-attention-score, enc-attention-softmax, enc-attention-dropout, enc-attention-context, enc-attention-score, enc-attention-softmax, enc-attention-dropout, enc-attention-context, enc-attention-dropout, enc-attention-context, 
[stage 3 recompute_ops] 0,1,13,14,26,27,39,40,52,53,65,66,
stage 3: enc-attention-dropout, enc-attention-context, enc-attention-dropout, enc-attention-context, enc-attention-dropout, enc-attention-context, enc-attention-dropout, enc-attention-context, enc-attention-dropout, enc-attention-context, enc-attention-dropout, enc-attention-context, 
[stage 0 algo1] 
[stage 1 algo1] 
[stage 2 algo1] 
[stage 3 algo1] 
start|48819.51|47683.00| op = [79, 79, 79, 78]| tp = [1, 1, 1, 1, ] | dp = [1, 1, 1, 1, ] | algo = [0, 0, 0, 0, ] | rc = [34, 28, 24, 12] | gpus = [1, 1, 1, 1] | micro_bs = 8 | time = [47109, 45549, 45127, 48819] | memory = [47622, 47620, 47683, 43777]
fix|49176.28|47683.00| op = [79, 79, 80, 77]| tp = [1, 1, 1, 1, ] | dp = [1, 1, 1, 1, ] | algo = [0, 0, 0, 0, ] | rc = [34, 28, 26, 12] | gpus = [1, 1, 1, 1] | micro_bs = 8 | time = [47130, 45569, 47426, 49176] | memory = [47622, 47620, 47683, 43649]
fix|48438.76|47875.00| op = [79, 80, 80, 76]| tp = [1, 1, 1, 1, ] | dp = [1, 1, 1, 1, ] | algo = [0, 0, 0, 0, ] | rc = [34, 24, 24, 12] | gpus = [1, 1, 1, 1] | micro_bs = 8 | time = [47124, 45897, 47094, 48438] | memory = [47622, 44548, 47875, 43649]
best|48438.76|47875.00| op = [79, 80, 80, 76]| tp = [1, 1, 1, 1, ] | dp = [1, 1, 1, 1, ] | algo = [0, 0, 0, 0, ] | rc = [34, 24, 24, 12] | gpus = [1, 1, 1, 1] | micro_bs = 8 | time = [47124, 45897, 47094, 48438] | memory = [47622, 44548, 47875, 43649]
decode|51049.90|47622.25| op = [79, 81, 80, 75]| tp = [1, 1, 1, 1, ] | dp = [1, 1, 1, 1, ] | algo = [0, 0, 0, 0, ] | rc = [34, 33, 34, 10] | gpus = [1, 1, 1, 1] | micro_bs = 8 | time = [47170, 49375, 51049, 46950] | memory = [47622, 47620, 47619, 43649]
fix|49361.87|47622.25| op = [79, 81, 79, 76]| tp = [1, 1, 1, 1, ] | dp = [1, 1, 1, 1, ] | algo = [0, 0, 0, 0, ] | rc = [34, 33, 25, 12] | gpus = [1, 1, 1, 1] | micro_bs = 8 | time = [47156, 49361, 47768, 48470] | memory = [47622, 47620, 47619, 43649]
fix|49324.01|47878.75| op = [80, 80, 79, 76]| tp = [1, 1, 1, 1, ] | dp = [1, 1, 1, 1, ] | algo = [0, 0, 0, 0, ] | rc = [34, 33, 25, 12] | gpus = [1, 1, 1, 1] | micro_bs = 8 | time = [47254, 49324, 47769, 48471] | memory = [47878, 47620, 47619, 43649]
fix|48635.20|47814.75| op = [81, 79, 79, 76]| tp = [1, 1, 1, 1, ] | dp = [1, 1, 1, 1, ] | algo = [0, 0, 0, 0, ] | rc = [36, 33, 25, 12] | gpus = [1, 1, 1, 1] | micro_bs = 8 | time = [48447, 48635, 47773, 48475] | memory = [47814, 47236, 47619, 43649]
best|48635.20|47814.75| op = [81, 79, 79, 76]| tp = [1, 1, 1, 1, ] | dp = [1, 1, 1, 1, ] | algo = [0, 0, 0, 0, ] | rc = [36, 33, 25, 12] | gpus = [1, 1, 1, 1] | micro_bs = 8 | time = [48447, 48635, 47773, 48475] | memory = [47814, 47236, 47619, 43649]

num_targets: []
num_hops: []
search time = 0.00 s.  [0] 
num_explored_cases = 0
time trend: [48819]

stage 4 search time: 0.14 s
# of stages	est_iteration_time(s)	est_thpt(samples/s)	est_mem(MB)	# of explored cases
1          	43.31                	23.64              	47869      	0                  
2          	44.67                	22.92              	47907      	0                  
3          	48.45                	21.13              	47701      	0                  

overall search time: 0.48 s
stage 0 search time: 0.07 s
stage 1 search time: 0.14 s
stage 2 search time: 0.13 s
stage 3 search time: 0.14 s
