------------------------ arguments ------------------------
  adaptive_hyper_parameters ....................... 5
  add_action_finetune_algo ........................ False
  add_action_finetune_dim ......................... False
  add_action_tp_dp_exchange ....................... False
  add_action_tune_tp_dp ........................... False
  check_recompute_with_group ...................... False
  config_save_path ................................ /home/liminglong.lml/sxz/SuperScaler/logs-large/aceso/configs/gpt/1_3B/
  config_suffix ................................... 2026-5-14-5-55-0
  consider_collective_memory ...................... False
  consider_reserved_space ......................... True
  consider_shared_space ........................... True
  continue_when_fail .............................. True
  decoder_seq_len ................................. 512
  end_num_stages .................................. 4
  finetune_after_trial ............................ 0
  finetune_tp_dp_after_trial ...................... False
  flex_recompute .................................. True
  forbid_turn_back ................................ False
  global_batch_size ............................... 1024
  high_memory_rate ................................ 0.9
  init_dim ........................................ tp
  initial_point ................................... balance
  log_path ........................................ /home/liminglong.lml/sxz/SuperScaler/logs-large/aceso/search/gpt/1_3B/
  max_num_hops .................................... 7
  max_num_trials .................................. 100
  max_op_move_steps ............................... 5
  max_tp .......................................... 4
  memory_limit .................................... 28000
  memory_main_params .............................. 2
  memory_optimizer ................................ 4
  memory_pred_type ................................ MAX
  micro_batch_size ................................ [1, 2, 4, 8]
  min_mbs ......................................... 1
  model_name ...................................... gpt
  model_size ...................................... 1_3B
  multi_process ................................... True
  num_algos ....................................... 2
  num_gpus ........................................ 4
  num_gpus_per_node ............................... 4
  num_layers ...................................... 24
  num_nodes ....................................... 1
  num_of_saved_configs ............................ 3
  num_partners_in_op_mig .......................... 1
  only_top_1_target ............................... False
  op_group_size ................................... 1
  peak_mem_in_backward ............................ 0
  predict_delta_time .............................. False
  print_debug_info ................................ False
  print_gpu_mig_details ........................... False
  print_move_op_details ........................... False
  print_recomp_debug_info ......................... False
  print_recompute_ops ............................. True
  profiled_time_path .............................. /home/liminglong.lml/sxz/SuperScaler/profiler/profiled-time-eurosys/
  random_order_actions ............................ False
  resharding ...................................... True
  save_to_csv ..................................... None
  seq_len ......................................... 2048
  simple_prim_mbs ................................. False
  simple_prim_mig ................................. False
  sort_metric ..................................... max_stage_time
  start_num_stages ................................ 1
  support_comm_predict ............................ False
  time_budget_per_trial ........................... 200
  time_budget_total ............................... 200
-------------------- end of arguments ---------------------
working on num_stages = 1
config has been saved to /home/liminglong.lml/sxz/SuperScaler/logs-large/aceso/configs/gpt/1_3B/gpt_1_3B_1stages_2026-5-14-5-55-0.json

========== Best Result (num_stages = 1) ==========
|53265.27|27972.78| op = [315]| tp = [1, ] | dp = [4, ] | algo = [0, ] | rc = [171] | gpus = [4] | micro_bs = 4 | time = [53265] | memory = [27972]
[stage 0 recompute_ops] 2,3,4,5,6,8,9,10,11,15,16,17,18,19,21,22,23,24,28,29,30,31,32,36,37,41,42,43,44,45,49,50,54,55,56,57,58,62,63,67,68,69,70,71,75,76,80,81,82,83,84,88,89,93,94,95,96,97,101,102,106,107,108,109,110,114,115,119,120,121,122,123,127,128,132,133,134,135,136,140,141,145,146,147,148,149,153,154,158,159,160,161,162,166,167,171,172,173,174,175,179,180,184,185,186,187,188,192,193,197,198,199,200,201,205,206,210,211,212,213,214,218,219,223,224,225,226,227,231,232,236,237,238,239,240,244,245,249,250,251,252,253,257,258,262,263,264,265,266,270,271,275,276,277,278,279,283,284,288,289,290,291,292,296,297,302,303,304,305,309,310,
stage 0: enc-attention-qkv, enc-attention-score, enc-attention-softmax, enc-attention-dropout, enc-attention-context, enc-post-attention-dropout, enc-2nd-layernorm, enc-MLP-GEMM-1, enc-MLP-gelu, enc-attention-qkv, enc-attention-score, enc-attention-softmax, enc-attention-dropout, enc-attention-context, enc-post-attention-dropout, enc-2nd-layernorm, enc-MLP-GEMM-1, enc-MLP-gelu, enc-attention-qkv, enc-attention-score, enc-attention-softmax, enc-attention-dropout, enc-attention-context, enc-MLP-GEMM-1, enc-MLP-gelu, enc-attention-qkv, enc-attention-score, enc-attention-softmax, enc-attention-dropout, enc-attention-context, enc-MLP-GEMM-1, enc-MLP-gelu, enc-attention-qkv, enc-attention-score, enc-attention-softmax, enc-attention-dropout, enc-attention-context, enc-MLP-GEMM-1, enc-MLP-gelu, enc-attention-qkv, enc-attention-score, enc-attention-softmax, enc-attention-dropout, enc-attention-context, enc-MLP-GEMM-1, enc-MLP-gelu, enc-attention-qkv, enc-attention-score, enc-attention-softmax, enc-attention-dropout, enc-attention-context, enc-MLP-GEMM-1, enc-MLP-gelu, enc-attention-qkv, enc-attention-score, enc-attention-softmax, enc-attention-dropout, enc-attention-context, enc-MLP-GEMM-1, enc-MLP-gelu, enc-attention-qkv, enc-attention-score, enc-attention-softmax, enc-attention-dropout, enc-attention-context, enc-MLP-GEMM-1, enc-MLP-gelu, enc-attention-qkv, enc-attention-score, enc-attention-softmax, enc-attention-dropout, enc-attention-context, enc-MLP-GEMM-1, enc-MLP-gelu, enc-attention-qkv, enc-attention-score, enc-attention-softmax, enc-attention-dropout, enc-attention-context, enc-MLP-GEMM-1, enc-MLP-gelu, enc-attention-qkv, enc-attention-score, enc-attention-softmax, enc-attention-dropout, enc-attention-context, enc-MLP-GEMM-1, enc-MLP-gelu, enc-attention-qkv, enc-attention-score, enc-attention-softmax, enc-attention-dropout, enc-attention-context, enc-MLP-GEMM-1, enc-MLP-gelu, enc-attention-qkv, enc-attention-score, enc-attention-softmax, enc-attention-dropout, enc-attention-context, enc-MLP-GEMM-1, enc-MLP-gelu, enc-attention-qkv, enc-attention-score, enc-attention-softmax, enc-attention-dropout, enc-attention-context, enc-MLP-GEMM-1, enc-MLP-gelu, enc-attention-qkv, enc-attention-score, enc-attention-softmax, enc-attention-dropout, enc-attention-context, enc-MLP-GEMM-1, enc-MLP-gelu, enc-attention-qkv, enc-attention-score, enc-attention-softmax, enc-attention-dropout, enc-attention-context, enc-MLP-GEMM-1, enc-MLP-gelu, enc-attention-qkv, enc-attention-score, enc-attention-softmax, enc-attention-dropout, enc-attention-context, enc-MLP-GEMM-1, enc-MLP-gelu, enc-attention-qkv, enc-attention-score, enc-attention-softmax, enc-attention-dropout, enc-attention-context, enc-MLP-GEMM-1, enc-MLP-gelu, enc-attention-qkv, enc-attention-score, enc-attention-softmax, enc-attention-dropout, enc-attention-context, enc-MLP-GEMM-1, enc-MLP-gelu, enc-attention-qkv, enc-attention-score, enc-attention-softmax, enc-attention-dropout, enc-attention-context, enc-MLP-GEMM-1, enc-MLP-gelu, enc-attention-qkv, enc-attention-score, enc-attention-softmax, enc-attention-dropout, enc-attention-context, enc-MLP-GEMM-1, enc-MLP-gelu, enc-attention-qkv, enc-attention-score, enc-attention-softmax, enc-attention-dropout, enc-attention-context, enc-MLP-GEMM-1, enc-MLP-gelu, enc-attention-score, enc-attention-softmax, enc-attention-dropout, enc-attention-context, enc-MLP-GEMM-1, enc-MLP-gelu, 
[stage 0 algo1] 
start|215856.10|13188.83| op = [315]| tp = [4, ] | dp = [1, ] | algo = [0, ] | rc = [0] | gpus = [4] | micro_bs = 1 | time = [215856] | memory = [13188]

[ Trial 0 ] |215856.10|13188.83| op = [315]| tp = [4, ] | dp = [1, ] | algo = [0, ] | rc = [0] | gpus = [4] | micro_bs = 1 | time = [215856] | memory = [13188]
>>>> [CONFIG: target(0), prim(inc_mbs)]
|112083.29|24940.83| op = [315]| tp = [2, ] | dp = [2, ] | algo = [0, ] | rc = [0] | gpus = [4] | micro_bs = 2 | time = [112083] | memory = [24940]

[ Trial 1 ] |112083.29|24940.83| op = [315]| tp = [2, ] | dp = [2, ] | algo = [0, ] | rc = [0] | gpus = [4] | micro_bs = 2 | time = [112083] | memory = [24940]
>>>> [CONFIG: target(0), prim(inc_mbs)]
|53265.27|27972.78| op = [315]| tp = [1, ] | dp = [4, ] | algo = [0, ] | rc = [171] | gpus = [4] | micro_bs = 4 | time = [53265] | memory = [27972]

num_targets: [1, 1]
num_hops: [1, 1]
search time = 0.22 s.  [0, 1, 2, 3, 4, 5, 6, 7, 8, 9, 10, 11, 12, 13, 14, 15, 16, 17, 18, 19, 20, 21, 22, 23] 
num_explored_cases = 46
time trend: [215856, 112083, 53265, 53265, 53265, 53265, 53265, 53265, 53265, 54019, 54019, 54019, 54019, 54019, 112083, 112083, 112083, 112083, 112083, 215856, 215856, 215856, 215856, 215856]

working on num_stages = 2
config has been saved to /home/liminglong.lml/sxz/SuperScaler/logs-large/aceso/configs/gpt/1_3B/gpt_1_3B_2stages_2026-5-14-5-55-0.json

========== Best Result (num_stages = 2) ==========
|43549.12|24392.41| op = [158, 157]| tp = [1, 1, ] | dp = [2, 2, ] | algo = [0, 0, ] | rc = [22, 0] | gpus = [2, 2] | micro_bs = 2 | time = [43513, 43549] | memory = [23800, 24392]
[stage 0 recompute_ops] 5,6,18,19,31,32,44,45,57,58,70,71,83,84,96,97,109,110,122,123,135,136,
stage 0: enc-attention-dropout, enc-attention-context, enc-attention-dropout, enc-attention-context, enc-attention-dropout, enc-attention-context, enc-attention-dropout, enc-attention-context, enc-attention-dropout, enc-attention-context, enc-attention-dropout, enc-attention-context, enc-attention-dropout, enc-attention-context, enc-attention-dropout, enc-attention-context, enc-attention-dropout, enc-attention-context, enc-attention-dropout, enc-attention-context, enc-attention-dropout, enc-attention-context, 
[stage 1 recompute_ops] 
stage 1: 
[stage 0 algo1] 
[stage 1 algo1] 
start|114467.20|18660.82| op = [157, 158]| tp = [2, 2, ] | dp = [1, 1, ] | algo = [0, 0, ] | rc = [0, 0] | gpus = [2, 2] | micro_bs = 1 | time = [110317, 114467] | memory = [18660, 12540]

[ Trial 0 ] |114467.20|18660.82| op = [157, 158]| tp = [2, 2, ] | dp = [1, 1, ] | algo = [0, 0, ] | rc = [0, 0] | gpus = [2, 2] | micro_bs = 1 | time = [110317, 114467] | memory = [18660, 12540]
>>>> [CONFIG: target(1), prim(inc_mbs)]
|43591.98|24392.42| op = [157, 158]| tp = [1, 1, ] | dp = [2, 2, ] | algo = [0, 0, ] | rc = [22, 0] | gpus = [2, 2] | micro_bs = 2 | time = [43445, 43591] | memory = [23784, 24392]

[ Trial 1 ] |43591.98|24392.42| op = [157, 158]| tp = [1, 1, ] | dp = [2, 2, ] | algo = [0, 0, ] | rc = [22, 0] | gpus = [2, 2] | micro_bs = 2 | time = [43445, 43591] | memory = [23784, 24392]
>>>> [CONFIG: target(1), prim(inc_mbs)]
|45559.89|27569.52| op = [157, 158]| tp = [1, 1, ] | dp = [2, 2, ] | algo = [0, 0, ] | rc = [38, 24] | gpus = [2, 2] | micro_bs = 4 | time = [43680, 45559] | memory = [27569, 25168]
>>>> [CONFIG: target(1), prim(dec_op)]
|45183.27|27889.58| op = [159, 156]| tp = [1, 1, ] | dp = [2, 2, ] | algo = [0, 0, ] | rc = [38, 24] | gpus = [2, 2] | micro_bs = 4 | time = [44159, 45183] | memory = [27889, 24960]
>>>> [CONFIG: target(1), prim(inc_mbs)]
|49693.85|27905.59| op = [159, 156]| tp = [1, 1, ] | dp = [2, 2, ] | algo = [0, 0, ] | rc = [109, 50] | gpus = [2, 2] | micro_bs = 8 | time = [49693, 48553] | memory = [27265, 27905]
>>>> [CONFIG: target(0), prim(dec_op)]
|49261.29|27873.59| op = [158, 157]| tp = [1, 1, ] | dp = [2, 2, ] | algo = [0, 0, ] | rc = [102, 54] | gpus = [2, 2] | micro_bs = 8 | time = [49027, 49261] | memory = [27362, 27873]
>>>> [CONFIG: target(1), prim(dec_mbs)]
|45536.01|27601.58| op = [158, 157]| tp = [1, 1, ] | dp = [2, 2, ] | algo = [0, 0, ] | rc = [38, 24] | gpus = [2, 2] | micro_bs = 4 | time = [43737, 45536] | memory = [27601, 25168]
>>>> [CONFIG: target(1), prim(dec_mbs)]
|43549.12|24392.41| op = [158, 157]| tp = [1, 1, ] | dp = [2, 2, ] | algo = [0, 0, ] | rc = [22, 0] | gpus = [2, 2] | micro_bs = 2 | time = [43513, 43549] | memory = [23800, 24392]

num_targets: [1, 1]
num_hops: [1, 6]
search time = 1.87 s.  [0, 1, 2, 3, 4, 5, 6, 7, 8, 9, 10, 11, 12, 13, 14, 15, 16, 17, 18, 19, 20, 21, 22, 23, 24, 25, 26, 27, 28, 29, 30, 31, 32, 33, 34, 35, 36, 37, 38, 39, 40, 41, 42, 43, 44, 45, 46, 47, 48, 49, 50, 51, 52, 53, 54, 55, 56, 57, 58, 59, 60, 61, 62, 63, 64, 65, 66, 67, 68] 
num_explored_cases = 631
time trend: [114467, 43591, 43549, 43549, 112720, 43549, 43549, 43549, 43549, 43549, 43591, 43591, 43591, 43591, 43591, 43958, 43958, 43958, 43958, 43958, 45183, 45183, 45183, 45183, 45183, 45536, 45536, 45536, 45536, 45536, 45559, 45559, 45559, 45559, 45559, 49261, 49261, 49261, 49261, 49261, 49279, 49279, 49279, 49279, 49693, 49693, 49693, 49693, 49693, 112720, 112720, 112720, 112720, 112720, 112720, 112720, 112720, 112720, 112720, 114383, 114383, 114383, 114383, 114383, 114467, 114467, 114467, 114467, 114467]

working on num_stages = 4
config has been saved to /home/liminglong.lml/sxz/SuperScaler/logs-large/aceso/configs/gpt/1_3B/gpt_1_3B_4stages_2026-5-14-5-55-0.json

========== Best Result (num_stages = 4) ==========
|43318.09|26432.58| op = [80, 83, 85, 67]| tp = [1, 1, 1, 1, ] | dp = [1, 1, 1, 1, ] | algo = [0, 0, 0, 0, ] | rc = [6, 0, 0, 0] | gpus = [1, 1, 1, 1] | micro_bs = 1 | time = [42484, 43318, 41842, 41825] | memory = [24912, 26432, 18528, 12056]
[stage 0 recompute_ops] 5,6,18,19,31,32,
stage 0: enc-attention-dropout, enc-attention-context, enc-attention-dropout, enc-attention-context, enc-attention-dropout, enc-attention-context, 
[stage 1 recompute_ops] 
stage 1: 
[stage 2 recompute_ops] 
stage 2: 
[stage 3 recompute_ops] 
stage 3: 
[stage 0 algo1] 
[stage 1 algo1] 
[stage 2 algo1] 
[stage 3 algo1] 
start|48432.43|24832.80| op = [78, 78, 78, 81]| tp = [1, 1, 1, 1, ] | dp = [1, 1, 1, 1, ] | algo = [0, 0, 0, 0, ] | rc = [6, 0, 0, 0] | gpus = [1, 1, 1, 1] | micro_bs = 1 | time = [42259, 39414, 39414, 48432] | memory = [24832, 23648, 17728, 13828]

[ Trial 0 ] |48432.43|24832.80| op = [78, 78, 78, 81]| tp = [1, 1, 1, 1, ] | dp = [1, 1, 1, 1, ] | algo = [0, 0, 0, 0, ] | rc = [6, 0, 0, 0] | gpus = [1, 1, 1, 1] | micro_bs = 1 | time = [42259, 39414, 39414, 48432] | memory = [24832, 23648, 17728, 13828]
>>>> [CONFIG: target(3), prim(dec_op)]
|43507.39|24832.80| op = [78, 83, 84, 70]| tp = [1, 1, 1, 1, ] | dp = [1, 1, 1, 1, ] | algo = [0, 0, 0, 0, ] | rc = [6, 0, 0, 0] | gpus = [1, 1, 1, 1] | micro_bs = 1 | time = [42261, 42988, 43507, 43141] | memory = [24832, 24740, 19848, 12396]

[ Trial 1 ] |43507.39|24832.80| op = [78, 83, 84, 70]| tp = [1, 1, 1, 1, ] | dp = [1, 1, 1, 1, ] | algo = [0, 0, 0, 0, ] | rc = [6, 0, 0, 0] | gpus = [1, 1, 1, 1] | micro_bs = 1 | time = [42261, 42988, 43507, 43141] | memory = [24832, 24740, 19848, 12396]
>>>> [CONFIG: target(2), prim(inc_mbs)]
|44912.27|27777.55| op = [78, 83, 84, 70]| tp = [1, 1, 1, 1, ] | dp = [1, 1, 1, 1, ] | algo = [0, 0, 0, 0, ] | rc = [16, 12, 10, 0] | gpus = [1, 1, 1, 1] | micro_bs = 2 | time = [42953, 44912, 44758, 41071] | memory = [27777, 25097, 24400, 19112]
>>>> [CONFIG: target(1), prim(inc_mbs)]
|48192.74|27986.43| op = [78, 83, 84, 70]| tp = [1, 1, 1, 1, ] | dp = [1, 1, 1, 1, ] | algo = [0, 0, 0, 0, ] | rc = [30, 24, 22, 6] | gpus = [1, 1, 1, 1] | micro_bs = 4 | time = [46152, 48192, 48149, 42671] | memory = [27779, 27986, 27489, 27920]
>>>> [CONFIG: target(1), prim(inc_mbs)]
|57156.14|29056.25| op = [78, 83, 84, 70]| tp = [1, 1, 1, 1, ] | dp = [1, 1, 1, 1, ] | algo = [0, 0, 0, 0, ] | rc = [76, 83, 84, 64] | gpus = [1, 1, 1, 1] | micro_bs = 8 | time = [52298, 56485, 57156, 53109] | memory = [27200, 25312, 29056, 27616]
>>>> [CONFIG: target(2), prim(dec_op)]
|57603.12|27616.47| op = [78, 85, 82, 70]| tp = [1, 1, 1, 1, ] | dp = [1, 1, 1, 1, ] | algo = [0, 0, 0, 0, ] | rc = [76, 85, 80, 64] | gpus = [1, 1, 1, 1] | micro_bs = 8 | time = [52276, 57603, 53305, 53088] | memory = [27200, 25504, 26240, 27616]
>>>> [CONFIG: target(1), prim(dec_op)]
|55919.07|28416.50| op = [81, 80, 83, 71]| tp = [1, 1, 1, 1, ] | dp = [1, 1, 1, 1, ] | algo = [0, 0, 0, 0, ] | rc = [79, 80, 83, 65] | gpus = [1, 1, 1, 1] | micro_bs = 8 | time = [53631, 55282, 55919, 54138] | memory = [28288, 25216, 28416, 27680]
>>>> [CONFIG: target(2), prim(dec_op)]
|56392.11|28289.00| op = [81, 82, 81, 71]| tp = [1, 1, 1, 1, ] | dp = [1, 1, 1, 1, ] | algo = [0, 0, 0, 0, ] | rc = [79, 82, 75, 65] | gpus = [1, 1, 1, 1] | micro_bs = 8 | time = [53601, 56392, 50962, 54109] | memory = [28288, 25408, 27744, 27680]
>>>> [CONFIG: target(0), prim(dec_mbs)]
|48481.27|27937.61| op = [81, 82, 81, 71]| tp = [1, 1, 1, 1, ] | dp = [1, 1, 1, 1, ] | algo = [0, 0, 0, 0, ] | rc = [34, 26, 24, 8] | gpus = [1, 1, 1, 1] | micro_bs = 4 | time = [47836, 48481, 44124, 44068] | memory = [27651, 27554, 27937, 25904]

[ Trial 21 ] |48481.27|27937.61| op = [81, 82, 81, 71]| tp = [1, 1, 1, 1, ] | dp = [1, 1, 1, 1, ] | algo = [0, 0, 0, 0, ] | rc = [34, 26, 24, 8] | gpus = [1, 1, 1, 1] | micro_bs = 4 | time = [47836, 48481, 44124, 44068] | memory = [27651, 27554, 27937, 25904]
>>>> [CONFIG: target(1), prim(dec_mbs)]
|45228.31|27568.81| op = [81, 82, 81, 71]| tp = [1, 1, 1, 1, ] | dp = [1, 1, 1, 1, ] | algo = [0, 0, 0, 0, ] | rc = [16, 14, 4, 0] | gpus = [1, 1, 1, 1] | micro_bs = 2 | time = [44190, 45228, 39133, 41775] | memory = [26529, 24785, 27568, 19384]
>>>> [CONFIG: target(1), prim(dec_mbs)]
|43843.36|26216.58| op = [81, 82, 81, 71]| tp = [1, 1, 1, 1, ] | dp = [1, 1, 1, 1, ] | algo = [0, 0, 0, 0, ] | rc = [6, 0, 0, 0] | gpus = [1, 1, 1, 1] | micro_bs = 1 | time = [43376, 42557, 39874, 43843] | memory = [25200, 26216, 17848, 12660]
>>>> [CONFIG: target(3), prim(dec_op)]
|43376.92|26216.58| op = [81, 82, 85, 67]| tp = [1, 1, 1, 1, ] | dp = [1, 1, 1, 1, ] | algo = [0, 0, 0, 0, ] | rc = [6, 0, 0, 0] | gpus = [1, 1, 1, 1] | micro_bs = 1 | time = [43376, 42557, 41843, 41825] | memory = [25200, 26216, 18528, 12056]

[ Trial 22 ] |43376.92|26216.58| op = [81, 82, 85, 67]| tp = [1, 1, 1, 1, ] | dp = [1, 1, 1, 1, ] | algo = [0, 0, 0, 0, ] | rc = [6, 0, 0, 0] | gpus = [1, 1, 1, 1] | micro_bs = 1 | time = [43376, 42557, 41843, 41825] | memory = [25200, 26216, 18528, 12056]
>>>> [CONFIG: target(0), prim(inc_mbs)]
|45229.52|26529.68| op = [81, 82, 85, 67]| tp = [1, 1, 1, 1, ] | dp = [1, 1, 1, 1, ] | algo = [0, 0, 0, 0, ] | rc = [16, 14, 6, 0] | gpus = [1, 1, 1, 1] | micro_bs = 2 | time = [44191, 45229, 41671, 39856] | memory = [26529, 24785, 26112, 18688]
>>>> [CONFIG: target(1), prim(inc_mbs)]
|48476.56|27841.61| op = [81, 82, 85, 67]| tp = [1, 1, 1, 1, ] | dp = [1, 1, 1, 1, ] | algo = [0, 0, 0, 0, ] | rc = [34, 26, 20, 6] | gpus = [1, 1, 1, 1] | micro_bs = 4 | time = [47832, 48476, 45491, 41490] | memory = [27651, 27554, 27841, 27328]
>>>> [CONFIG: target(1), prim(inc_mbs)]
|56407.35|28289.00| op = [81, 82, 85, 67]| tp = [1, 1, 1, 1, ] | dp = [1, 1, 1, 1, ] | algo = [0, 0, 0, 0, ] | rc = [79, 82, 85, 65] | gpus = [1, 1, 1, 1] | micro_bs = 8 | time = [53616, 56407, 55120, 51915] | memory = [28288, 25408, 24896, 27392]
>>>> [CONFIG: target(0), prim(dec_op)]
|57402.95|27585.50| op = [80, 83, 85, 67]| tp = [1, 1, 1, 1, ] | dp = [1, 1, 1, 1, ] | algo = [0, 0, 0, 0, ] | rc = [78, 83, 85, 65] | gpus = [1, 1, 1, 1] | micro_bs = 8 | time = [52487, 57402, 55119, 51914] | memory = [27585, 25216, 24896, 27392]
>>>> [CONFIG: target(1), prim(dec_mbs)]
|49185.70|27842.23| op = [80, 83, 85, 67]| tp = [1, 1, 1, 1, ] | dp = [1, 1, 1, 1, ] | algo = [0, 0, 0, 0, ] | rc = [32, 26, 20, 6] | gpus = [1, 1, 1, 1] | micro_bs = 4 | time = [46647, 49185, 45489, 41488] | memory = [27587, 27842, 27841, 27328]
>>>> [CONFIG: target(1), prim(dec_mbs)]
|45936.17|27937.68| op = [80, 83, 85, 67]| tp = [1, 1, 1, 1, ] | dp = [1, 1, 1, 1, ] | algo = [0, 0, 0, 0, ] | rc = [16, 14, 6, 0] | gpus = [1, 1, 1, 1] | micro_bs = 2 | time = [43108, 45936, 41670, 39856] | memory = [27937, 25025, 26112, 18688]
>>>> [CONFIG: target(1), prim(dec_mbs)]
|43318.09|26432.58| op = [80, 83, 85, 67]| tp = [1, 1, 1, 1, ] | dp = [1, 1, 1, 1, ] | algo = [0, 0, 0, 0, ] | rc = [6, 0, 0, 0] | gpus = [1, 1, 1, 1] | micro_bs = 1 | time = [42484, 43318, 41842, 41825] | memory = [24912, 26432, 18528, 12056]

num_targets: [1, 1, 1, 1]
num_hops: [1, 2, 3, 7]
search time = 12.09 s.  [0, 1, 2, 3, 4, 5, 6, 7, 8, 9, 10, 11, 12, 14, 15, 16, 17, 18, 19, 20, 21, 22, 23, 24, 25, 26, 27, 28, 29, 30, 31, 32, 33, 34, 35, 36, 37, 38, 39, 40, 41, 42, 43, 44, 45, 46, 47, 48, 49, 50, 51, 52, 53, 54, 55, 56, 57, 58, 59, 60, 61, 62, 63, 64, 65, 66, 67, 68, 69, 70, 71, 72, 73, 74, 75, 76, 77, 78, 79, 80, 81, 82, 83, 84, 85, 86, 87, 88, 89, 90, 91, 92, 93, 94, 95, 96, 97, 98, 99, 100, 101] 
num_explored_cases = 2769
time trend: [48432, 43507, 43507, 43543, 43379, 43379, 43866, 44067, 44549, 43681, 44067, 44165, 44911, 44066, 44066, 44066, 44066, 44067, 44779, 44953, 44066, 44066, 43376, 43318, 43318, 43930, 43681, 43318, 44751, 44751, 43318, 43377, 43543, 43543, 43318, 43318, 43318, 43318, 43318, 43318, 43318, 43318, 43318, 43318, 43318, 43318, 43318, 43318, 43318, 43376, 43376, 43376, 43376, 43376, 43377, 43377, 43377, 43377, 43377, 43379, 43379, 43379, 43379, 43379, 43507, 43507, 43507, 43507, 43507, 43507, 43507, 43507, 43507, 43507, 43507, 43507, 43507, 43507, 43507, 43543, 43543, 43543, 43543, 43543, 43543, 43543, 43543, 43543, 43543, 43543, 43543, 43543, 43543, 43543, 43543, 43543, 43543, 43543, 43543, 43681, 43681]

working on num_stages = 3
config has been saved to /home/liminglong.lml/sxz/SuperScaler/logs-large/aceso/configs/gpt/1_3B/gpt_1_3B_3stages_2026-5-14-5-55-0.json

========== Best Result (num_stages = 3) ==========
|43001.42|26400.81| op = [79, 82, 154]| tp = [1, 1, 1, ] | dp = [1, 1, 2, ] | algo = [0, 0, 0, ] | rc = [12, 6, 0] | gpus = [1, 1, 2] | micro_bs = 2 | time = [41917, 42664, 43001] | memory = [24745, 26400, 24152]
[stage 0 recompute_ops] 5,6,18,19,31,32,44,45,57,58,70,71,
stage 0: enc-attention-dropout, enc-attention-context, enc-attention-dropout, enc-attention-context, enc-attention-dropout, enc-attention-context, enc-attention-dropout, enc-attention-context, enc-attention-dropout, enc-attention-context, enc-attention-dropout, enc-attention-context, 
[stage 1 recompute_ops] 4,5,17,18,30,31,
stage 1: enc-attention-dropout, enc-attention-context, enc-attention-dropout, enc-attention-context, enc-attention-dropout, enc-attention-context, 
[stage 2 recompute_ops] 
stage 2: 
[stage 0 algo1] 
[stage 1 algo1] 
[stage 2 algo1] 
start|74336.21|23200.54| op = [105, 105, 105]| tp = [2, 1, 1, ] | dp = [1, 1, 1, ] | algo = [0, 0, 0, ] | rc = [0, 0, 0] | gpus = [2, 1, 1] | micro_bs = 1 | time = [74336, 52452, 61159] | memory = [17092, 23200, 17312]

[ Trial 0 ] |74336.21|23200.54| op = [105, 105, 105]| tp = [2, 1, 1, ] | dp = [1, 1, 1, ] | algo = [0, 0, 0, ] | rc = [0, 0, 0] | gpus = [2, 1, 1] | micro_bs = 1 | time = [74336, 52452, 61159] | memory = [17092, 23200, 17312]
>>>> [CONFIG: target(0), prim(dec_tp)]
|72607.83|24676.79| op = [105, 105, 105]| tp = [1, 2, 1, ] | dp = [1, 1, 1, ] | algo = [0, 0, 0, ] | rc = [10, 0, 0] | gpus = [1, 2, 1] | micro_bs = 1 | time = [56716, 72607, 61161] | memory = [24676, 12064, 17312]

[ Trial 1 ] |72607.83|24676.79| op = [105, 105, 105]| tp = [1, 2, 1, ] | dp = [1, 1, 1, ] | algo = [0, 0, 0, ] | rc = [10, 0, 0] | gpus = [1, 2, 1] | micro_bs = 1 | time = [56716, 72607, 61161] | memory = [24676, 12064, 17312]
>>>> [CONFIG: target(1), prim(inc_mbs)]
|58136.01|27081.54| op = [105, 105, 105]| tp = [1, 1, 1, ] | dp = [1, 2, 1, ] | algo = [0, 0, 0, ] | rc = [22, 0, 0] | gpus = [1, 2, 1] | micro_bs = 2 | time = [57411, 26385, 58136] | memory = [27081, 23200, 26896]

[ Trial 2 ] |58136.01|27081.54| op = [105, 105, 105]| tp = [1, 1, 1, ] | dp = [1, 2, 1, ] | algo = [0, 0, 0, ] | rc = [22, 0, 0] | gpus = [1, 2, 1] | micro_bs = 2 | time = [57411, 26385, 58136] | memory = [27081, 23200, 26896]
>>>> [CONFIG: target(2), prim(dec_op)]
|44700.92|25129.26| op = [81, 158, 76]| tp = [1, 1, 1, ] | dp = [1, 2, 1, ] | algo = [0, 0, 0, ] | rc = [12, 18, 0] | gpus = [1, 2, 1] | micro_bs = 2 | time = [42883, 43709, 44700] | memory = [25129, 24896, 21184]

[ Trial 3 ] |44700.92|25129.26| op = [81, 158, 76]| tp = [1, 1, 1, ] | dp = [1, 2, 1, ] | algo = [0, 0, 0, ] | rc = [12, 18, 0] | gpus = [1, 2, 1] | micro_bs = 2 | time = [42883, 43709, 44700] | memory = [25129, 24896, 21184]
>>>> [CONFIG: target(2), prim(inc_mbs)]
|48233.37|27905.49| op = [81, 158, 76]| tp = [1, 1, 1, ] | dp = [1, 2, 1, ] | algo = [0, 0, 0, ] | rc = [24, 38, 12] | gpus = [1, 2, 1] | micro_bs = 4 | time = [45889, 44770, 48233] | memory = [26386, 27905, 24832]
>>>> [CONFIG: target(2), prim(dec_op)]
|45876.16|27937.49| op = [81, 160, 74]| tp = [1, 1, 1, ] | dp = [1, 2, 1, ] | algo = [0, 0, 0, ] | rc = [24, 40, 8] | gpus = [1, 2, 1] | micro_bs = 4 | time = [45876, 45351, 44240] | memory = [26386, 27937, 26080]
>>>> [CONFIG: target(0), prim(dec_mbs)]
|44690.16|25129.26| op = [81, 160, 74]| tp = [1, 1, 1, ] | dp = [1, 2, 1, ] | algo = [0, 0, 0, ] | rc = [12, 22, 0] | gpus = [1, 2, 1] | micro_bs = 2 | time = [42880, 44690, 42080] | memory = [25129, 23760, 19504]

[ Trial 4 ] |44690.16|25129.26| op = [81, 160, 74]| tp = [1, 1, 1, ] | dp = [1, 2, 1, ] | algo = [0, 0, 0, ] | rc = [12, 22, 0] | gpus = [1, 2, 1] | micro_bs = 2 | time = [42880, 44690, 42080] | memory = [25129, 23760, 19504]
>>>> [CONFIG: target(1), prim(dec_dp)]
|90125.80|27937.49| op = [81, 160, 74]| tp = [1, 1, 1, ] | dp = [2, 1, 1, ] | algo = [0, 0, 0, ] | rc = [0, 40, 0] | gpus = [2, 1, 1] | micro_bs = 2 | time = [20824, 90125, 42126] | memory = [25588, 27937, 19504]
>>>> [CONFIG: target(1), prim(dec_op)]
|44399.27|27853.22| op = [159, 81, 75]| tp = [1, 1, 1, ] | dp = [2, 1, 1, ] | algo = [0, 0, 0, ] | rc = [24, 10, 0] | gpus = [2, 1, 1] | micro_bs = 2 | time = [44399, 44148, 43836] | memory = [27853, 23872, 20032]

[ Trial 5 ] |44399.27|27853.22| op = [159, 81, 75]| tp = [1, 1, 1, ] | dp = [2, 1, 1, ] | algo = [0, 0, 0, ] | rc = [24, 10, 0] | gpus = [2, 1, 1] | micro_bs = 2 | time = [44399, 44148, 43836] | memory = [27853, 23872, 20032]
>>>> [CONFIG: target(0), prim(dec_dp)]
|90941.65|27850.37| op = [159, 81, 75]| tp = [1, 1, 1, ] | dp = [1, 2, 1, ] | algo = [0, 0, 0, ] | rc = [48, 0, 0] | gpus = [1, 2, 1] | micro_bs = 2 | time = [90941, 21642, 43883] | memory = [27850, 19424, 20032]
>>>> [CONFIG: target(0), prim(dec_op)]
|45310.12|26665.26| op = [83, 157, 75]| tp = [1, 1, 1, ] | dp = [1, 2, 1, ] | algo = [0, 0, 0, ] | rc = [12, 22, 0] | gpus = [1, 2, 1] | micro_bs = 2 | time = [45310, 44614, 43839] | memory = [26665, 23712, 20032]
>>>> [CONFIG: target(0), prim(inc_tp)]
|91500.00|27969.49| op = [83, 157, 75]| tp = [2, 1, 1, ] | dp = [1, 1, 1, ] | algo = [0, 0, 0, ] | rc = [0, 45, 0] | gpus = [2, 1, 1] | micro_bs = 2 | time = [54499, 91500, 43948] | memory = [24225, 27969, 20032]
>>>> [CONFIG: target(1), prim(dec_op)]
|60227.49|27592.61| op = [91, 113, 111]| tp = [2, 1, 1, ] | dp = [1, 1, 1, ] | algo = [0, 0, 0, ] | rc = [0, 18, 0] | gpus = [2, 1, 1] | micro_bs = 2 | time = [59667, 60003, 60227] | memory = [26673, 24545, 27592]
>>>> [CONFIG: target(2), prim(inc_dp)]
|59927.01|27889.35| op = [91, 113, 111]| tp = [1, 1, 1, ] | dp = [1, 1, 2, ] | algo = [0, 0, 0, ] | rc = [14, 18, 0] | gpus = [1, 1, 2] | micro_bs = 2 | time = [48705, 59927, 31824] | memory = [27889, 24545, 17916]
>>>> [CONFIG: target(1), prim(dec_op)]
|43001.82|26176.74| op = [81, 80, 154]| tp = [1, 1, 1, ] | dp = [1, 1, 2, ] | algo = [0, 0, 0, ] | rc = [12, 6, 0] | gpus = [1, 1, 2] | micro_bs = 2 | time = [42877, 41909, 43001] | memory = [25129, 26176, 24152]

[ Trial 6 ] |43001.82|26176.74| op = [81, 80, 154]| tp = [1, 1, 1, ] | dp = [1, 1, 2, ] | algo = [0, 0, 0, ] | rc = [12, 6, 0] | gpus = [1, 1, 2] | micro_bs = 2 | time = [42877, 41909, 43001] | memory = [25129, 26176, 24152]
>>>> [CONFIG: target(2), prim(dec_dp)]
|89692.10|26176.74| op = [81, 80, 154]| tp = [1, 1, 1, ] | dp = [2, 1, 1, ] | algo = [0, 0, 0, ] | rc = [0, 6, 24] | gpus = [2, 1, 1] | micro_bs = 2 | time = [20823, 41957, 89692] | memory = [25588, 26176, 24928]
>>>> [CONFIG: target(2), prim(inc_tp)]
|102913.47|26176.74| op = [81, 80, 154]| tp = [1, 1, 2, ] | dp = [1, 1, 1, ] | algo = [0, 0, 0, ] | rc = [12, 6, 0] | gpus = [1, 1, 2] | micro_bs = 2 | time = [42994, 42026, 102913] | memory = [25129, 26176, 19488]
>>>> [CONFIG: target(2), prim(inc_mbs)]
|46742.39|27777.49| op = [81, 80, 154]| tp = [1, 1, 1, ] | dp = [1, 1, 2, ] | algo = [0, 0, 0, ] | rc = [24, 26, 24] | gpus = [1, 1, 2] | micro_bs = 4 | time = [45885, 46742, 45144] | memory = [26386, 27777, 24928]
>>>> [CONFIG: target(1), prim(dec_op)]
|45356.15|27681.61| op = [77, 82, 156]| tp = [1, 1, 1, ] | dp = [1, 1, 2, ] | algo = [0, 0, 0, ] | rc = [26, 18, 24] | gpus = [1, 1, 2] | micro_bs = 4 | time = [44281, 44654, 45356] | memory = [27618, 27681, 24960]
>>>> [CONFIG: target(2), prim(dec_mbs)]
|43243.95|25840.81| op = [77, 82, 156]| tp = [1, 1, 1, ] | dp = [1, 1, 2, ] | algo = [0, 0, 0, ] | rc = [12, 6, 0] | gpus = [1, 1, 2] | micro_bs = 2 | time = [41173, 41290, 43243] | memory = [24369, 25840, 24168]
>>>> [CONFIG: target(2), prim(dec_op)]
|43001.55|26480.81| op = [78, 83, 154]| tp = [1, 1, 1, ] | dp = [1, 1, 2, ] | algo = [0, 0, 0, ] | rc = [12, 6, 0] | gpus = [1, 1, 2] | micro_bs = 2 | time = [41870, 42777, 43001] | memory = [24673, 26480, 24152]

[ Trial 7 ] |43001.55|26480.81| op = [78, 83, 154]| tp = [1, 1, 1, ] | dp = [1, 1, 2, ] | algo = [0, 0, 0, ] | rc = [12, 6, 0] | gpus = [1, 1, 2] | micro_bs = 2 | time = [41870, 42777, 43001] | memory = [24673, 26480, 24152]
>>>> [CONFIG: target(2), prim(dec_dp)]
|89692.71|26480.81| op = [78, 83, 154]| tp = [1, 1, 1, ] | dp = [2, 1, 1, ] | algo = [0, 0, 0, ] | rc = [0, 6, 24] | gpus = [2, 1, 1] | micro_bs = 2 | time = [20265, 42826, 89692] | memory = [25264, 26480, 24928]
>>>> [CONFIG: target(2), prim(inc_tp)]
|102913.20|26480.81| op = [78, 83, 154]| tp = [1, 1, 2, ] | dp = [1, 1, 1, ] | algo = [0, 0, 0, ] | rc = [12, 6, 0] | gpus = [1, 1, 2] | micro_bs = 2 | time = [41987, 42894, 102913] | memory = [24673, 26480, 19488]
>>>> [CONFIG: target(2), prim(dec_op)]
|62937.73|27009.54| op = [104, 120, 91]| tp = [1, 1, 2, ] | dp = [1, 1, 1, ] | algo = [0, 0, 0, ] | rc = [22, 18, 0] | gpus = [1, 1, 2] | micro_bs = 2 | time = [57443, 62937, 62125] | memory = [27009, 25745, 12384]
>>>> [CONFIG: target(1), prim(inc_dp)]
|57358.41|27009.54| op = [104, 120, 91]| tp = [1, 1, 1, ] | dp = [1, 2, 1, ] | algo = [0, 0, 0, ] | rc = [22, 0, 0] | gpus = [1, 2, 1] | micro_bs = 2 | time = [57358, 30124, 51294] | memory = [27009, 26216, 23952]
>>>> [CONFIG: target(0), prim(inc_tp)]
|68587.42|27297.64| op = [104, 120, 91]| tp = [2, 1, 1, ] | dp = [1, 1, 1, ] | algo = [0, 0, 0, ] | rc = [4, 18, 0] | gpus = [2, 1, 1] | micro_bs = 2 | time = [68587, 62938, 51380] | memory = [27297, 25745, 23952]
>>>> [CONFIG: target(0), prim(dec_tp)]
|62869.39|27009.54| op = [104, 120, 91]| tp = [1, 1, 1, ] | dp = [1, 1, 2, ] | algo = [0, 0, 0, ] | rc = [22, 18, 0] | gpus = [1, 1, 2] | micro_bs = 2 | time = [57375, 62869, 27134] | memory = [27009, 25745, 15360]
>>>> [CONFIG: target(1), prim(dec_op)]
|43001.55|26400.74| op = [80, 81, 154]| tp = [1, 1, 1, ] | dp = [1, 1, 2, ] | algo = [0, 0, 0, ] | rc = [12, 6, 0] | gpus = [1, 1, 2] | micro_bs = 2 | time = [42031, 42616, 43001] | memory = [24793, 26400, 24152]

[ Trial 8 ] |43001.55|26400.74| op = [80, 81, 154]| tp = [1, 1, 1, ] | dp = [1, 1, 2, ] | algo = [0, 0, 0, ] | rc = [12, 6, 0] | gpus = [1, 1, 2] | micro_bs = 2 | time = [42031, 42616, 43001] | memory = [24793, 26400, 24152]
>>>> [CONFIG: target(2), prim(dec_dp)]
|89692.61|26400.74| op = [80, 81, 154]| tp = [1, 1, 1, ] | dp = [2, 1, 1, ] | algo = [0, 0, 0, ] | rc = [0, 6, 24] | gpus = [2, 1, 1] | micro_bs = 2 | time = [20378, 42665, 89692] | memory = [25324, 26400, 24928]
>>>> [CONFIG: target(2), prim(dec_op)]
|60763.58|27712.61| op = [89, 113, 113]| tp = [1, 1, 1, ] | dp = [2, 1, 1, ] | algo = [0, 0, 0, ] | rc = [2, 18, 0] | gpus = [2, 1, 1] | micro_bs = 2 | time = [23384, 60763, 60493] | memory = [27456, 24913, 27712]
>>>> [CONFIG: target(1), prim(inc_dp)]
|60478.88|27712.61| op = [89, 113, 113]| tp = [1, 1, 1, ] | dp = [1, 2, 1, ] | algo = [0, 0, 0, ] | rc = [14, 0, 0] | gpus = [1, 2, 1] | micro_bs = 2 | time = [47847, 28982, 60478] | memory = [27393, 25544, 27712]
>>>> [CONFIG: target(2), prim(inc_dp)]
|60755.76|27393.35| op = [89, 113, 113]| tp = [1, 1, 1, ] | dp = [1, 1, 2, ] | algo = [0, 0, 0, ] | rc = [14, 18, 0] | gpus = [1, 1, 2] | micro_bs = 2 | time = [47853, 60755, 32012] | memory = [27393, 24913, 18008]
>>>> [CONFIG: target(1), prim(inc_mbs)]
|64881.43|27874.14| op = [89, 113, 113]| tp = [1, 1, 1, ] | dp = [1, 1, 2, ] | algo = [0, 0, 0, ] | rc = [28, 34, 0] | gpus = [1, 1, 2] | micro_bs = 4 | time = [51389, 64881, 30616] | memory = [27522, 27874, 27712]
>>>> [CONFIG: target(1), prim(dec_op)]
|46002.60|27777.49| op = [81, 79, 155]| tp = [1, 1, 1, ] | dp = [1, 1, 2, ] | algo = [0, 0, 0, ] | rc = [24, 26, 24] | gpus = [1, 1, 2] | micro_bs = 4 | time = [45883, 46002, 45515] | memory = [26386, 27777, 24928]
>>>> [CONFIG: target(1), prim(dec_mbs)]
|43381.20|26176.74| op = [81, 79, 155]| tp = [1, 1, 1, ] | dp = [1, 1, 2, ] | algo = [0, 0, 0, ] | rc = [12, 6, 0] | gpus = [1, 1, 2] | micro_bs = 2 | time = [42876, 41162, 43381] | memory = [25129, 26176, 24152]

[ Trial 13 ] |43381.20|26176.74| op = [81, 79, 155]| tp = [1, 1, 1, ] | dp = [1, 1, 2, ] | algo = [0, 0, 0, ] | rc = [12, 6, 0] | gpus = [1, 1, 2] | micro_bs = 2 | time = [42876, 41162, 43381] | memory = [25129, 26176, 24152]
>>>> [CONFIG: target(0), prim(dec_op)]
|43380.93|26400.74| op = [80, 80, 155]| tp = [1, 1, 1, ] | dp = [1, 1, 2, ] | algo = [0, 0, 0, ] | rc = [12, 6, 0] | gpus = [1, 1, 2] | micro_bs = 2 | time = [42030, 41869, 43380] | memory = [24793, 26400, 24152]
>>>> [CONFIG: target(2), prim(dec_dp)]
|90439.25|26400.74| op = [80, 80, 155]| tp = [1, 1, 1, ] | dp = [2, 1, 1, ] | algo = [0, 0, 0, ] | rc = [0, 6, 24] | gpus = [2, 1, 1] | micro_bs = 2 | time = [20378, 41918, 90439] | memory = [25324, 26400, 24928]
>>>> [CONFIG: target(2), prim(inc_tp)]
|103292.65|26400.74| op = [80, 80, 155]| tp = [1, 1, 2, ] | dp = [1, 1, 1, ] | algo = [0, 0, 0, ] | rc = [12, 6, 0] | gpus = [1, 1, 2] | micro_bs = 2 | time = [42147, 41986, 103292] | memory = [24793, 26400, 19488]
>>>> [CONFIG: target(2), prim(dec_op)]
|62825.03|27081.54| op = [105, 119, 91]| tp = [1, 1, 2, ] | dp = [1, 1, 1, ] | algo = [0, 0, 0, ] | rc = [22, 18, 0] | gpus = [1, 1, 2] | micro_bs = 2 | time = [57490, 62825, 62125] | memory = [27081, 25665, 12384]
>>>> [CONFIG: target(1), prim(inc_mbs)]
|68285.31|27923.07| op = [105, 119, 91]| tp = [1, 1, 1, ] | dp = [1, 1, 2, ] | algo = [0, 0, 0, ] | rc = [48, 42, 0] | gpus = [1, 1, 2] | micro_bs = 4 | time = [62480, 68285, 26070] | memory = [27923, 27842, 23952]
>>>> [CONFIG: target(1), prim(dec_op)]
|45390.88|27730.33| op = [79, 80, 156]| tp = [1, 1, 1, ] | dp = [1, 1, 2, ] | algo = [0, 0, 0, ] | rc = [28, 18, 24] | gpus = [1, 1, 2] | micro_bs = 4 | time = [45390, 43631, 45356] | memory = [27730, 27009, 24960]
>>>> [CONFIG: target(0), prim(dec_mbs)]
|43243.34|25376.81| op = [79, 80, 156]| tp = [1, 1, 1, ] | dp = [1, 1, 2, ] | algo = [0, 0, 0, ] | rc = [12, 6, 0] | gpus = [1, 1, 2] | micro_bs = 2 | time = [41913, 40239, 43243] | memory = [24745, 25376, 24168]

[ Trial 14 ] |43243.34|25376.81| op = [79, 80, 156]| tp = [1, 1, 1, ] | dp = [1, 1, 2, ] | algo = [0, 0, 0, ] | rc = [12, 6, 0] | gpus = [1, 1, 2] | micro_bs = 2 | time = [41913, 40239, 43243] | memory = [24745, 25376, 24168]
>>>> [CONFIG: target(2), prim(dec_op)]
|43001.42|26400.81| op = [79, 82, 154]| tp = [1, 1, 1, ] | dp = [1, 1, 2, ] | algo = [0, 0, 0, ] | rc = [12, 6, 0] | gpus = [1, 1, 2] | micro_bs = 2 | time = [41917, 42664, 43001] | memory = [24745, 26400, 24152]

num_targets: [1, 1, 1, 1, 1, 1, 1, 1, 1]
num_hops: [1, 1, 1, 3, 2, 6, 6, 7, 1]
search time = 199.99 s.  [0, 1, 2, 3, 4, 5, 7, 9, 14, 20, 27, 28, 33, 34, 47, 50, 53, 58, 64, 71, 72, 78, 79, 88, 89, 90, 91, 92, 93, 96, 102, 112, 113, 119, 126, 130, 135, 139, 143, 148, 149, 155, 156, 157, 159, 160, 170, 175, 183, 192, 200, 202, 203, 205, 208, 213, 221, 226, 227, 232, 235, 240, 241, 245, 246, 247, 248, 249, 250, 251, 252, 253, 254, 255, 256, 257, 258, 259, 260, 261, 262, 263, 264, 265, 266, 267, 268, 269, 270, 271, 272, 273, 274, 275, 276, 277, 278, 279, 280, 281, 282] 
num_explored_cases = 22447
time trend: [74336, 72607, 58136, 44700, 44690, 44399, 43001, 43001, 43001, 43001, 43242, 43243, 43243, 43243, 43243, 43001, 43001, 44557, 44699, 44700, 44700, 44700, 44700, 43243, 44703, 44703, 44703, 44703, 44703, 44704, 44856, 44395, 44919, 45017, 44555, 44555, 44808, 44395, 45156, 45305, 45305, 44052, 45306, 45306, 45309, 45309, 43380, 43380, 45409, 45447, 43243, 43665, 43665, 45689, 44320, 43380, 43380, 43622, 43622, 45874, 44395, 44395, 44395, 45306, 45876, 45876, 45876, 45976, 46002, 46018, 46018, 46018, 46018, 46018, 46018, 46018, 46049, 46083, 46083, 46137, 46141, 46152, 46257, 46280, 46284, 46287, 46334, 46335, 46383, 46406, 46426, 46461, 46461, 46510, 46539, 46539, 46539, 46565, 46701, 46878, 46879]

# of stages	est_iteration_time(s)	est_thpt(samples/s)	est_mem(MB)	# of explored cases
3          	43.00                	23.81              	26401      	22447              
4          	43.32                	23.64              	26433      	2769               
2          	43.55                	23.51              	24392      	631                

overall search time: 200.04 s
