------------------------ arguments ------------------------
  adaptive_hyper_parameters ....................... 5
  add_action_finetune_algo ........................ False
  add_action_finetune_dim ......................... False
  add_action_tp_dp_exchange ....................... False
  add_action_tune_tp_dp ........................... False
  check_recompute_with_group ...................... False
  config_save_path ................................ /home/liminglong.lml/sxz/SuperScaler/logs-large/megatron/configs/scale-layer/256layers/
  config_suffix ................................... 2026-5-16-3-7-59
  consider_collective_memory ...................... False
  consider_reserved_space ......................... True
  consider_shared_space ........................... True
  continue_when_fail .............................. True
  decoder_seq_len ................................. 512
  end_num_stages .................................. 8
  finetune_after_trial ............................ 0
  finetune_tp_dp_after_trial ...................... False
  flex_recompute .................................. True
  forbid_turn_back ................................ False
  global_batch_size ............................... 1024
  high_memory_rate ................................ 0.9
  init_dim ........................................ tp
  initial_point ................................... balance
  log_path ........................................ /home/liminglong.lml/sxz/SuperScaler/logs-large/megatron/search/scale-layer/256layers/
  max_num_hops .................................... None
  max_num_trials .................................. 100
  max_op_move_steps ............................... 5
  max_tp .......................................... 8
  memory_limit .................................... 28000
  memory_main_params .............................. 2
  memory_optimizer ................................ 4
  memory_pred_type ................................ MAX
  micro_batch_size ................................ [1, 2, 4, 8]
  min_mbs ......................................... 1
  model_name ...................................... scale-layer
  model_size ...................................... 256layers
  multi_process ................................... True
  num_algos ....................................... 2
  num_gpus ........................................ 8
  num_gpus_per_node ............................... 8
  num_layers ...................................... 256
  num_nodes ....................................... 1
  num_of_saved_configs ............................ 1
  num_partners_in_op_mig .......................... 1
  only_top_1_target ............................... False
  op_group_size ................................... 1
  peak_mem_in_backward ............................ 0
  predict_delta_time .............................. False
  print_debug_info ................................ True
  print_gpu_mig_details ........................... False
  print_move_op_details ........................... False
  print_recomp_debug_info ......................... False
  print_recompute_ops ............................. False
  profiled_time_path .............................. /home/liminglong.lml/sxz/SuperScaler/profiler/profiled-time-eurosys/
  random_order_actions ............................ False
  resharding ...................................... True
  save_to_csv ..................................... None
  seq_len ......................................... 2048
  simple_prim_mbs ................................. False
  simple_prim_mig ................................. False
  sort_metric ..................................... max_stage_time
  start_num_stages ................................ 1
  support_comm_predict ............................ False
  time_budget_per_trial ........................... 10
  time_budget_total ............................... 10
-------------------- end of arguments ---------------------
working on num_stages[1], tp_size[1], dp_size[8], mbs[8], recomp[True] ...
working on num_stages[1], tp_size[1], dp_size[8], mbs[8], recomp[False] ...
working on num_stages[1], tp_size[2], dp_size[4], mbs[4], recomp[True] ...
working on num_stages[1], tp_size[2], dp_size[4], mbs[4], recomp[False] ...
working on num_stages[1], tp_size[2], dp_size[4], mbs[8], recomp[True] ...
working on num_stages[1], tp_size[2], dp_size[4], mbs[8], recomp[False] ...
working on num_stages[1], tp_size[4], dp_size[2], mbs[2], recomp[True] ...
working on num_stages[1], tp_size[4], dp_size[2], mbs[2], recomp[False] ...
working on num_stages[1], tp_size[4], dp_size[2], mbs[4], recomp[True] ...
working on num_stages[1], tp_size[4], dp_size[2], mbs[4], recomp[False] ...
working on num_stages[1], tp_size[4], dp_size[2], mbs[8], recomp[True] ...
working on num_stages[1], tp_size[4], dp_size[2], mbs[8], recomp[False] ...
working on num_stages[1], tp_size[8], dp_size[1], mbs[1], recomp[True] ...
working on num_stages[1], tp_size[8], dp_size[1], mbs[1], recomp[False] ...
working on num_stages[1], tp_size[8], dp_size[1], mbs[2], recomp[True] ...
working on num_stages[1], tp_size[8], dp_size[1], mbs[2], recomp[False] ...
working on num_stages[1], tp_size[8], dp_size[1], mbs[4], recomp[True] ...
working on num_stages[1], tp_size[8], dp_size[1], mbs[4], recomp[False] ...
working on num_stages[1], tp_size[8], dp_size[1], mbs[8], recomp[True] ...
working on num_stages[1], tp_size[8], dp_size[1], mbs[8], recomp[False] ...
working on num_stages[2], tp_size[1], dp_size[4], mbs[4], recomp[True] ...
working on num_stages[2], tp_size[1], dp_size[4], mbs[4], recomp[False] ...
working on num_stages[2], tp_size[1], dp_size[4], mbs[8], recomp[True] ...
working on num_stages[2], tp_size[1], dp_size[4], mbs[8], recomp[False] ...
working on num_stages[2], tp_size[2], dp_size[2], mbs[2], recomp[True] ...
working on num_stages[2], tp_size[2], dp_size[2], mbs[2], recomp[False] ...
working on num_stages[2], tp_size[2], dp_size[2], mbs[4], recomp[True] ...
working on num_stages[2], tp_size[2], dp_size[2], mbs[4], recomp[False] ...
working on num_stages[2], tp_size[2], dp_size[2], mbs[8], recomp[True] ...
working on num_stages[2], tp_size[2], dp_size[2], mbs[8], recomp[False] ...
working on num_stages[2], tp_size[4], dp_size[1], mbs[1], recomp[True] ...
working on num_stages[2], tp_size[4], dp_size[1], mbs[1], recomp[False] ...
working on num_stages[2], tp_size[4], dp_size[1], mbs[2], recomp[True] ...
working on num_stages[2], tp_size[4], dp_size[1], mbs[2], recomp[False] ...
working on num_stages[2], tp_size[4], dp_size[1], mbs[4], recomp[True] ...
working on num_stages[2], tp_size[4], dp_size[1], mbs[4], recomp[False] ...
working on num_stages[2], tp_size[4], dp_size[1], mbs[8], recomp[True] ...
working on num_stages[2], tp_size[4], dp_size[1], mbs[8], recomp[False] ...
working on num_stages[4], tp_size[1], dp_size[2], mbs[2], recomp[True] ...
working on num_stages[4], tp_size[1], dp_size[2], mbs[2], recomp[False] ...
working on num_stages[4], tp_size[1], dp_size[2], mbs[4], recomp[True] ...
working on num_stages[4], tp_size[1], dp_size[2], mbs[4], recomp[False] ...
working on num_stages[4], tp_size[1], dp_size[2], mbs[8], recomp[True] ...
working on num_stages[4], tp_size[1], dp_size[2], mbs[8], recomp[False] ...
working on num_stages[4], tp_size[2], dp_size[1], mbs[1], recomp[True] ...
working on num_stages[4], tp_size[2], dp_size[1], mbs[1], recomp[False] ...
working on num_stages[4], tp_size[2], dp_size[1], mbs[2], recomp[True] ...
working on num_stages[4], tp_size[2], dp_size[1], mbs[2], recomp[False] ...
working on num_stages[4], tp_size[2], dp_size[1], mbs[4], recomp[True] ...
working on num_stages[4], tp_size[2], dp_size[1], mbs[4], recomp[False] ...
working on num_stages[4], tp_size[2], dp_size[1], mbs[8], recomp[True] ...
working on num_stages[4], tp_size[2], dp_size[1], mbs[8], recomp[False] ...
working on num_stages[8], tp_size[1], dp_size[1], mbs[1], recomp[True] ...
working on num_stages[8], tp_size[1], dp_size[1], mbs[1], recomp[False] ...
working on num_stages[8], tp_size[1], dp_size[1], mbs[2], recomp[True] ...
working on num_stages[8], tp_size[1], dp_size[1], mbs[2], recomp[False] ...
working on num_stages[8], tp_size[1], dp_size[1], mbs[4], recomp[True] ...
working on num_stages[8], tp_size[1], dp_size[1], mbs[4], recomp[False] ...
working on num_stages[8], tp_size[1], dp_size[1], mbs[8], recomp[True] ...
working on num_stages[8], tp_size[1], dp_size[1], mbs[8], recomp[False] ...
case 0|97959.79|16158.08| op = [3331]| tp = [1, ] | dp = [8, ] | algo = [0, ] | rc = [3329] | gpus = [8] | micro_bs = 8 | time = [97959] | memory = [16158]
fail case|67855.28|78131.24| op = [3331]| tp = [1, ] | dp = [8, ] | algo = [0, ] | rc = [0] | gpus = [8] | micro_bs = 8 | time = [67855] | memory = [78131]
case 1|327687.88|8480.10| op = [3331]| tp = [2, ] | dp = [4, ] | algo = [0, ] | rc = [3329] | gpus = [8] | micro_bs = 4 | time = [327687] | memory = [8480]
fail case|221863.04|40873.26| op = [3331]| tp = [2, ] | dp = [4, ] | algo = [0, ] | rc = [0] | gpus = [8] | micro_bs = 4 | time = [221863] | memory = [40873]
case 2|236471.91|9584.20| op = [3331]| tp = [2, ] | dp = [4, ] | algo = [0, ] | rc = [3329] | gpus = [8] | micro_bs = 8 | time = [236471] | memory = [9584]
fail case|160678.47|74370.01| op = [3331]| tp = [2, ] | dp = [4, ] | algo = [0, ] | rc = [0] | gpus = [8] | micro_bs = 8 | time = [160678] | memory = [74370]
case 3|816965.02|4641.10| op = [3331]| tp = [4, ] | dp = [2, ] | algo = [0, ] | rc = [3329] | gpus = [8] | micro_bs = 2 | time = [816965] | memory = [4641]
case 4|557950.99|22244.26| op = [3331]| tp = [4, ] | dp = [2, ] | algo = [0, ] | rc = [0] | gpus = [8] | micro_bs = 2 | time = [557950] | memory = [22244]
case 5|505807.03|5587.20| op = [3331]| tp = [4, ] | dp = [2, ] | algo = [0, ] | rc = [3329] | gpus = [8] | micro_bs = 4 | time = [505807] | memory = [5587]
fail case|341396.54|40793.01| op = [3331]| tp = [4, ] | dp = [2, ] | algo = [0, ] | rc = [0] | gpus = [8] | micro_bs = 4 | time = [341396] | memory = [40793]
case 6|404756.84|7475.39| op = [3331]| tp = [4, ] | dp = [2, ] | algo = [0, ] | rc = [3329] | gpus = [8] | micro_bs = 8 | time = [404756] | memory = [7475]
fail case|273867.57|77887.01| op = [3331]| tp = [4, ] | dp = [2, ] | algo = [0, ] | rc = [0] | gpus = [8] | micro_bs = 8 | time = [273867] | memory = [77887]
case 7|1717677.07|2721.60| op = [3331]| tp = [8, ] | dp = [1, ] | algo = [0, ] | rc = [3329] | gpus = [8] | micro_bs = 1 | time = [1717677] | memory = [2721]
case 8|1208178.28|12929.76| op = [3331]| tp = [8, ] | dp = [1, ] | algo = [0, ] | rc = [0] | gpus = [8] | micro_bs = 1 | time = [1208178] | memory = [12929]
case 9|1152054.02|3588.69| op = [3331]| tp = [8, ] | dp = [1, ] | algo = [0, ] | rc = [3329] | gpus = [8] | micro_bs = 2 | time = [1152054] | memory = [3588]
case 10|776739.20|24004.51| op = [3331]| tp = [8, ] | dp = [1, ] | algo = [0, ] | rc = [0] | gpus = [8] | micro_bs = 2 | time = [776739] | memory = [24004]
case 11|836447.36|5318.89| op = [3331]| tp = [8, ] | dp = [1, ] | algo = [0, ] | rc = [3329] | gpus = [8] | micro_bs = 4 | time = [836447] | memory = [5318]
fail case|563279.92|46150.51| op = [3331]| tp = [8, ] | dp = [1, ] | algo = [0, ] | rc = [0] | gpus = [8] | micro_bs = 4 | time = [563279] | memory = [46150]
case 12|753858.81|8892.78| op = [3331]| tp = [8, ] | dp = [1, ] | algo = [0, ] | rc = [3329] | gpus = [8] | micro_bs = 8 | time = [753858] | memory = [8892]
fail case|506740.45|90556.53| op = [3331]| tp = [8, ] | dp = [1, ] | algo = [0, ] | rc = [0] | gpus = [8] | micro_bs = 8 | time = [506740] | memory = [90556]
case 13|98995.48|8400.05| op = [1665, 1666]| tp = [1, 1, ] | dp = [4, 4, ] | algo = [0, 0, ] | rc = [1664, 1665] | gpus = [4, 4] | micro_bs = 4 | time = [97766, 98995] | memory = [8400, 8393]
fail case|68767.73|70370.21| op = [1665, 1666]| tp = [1, 1, ] | dp = [4, 4, ] | algo = [0, 0, ] | rc = [0, 0] | gpus = [4, 4] | micro_bs = 4 | time = [67549, 68767] | memory = [70370, 39258]
case 14|72374.99|9428.14| op = [1665, 1666]| tp = [1, 1, ] | dp = [4, 4, ] | algo = [0, 0, ] | rc = [1664, 1665] | gpus = [4, 4] | micro_bs = 8 | time = [71140, 72374] | memory = [9420, 9428]
fail case|51050.38|133359.90| op = [1665, 1666]| tp = [1, 1, ] | dp = [4, 4, ] | algo = [0, 0, ] | rc = [0, 0] | gpus = [4, 4] | micro_bs = 8 | time = [49823, 51050] | memory = [133359, 71158]
case 15|329092.78|4603.08| op = [1665, 1666]| tp = [2, 2, ] | dp = [2, 2, ] | algo = [0, 0, ] | rc = [1664, 1665] | gpus = [4, 4] | micro_bs = 2 | time = [327715, 329092] | memory = [4603, 4396]
fail case|223050.13|36993.24| op = [1665, 1666]| tp = [2, 2, ] | dp = [2, 2, ] | algo = [0, 0, ] | rc = [0, 0] | gpus = [4, 4] | micro_bs = 2 | time = [221695, 223050] | memory = [36993, 20529]
case 16|238099.29|5507.16| op = [1665, 1666]| tp = [2, 2, ] | dp = [2, 2, ] | algo = [0, 0, ] | rc = [1664, 1665] | gpus = [4, 4] | micro_bs = 4 | time = [236793, 238099] | memory = [5507, 5115]
fail case|162002.42|70286.97| op = [1665, 1666]| tp = [2, 2, ] | dp = [2, 2, ] | algo = [0, 0, ] | rc = [0, 0] | gpus = [4, 4] | micro_bs = 4 | time = [160711, 162002] | memory = [70286, 37381]
case 17|196224.51|7544.33| op = [1665, 1666]| tp = [2, 2, ] | dp = [2, 2, ] | algo = [0, 0, ] | rc = [1664, 1665] | gpus = [4, 4] | micro_bs = 8 | time = [194986, 196224] | memory = [7544, 6780]
fail case|133635.78|137103.95| op = [1665, 1666]| tp = [2, 2, ] | dp = [2, 2, ] | algo = [0, 0, ] | rc = [0, 0] | gpus = [4, 4] | micro_bs = 8 | time = [132405, 133635] | memory = [137103, 71312]
case 18|818807.46|2704.58| op = [1665, 1666]| tp = [4, 4, ] | dp = [1, 1, ] | algo = [0, 0, ] | rc = [1664, 1665] | gpus = [4, 4] | micro_bs = 1 | time = [817023, 818807] | memory = [2704, 2397]
case 19|559517.94|20304.74| op = [1665, 1666]| tp = [4, 4, ] | dp = [1, 1, ] | algo = [0, 0, ] | rc = [0, 0] | gpus = [4, 4] | micro_bs = 1 | time = [557779, 559517] | memory = [20304, 11164]
case 20|507654.03|3550.66| op = [1665, 1666]| tp = [4, 4, ] | dp = [1, 1, ] | algo = [0, 0, ] | rc = [1664, 1665] | gpus = [4, 4] | micro_bs = 2 | time = [506139, 507654] | memory = [3550, 2958]
fail case|342907.37|38750.47| op = [1665, 1666]| tp = [4, 4, ] | dp = [1, 1, ] | algo = [0, 0, ] | rc = [0, 0] | gpus = [4, 4] | micro_bs = 2 | time = [341422, 342907] | memory = [38750, 20492]
case 21|407045.57|5356.33| op = [1665, 1666]| tp = [4, 4, ] | dp = [1, 1, ] | algo = [0, 0, ] | rc = [1664, 1665] | gpus = [4, 4] | micro_bs = 4 | time = [405730, 407045] | memory = [5356, 4192]
fail case|275637.44|75755.95| op = [1665, 1666]| tp = [4, 4, ] | dp = [1, 1, ] | algo = [0, 0, ] | rc = [0, 0] | gpus = [4, 4] | micro_bs = 4 | time = [274337, 275637] | memory = [75755, 39260]
case 22|374931.78|9060.66| op = [1665, 1666]| tp = [4, 4, ] | dp = [1, 1, ] | algo = [0, 0, ] | rc = [1664, 1665] | gpus = [4, 4] | micro_bs = 8 | time = [373696, 374931] | memory = [9060, 6748]
fail case|254093.45|149860.41| op = [1665, 1666]| tp = [4, 4, ] | dp = [1, 1, ] | algo = [0, 0, ] | rc = [0, 0] | gpus = [4, 4] | micro_bs = 8 | time = [252870, 254093] | memory = [149860, 76884]
case 23|100627.26|4950.06| op = [833, 832, 832, 834]| tp = [1, 1, 1, 1, ] | dp = [2, 2, 2, 2, ] | algo = [0, 0, 0, 0, ] | rc = [832, 832, 832, 833] | gpus = [2, 2, 2, 2] | micro_bs = 2 | time = [98163, 97902, 97902, 100627] | memory = [4950, 4284, 4090, 4745]
fail case|70329.39|66920.22| op = [833, 832, 832, 834]| tp = [1, 1, 1, 1, ] | dp = [2, 2, 2, 2, ] | algo = [0, 0, 0, 0, ] | rc = [0, 0, 0, 0] | gpus = [2, 2, 2, 2] | micro_bs = 2 | time = [67888, 67627, 67627, 70329] | memory = [66920, 50700, 34952, 20056]
case 24|74008.93|6180.13| op = [833, 832, 832, 834]| tp = [1, 1, 1, 1, ] | dp = [2, 2, 2, 2, ] | algo = [0, 0, 0, 0, ] | rc = [832, 832, 832, 833] | gpus = [2, 2, 2, 2] | micro_bs = 4 | time = [71530, 71404, 71404, 74008] | memory = [6180, 5368, 4980, 5794]
fail case|52594.17|130119.94| op = [833, 832, 832, 834]| tp = [1, 1, 1, 1, ] | dp = [2, 2, 2, 2, ] | algo = [0, 0, 0, 0, ] | rc = [0, 0, 0, 0] | gpus = [2, 2, 2, 2] | micro_bs = 4 | time = [50131, 50004, 50004, 52594] | memory = [130119, 98199, 66703, 36416]
case 25|57593.29|8872.25| op = [833, 832, 832, 834]| tp = [1, 1, 1, 1, ] | dp = [2, 2, 2, 2, ] | algo = [0, 0, 0, 0, ] | rc = [832, 832, 832, 833] | gpus = [2, 2, 2, 2] | micro_bs = 8 | time = [55159, 55081, 55081, 57593] | memory = [8872, 7664, 6888, 8116]
fail case|41474.13|256751.87| op = [833, 832, 832, 834]| tp = [1, 1, 1, 1, ] | dp = [2, 2, 2, 2, ] | algo = [0, 0, 0, 0, ] | rc = [0, 0, 0, 0] | gpus = [2, 2, 2, 2] | micro_bs = 8 | time = [39048, 38969, 38969, 41474] | memory = [256751, 193327, 130335, 69360]
case 26|331299.37|2881.14| op = [833, 832, 832, 834]| tp = [2, 2, 2, 2, ] | dp = [1, 1, 1, 1, ] | algo = [0, 0, 0, 0, ] | rc = [832, 832, 832, 833] | gpus = [2, 2, 2, 2] | micro_bs = 1 | time = [328542, 327833, 327833, 331299] | memory = [2881, 2440, 2246, 2476]
fail case|225131.11|35271.30| op = [833, 832, 832, 834]| tp = [2, 2, 2, 2, ] | dp = [1, 1, 1, 1, ] | algo = [0, 0, 0, 0, ] | rc = [0, 0, 0, 0] | gpus = [2, 2, 2, 2] | micro_bs = 1 | time = [222419, 221710, 221710, 225131] | memory = [35271, 26700, 18376, 10479]
case 27|240238.32|3892.27| op = [833, 832, 832, 834]| tp = [2, 2, 2, 2, ] | dp = [1, 1, 1, 1, ] | algo = [0, 0, 0, 0, ] | rc = [832, 832, 832, 833] | gpus = [2, 2, 2, 2] | micro_bs = 2 | time = [237622, 237090, 237090, 240238] | memory = [3892, 3280, 2892, 3106]
fail case|163978.67|68672.08| op = [833, 832, 832, 834]| tp = [2, 2, 2, 2, ] | dp = [1, 1, 1, 1, ] | algo = [0, 0, 0, 0, ] | rc = [0, 0, 0, 0] | gpus = [2, 2, 2, 2] | micro_bs = 2 | time = [161391, 160860, 160860, 163978] | memory = [68672, 51799, 35151, 19112]
case 28|198505.65|6032.53| op = [833, 832, 832, 834]| tp = [2, 2, 2, 2, ] | dp = [1, 1, 1, 1, ] | algo = [0, 0, 0, 0, ] | rc = [832, 832, 832, 833] | gpus = [2, 2, 2, 2] | micro_bs = 4 | time = [196020, 195565, 195565, 198505] | memory = [6032, 5024, 4248, 4476]
fail case|135666.87|135592.15| op = [833, 832, 832, 834]| tp = [2, 2, 2, 2, ] | dp = [1, 1, 1, 1, ] | algo = [0, 0, 0, 0, ] | rc = [0, 0, 0, 0] | gpus = [2, 2, 2, 2] | micro_bs = 4 | time = [133196, 132741, 132741, 135666] | memory = [135592, 102063, 68767, 36488]
case 29|180072.55|10313.06| op = [833, 832, 832, 834]| tp = [2, 2, 2, 2, ] | dp = [1, 1, 1, 1, ] | algo = [0, 0, 0, 0, ] | rc = [832, 832, 832, 833] | gpus = [2, 2, 2, 2] | micro_bs = 8 | time = [177647, 177231, 177231, 180072] | memory = [10313, 8512, 6960, 7216]
fail case|123385.33|269432.81| op = [833, 832, 832, 834]| tp = [2, 2, 2, 2, ] | dp = [1, 1, 1, 1, ] | algo = [0, 0, 0, 0, ] | rc = [0, 0, 0, 0] | gpus = [2, 2, 2, 2] | micro_bs = 8 | time = [120971, 120555, 120555, 123385] | memory = [269432, 202592, 136000, 71240]
case 30|103606.13|3310.10| op = [417, 416, 416, 416, 416, 416, 416, 418]| tp = [1, 1, 1, 1, 1, 1, 1, 1, ] | dp = [1, 1, 1, 1, 1, 1, 1, 1, ] | algo = [0, 0, 0, 0, 0, 0, 0, 0, ] | rc = [416, 416, 416, 416, 416, 416, 416, 417] | gpus = [1, 1, 1, 1, 1, 1, 1, 1] | micro_bs = 1 | time = [98673, 98151, 98151, 98151, 98151, 98151, 98151, 103606] | memory = [3310, 2788, 2690, 2592, 2494, 2396, 2298, 2999]
fail case|73256.21|65280.26| op = [417, 416, 416, 416, 416, 416, 416, 418]| tp = [1, 1, 1, 1, 1, 1, 1, 1, ] | dp = [1, 1, 1, 1, 1, 1, 1, 1, ] | algo = [0, 0, 0, 0, 0, 0, 0, 0, ] | rc = [0, 0, 0, 0, 0, 0, 0, 0] | gpus = [1, 1, 1, 1, 1, 1, 1, 1] | micro_bs = 1 | time = [68369, 67846, 67846, 67846, 67846, 67846, 67846, 73256] | memory = [65280, 56981, 49106, 41231, 33356, 25481, 17606, 10533]
case 31|76863.94|4668.19| op = [417, 416, 416, 416, 416, 416, 416, 418]| tp = [1, 1, 1, 1, 1, 1, 1, 1, ] | dp = [1, 1, 1, 1, 1, 1, 1, 1, ] | algo = [0, 0, 0, 0, 0, 0, 0, 0, ] | rc = [416, 416, 416, 416, 416, 416, 416, 417] | gpus = [1, 1, 1, 1, 1, 1, 1, 1] | micro_bs = 2 | time = [71897, 71645, 71645, 71645, 71645, 71645, 71645, 76863] | memory = [4668, 4040, 3844, 3648, 3452, 3256, 3060, 4066]
fail case|55392.81|128608.00| op = [417, 416, 416, 416, 416, 416, 416, 418]| tp = [1, 1, 1, 1, 1, 1, 1, 1, ] | dp = [1, 1, 1, 1, 1, 1, 1, 1, ] | algo = [0, 0, 0, 0, 0, 0, 0, 0, ] | rc = [0, 0, 0, 0, 0, 0, 0, 0] | gpus = [1, 1, 1, 1, 1, 1, 1, 1] | micro_bs = 2 | time = [50456, 50204, 50204, 50204, 50204, 50204, 50204, 55392] | memory = [128608, 112425, 96675, 80925, 65175, 49425, 33675, 19134]
case 32|60386.53|7384.37| op = [417, 416, 416, 416, 416, 416, 416, 418]| tp = [1, 1, 1, 1, 1, 1, 1, 1, ] | dp = [1, 1, 1, 1, 1, 1, 1, 1, ] | algo = [0, 0, 0, 0, 0, 0, 0, 0, ] | rc = [416, 416, 416, 416, 416, 416, 416, 417] | gpus = [1, 1, 1, 1, 1, 1, 1, 1] | micro_bs = 4 | time = [55500, 55342, 55342, 55342, 55342, 55342, 55342, 60386] | memory = [7384, 6544, 6152, 5760, 5368, 4976, 4584, 6196]
fail case|44198.32|255263.99| op = [417, 416, 416, 416, 416, 416, 416, 418]| tp = [1, 1, 1, 1, 1, 1, 1, 1, ] | dp = [1, 1, 1, 1, 1, 1, 1, 1, ] | algo = [0, 0, 0, 0, 0, 0, 0, 0, ] | rc = [0, 0, 0, 0, 0, 0, 0, 0] | gpus = [1, 1, 1, 1, 1, 1, 1, 1] | micro_bs = 4 | time = [39327, 39169, 39169, 39169, 39169, 39169, 39169, 44198] | memory = [255263, 223315, 191815, 160315, 128815, 97315, 65815, 36332]
case 33|58072.57|12816.75| op = [417, 416, 416, 416, 416, 416, 416, 418]| tp = [1, 1, 1, 1, 1, 1, 1, 1, ] | dp = [1, 1, 1, 1, 1, 1, 1, 1, ] | algo = [0, 0, 0, 0, 0, 0, 0, 0, ] | rc = [416, 416, 416, 416, 416, 416, 416, 417] | gpus = [1, 1, 1, 1, 1, 1, 1, 1] | micro_bs = 8 | time = [53261, 53141, 53141, 53141, 53141, 53141, 53141, 58072] | memory = [12816, 11552, 10768, 9984, 9200, 8416, 7632, 10456]
fail case|42596.85|508576.50| op = [417, 416, 416, 416, 416, 416, 416, 418]| tp = [1, 1, 1, 1, 1, 1, 1, 1, ] | dp = [1, 1, 1, 1, 1, 1, 1, 1, ] | algo = [0, 0, 0, 0, 0, 0, 0, 0, ] | rc = [0, 0, 0, 0, 0, 0, 0, 0] | gpus = [1, 1, 1, 1, 1, 1, 1, 1] | micro_bs = 8 | time = [37797, 37677, 37677, 37677, 37677, 37677, 37677, 42596] | memory = [508576, 445096, 382096, 319096, 256096, 193096, 130096, 70728]


best_0|57593.29|8872.25| op = [833, 832, 832, 834]| tp = [1, 1, 1, 1, ] | dp = [2, 2, 2, 2, ] | algo = [0, 0, 0, 0, ] | rc = [832, 832, 832, 833] | gpus = [2, 2, 2, 2] | micro_bs = 8 | time = [55159, 55081, 55081, 57593] | memory = [8872, 7664, 6888, 8116]
config has been saved to /home/liminglong.lml/sxz/SuperScaler/logs-large/megatron/configs/scale-layer/256layers/scale-layer_256layers_256layers_megatron_est_57593.json
[TOTAL TIME] 1.6619913578033447 s.
