------------------------ arguments ------------------------
  adaptive_hyper_parameters ....................... 5
  add_action_finetune_algo ........................ False
  add_action_finetune_dim ......................... False
  add_action_tp_dp_exchange ....................... False
  add_action_tune_tp_dp ........................... False
  check_recompute_with_group ...................... False
  config_save_path ................................ /home/liminglong.lml/sxz/SuperScaler/logs-large/aceso/configs/mbs/256/
  config_suffix ................................... 2026-5-16-3-4-52
  consider_collective_memory ...................... False
  consider_reserved_space ......................... True
  consider_shared_space ........................... True
  continue_when_fail .............................. True
  decoder_seq_len ................................. 512
  end_num_stages .................................. 8
  finetune_after_trial ............................ 0
  finetune_tp_dp_after_trial ...................... False
  flex_recompute .................................. True
  forbid_turn_back ................................ False
  global_batch_size ............................... 256
  high_memory_rate ................................ 0.9
  init_dim ........................................ tp
  initial_point ................................... balance
  log_path ........................................ /home/liminglong.lml/sxz/SuperScaler/logs-large/aceso/search/mbs/256/
  max_num_hops .................................... 7
  max_num_trials .................................. 100
  max_op_move_steps ............................... 5
  max_tp .......................................... 8
  memory_limit .................................... 28000
  memory_main_params .............................. 2
  memory_optimizer ................................ 4
  memory_pred_type ................................ MAX
  micro_batch_size ................................ [1, 2, 4, 8]
  min_mbs ......................................... 1
  model_name ...................................... gpt
  model_size ...................................... 2_6B
  multi_process ................................... True
  num_algos ....................................... 2
  num_gpus ........................................ 8
  num_gpus_per_node ............................... 8
  num_layers ...................................... 32
  num_nodes ....................................... 1
  num_of_saved_configs ............................ 3
  num_partners_in_op_mig .......................... 1
  only_top_1_target ............................... False
  op_group_size ................................... 1
  peak_mem_in_backward ............................ 0
  predict_delta_time .............................. False
  print_debug_info ................................ False
  print_gpu_mig_details ........................... False
  print_move_op_details ........................... False
  print_recomp_debug_info ......................... False
  print_recompute_ops ............................. False
  profiled_time_path .............................. /home/liminglong.lml/sxz/SuperScaler/profiler/profiled-time-eurosys/
  random_order_actions ............................ False
  resharding ...................................... True
  save_to_csv ..................................... None
  seq_len ......................................... 2048
  simple_prim_mbs ................................. False
  simple_prim_mig ................................. False
  sort_metric ..................................... max_stage_time
  start_num_stages ................................ 1
  support_comm_predict ............................ False
  time_budget_per_trial ........................... 200
  time_budget_total ............................... 200
-------------------- end of arguments ---------------------
working on num_stages = 1
config has been saved to /home/liminglong.lml/sxz/SuperScaler/logs-large/aceso/configs/mbs/256/gpt_2_6B_1stages_2026-5-16-3-4-52.json

========== Best Result (num_stages = 1) ==========
|25071.78|27987.07| op = [419]| tp = [2, ] | dp = [4, ] | algo = [0, ] | rc = [201] | gpus = [8] | micro_bs = 4 | time = [25071] | memory = [27987]
start|85725.56|12186.57| op = [419]| tp = [8, ] | dp = [1, ] | algo = [0, ] | rc = [0] | gpus = [8] | micro_bs = 1 | time = [85725] | memory = [12186]

[ Trial 0 ] |85725.56|12186.57| op = [419]| tp = [8, ] | dp = [1, ] | algo = [0, ] | rc = [0] | gpus = [8] | micro_bs = 1 | time = [85725] | memory = [12186]
>>>> [CONFIG: target(0), prim(inc_mbs)]
|43394.58|21997.09| op = [419]| tp = [4, ] | dp = [2, ] | algo = [0, ] | rc = [0] | gpus = [8] | micro_bs = 2 | time = [43394] | memory = [21997]

[ Trial 1 ] |43394.58|21997.09| op = [419]| tp = [4, ] | dp = [2, ] | algo = [0, ] | rc = [0] | gpus = [8] | micro_bs = 2 | time = [43394] | memory = [21997]
>>>> [CONFIG: target(0), prim(inc_mbs)]
|25071.78|27987.07| op = [419]| tp = [2, ] | dp = [4, ] | algo = [0, ] | rc = [201] | gpus = [8] | micro_bs = 4 | time = [25071] | memory = [27987]

num_targets: [1, 1]
num_hops: [1, 1]
search time = 0.34 s.  [0, 1, 2, 3, 4, 5, 6, 7, 8, 9, 10, 11, 12, 13, 14, 15, 16, 17, 18, 19, 20, 21, 22, 23] 
num_explored_cases = 46
time trend: [85725, 43394, 25071, 25071, 25071, 25071, 25071, 25071, 25071, 28171, 28171, 28171, 28171, 28171, 43394, 43394, 43394, 43394, 43394, 85725, 85725, 85725, 85725, 85725]

working on num_stages = 2
config has been saved to /home/liminglong.lml/sxz/SuperScaler/logs-large/aceso/configs/mbs/256/gpt_2_6B_2stages_2026-5-16-3-4-52.json

========== Best Result (num_stages = 2) ==========
|10676.51|27967.56| op = [208, 211]| tp = [1, 1, ] | dp = [4, 4, ] | algo = [0, 0, ] | rc = [144, 74] | gpus = [4, 4] | micro_bs = 4 | time = [10676, 10354] | memory = [27844, 27967]
start|43952.09|15939.58| op = [209, 210]| tp = [4, 4, ] | dp = [1, 1, ] | algo = [0, 0, ] | rc = [0, 0] | gpus = [4, 4] | micro_bs = 1 | time = [43301, 43952] | memory = [15939, 11011]

[ Trial 0 ] |43952.09|15939.58| op = [209, 210]| tp = [4, 4, ] | dp = [1, 1, ] | algo = [0, 0, ] | rc = [0, 0] | gpus = [4, 4] | micro_bs = 1 | time = [43301, 43952] | memory = [15939, 11011]
>>>> [CONFIG: target(1), prim(inc_mbs)]
|23163.37|27502.08| op = [209, 210]| tp = [2, 2, ] | dp = [2, 2, ] | algo = [0, 0, ] | rc = [8, 0] | gpus = [4, 4] | micro_bs = 2 | time = [22786, 23163] | memory = [27502, 20881]

[ Trial 1 ] |23163.37|27502.08| op = [209, 210]| tp = [2, 2, ] | dp = [2, 2, ] | algo = [0, 0, ] | rc = [8, 0] | gpus = [4, 4] | micro_bs = 2 | time = [22786, 23163] | memory = [27502, 20881]
>>>> [CONFIG: target(1), prim(inc_mbs)]
|10681.23|27982.55| op = [209, 210]| tp = [1, 1, ] | dp = [4, 4, ] | algo = [0, 0, ] | rc = [144, 72] | gpus = [4, 4] | micro_bs = 4 | time = [10681, 10314] | memory = [27874, 27982]

[ Trial 2 ] |10681.23|27982.55| op = [209, 210]| tp = [1, 1, ] | dp = [4, 4, ] | algo = [0, 0, ] | rc = [144, 72] | gpus = [4, 4] | micro_bs = 4 | time = [10681, 10314] | memory = [27874, 27982]
>>>> [CONFIG: target(0), prim(inc_mbs)]
|11575.56|27224.18| op = [209, 210]| tp = [1, 1, ] | dp = [4, 4, ] | algo = [0, 0, ] | rc = [207, 208] | gpus = [4, 4] | micro_bs = 8 | time = [11024, 11575] | memory = [27044, 27224]
>>>> [CONFIG: target(1), prim(dec_op)]
|11423.41|27398.64| op = [213, 206]| tp = [1, 1, ] | dp = [4, 4, ] | algo = [0, 0, ] | rc = [211, 205] | gpus = [4, 4] | micro_bs = 8 | time = [11317, 11423] | memory = [27381, 27398]
>>>> [CONFIG: target(1), prim(dec_mbs)]
|11085.17|27991.04| op = [213, 206]| tp = [1, 1, ] | dp = [4, 4, ] | algo = [0, 0, ] | rc = [168, 64] | gpus = [4, 4] | micro_bs = 4 | time = [11085, 10077] | memory = [27966, 27991]
>>>> [CONFIG: target(0), prim(dec_mbs)]
|23354.54|26824.86| op = [213, 206]| tp = [2, 2, ] | dp = [2, 2, ] | algo = [0, 0, ] | rc = [12, 0] | gpus = [4, 4] | micro_bs = 2 | time = [23354, 22816] | memory = [26824, 20692]
>>>> [CONFIG: target(0), prim(dec_op)]
|23133.16|27144.86| op = [211, 208]| tp = [2, 2, ] | dp = [2, 2, ] | algo = [0, 0, ] | rc = [10, 0] | gpus = [4, 4] | micro_bs = 2 | time = [23133, 22890] | memory = [27144, 20702]
>>>> [CONFIG: target(0), prim(inc_mbs)]
|10918.93|27971.04| op = [211, 208]| tp = [1, 1, ] | dp = [4, 4, ] | algo = [0, 0, ] | rc = [171, 66] | gpus = [4, 4] | micro_bs = 4 | time = [10918, 10140] | memory = [27946, 27971]
>>>> [CONFIG: target(0), prim(inc_mbs)]
|11487.12|27501.66| op = [211, 208]| tp = [1, 1, ] | dp = [4, 4, ] | algo = [0, 0, ] | rc = [209, 207] | gpus = [4, 4] | micro_bs = 8 | time = [11131, 11487] | memory = [27501, 26926]

[ Trial 3 ] |11487.12|27501.66| op = [211, 208]| tp = [1, 1, ] | dp = [4, 4, ] | algo = [0, 0, ] | rc = [209, 207] | gpus = [4, 4] | micro_bs = 8 | time = [11131, 11487] | memory = [27501, 26926]
>>>> [CONFIG: target(1), prim(dec_op)]
|11398.54|29685.66| op = [214, 205]| tp = [1, 1, ] | dp = [4, 4, ] | algo = [0, 0, ] | rc = [212, 203] | gpus = [4, 4] | micro_bs = 8 | time = [11398, 11326] | memory = [29685, 27418]
>>>> [CONFIG: target(0), prim(dec_mbs)]
|11762.32|27991.04| op = [214, 205]| tp = [1, 1, ] | dp = [4, 4, ] | algo = [0, 0, ] | rc = [212, 62] | gpus = [4, 4] | micro_bs = 4 | time = [11762, 9986] | memory = [26983, 27991]
>>>> [CONFIG: target(0), prim(inc_mbs)]
|23251.30|27418.64| op = [214, 205]| tp = [2, 1, ] | dp = [2, 4, ] | algo = [0, 0, ] | rc = [146, 203] | gpus = [4, 4] | micro_bs = 8 | time = [23251, 11697] | memory = [26780, 27418]
>>>> [CONFIG: target(0), prim(dec_op)]
|15263.66|33826.64| op = [146, 273]| tp = [2, 1, ] | dp = [2, 4, ] | algo = [0, 0, ] | rc = [36, 273] | gpus = [4, 4] | micro_bs = 8 | time = [15263, 15228] | memory = [27913, 33826]
>>>> [CONFIG: target(1), prim(dec_op)]
|22355.15|27968.17| op = [208, 211]| tp = [2, 1, ] | dp = [2, 4, ] | algo = [0, 0, ] | rc = [105, 210] | gpus = [4, 4] | micro_bs = 8 | time = [22355, 11944] | memory = [27968, 27254]
>>>> [CONFIG: target(0), prim(dec_mbs)]
|10676.51|27967.56| op = [208, 211]| tp = [1, 1, ] | dp = [4, 4, ] | algo = [0, 0, ] | rc = [144, 74] | gpus = [4, 4] | micro_bs = 4 | time = [10676, 10354] | memory = [27844, 27967]

num_targets: [1, 1, 1]
num_hops: [1, 1, 6]
search time = 11.93 s.  [0, 1, 2, 3, 4, 5, 6, 7, 8, 9, 10, 11, 12, 13, 14, 15, 16, 17, 18, 19, 20, 21, 22, 23, 24, 25, 26, 27, 28, 29, 30, 31, 32, 33, 34, 35, 36, 37, 38, 39, 40, 41, 42, 43, 44, 45, 46, 47, 48, 49, 50, 51, 52, 53, 54, 55, 56, 57, 58, 59, 60, 64, 65, 66, 67, 68, 69, 70, 71, 72, 73, 74, 75, 76, 77, 78, 79, 80, 81, 82, 83, 84, 85, 86, 87, 88, 89, 90, 91, 92, 93, 94, 95, 96, 97, 98, 99, 100, 101, 102, 103] 
num_explored_cases = 1264
time trend: [43952, 23163, 10681, 10681, 10676, 10676, 10676, 10676, 10676, 10676, 10676, 10681, 10681, 10681, 10681, 10681, 10690, 10690, 10690, 10690, 10690, 10918, 10918, 10918, 10918, 10918, 11085, 11085, 11085, 11085, 11085, 11423, 11423, 11423, 11423, 11423, 11487, 11487, 11487, 11487, 11487, 11572, 11572, 11572, 11572, 11572, 11575, 11575, 11575, 11575, 11575, 11589, 11589, 11589, 11589, 11589, 11762, 11762, 11762, 11762, 11762, 11268, 11172, 11172, 11172, 11172, 11172, 11172, 11268, 11268, 11268, 11268, 11268, 11390, 11390, 11390, 11390, 11390, 11240, 11240, 11240, 11240, 11240, 11240, 11413, 11413, 11413, 11413, 11413, 11431, 11431, 11431, 11431, 12626, 12626, 12626, 12626, 12626, 18994, 18994, 18994]

working on num_stages = 8
config has been saved to /home/liminglong.lml/sxz/SuperScaler/logs-large/aceso/configs/mbs/256/gpt_2_6B_8stages_2026-5-16-3-4-52.json

========== Best Result (num_stages = 8) ==========
|9170.76|27195.75| op = [51, 52, 53, 55, 54, 55, 57, 42]| tp = [1, 1, 1, 1, 1, 1, 1, 1, ] | dp = [1, 1, 1, 1, 1, 1, 1, 1, ] | algo = [0, 0, 0, 0, 0, 0, 0, 0, ] | rc = [8, 6, 4, 0, 0, 0, 0, 0] | gpus = [1, 1, 1, 1, 1, 1, 1, 1] | micro_bs = 1 | time = [9072, 9046, 9147, 8802, 9055, 9161, 9170, 8921] | memory = [22537, 23526, 25032, 27195, 23616, 21060, 15326, 10391]
start|10918.14|26620.67| op = [52, 52, 52, 52, 52, 52, 52, 55]| tp = [1, 1, 1, 1, 1, 1, 1, 1, ] | dp = [1, 1, 1, 1, 1, 1, 1, 1, ] | algo = [0, 0, 0, 0, 0, 0, 0, 0, ] | rc = [8, 6, 4, 0, 0, 0, 0, 0] | gpus = [1, 1, 1, 1, 1, 1, 1, 1] | micro_bs = 1 | time = [9353, 8957, 8774, 8408, 8408, 8408, 8408, 10918] | memory = [23017, 23316, 24392, 26620, 22512, 18404, 14296, 12613]

[ Trial 0 ] |10918.14|26620.67| op = [52, 52, 52, 52, 52, 52, 52, 55]| tp = [1, 1, 1, 1, 1, 1, 1, 1, ] | dp = [1, 1, 1, 1, 1, 1, 1, 1, ] | algo = [0, 0, 0, 0, 0, 0, 0, 0, ] | rc = [8, 6, 4, 0, 0, 0, 0, 0] | gpus = [1, 1, 1, 1, 1, 1, 1, 1] | micro_bs = 1 | time = [9353, 8957, 8774, 8408, 8408, 8408, 8408, 10918] | memory = [23017, 23316, 24392, 26620, 22512, 18404, 14296, 12613]
>>>> [CONFIG: target(7), prim(dec_op)]
|9363.38|26620.67| op = [52, 52, 52, 52, 55, 55, 57, 44]| tp = [1, 1, 1, 1, 1, 1, 1, 1, ] | dp = [1, 1, 1, 1, 1, 1, 1, 1, ] | algo = [0, 0, 0, 0, 0, 0, 0, 0, ] | rc = [8, 6, 4, 0, 0, 0, 0, 0] | gpus = [1, 1, 1, 1, 1, 1, 1, 1] | micro_bs = 1 | time = [9356, 8960, 8777, 8411, 8802, 9276, 9363, 9342] | memory = [23017, 23316, 24392, 26620, 23032, 20960, 15478, 10871]

[ Trial 1 ] |9363.38|26620.67| op = [52, 52, 52, 52, 55, 55, 57, 44]| tp = [1, 1, 1, 1, 1, 1, 1, 1, ] | dp = [1, 1, 1, 1, 1, 1, 1, 1, ] | algo = [0, 0, 0, 0, 0, 0, 0, 0, ] | rc = [8, 6, 4, 0, 0, 0, 0, 0] | gpus = [1, 1, 1, 1, 1, 1, 1, 1] | micro_bs = 1 | time = [9356, 8960, 8777, 8411, 8802, 9276, 9363, 9342] | memory = [23017, 23316, 24392, 26620, 23032, 20960, 15478, 10871]
>>>> [CONFIG: target(7), prim(dec_op)]
|9170.76|27195.75| op = [51, 52, 53, 55, 54, 55, 57, 42]| tp = [1, 1, 1, 1, 1, 1, 1, 1, ] | dp = [1, 1, 1, 1, 1, 1, 1, 1, ] | algo = [0, 0, 0, 0, 0, 0, 0, 0, ] | rc = [8, 6, 4, 0, 0, 0, 0, 0] | gpus = [1, 1, 1, 1, 1, 1, 1, 1] | micro_bs = 1 | time = [9072, 9046, 9147, 8802, 9055, 9161, 9170, 8921] | memory = [22537, 23526, 25032, 27195, 23616, 21060, 15326, 10391]

num_targets: [1, 3]
num_hops: [1, 1]
search time = 93.87 s.  [0, 1, 4, 6, 8, 10, 12, 14, 17, 19, 20, 21, 22, 24, 26, 28, 38, 40, 43, 45, 48, 53, 54, 55, 59, 60, 62, 64, 67, 69, 72, 74, 77, 78, 79, 82, 84, 85, 86, 87, 88, 90, 94, 96, 98, 100, 101, 102, 103, 104, 105, 106, 107, 108, 109, 110, 111, 112, 113, 114, 115, 116, 117, 118, 119, 120, 121, 122, 123, 124, 125, 126, 127, 128, 129, 130, 131, 132, 134, 135, 136, 137, 138, 139, 140, 141, 142, 143, 144, 145, 146, 147, 149, 150, 151, 152, 153, 154, 155, 156, 157] 
num_explored_cases = 8511
time trend: [10918, 9363, 9170, 9170, 9441, 9441, 9341, 9223, 9224, 9491, 9363, 9649, 9584, 9341, 9584, 9341, 9260, 9441, 9364, 9363, 9363, 9363, 9472, 9572, 9289, 9364, 9572, 9584, 9456, 9289, 9289, 9584, 9289, 9620, 9363, 9341, 9491, 9706, 9455, 9707, 9770, 9563, 9259, 9441, 9341, 9341, 10851, 10921, 10923, 10980, 10982, 10982, 11130, 9170, 9170, 9170, 9170, 9170, 9223, 9223, 9223, 9223, 9223, 9224, 9224, 9224, 9224, 9224, 9259, 9259, 9259, 9259, 9259, 9260, 9260, 9260, 9260, 9260, 9172, 9172, 9172, 9172, 9172, 9289, 9289, 9289, 9289, 9289, 9289, 9289, 9289, 9289, 9172, 9172, 9172, 9172, 9172, 9289, 9289, 9289, 9289]

working on num_stages = 6
config has been saved to /home/liminglong.lml/sxz/SuperScaler/logs-large/aceso/configs/mbs/256/gpt_2_6B_6stages_2026-5-16-3-4-52.json

========== Best Result (num_stages = 6) ==========
|9162.71|27723.28| op = [51, 102, 53, 55, 58, 100]| tp = [1, 1, 1, 1, 1, 1, ] | dp = [1, 2, 1, 1, 1, 2, ] | algo = [0, 0, 0, 0, 0, 0, ] | rc = [12, 18, 8, 6, 0, 0] | gpus = [1, 2, 1, 1, 1, 2] | micro_bs = 2 | time = [8959, 9085, 9162, 9038, 9140, 9122] | memory = [25849, 27723, 23664, 23762, 27580, 20436]
start|15568.89|26892.72| op = [69, 69, 69, 69, 69, 74]| tp = [2, 2, 1, 1, 1, 1, ] | dp = [1, 1, 1, 1, 1, 1, ] | algo = [0, 0, 0, 0, 0, 0, ] | rc = [0, 0, 2, 0, 0, 0] | gpus = [2, 2, 1, 1, 1, 1] | micro_bs = 1 | time = [15568, 15095, 11092, 11194, 11233, 13794] | memory = [22259, 19570, 26892, 23655, 19264, 15860]

[ Trial 0 ] |15568.89|26892.72| op = [69, 69, 69, 69, 69, 74]| tp = [2, 2, 1, 1, 1, 1, ] | dp = [1, 1, 1, 1, 1, 1, ] | algo = [0, 0, 0, 0, 0, 0, ] | rc = [0, 0, 2, 0, 0, 0] | gpus = [2, 2, 1, 1, 1, 1] | micro_bs = 1 | time = [15568, 15095, 11092, 11194, 11233, 13794] | memory = [22259, 19570, 26892, 23655, 19264, 15860]
>>>> [CONFIG: target(0), prim(dec_tp)]
|15096.86|26892.72| op = [69, 69, 69, 69, 69, 74]| tp = [1, 2, 1, 1, 2, 1, ] | dp = [1, 1, 1, 1, 1, 1, ] | algo = [0, 0, 0, 0, 0, 0, ] | rc = [10, 0, 2, 0, 0, 0] | gpus = [1, 2, 1, 1, 2, 1] | micro_bs = 1 | time = [12367, 15096, 11093, 11196, 14731, 13795] | memory = [25489, 19570, 26892, 23655, 9992, 15860]

[ Trial 1 ] |15096.86|26892.72| op = [69, 69, 69, 69, 69, 74]| tp = [1, 2, 1, 1, 2, 1, ] | dp = [1, 1, 1, 1, 1, 1, ] | algo = [0, 0, 0, 0, 0, 0, ] | rc = [10, 0, 2, 0, 0, 0] | gpus = [1, 2, 1, 1, 2, 1] | micro_bs = 1 | time = [12367, 15096, 11093, 11196, 14731, 13795] | memory = [25489, 19570, 26892, 23655, 9992, 15860]
>>>> [CONFIG: target(1), prim(dec_tp)]
|14863.93|25489.10| op = [69, 69, 69, 69, 69, 74]| tp = [1, 1, 2, 1, 2, 1, ] | dp = [1, 1, 1, 1, 1, 1, ] | algo = [0, 0, 0, 0, 0, 0, ] | rc = [10, 10, 0, 0, 0, 0] | gpus = [1, 1, 2, 1, 2, 1] | micro_bs = 1 | time = [12371, 12293, 14863, 11199, 14735, 13799] | memory = [25489, 23466, 15100, 23655, 9992, 15860]

[ Trial 2 ] |14863.93|25489.10| op = [69, 69, 69, 69, 69, 74]| tp = [1, 1, 2, 1, 2, 1, ] | dp = [1, 1, 1, 1, 1, 1, ] | algo = [0, 0, 0, 0, 0, 0, ] | rc = [10, 10, 0, 0, 0, 0] | gpus = [1, 1, 2, 1, 2, 1] | micro_bs = 1 | time = [12371, 12293, 14863, 11199, 14735, 13799] | memory = [25489, 23466, 15100, 23655, 9992, 15860]
>>>> [CONFIG: target(2), prim(inc_mbs)]
|13290.00|27905.55| op = [69, 69, 69, 69, 69, 74]| tp = [1, 1, 1, 1, 1, 1, ] | dp = [1, 1, 2, 1, 2, 1, ] | algo = [0, 0, 0, 0, 0, 0, ] | rc = [20, 19, 2, 10, 0, 0] | gpus = [1, 1, 2, 1, 2, 1] | micro_bs = 2 | time = [12572, 12555, 5840, 11628, 5910, 13290] | memory = [27738, 27905, 26892, 24483, 19264, 22840]

[ Trial 3 ] |13290.00|27905.55| op = [69, 69, 69, 69, 69, 74]| tp = [1, 1, 1, 1, 1, 1, ] | dp = [1, 1, 2, 1, 2, 1, ] | algo = [0, 0, 0, 0, 0, 0, ] | rc = [20, 19, 2, 10, 0, 0] | gpus = [1, 1, 2, 1, 2, 1] | micro_bs = 2 | time = [12572, 12555, 5840, 11628, 5910, 13290] | memory = [27738, 27905, 26892, 24483, 19264, 22840]
>>>> [CONFIG: target(5), prim(dec_op)]
|9603.04|27348.51| op = [55, 54, 102, 53, 108, 47]| tp = [1, 1, 1, 1, 1, 1, ] | dp = [1, 1, 2, 1, 2, 1, ] | algo = [0, 0, 0, 0, 0, 0, ] | rc = [12, 10, 16, 6, 4, 0] | gpus = [1, 1, 2, 1, 2, 1] | micro_bs = 2 | time = [9590, 9603, 9134, 9090, 9105, 9367] | memory = [27329, 27265, 25809, 24448, 27348, 16232]

[ Trial 4 ] |9603.04|27348.51| op = [55, 54, 102, 53, 108, 47]| tp = [1, 1, 1, 1, 1, 1, ] | dp = [1, 1, 2, 1, 2, 1, ] | algo = [0, 0, 0, 0, 0, 0, ] | rc = [12, 10, 16, 6, 4, 0] | gpus = [1, 1, 2, 1, 2, 1] | micro_bs = 2 | time = [9590, 9603, 9134, 9090, 9105, 9367] | memory = [27329, 27265, 25809, 24448, 27348, 16232]
>>>> [CONFIG: target(1), prim(dec_op)]
|9307.51|27438.54| op = [54, 53, 103, 53, 111, 45]| tp = [1, 1, 1, 1, 1, 1, ] | dp = [1, 1, 2, 1, 2, 1, ] | algo = [0, 0, 0, 0, 0, 0, ] | rc = [12, 8, 16, 4, 4, 0] | gpus = [1, 1, 2, 1, 2, 1] | micro_bs = 2 | time = [9284, 9098, 9029, 8743, 9100, 9307] | memory = [26669, 27153, 25469, 26728, 27438, 16182]

[ Trial 5 ] |9307.51|27438.54| op = [54, 53, 103, 53, 111, 45]| tp = [1, 1, 1, 1, 1, 1, ] | dp = [1, 1, 2, 1, 2, 1, ] | algo = [0, 0, 0, 0, 0, 0, ] | rc = [12, 8, 16, 4, 4, 0] | gpus = [1, 1, 2, 1, 2, 1] | micro_bs = 2 | time = [9284, 9098, 9029, 8743, 9100, 9307] | memory = [26669, 27153, 25469, 26728, 27438, 16182]
>>>> [CONFIG: target(5), prim(inc_mbs)]
|10917.88|27813.98| op = [54, 53, 103, 53, 111, 45]| tp = [1, 1, 1, 1, 1, 1, ] | dp = [1, 1, 2, 1, 2, 1, ] | algo = [0, 0, 0, 0, 0, 0, ] | rc = [28, 22, 30, 14, 22, 0] | gpus = [1, 1, 2, 1, 2, 1] | micro_bs = 4 | time = [10917, 10514, 9551, 9948, 9845, 9663] | memory = [27571, 27350, 27813, 26341, 27513, 25964]
>>>> [CONFIG: target(0), prim(dec_op)]
|9972.62|27851.16| op = [49, 51, 107, 53, 111, 48]| tp = [1, 1, 1, 1, 1, 1, ] | dp = [1, 1, 2, 1, 2, 1, ] | algo = [0, 0, 0, 0, 0, 0, ] | rc = [20, 18, 32, 14, 22, 0] | gpus = [1, 1, 2, 1, 2, 1] | micro_bs = 4 | time = [9607, 9876, 9942, 9972, 9910, 9772] | memory = [27851, 27850, 27186, 26561, 27713, 26204]
>>>> [CONFIG: target(3), prim(dec_mbs)]
|9435.75|27638.55| op = [49, 51, 107, 53, 111, 48]| tp = [1, 1, 1, 1, 1, 1, ] | dp = [1, 1, 2, 1, 2, 1, ] | algo = [0, 0, 0, 0, 0, 0, ] | rc = [10, 8, 16, 6, 4, 0] | gpus = [1, 1, 2, 1, 2, 1] | micro_bs = 2 | time = [8397, 8763, 9389, 8972, 9196, 9435] | memory = [27561, 26453, 26529, 23432, 27638, 16352]
>>>> [CONFIG: target(5), prim(dec_op)]
|9305.91|27758.58| op = [49, 53, 105, 54, 113, 45]| tp = [1, 1, 1, 1, 1, 1, ] | dp = [1, 1, 2, 1, 2, 1, ] | algo = [0, 0, 0, 0, 0, 0, ] | rc = [10, 8, 16, 6, 4, 0] | gpus = [1, 1, 2, 1, 2, 1] | micro_bs = 2 | time = [8399, 9161, 9241, 8988, 9255, 9305] | memory = [27561, 27353, 26089, 23522, 27758, 16182]

[ Trial 6 ] |9305.91|27758.58| op = [49, 53, 105, 54, 113, 45]| tp = [1, 1, 1, 1, 1, 1, ] | dp = [1, 1, 2, 1, 2, 1, ] | algo = [0, 0, 0, 0, 0, 0, ] | rc = [10, 8, 16, 6, 4, 0] | gpus = [1, 1, 2, 1, 2, 1] | micro_bs = 2 | time = [8399, 9161, 9241, 8988, 9255, 9305] | memory = [27561, 27353, 26089, 23522, 27758, 16182]
>>>> [CONFIG: target(5), prim(inc_mbs)]
|10549.50|27853.12| op = [49, 53, 105, 54, 113, 45]| tp = [1, 1, 1, 1, 1, 1, ] | dp = [1, 1, 2, 1, 2, 1, ] | algo = [0, 0, 0, 0, 0, 0, ] | rc = [20, 22, 32, 14, 22, 0] | gpus = [1, 1, 2, 1, 2, 1] | micro_bs = 4 | time = [9614, 10549, 9800, 9992, 9965, 9651] | memory = [27851, 27650, 26706, 26741, 27853, 25964]
>>>> [CONFIG: target(1), prim(inc_dp)]
|21774.73|27970.23| op = [49, 53, 105, 54, 113, 45]| tp = [1, 1, 1, 1, 1, 1, ] | dp = [1, 2, 2, 1, 1, 1, ] | algo = [0, 0, 0, 0, 0, 0, ] | rc = [20, 8, 32, 14, 56, 0] | gpus = [1, 2, 2, 1, 1, 1] | micro_bs = 4 | time = [9715, 5306, 9901, 10093, 21774, 9752] | memory = [27851, 27353, 26706, 26741, 27970, 25964]
>>>> [CONFIG: target(4), prim(dec_op)]
|10848.75|27851.16| op = [49, 102, 107, 52, 59, 50]| tp = [1, 1, 1, 1, 1, 1, ] | dp = [1, 2, 2, 1, 1, 1, ] | algo = [0, 0, 0, 0, 0, 0, ] | rc = [20, 38, 32, 14, 12, 4] | gpus = [1, 2, 2, 1, 1, 1] | micro_bs = 4 | time = [9633, 9937, 9961, 9711, 10848, 10799] | memory = [27851, 27776, 27066, 26041, 27413, 27268]
>>>> [CONFIG: target(4), prim(dec_op)]
|10792.96|27866.13| op = [49, 102, 109, 55, 54, 50]| tp = [1, 1, 1, 1, 1, 1, ] | dp = [1, 2, 2, 1, 1, 1, ] | algo = [0, 0, 0, 0, 0, 0, ] | rc = [20, 38, 32, 14, 10, 4] | gpus = [1, 2, 2, 1, 1, 1] | micro_bs = 4 | time = [9627, 9931, 10115, 9994, 9985, 10792] | memory = [27851, 27776, 27866, 26641, 27840, 27268]
>>>> [CONFIG: target(5), prim(inc_dp)]
|21853.51|27866.13| op = [49, 102, 109, 55, 54, 50]| tp = [1, 1, 1, 1, 1, 1, ] | dp = [1, 1, 2, 1, 1, 2, ] | algo = [0, 0, 0, 0, 0, 0, ] | rc = [20, 94, 32, 14, 10, 0] | gpus = [1, 1, 2, 1, 1, 2] | micro_bs = 4 | time = [9733, 21853, 10221, 10100, 10091, 5785] | memory = [27851, 24208, 27866, 26641, 27840, 18036]
>>>> [CONFIG: target(1), prim(dec_mbs)]
|18705.84|27776.33| op = [49, 102, 109, 55, 54, 50]| tp = [1, 1, 1, 1, 1, 1, ] | dp = [1, 1, 2, 1, 1, 2, ] | algo = [0, 0, 0, 0, 0, 0, ] | rc = [10, 38, 16, 6, 0, 0] | gpus = [1, 1, 2, 1, 1, 2] | micro_bs = 2 | time = [8441, 18705, 9593, 9011, 8776, 5509] | memory = [27561, 27776, 27089, 23422, 24896, 12258]
>>>> [CONFIG: target(1), prim(dec_op)]
|9208.89|27753.24| op = [49, 54, 103, 56, 58, 99]| tp = [1, 1, 1, 1, 1, 1, ] | dp = [1, 1, 2, 1, 1, 2, ] | algo = [0, 0, 0, 0, 0, 0, ] | rc = [10, 8, 16, 6, 0, 0] | gpus = [1, 1, 2, 1, 1, 2] | micro_bs = 2 | time = [8397, 9208, 9187, 9071, 9204, 9074] | memory = [27561, 27753, 25769, 23822, 27720, 20314]

[ Trial 7 ] |9208.89|27753.24| op = [49, 54, 103, 56, 58, 99]| tp = [1, 1, 1, 1, 1, 1, ] | dp = [1, 1, 2, 1, 1, 2, ] | algo = [0, 0, 0, 0, 0, 0, ] | rc = [10, 8, 16, 6, 0, 0] | gpus = [1, 1, 2, 1, 1, 2] | micro_bs = 2 | time = [8397, 9208, 9187, 9071, 9204, 9074] | memory = [27561, 27753, 25769, 23822, 27720, 20314]
>>>> [CONFIG: target(1), prim(dec_op)]
|9205.89|27961.58| op = [50, 53, 103, 56, 58, 99]| tp = [1, 1, 1, 1, 1, 1, ] | dp = [1, 1, 2, 1, 1, 2, ] | algo = [0, 0, 0, 0, 0, 0, ] | rc = [12, 8, 16, 6, 0, 0] | gpus = [1, 1, 2, 1, 1, 2] | micro_bs = 2 | time = [8898, 8925, 9189, 9073, 9205, 9075] | memory = [27961, 27253, 25769, 23822, 27720, 20314]

[ Trial 8 ] |9205.89|27961.58| op = [50, 53, 103, 56, 58, 99]| tp = [1, 1, 1, 1, 1, 1, ] | dp = [1, 1, 2, 1, 1, 2, ] | algo = [0, 0, 0, 0, 0, 0, ] | rc = [12, 8, 16, 6, 0, 0] | gpus = [1, 1, 2, 1, 1, 2] | micro_bs = 2 | time = [8898, 8925, 9189, 9073, 9205, 9075] | memory = [27961, 27253, 25769, 23822, 27720, 20314]
>>>> [CONFIG: target(4), prim(inc_mbs)]
|10920.82|27976.55| op = [50, 53, 103, 56, 58, 99]| tp = [1, 1, 1, 1, 1, 1, ] | dp = [1, 1, 2, 1, 1, 2, ] | algo = [0, 0, 0, 0, 0, 0, ] | rc = [25, 22, 32, 14, 16, 8] | gpus = [1, 1, 2, 1, 1, 2] | micro_bs = 4 | time = [10307, 10270, 9763, 10088, 10920, 9404] | memory = [27771, 27850, 27793, 27341, 27840, 27976]
>>>> [CONFIG: target(4), prim(dec_op)]
|10059.86|27851.16| op = [49, 51, 106, 56, 53, 104]| tp = [1, 1, 1, 1, 1, 1, ] | dp = [1, 1, 2, 1, 1, 2, ] | algo = [0, 0, 0, 0, 0, 0, ] | rc = [20, 18, 32, 14, 8, 8] | gpus = [1, 1, 2, 1, 1, 2] | micro_bs = 4 | time = [9602, 9871, 9913, 10059, 9484, 9835] | memory = [27851, 27850, 26866, 27341, 27196, 27596]
>>>> [CONFIG: target(3), prim(dec_mbs)]
|9512.61|27561.58| op = [49, 51, 106, 56, 53, 104]| tp = [1, 1, 1, 1, 1, 1, ] | dp = [1, 1, 2, 1, 1, 2, ] | algo = [0, 0, 0, 0, 0, 0, ] | rc = [10, 8, 16, 6, 0, 0] | gpus = [1, 1, 2, 1, 1, 2] | micro_bs = 2 | time = [8392, 8757, 9358, 9066, 8381, 9512] | memory = [27561, 26453, 26369, 23822, 24212, 21298]
>>>> [CONFIG: target(5), prim(dec_op)]
|9361.25|27580.50| op = [49, 51, 106, 56, 57, 100]| tp = [1, 1, 1, 1, 1, 1, ] | dp = [1, 1, 2, 1, 1, 2, ] | algo = [0, 0, 0, 0, 0, 0, ] | rc = [10, 8, 16, 6, 0, 0] | gpus = [1, 1, 2, 1, 1, 2] | micro_bs = 2 | time = [8395, 8760, 9361, 9068, 9120, 9117] | memory = [27561, 26453, 26369, 23822, 27580, 20436]
>>>> [CONFIG: target(2), prim(dec_dp)]
|18713.70|27580.50| op = [49, 51, 106, 56, 57, 100]| tp = [1, 1, 1, 1, 1, 1, ] | dp = [2, 1, 1, 1, 1, 2, ] | algo = [0, 0, 0, 0, 0, 0, ] | rc = [4, 8, 32, 6, 0, 0] | gpus = [2, 1, 1, 1, 1, 2] | micro_bs = 2 | time = [4438, 8802, 18713, 9110, 9162, 9159] | memory = [25018, 26453, 26866, 23822, 27580, 20436]
>>>> [CONFIG: target(2), prim(dec_op)]
|9452.47|27480.99| op = [98, 52, 52, 56, 59, 102]| tp = [1, 1, 1, 1, 1, 1, ] | dp = [2, 1, 1, 1, 1, 2, ] | algo = [0, 0, 0, 0, 0, 0, ] | rc = [24, 8, 8, 6, 0, 0] | gpus = [2, 1, 1, 1, 1, 2] | micro_bs = 2 | time = [9160, 8803, 8803, 9118, 9439, 9452] | memory = [27480, 26553, 22944, 23742, 26056, 21278]
>>>> [CONFIG: target(5), prim(dec_op)]
|9163.08|27580.56| op = [98, 55, 53, 55, 58, 100]| tp = [1, 1, 1, 1, 1, 1, ] | dp = [2, 1, 1, 1, 1, 2, ] | algo = [0, 0, 0, 0, 0, 0, ] | rc = [24, 8, 8, 6, 0, 0] | gpus = [2, 1, 1, 1, 1, 2] | micro_bs = 2 | time = [9159, 8933, 9163, 9039, 9141, 9122] | memory = [27480, 27003, 23664, 23762, 27580, 20436]

[ Trial 9 ] |9163.08|27580.56| op = [98, 55, 53, 55, 58, 100]| tp = [1, 1, 1, 1, 1, 1, ] | dp = [2, 1, 1, 1, 1, 2, ] | algo = [0, 0, 0, 0, 0, 0, ] | rc = [24, 8, 8, 6, 0, 0] | gpus = [2, 1, 1, 1, 1, 2] | micro_bs = 2 | time = [9159, 8933, 9163, 9039, 9141, 9122] | memory = [27480, 27003, 23664, 23762, 27580, 20436]
>>>> [CONFIG: target(2), prim(dec_mbs)]
|23063.25|26895.72| op = [98, 55, 53, 55, 58, 100]| tp = [2, 1, 1, 1, 1, 2, ] | dp = [1, 1, 1, 1, 1, 1, ] | algo = [0, 0, 0, 0, 0, 0, ] | rc = [8, 0, 0, 0, 0, 0] | gpus = [2, 1, 1, 1, 1, 2] | micro_bs = 1 | time = [21725, 8596, 8809, 8888, 9557, 23063] | memory = [25184, 26895, 23072, 19089, 16340, 10503]
>>>> [CONFIG: target(0), prim(dec_op)]
|13189.06|27026.64| op = [59, 76, 71, 78, 80, 55]| tp = [2, 1, 1, 1, 1, 2, ] | dp = [1, 1, 1, 1, 1, 1, ] | algo = [0, 0, 0, 0, 0, 0, ] | rc = [0, 10, 6, 0, 0, 0] | gpus = [2, 1, 1, 1, 1, 2] | micro_bs = 1 | time = [13083, 13189, 12152, 12515, 12851, 13145] | memory = [20141, 22486, 25632, 27026, 21344, 6469]
>>>> [CONFIG: target(1), prim(inc_tp)]
|16806.72|27026.64| op = [59, 76, 71, 78, 80, 55]| tp = [1, 2, 1, 1, 1, 2, ] | dp = [1, 1, 1, 1, 1, 1, ] | algo = [0, 0, 0, 0, 0, 0, ] | rc = [10, 0, 6, 0, 0, 0] | gpus = [1, 2, 1, 1, 1, 2] | micro_bs = 1 | time = [10712, 16806, 12157, 12520, 12856, 13150] | memory = [21672, 19230, 25632, 27026, 21344, 6469]
>>>> [CONFIG: target(1), prim(dec_op)]
|13144.61|27141.62| op = [69, 59, 74, 81, 81, 55]| tp = [1, 2, 1, 1, 1, 2, ] | dp = [1, 1, 1, 1, 1, 1, ] | algo = [0, 0, 0, 0, 0, 0, ] | rc = [10, 0, 6, 0, 0, 0] | gpus = [1, 2, 1, 1, 1, 2] | micro_bs = 1 | time = [12361, 12994, 12548, 12580, 13128, 13144] | memory = [25489, 16665, 26072, 27141, 21764, 6469]
>>>> [CONFIG: target(5), prim(inc_mbs)]
|13527.44|27738.14| op = [69, 59, 74, 81, 81, 55]| tp = [1, 1, 1, 1, 1, 1, ] | dp = [1, 2, 1, 1, 1, 2, ] | algo = [0, 0, 0, 0, 0, 0, ] | rc = [20, 4, 18, 12, 10, 0] | gpus = [1, 2, 1, 1, 1, 2] | micro_bs = 2 | time = [12584, 5390, 13018, 13151, 13527, 5779] | memory = [27738, 26521, 27717, 27399, 25160, 12613]
>>>> [CONFIG: target(4), prim(dec_op)]
|10655.17|27773.12| op = [59, 90, 53, 56, 58, 103]| tp = [1, 1, 1, 1, 1, 1, ] | dp = [1, 2, 1, 1, 1, 2, ] | algo = [0, 0, 0, 0, 0, 0, ] | rc = [16, 15, 8, 6, 0, 0] | gpus = [1, 2, 1, 1, 1, 2] | micro_bs = 2 | time = [10655, 8176, 9249, 9128, 9262, 9556] | memory = [27449, 27773, 25072, 23742, 26056, 21278]
>>>> [CONFIG: target(0), prim(dec_op)]
|9162.87|27723.28| op = [51, 102, 53, 56, 57, 100]| tp = [1, 1, 1, 1, 1, 1, ] | dp = [1, 2, 1, 1, 1, 2, ] | algo = [0, 0, 0, 0, 0, 0, ] | rc = [12, 18, 8, 6, 0, 0] | gpus = [1, 2, 1, 1, 1, 2] | micro_bs = 2 | time = [8960, 9085, 9162, 9074, 9126, 9122] | memory = [25849, 27723, 23664, 23822, 27580, 20436]

[ Trial 10 ] |9162.87|27723.28| op = [51, 102, 53, 56, 57, 100]| tp = [1, 1, 1, 1, 1, 1, ] | dp = [1, 2, 1, 1, 1, 2, ] | algo = [0, 0, 0, 0, 0, 0, ] | rc = [12, 18, 8, 6, 0, 0] | gpus = [1, 2, 1, 1, 1, 2] | micro_bs = 2 | time = [8960, 9085, 9162, 9074, 9126, 9122] | memory = [25849, 27723, 23664, 23822, 27580, 20436]
>>>> [CONFIG: target(2), prim(inc_dp)]
|17984.16|27936.55| op = [51, 102, 53, 56, 57, 100]| tp = [1, 1, 1, 1, 1, 1, ] | dp = [1, 2, 2, 1, 1, 1, ] | algo = [0, 0, 0, 0, 0, 0, ] | rc = [12, 18, 0, 6, 0, 12] | gpus = [1, 2, 2, 1, 1, 1] | micro_bs = 2 | time = [8994, 9119, 4677, 9108, 9160, 17984] | memory = [25849, 27723, 23072, 23822, 27580, 27936]
>>>> [CONFIG: target(5), prim(dec_mbs)]
|21877.32|27031.28| op = [51, 102, 53, 56, 57, 100]| tp = [1, 2, 2, 1, 1, 1, ] | dp = [1, 1, 1, 1, 1, 1, ] | algo = [0, 0, 0, 0, 0, 0, ] | rc = [4, 0, 0, 0, 0, 0] | gpus = [1, 2, 2, 1, 1, 1] | micro_bs = 1 | time = [8734, 21877, 12027, 8920, 9527, 17796] | memory = [25898, 27031, 12136, 19119, 16340, 20436]
>>>> [CONFIG: target(1), prim(dec_op)]
|13792.61|26546.58| op = [65, 62, 59, 76, 83, 74]| tp = [1, 2, 2, 1, 1, 1, ] | dp = [1, 1, 1, 1, 1, 1, ] | algo = [0, 0, 0, 0, 0, 0, ] | rc = [10, 0, 0, 0, 0, 0] | gpus = [1, 2, 2, 1, 1, 1] | micro_bs = 1 | time = [11560, 13043, 13433, 12191, 13521, 13792] | memory = [23323, 16740, 13278, 26546, 22828, 15860]
>>>> [CONFIG: target(5), prim(inc_tp)]
|17555.79|26546.58| op = [65, 62, 59, 76, 83, 74]| tp = [1, 2, 1, 1, 1, 2, ] | dp = [1, 1, 1, 1, 1, 1, ] | algo = [0, 0, 0, 0, 0, 0, ] | rc = [10, 0, 0, 0, 0, 0] | gpus = [1, 2, 1, 1, 1, 2] | micro_bs = 1 | time = [11561, 13044, 9937, 12192, 13522, 17555] | memory = [23323, 16740, 25216, 26546, 22828, 8145]
>>>> [CONFIG: target(5), prim(inc_mbs)]
|14215.21|27253.12| op = [65, 62, 59, 76, 83, 74]| tp = [1, 1, 1, 1, 1, 1, ] | dp = [1, 2, 1, 1, 1, 2, ] | algo = [0, 0, 0, 0, 0, 0, ] | rc = [18, 4, 8, 12, 14, 0] | gpus = [1, 2, 1, 1, 1, 2] | micro_bs = 2 | time = [11661, 5344, 10297, 12811, 14215, 7183] | memory = [26777, 26496, 27253, 26609, 23180, 15860]
>>>> [CONFIG: target(4), prim(dec_op)]
|9876.77|27388.56| op = [51, 92, 52, 54, 62, 108]| tp = [1, 1, 1, 1, 1, 1, ] | dp = [1, 2, 1, 1, 1, 2, ] | algo = [0, 0, 0, 0, 0, 0, ] | rc = [12, 14, 8, 4, 2, 0] | gpus = [1, 2, 1, 1, 1, 2] | micro_bs = 2 | time = [8957, 8269, 8799, 8495, 9842, 9876] | memory = [25849, 26567, 22945, 26398, 27388, 22161]
>>>> [CONFIG: target(5), prim(dec_op)]
|9162.71|27723.28| op = [51, 102, 53, 55, 58, 100]| tp = [1, 1, 1, 1, 1, 1, ] | dp = [1, 2, 1, 1, 1, 2, ] | algo = [0, 0, 0, 0, 0, 0, ] | rc = [12, 18, 8, 6, 0, 0] | gpus = [1, 2, 1, 1, 1, 2] | micro_bs = 2 | time = [8959, 9085, 9162, 9038, 9140, 9122] | memory = [25849, 27723, 23664, 23762, 27580, 20436]

num_targets: [1, 1, 1, 1, 1, 1, 1, 1, 1, 1, 1]
num_hops: [1, 1, 1, 1, 1, 4, 7, 1, 7, 7, 7]
search time = 200.01 s.  [0, 1, 2, 3, 4, 5, 6, 21, 22, 25, 81, 118, 208] 
num_explored_cases = 14262
time trend: [15568, 15096, 14863, 13290, 9603, 9307, 9305, 9208, 9205, 9163, 9162, 9162, 9162]

working on num_stages = 4
config has been saved to /home/liminglong.lml/sxz/SuperScaler/logs-large/aceso/configs/mbs/256/gpt_2_6B_4stages_2026-5-16-3-4-52.json

========== Best Result (num_stages = 4) ==========
|9133.15|27788.55| op = [103, 105, 113, 98]| tp = [1, 1, 1, 1, ] | dp = [2, 2, 2, 2, ] | algo = [0, 0, 0, 0, ] | rc = [16, 14, 4, 0] | gpus = [2, 2, 2, 2] | micro_bs = 2 | time = [9004, 9133, 9121, 8925] | memory = [27503, 24468, 27788, 20289]
start|24199.62|24088.13| op = [104, 104, 104, 107]| tp = [2, 2, 2, 2, ] | dp = [1, 1, 1, 1, ] | algo = [0, 0, 0, 0, ] | rc = [0, 0, 0, 0] | gpus = [2, 2, 2, 2] | micro_bs = 1 | time = [23001, 22481, 22481, 24199] | memory = [24088, 18604, 14216, 11138]

[ Trial 0 ] |24199.62|24088.13| op = [104, 104, 104, 107]| tp = [2, 2, 2, 2, ] | dp = [1, 1, 1, 1, ] | algo = [0, 0, 0, 0, ] | rc = [0, 0, 0, 0] | gpus = [2, 2, 2, 2] | micro_bs = 1 | time = [23001, 22481, 22481, 24199] | memory = [24088, 18604, 14216, 11138]
>>>> [CONFIG: target(3), prim(inc_mbs)]
|9559.34|27993.06| op = [104, 104, 104, 107]| tp = [1, 1, 1, 1, ] | dp = [2, 2, 2, 2, ] | algo = [0, 0, 0, 0, ] | rc = [16, 14, 0, 0] | gpus = [2, 2, 2, 2] | micro_bs = 2 | time = [9144, 8947, 8309, 9559] | memory = [27993, 23948, 27272, 21671]

[ Trial 1 ] |9559.34|27993.06| op = [104, 104, 104, 107]| tp = [1, 1, 1, 1, ] | dp = [2, 2, 2, 2, ] | algo = [0, 0, 0, 0, ] | rc = [16, 14, 0, 0] | gpus = [2, 2, 2, 2] | micro_bs = 2 | time = [9144, 8947, 8309, 9559] | memory = [27993, 23948, 27272, 21671]
>>>> [CONFIG: target(3), prim(dec_op)]
|9146.05|27993.06| op = [104, 106, 109, 100]| tp = [1, 1, 1, 1, ] | dp = [2, 2, 2, 2, ] | algo = [0, 0, 0, 0, ] | rc = [16, 14, 4, 0] | gpus = [2, 2, 2, 2] | micro_bs = 2 | time = [9146, 8978, 9035, 8988] | memory = [27993, 24023, 27588, 20436]

[ Trial 2 ] |9146.05|27993.06| op = [104, 106, 109, 100]| tp = [1, 1, 1, 1, ] | dp = [2, 2, 2, 2, ] | algo = [0, 0, 0, 0, ] | rc = [16, 14, 4, 0] | gpus = [2, 2, 2, 2] | micro_bs = 2 | time = [9146, 8978, 9035, 8988] | memory = [27993, 24023, 27588, 20436]
>>>> [CONFIG: target(0), prim(dec_mbs)]
|23559.33|24088.13| op = [104, 106, 109, 100]| tp = [2, 2, 2, 2, ] | dp = [1, 1, 1, 1, ] | algo = [0, 0, 0, 0, ] | rc = [0, 0, 0, 0] | gpus = [2, 2, 2, 2] | micro_bs = 1 | time = [23001, 22541, 23559, 23110] | memory = [24088, 18679, 15238, 10503]
>>>> [CONFIG: target(2), prim(inc_tp)]
|22958.52|24088.13| op = [104, 106, 109, 100]| tp = [2, 1, 4, 1, ] | dp = [1, 1, 1, 1, ] | algo = [0, 0, 0, 0, ] | rc = [0, 14, 0, 0] | gpus = [2, 1, 4, 1] | micro_bs = 1 | time = [22958, 17786, 22422, 17806] | memory = [24088, 24023, 8199, 20436]
>>>> [CONFIG: target(0), prim(dec_tp)]
|22497.15|27993.06| op = [104, 106, 109, 100]| tp = [1, 2, 4, 1, ] | dp = [1, 1, 1, 1, ] | algo = [0, 0, 0, 0, ] | rc = [16, 0, 0, 0] | gpus = [1, 2, 4, 1] | micro_bs = 1 | time = [18122, 22497, 22421, 17806] | memory = [27993, 18679, 8199, 20436]
>>>> [CONFIG: target(1), prim(dec_op)]
|20403.03|27975.12| op = [112, 94, 99, 114]| tp = [1, 2, 4, 1, ] | dp = [1, 1, 1, 1, ] | algo = [0, 0, 0, 0, ] | rc = [22, 0, 0, 0] | gpus = [1, 2, 4, 1] | micro_bs = 1 | time = [19849, 20341, 20403, 20242] | memory = [27975, 16701, 7468, 23074]
>>>> [CONFIG: target(2), prim(inc_mbs)]
|20656.64|27786.17| op = [112, 94, 99, 114]| tp = [1, 1, 2, 1, ] | dp = [1, 2, 2, 1, ] | algo = [0, 0, 0, 0, ] | rc = [44, 8, 0, 14] | gpus = [1, 2, 4, 1] | micro_bs = 2 | time = [20526, 8074, 10952, 20656] | memory = [27786, 25461, 13866, 26192]
>>>> [CONFIG: target(3), prim(inc_dp)]
|10202.68|27975.12| op = [112, 94, 99, 114]| tp = [1, 1, 1, 1, ] | dp = [2, 2, 2, 2, ] | algo = [0, 0, 0, 0, ] | rc = [22, 8, 0, 0] | gpus = [2, 2, 2, 2] | micro_bs = 2 | time = [10006, 7891, 8130, 10202] | memory = [27975, 25461, 26662, 23074]
>>>> [CONFIG: target(3), prim(dec_op)]
|9133.21|27638.55| op = [103, 105, 111, 100]| tp = [1, 1, 1, 1, ] | dp = [2, 2, 2, 2, ] | algo = [0, 0, 0, 0, ] | rc = [16, 14, 4, 0] | gpus = [2, 2, 2, 2] | micro_bs = 2 | time = [9005, 9133, 9065, 8988] | memory = [27503, 24468, 27638, 20436]

[ Trial 3 ] |9133.21|27638.55| op = [103, 105, 111, 100]| tp = [1, 1, 1, 1, ] | dp = [2, 2, 2, 2, ] | algo = [0, 0, 0, 0, ] | rc = [16, 14, 4, 0] | gpus = [2, 2, 2, 2] | micro_bs = 2 | time = [9005, 9133, 9065, 8988] | memory = [27503, 24468, 27638, 20436]
>>>> [CONFIG: target(1), prim(dec_mbs)]
|23618.61|23823.13| op = [103, 105, 111, 100]| tp = [2, 2, 2, 2, ] | dp = [1, 1, 1, 1, ] | algo = [0, 0, 0, 0, ] | rc = [0, 0, 0, 0] | gpus = [2, 2, 2, 2] | micro_bs = 1 | time = [22488, 23066, 23618, 23110] | memory = [23823, 18864, 15288, 10503]
>>>> [CONFIG: target(3), prim(inc_tp)]
|23021.74|27638.55| op = [103, 105, 111, 100]| tp = [1, 2, 1, 4, ] | dp = [1, 1, 1, 1, ] | algo = [0, 0, 0, 0, ] | rc = [16, 0, 4, 0] | gpus = [1, 2, 1, 4] | micro_bs = 1 | time = [17838, 23021, 17959, 21947] | memory = [27503, 18864, 27638, 5536]
>>>> [CONFIG: target(1), prim(inc_tp)]
|23067.06|27638.55| op = [103, 105, 111, 100]| tp = [1, 4, 1, 2, ] | dp = [1, 1, 1, 1, ] | algo = [0, 0, 0, 0, ] | rc = [16, 0, 4, 0] | gpus = [1, 4, 1, 2] | micro_bs = 1 | time = [17839, 22142, 17960, 23067] | memory = [27503, 10302, 27638, 10503]
>>>> [CONFIG: target(3), prim(dec_op)]
|20671.13|27975.12| op = [112, 96, 122, 89]| tp = [1, 4, 1, 2, ] | dp = [1, 1, 1, 1, ] | algo = [0, 0, 0, 0, ] | rc = [22, 0, 10, 0] | gpus = [1, 4, 1, 2] | micro_bs = 1 | time = [19849, 20151, 20353, 20671] | memory = [27975, 9313, 26362, 9712]
>>>> [CONFIG: target(3), prim(inc_mbs)]
|20924.47|27786.17| op = [112, 96, 122, 89]| tp = [1, 2, 1, 1, ] | dp = [1, 2, 1, 2, ] | algo = [0, 0, 0, 0, ] | rc = [44, 0, 28, 0] | gpus = [1, 4, 1, 2] | micro_bs = 2 | time = [20529, 10708, 20924, 8508] | memory = [27786, 16991, 27585, 18924]
>>>> [CONFIG: target(2), prim(inc_dp)]
|10260.92|27975.12| op = [112, 96, 122, 89]| tp = [1, 1, 1, 1, ] | dp = [2, 2, 2, 2, ] | algo = [0, 0, 0, 0, ] | rc = [22, 8, 10, 0] | gpus = [2, 2, 2, 2] | micro_bs = 2 | time = [10009, 8061, 10260, 8324] | memory = [27975, 26011, 26362, 18924]
>>>> [CONFIG: target(2), prim(dec_op)]
|9145.99|27993.06| op = [104, 104, 113, 98]| tp = [1, 1, 1, 1, ] | dp = [2, 2, 2, 2, ] | algo = [0, 0, 0, 0, ] | rc = [16, 14, 4, 0] | gpus = [2, 2, 2, 2] | micro_bs = 2 | time = [9145, 8948, 9121, 8924] | memory = [27993, 23948, 27788, 20289]

[ Trial 4 ] |9145.99|27993.06| op = [104, 104, 113, 98]| tp = [1, 1, 1, 1, ] | dp = [2, 2, 2, 2, ] | algo = [0, 0, 0, 0, ] | rc = [16, 14, 4, 0] | gpus = [2, 2, 2, 2] | micro_bs = 2 | time = [9145, 8948, 9121, 8924] | memory = [27993, 23948, 27788, 20289]
>>>> [CONFIG: target(0), prim(dec_mbs)]
|24057.75|24088.13| op = [104, 104, 113, 98]| tp = [2, 2, 2, 2, ] | dp = [1, 1, 1, 1, ] | algo = [0, 0, 0, 0, ] | rc = [0, 0, 0, 0] | gpus = [2, 2, 2, 2] | micro_bs = 1 | time = [23001, 22481, 24057, 22608] | memory = [24088, 18604, 15388, 10417]
>>>> [CONFIG: target(2), prim(dec_tp)]
|22955.27|27788.55| op = [104, 104, 113, 98]| tp = [2, 1, 1, 4, ] | dp = [1, 1, 1, 1, ] | algo = [0, 0, 0, 0, ] | rc = [0, 14, 4, 0] | gpus = [2, 1, 1, 4] | micro_bs = 1 | time = [22955, 17723, 18070, 21383] | memory = [24088, 23948, 27788, 5481]
>>>> [CONFIG: target(0), prim(inc_mbs)]
|18786.88|27993.06| op = [104, 104, 113, 98]| tp = [1, 1, 1, 2, ] | dp = [2, 1, 1, 2, ] | algo = [0, 0, 0, 0, ] | rc = [16, 26, 22, 0] | gpus = [2, 1, 1, 4] | micro_bs = 2 | time = [9309, 17880, 18786, 11521] | memory = [27993, 27673, 27913, 10417]
>>>> [CONFIG: target(2), prim(dec_op)]
|13516.22|27939.38| op = [138, 81, 83, 117]| tp = [1, 1, 1, 2, ] | dp = [2, 1, 1, 2, ] | algo = [0, 0, 0, 0, ] | rc = [40, 12, 10, 0] | gpus = [2, 1, 1, 4] | micro_bs = 2 | time = [12823, 13359, 13516, 13357] | memory = [27939, 27879, 25240, 12155]
>>>> [CONFIG: target(2), prim(inc_dp)]
|12695.60|27939.38| op = [138, 81, 83, 117]| tp = [1, 1, 1, 1, ] | dp = [2, 2, 2, 2, ] | algo = [0, 0, 0, 0, ] | rc = [40, 0, 0, 0] | gpus = [2, 2, 2, 2] | micro_bs = 2 | time = [12695, 6531, 6725, 10383] | memory = [27939, 27531, 21754, 23670]
>>>> [CONFIG: target(0), prim(dec_op)]
|9233.00|27438.54| op = [105, 106, 111, 97]| tp = [1, 1, 1, 1, ] | dp = [2, 2, 2, 2, ] | algo = [0, 0, 0, 0, ] | rc = [18, 14, 4, 0] | gpus = [2, 2, 2, 2] | micro_bs = 2 | time = [9232, 9125, 8967, 8914] | memory = [27285, 24338, 27438, 20289]
>>>> [CONFIG: target(0), prim(dec_op)]
|9133.15|27788.55| op = [103, 105, 113, 98]| tp = [1, 1, 1, 1, ] | dp = [2, 2, 2, 2, ] | algo = [0, 0, 0, 0, ] | rc = [16, 14, 4, 0] | gpus = [2, 2, 2, 2] | micro_bs = 2 | time = [9004, 9133, 9121, 8925] | memory = [27503, 24468, 27788, 20289]

num_targets: [1, 1, 1, 1]
num_hops: [1, 1, 7, 7]
working on num_stages = 5
config has been saved to /home/liminglong.lml/sxz/SuperScaler/logs-large/aceso/configs/mbs/256/gpt_2_6B_5stages_2026-5-16-3-4-52.json

========== Best Result (num_stages = 5) ==========
|9066.84|27438.54| op = [54, 53, 104, 111, 97]| tp = [1, 1, 1, 1, 1, ] | dp = [1, 1, 2, 2, 2, ] | algo = [0, 0, 0, 0, 0, ] | rc = [10, 8, 14, 4, 0] | gpus = [1, 1, 2, 2, 2] | micro_bs = 2 | time = [9066, 9029, 9035, 9032, 8979] | memory = [26635, 23484, 24008, 27438, 20289]
start|18438.64|22828.38| op = [83, 83, 83, 83, 87]| tp = [2, 2, 2, 1, 1, ] | dp = [1, 1, 1, 1, 1, ] | algo = [0, 0, 0, 0, 0, ] | rc = [0, 0, 0, 0, 0] | gpus = [2, 2, 2, 1, 1] | micro_bs = 1 | time = [18438, 17827, 18145, 13546, 15816] | memory = [22691, 19278, 14753, 22828, 18082]

[ Trial 0 ] |18438.64|22828.38| op = [83, 83, 83, 83, 87]| tp = [2, 2, 2, 1, 1, ] | dp = [1, 1, 1, 1, 1, ] | algo = [0, 0, 0, 0, 0, ] | rc = [0, 0, 0, 0, 0] | gpus = [2, 2, 2, 1, 1] | micro_bs = 1 | time = [18438, 17827, 18145, 13546, 15816] | memory = [22691, 19278, 14753, 22828, 18082]
>>>> [CONFIG: target(0), prim(dec_tp)]
|17039.92|26929.62| op = [83, 83, 83, 83, 87]| tp = [1, 4, 1, 1, 1, ] | dp = [1, 1, 1, 1, 1, ] | algo = [0, 0, 0, 0, 0, ] | rc = [12, 0, 2, 0, 0] | gpus = [1, 4, 1, 1, 1] | micro_bs = 1 | time = [14725, 17039, 13363, 13510, 15780] | memory = [26377, 10569, 26929, 22828, 18082]

[ Trial 1 ] |17039.92|26929.62| op = [83, 83, 83, 83, 87]| tp = [1, 4, 1, 1, 1, ] | dp = [1, 1, 1, 1, 1, ] | algo = [0, 0, 0, 0, 0, ] | rc = [12, 0, 2, 0, 0] | gpus = [1, 4, 1, 1, 1] | micro_bs = 1 | time = [14725, 17039, 13363, 13510, 15780] | memory = [26377, 10569, 26929, 22828, 18082]
>>>> [CONFIG: target(1), prim(dec_tp)]
|18148.52|26377.08| op = [83, 83, 83, 83, 87]| tp = [1, 2, 2, 2, 1, ] | dp = [1, 1, 1, 1, 1, ] | algo = [0, 0, 0, 0, 0, ] | rc = [12, 0, 0, 0, 0] | gpus = [1, 2, 2, 2, 1] | micro_bs = 1 | time = [14764, 17831, 18148, 18032, 15820] | memory = [26377, 19278, 14753, 11854, 18082]
>>>> [CONFIG: target(2), prim(inc_mbs)]
|15113.31|27916.10| op = [83, 83, 83, 83, 87]| tp = [1, 1, 1, 1, 1, ] | dp = [1, 2, 2, 2, 1, ] | algo = [0, 0, 0, 0, 0, ] | rc = [26, 12, 2, 0, 0] | gpus = [1, 2, 2, 2, 1] | micro_bs = 2 | time = [15045, 7382, 6902, 6975, 15113] | memory = [27916, 23448, 26929, 22828, 26084]

[ Trial 2 ] |15113.31|27916.10| op = [83, 83, 83, 83, 87]| tp = [1, 1, 1, 1, 1, ] | dp = [1, 2, 2, 2, 1, ] | algo = [0, 0, 0, 0, 0, ] | rc = [26, 12, 2, 0, 0] | gpus = [1, 2, 2, 2, 1] | micro_bs = 2 | time = [15045, 7382, 6902, 6975, 15113] | memory = [27916, 23448, 26929, 22828, 26084]
>>>> [CONFIG: target(4), prim(dec_op)]
|9436.92|27054.08| op = [54, 104, 100, 113, 48]| tp = [1, 1, 1, 1, 1, ] | dp = [1, 2, 2, 2, 1, ] | algo = [0, 0, 0, 0, 0, ] | rc = [10, 16, 12, 6, 0] | gpus = [1, 2, 2, 2, 1] | micro_bs = 2 | time = [9071, 9110, 8731, 9436, 9374] | memory = [26635, 25809, 25051, 27054, 16352]

[ Trial 3 ] |9436.92|27054.08| op = [54, 104, 100, 113, 48]| tp = [1, 1, 1, 1, 1, ] | dp = [1, 2, 2, 2, 1, ] | algo = [0, 0, 0, 0, 0, ] | rc = [10, 16, 12, 6, 0] | gpus = [1, 2, 2, 2, 1] | micro_bs = 2 | time = [9071, 9110, 8731, 9436, 9374] | memory = [26635, 25809, 25051, 27054, 16352]
>>>> [CONFIG: target(3), prim(dec_dp)]
|19389.39|27953.09| op = [54, 104, 100, 113, 48]| tp = [1, 1, 1, 1, 1, ] | dp = [2, 2, 2, 1, 1, ] | algo = [0, 0, 0, 0, 0, ] | rc = [2, 16, 12, 28, 0] | gpus = [2, 2, 2, 1, 1] | micro_bs = 2 | time = [4668, 9153, 8774, 19389, 9417] | memory = [26426, 25809, 25051, 27953, 16352]
>>>> [CONFIG: target(3), prim(dec_op)]
|9324.25|27820.57| op = [99, 107, 106, 60, 47]| tp = [1, 1, 1, 1, 1, ] | dp = [2, 2, 2, 1, 1, ] | algo = [0, 0, 0, 0, 0, ] | rc = [20, 16, 16, 0, 0] | gpus = [2, 2, 2, 1, 1] | micro_bs = 2 | time = [8992, 9324, 9323, 9196, 9297] | memory = [27783, 26469, 22860, 27820, 16232]

[ Trial 4 ] |9324.25|27820.57| op = [99, 107, 106, 60, 47]| tp = [1, 1, 1, 1, 1, ] | dp = [2, 2, 2, 1, 1, ] | algo = [0, 0, 0, 0, 0, ] | rc = [20, 16, 16, 0, 0] | gpus = [2, 2, 2, 1, 1] | micro_bs = 2 | time = [8992, 9324, 9323, 9196, 9297] | memory = [27783, 26469, 22860, 27820, 16232]
>>>> [CONFIG: target(1), prim(dec_dp)]
|18692.07|27783.24| op = [99, 107, 106, 60, 47]| tp = [1, 1, 1, 1, 1, ] | dp = [2, 1, 2, 2, 1, ] | algo = [0, 0, 0, 0, 0, ] | rc = [20, 32, 16, 0, 0] | gpus = [2, 1, 2, 2, 1] | micro_bs = 2 | time = [9033, 18692, 9363, 5060, 9337] | memory = [27783, 27066, 22860, 16510, 16232]
>>>> [CONFIG: target(1), prim(dec_op)]
|9244.61|27783.24| op = [99, 56, 107, 112, 45]| tp = [1, 1, 1, 1, 1, ] | dp = [2, 1, 2, 2, 1, ] | algo = [0, 0, 0, 0, 0, ] | rc = [20, 8, 14, 4, 0] | gpus = [2, 1, 2, 2, 1] | micro_bs = 2 | time = [8990, 9199, 9234, 9182, 9244] | memory = [27783, 24185, 24543, 27758, 16182]

[ Trial 5 ] |9244.61|27783.24| op = [99, 56, 107, 112, 45]| tp = [1, 1, 1, 1, 1, ] | dp = [2, 1, 2, 2, 1, ] | algo = [0, 0, 0, 0, 0, ] | rc = [20, 8, 14, 4, 0] | gpus = [2, 1, 2, 2, 1] | micro_bs = 2 | time = [8990, 9199, 9234, 9182, 9244] | memory = [27783, 24185, 24543, 27758, 16182]
>>>> [CONFIG: target(4), prim(inc_mbs)]
|10073.87|27983.58| op = [99, 56, 107, 112, 45]| tp = [1, 1, 1, 1, 1, ] | dp = [2, 1, 2, 2, 1, ] | algo = [0, 0, 0, 0, 0, ] | rc = [38, 16, 30, 22, 0] | gpus = [2, 1, 2, 2, 1] | micro_bs = 4 | time = [9496, 10073, 9702, 9809, 9502] | memory = [27956, 27810, 27983, 27853, 25964]
>>>> [CONFIG: target(1), prim(dec_op)]
|9801.49|27956.41| op = [99, 54, 109, 109, 48]| tp = [1, 1, 1, 1, 1, ] | dp = [2, 1, 2, 2, 1, ] | algo = [0, 0, 0, 0, 0, ] | rc = [38, 16, 28, 22, 0] | gpus = [2, 1, 2, 2, 1] | micro_bs = 4 | time = [9492, 9671, 9801, 9740, 9627] | memory = [27956, 26130, 27627, 27612, 26204]
>>>> [CONFIG: target(2), prim(dec_mbs)]
|9488.61|27783.24| op = [99, 54, 109, 109, 48]| tp = [1, 1, 1, 1, 1, ] | dp = [2, 1, 2, 2, 1, ] | algo = [0, 0, 0, 0, 0, ] | rc = [20, 8, 16, 4, 0] | gpus = [2, 1, 2, 2, 1] | micro_bs = 2 | time = [8989, 8788, 9488, 9106, 9375] | memory = [27783, 23145, 23385, 27588, 16352]
>>>> [CONFIG: target(2), prim(dec_dp)]
|18710.26|27783.24| op = [99, 54, 109, 109, 48]| tp = [1, 1, 1, 1, 1, ] | dp = [2, 2, 1, 2, 1, ] | algo = [0, 0, 0, 0, 0, ] | rc = [20, 0, 28, 4, 0] | gpus = [2, 2, 1, 2, 1] | micro_bs = 2 | time = [9027, 4466, 18710, 9144, 9413] | memory = [27783, 22612, 27627, 27588, 16352]
>>>> [CONFIG: target(2), prim(dec_op)]
|9312.15|27783.24| op = [99, 105, 58, 110, 47]| tp = [1, 1, 1, 1, 1, ] | dp = [2, 2, 1, 2, 1, ] | algo = [0, 0, 0, 0, 0, ] | rc = [20, 16, 6, 4, 0] | gpus = [2, 2, 1, 2, 1] | micro_bs = 2 | time = [8990, 9121, 9312, 9152, 9295] | memory = [27783, 25869, 24282, 27708, 16232]
>>>> [CONFIG: target(2), prim(inc_dp)]
|18086.77|27956.41| op = [99, 105, 58, 110, 47]| tp = [1, 1, 1, 1, 1, ] | dp = [1, 2, 2, 2, 1, ] | algo = [0, 0, 0, 0, 0, ] | rc = [38, 16, 0, 4, 0] | gpus = [1, 2, 2, 2, 1] | micro_bs = 2 | time = [18086, 9157, 4825, 9188, 9330] | memory = [27956, 25869, 19549, 27708, 16232]
>>>> [CONFIG: target(0), prim(dec_op)]
|9242.87|27758.54| op = [54, 104, 104, 112, 45]| tp = [1, 1, 1, 1, 1, ] | dp = [1, 2, 2, 2, 1, ] | algo = [0, 0, 0, 0, 0, ] | rc = [10, 16, 14, 4, 0] | gpus = [1, 2, 2, 2, 1] | micro_bs = 2 | time = [9070, 9109, 9018, 9180, 9242] | memory = [26635, 25809, 23948, 27758, 16182]

[ Trial 6 ] |9242.87|27758.54| op = [54, 104, 104, 112, 45]| tp = [1, 1, 1, 1, 1, ] | dp = [1, 2, 2, 2, 1, ] | algo = [0, 0, 0, 0, 0, ] | rc = [10, 16, 14, 4, 0] | gpus = [1, 2, 2, 2, 1] | micro_bs = 2 | time = [9070, 9109, 9018, 9180, 9242] | memory = [26635, 25809, 23948, 27758, 16182]
>>>> [CONFIG: target(4), prim(inc_mbs)]
|10318.04|27873.98| op = [54, 104, 104, 112, 45]| tp = [1, 1, 1, 1, 1, ] | dp = [1, 2, 2, 2, 1, ] | algo = [0, 0, 0, 0, 0, ] | rc = [24, 32, 26, 22, 0] | gpus = [1, 2, 2, 2, 1] | micro_bs = 4 | time = [10318, 9583, 9366, 9809, 9502] | memory = [27830, 27873, 27673, 27853, 25964]
>>>> [CONFIG: target(0), prim(dec_op)]
|9741.14|27983.58| op = [50, 105, 107, 109, 48]| tp = [1, 1, 1, 1, 1, ] | dp = [1, 2, 2, 2, 1, ] | algo = [0, 0, 0, 0, 0, ] | rc = [20, 32, 30, 22, 0] | gpus = [1, 2, 2, 2, 1] | micro_bs = 4 | time = [9656, 9648, 9699, 9741, 9627] | memory = [27530, 26706, 27983, 27612, 26204]
>>>> [CONFIG: target(3), prim(inc_dp)]
|21905.21|27788.25| op = [50, 105, 107, 109, 48]| tp = [1, 1, 1, 1, 1, ] | dp = [1, 1, 1, 4, 1, ] | algo = [0, 0, 0, 0, 0, ] | rc = [20, 81, 90, 4, 0] | gpus = [1, 1, 1, 4, 1] | micro_bs = 4 | time = [9954, 21905, 21517, 5355, 9925] | memory = [27530, 27330, 27788, 27588, 26204]
>>>> [CONFIG: target(1), prim(inc_dp)]
|21324.50|27788.25| op = [50, 105, 107, 109, 48]| tp = [1, 1, 1, 1, 1, ] | dp = [2, 2, 1, 2, 1, ] | algo = [0, 0, 0, 0, 0, ] | rc = [8, 32, 90, 22, 0] | gpus = [2, 2, 1, 2, 1] | micro_bs = 4 | time = [4885, 9753, 21324, 9846, 9733] | memory = [27533, 26706, 27788, 27612, 26204]
>>>> [CONFIG: target(2), prim(dec_mbs)]
|18502.23|27983.58| op = [50, 105, 107, 109, 48]| tp = [1, 1, 1, 1, 1, ] | dp = [2, 2, 1, 2, 1, ] | algo = [0, 0, 0, 0, 0, ] | rc = [0, 16, 30, 4, 0] | gpus = [2, 2, 1, 2, 1] | micro_bs = 2 | time = [4375, 9216, 18502, 9143, 9412] | memory = [27955, 26089, 27983, 27588, 16352]
>>>> [CONFIG: target(2), prim(inc_dp)]
|9372.73|27588.51| op = [50, 105, 107, 109, 48]| tp = [1, 1, 1, 1, 1, ] | dp = [1, 2, 2, 2, 1, ] | algo = [0, 0, 0, 0, 0, ] | rc = [8, 16, 14, 4, 0] | gpus = [1, 2, 2, 2, 1] | micro_bs = 2 | time = [8546, 9176, 9230, 9103, 9372] | memory = [27533, 26089, 24543, 27588, 16352]
>>>> [CONFIG: target(4), prim(dec_op)]
|9240.98|27758.54| op = [50, 105, 107, 112, 45]| tp = [1, 1, 1, 1, 1, ] | dp = [1, 2, 2, 2, 1, ] | algo = [0, 0, 0, 0, 0, ] | rc = [8, 16, 14, 4, 0] | gpus = [1, 2, 2, 2, 1] | micro_bs = 2 | time = [8545, 9176, 9230, 9178, 9240] | memory = [27533, 26089, 24543, 27758, 16182]

[ Trial 7 ] |9240.98|27758.54| op = [50, 105, 107, 112, 45]| tp = [1, 1, 1, 1, 1, ] | dp = [1, 2, 2, 2, 1, ] | algo = [0, 0, 0, 0, 0, ] | rc = [8, 16, 14, 4, 0] | gpus = [1, 2, 2, 2, 1] | micro_bs = 2 | time = [8545, 9176, 9230, 9178, 9240] | memory = [27533, 26089, 24543, 27758, 16182]
>>>> [CONFIG: target(4), prim(inc_mbs)]
|9805.27|27983.58| op = [50, 105, 107, 112, 45]| tp = [1, 1, 1, 1, 1, ] | dp = [1, 2, 2, 2, 1, ] | algo = [0, 0, 0, 0, 0, ] | rc = [20, 32, 30, 22, 0] | gpus = [1, 2, 2, 2, 1] | micro_bs = 4 | time = [9655, 9647, 9698, 9805, 9498] | memory = [27530, 26706, 27983, 27853, 25964]
>>>> [CONFIG: target(3), prim(inc_dp)]
|21903.76|27788.25| op = [50, 105, 107, 112, 45]| tp = [1, 1, 1, 1, 1, ] | dp = [1, 1, 1, 4, 1, ] | algo = [0, 0, 0, 0, 0, ] | rc = [20, 81, 90, 4, 0] | gpus = [1, 1, 1, 4, 1] | micro_bs = 4 | time = [9953, 21903, 21515, 5390, 9795] | memory = [27530, 27330, 27788, 27758, 25964]
>>>> [CONFIG: target(1), prim(inc_mbs)]
|23199.47|34736.33| op = [50, 105, 107, 112, 45]| tp = [1, 1, 1, 1, 1, ] | dp = [1, 1, 1, 4, 1, ] | algo = [0, 0, 0, 0, 0, ] | rc = [48, 105, 107, 22, 41] | gpus = [1, 1, 1, 4, 1] | micro_bs = 8 | time = [12057, 22820, 23199, 6634, 13024] | memory = [29297, 34736, 33096, 27853, 27976]
>>>> [CONFIG: target(1), prim(inc_dp)]
|22839.40|33096.62| op = [50, 105, 107, 112, 45]| tp = [1, 1, 1, 1, 1, ] | dp = [1, 2, 1, 2, 2, ] | algo = [0, 0, 0, 0, 0, ] | rc = [48, 81, 107, 56, 0] | gpus = [1, 2, 1, 2, 2] | micro_bs = 8 | time = [11697, 12081, 22839, 12033, 6123] | memory = [29297, 27330, 33096, 27970, 25964]
>>>> [CONFIG: target(2), prim(dec_mbs)]
|21331.46|27853.05| op = [50, 105, 107, 112, 45]| tp = [1, 1, 1, 1, 1, ] | dp = [1, 2, 1, 2, 2, ] | algo = [0, 0, 0, 0, 0, ] | rc = [20, 32, 90, 22, 0] | gpus = [1, 2, 1, 2, 2] | micro_bs = 4 | time = [9768, 9760, 21331, 9918, 5237] | memory = [27530, 26706, 27788, 27853, 16182]
>>>> [CONFIG: target(2), prim(dec_mbs)]
|18501.54|27983.58| op = [50, 105, 107, 112, 45]| tp = [1, 1, 1, 1, 1, ] | dp = [1, 2, 1, 2, 2, ] | algo = [0, 0, 0, 0, 0, ] | rc = [8, 16, 30, 4, 0] | gpus = [1, 2, 1, 2, 2] | micro_bs = 2 | time = [8584, 9215, 18501, 9217, 5037] | memory = [27533, 26089, 27983, 27758, 11281]
>>>> [CONFIG: target(2), prim(dec_op)]
|9101.25|27588.51| op = [52, 103, 55, 109, 100]| tp = [1, 1, 1, 1, 1, ] | dp = [1, 2, 1, 2, 2, ] | algo = [0, 0, 0, 0, 0, ] | rc = [10, 16, 6, 4, 0] | gpus = [1, 2, 1, 2, 2] | micro_bs = 2 | time = [9016, 8964, 8956, 9101, 9054] | memory = [26385, 25369, 23582, 27588, 20436]

[ Trial 8 ] |9101.25|27588.51| op = [52, 103, 55, 109, 100]| tp = [1, 1, 1, 1, 1, ] | dp = [1, 2, 1, 2, 2, ] | algo = [0, 0, 0, 0, 0, ] | rc = [10, 16, 6, 4, 0] | gpus = [1, 2, 1, 2, 2] | micro_bs = 2 | time = [9016, 8964, 8956, 9101, 9054] | memory = [26385, 25369, 23582, 27588, 20436]
>>>> [CONFIG: target(3), prim(dec_dp)]
|18584.01|27612.99| op = [52, 103, 55, 109, 100]| tp = [1, 1, 1, 1, 1, ] | dp = [2, 2, 1, 1, 2, ] | algo = [0, 0, 0, 0, 0, ] | rc = [2, 16, 6, 22, 0] | gpus = [2, 2, 1, 1, 2] | micro_bs = 2 | time = [4630, 9003, 8996, 18584, 9093] | memory = [26301, 25369, 23582, 27612, 20436]
>>>> [CONFIG: target(3), prim(inc_tp)]
|21461.26|26385.32| op = [52, 103, 55, 109, 100]| tp = [1, 1, 1, 2, 1, ] | dp = [1, 2, 1, 1, 2, ] | algo = [0, 0, 0, 0, 0, ] | rc = [10, 16, 6, 0, 0] | gpus = [1, 2, 1, 2, 2] | micro_bs = 2 | time = [9113, 9060, 9053, 21461, 9150] | memory = [26385, 25369, 23582, 25526, 20436]
>>>> [CONFIG: target(3), prim(dec_op)]
|11062.35|27895.15| op = [55, 121, 65, 53, 125]| tp = [1, 1, 1, 2, 1, ] | dp = [1, 2, 1, 1, 2, ] | algo = [0, 0, 0, 0, 0, ] | rc = [10, 28, 10, 0, 0] | gpus = [1, 2, 1, 2, 2] | micro_bs = 2 | time = [9424, 11015, 10871, 10928, 11062] | memory = [27235, 27895, 23212, 12566, 25058]
>>>> [CONFIG: target(4), prim(dec_op)]
|10962.22|27973.72| op = [58, 122, 65, 52, 122]| tp = [1, 1, 1, 2, 1, ] | dp = [1, 2, 1, 1, 2, ] | algo = [0, 0, 0, 0, 0, ] | rc = [17, 24, 10, 0, 0] | gpus = [1, 2, 1, 2, 2] | micro_bs = 2 | time = [10812, 10962, 10954, 10556, 10901] | memory = [27875, 27973, 23392, 12536, 24573]
>>>> [CONFIG: target(1), prim(inc_tp)]
|22095.70|27875.47| op = [58, 122, 65, 52, 122]| tp = [1, 2, 1, 1, 1, ] | dp = [1, 2, 1, 1, 1, ] | algo = [0, 0, 0, 0, 0, ] | rc = [17, 0, 10, 0, 18] | gpus = [1, 4, 1, 1, 1] | micro_bs = 2 | time = [10901, 13563, 11042, 8258, 22095] | memory = [27875, 26825, 23392, 23912, 26010]
>>>> [CONFIG: target(4), prim(inc_dp)]
|10914.58|27973.72| op = [58, 122, 65, 52, 122]| tp = [1, 1, 1, 1, 1, ] | dp = [1, 2, 1, 2, 2, ] | algo = [0, 0, 0, 0, 0, ] | rc = [17, 24, 10, 0, 0] | gpus = [1, 2, 1, 2, 2] | micro_bs = 2 | time = [10765, 10914, 10906, 4458, 10853] | memory = [27875, 27973, 23392, 14356, 24573]
>>>> [CONFIG: target(1), prim(dec_op)]
|9084.44|27438.54| op = [54, 103, 54, 111, 97]| tp = [1, 1, 1, 1, 1, ] | dp = [1, 2, 1, 2, 2, ] | algo = [0, 0, 0, 0, 0, ] | rc = [10, 16, 4, 4, 0] | gpus = [1, 2, 1, 2, 2] | micro_bs = 2 | time = [9064, 9084, 8688, 9030, 8977] | memory = [26635, 25768, 26728, 27438, 20289]

[ Trial 9 ] |9084.44|27438.54| op = [54, 103, 54, 111, 97]| tp = [1, 1, 1, 1, 1, ] | dp = [1, 2, 1, 2, 2, ] | algo = [0, 0, 0, 0, 0, ] | rc = [10, 16, 4, 4, 0] | gpus = [1, 2, 1, 2, 2] | micro_bs = 2 | time = [9064, 9084, 8688, 9030, 8977] | memory = [26635, 25768, 26728, 27438, 20289]
>>>> [CONFIG: target(1), prim(dec_mbs)]
|23485.20|26426.76| op = [54, 103, 54, 111, 97]| tp = [1, 2, 1, 2, 2, ] | dp = [1, 1, 1, 1, 1, ] | algo = [0, 0, 0, 0, 0, ] | rc = [2, 0, 0, 0, 0] | gpus = [1, 2, 1, 2, 2] | micro_bs = 1 | time = [8924, 22419, 8822, 23485, 22561] | memory = [26426, 22952, 18794, 15188, 10417]
>>>> [CONFIG: target(3), prim(dec_tp)]
|22551.68|27438.54| op = [54, 103, 54, 111, 97]| tp = [2, 2, 1, 1, 2, ] | dp = [1, 1, 1, 1, 1, ] | algo = [0, 0, 0, 0, 0, ] | rc = [0, 0, 0, 4, 0] | gpus = [2, 2, 1, 1, 2] | micro_bs = 1 | time = [12033, 22409, 8812, 17770, 22551] | memory = [15165, 22952, 18794, 27438, 10417]
>>>> [CONFIG: target(4), prim(inc_tp)]
|21338.59|27438.54| op = [54, 103, 54, 111, 97]| tp = [1, 1, 1, 1, 4, ] | dp = [1, 1, 1, 1, 1, ] | algo = [0, 0, 0, 0, 0, ] | rc = [2, 16, 0, 4, 0] | gpus = [1, 1, 1, 1, 4] | micro_bs = 1 | time = [8879, 17845, 8777, 17736, 21338] | memory = [26426, 25768, 18794, 27438, 5481]
>>>> [CONFIG: target(4), prim(inc_mbs)]
|18585.70|27793.86| op = [54, 103, 54, 111, 97]| tp = [1, 1, 1, 1, 2, ] | dp = [1, 1, 1, 1, 2, ] | algo = [0, 0, 0, 0, 0, ] | rc = [10, 32, 4, 22, 0] | gpus = [1, 1, 1, 1, 4] | micro_bs = 2 | time = [9229, 18348, 8852, 18585, 11576] | memory = [26635, 27793, 26728, 27513, 10417]
>>>> [CONFIG: target(3), prim(inc_dp)]
|18222.76|27793.86| op = [54, 103, 54, 111, 97]| tp = [1, 1, 1, 1, 1, ] | dp = [1, 1, 2, 2, 2, ] | algo = [0, 0, 0, 0, 0, ] | rc = [10, 32, 0, 4, 0] | gpus = [1, 1, 2, 2, 2] | micro_bs = 2 | time = [9103, 18222, 4607, 9069, 9016] | memory = [26635, 27793, 18794, 27438, 20289]
>>>> [CONFIG: target(1), prim(dec_op)]
|9066.84|27438.54| op = [54, 53, 104, 111, 97]| tp = [1, 1, 1, 1, 1, ] | dp = [1, 1, 2, 2, 2, ] | algo = [0, 0, 0, 0, 0, ] | rc = [10, 8, 14, 4, 0] | gpus = [1, 1, 2, 2, 2] | micro_bs = 2 | time = [9066, 9029, 9035, 9032, 8979] | memory = [26635, 23484, 24008, 27438, 20289]
search time = 200.03 s.  [0, 1, 2, 15, 71, 75, 152, 163, 187, 205] 
num_explored_cases = 14249
time trend: [24199, 9559, 9146, 9133, 9133, 9133, 9133, 9146, 9146, 9208]


num_targets: [1, 1, 1, 1, 1, 1, 1, 1, 1, 1]
num_hops: [1, 2, 1, 2, 2, 7, 7, 7, 7, 6]
search time = 200.02 s.  [0, 1, 2, 3, 4, 5, 6, 11, 53, 72, 94, 207] 
num_explored_cases = 12999
time trend: [18438, 17039, 15113, 9436, 9324, 9244, 9242, 9240, 9101, 9084, 9066, 9066]

working on num_stages = 7
config has been saved to /home/liminglong.lml/sxz/SuperScaler/logs-large/aceso/configs/mbs/256/gpt_2_6B_7stages_2026-5-16-3-4-52.json

========== Best Result (num_stages = 7) ==========
|9189.81|27961.61| op = [50, 52, 52, 52, 56, 57, 100]| tp = [1, 1, 1, 1, 1, 1, 1, ] | dp = [1, 1, 1, 1, 1, 1, 2, ] | algo = [0, 0, 0, 0, 0, 0, 0, ] | rc = [12, 10, 8, 8, 6, 0, 0] | gpus = [1, 1, 1, 1, 1, 1, 2] | micro_bs = 2 | time = [8974, 9091, 8941, 8941, 9137, 9189, 9186] | memory = [27813, 27961, 26853, 23185, 23822, 27580, 20436]
start|13070.11|26246.72| op = [59, 59, 59, 59, 59, 59, 65]| tp = [2, 1, 1, 1, 1, 1, 1, ] | dp = [1, 1, 1, 1, 1, 1, 1, ] | algo = [0, 0, 0, 0, 0, 0, 0, ] | rc = [0, 4, 4, 0, 0, 0, 0] | gpus = [2, 1, 1, 1, 1, 1, 1] | micro_bs = 1 | time = [13070, 9655, 9987, 9236, 9619, 9530, 12576] | memory = [22786, 26132, 26246, 23872, 21495, 15686, 14500]

[ Trial 0 ] |13070.11|26246.72| op = [59, 59, 59, 59, 59, 59, 65]| tp = [2, 1, 1, 1, 1, 1, 1, ] | dp = [1, 1, 1, 1, 1, 1, 1, ] | algo = [0, 0, 0, 0, 0, 0, 0, ] | rc = [0, 4, 4, 0, 0, 0, 0] | gpus = [2, 1, 1, 1, 1, 1, 1] | micro_bs = 1 | time = [13070, 9655, 9987, 9236, 9619, 9530, 12576] | memory = [22786, 26132, 26246, 23872, 21495, 15686, 14500]
>>>> [CONFIG: target(0), prim(dec_tp)]
|12670.39|26246.72| op = [59, 59, 59, 59, 59, 59, 65]| tp = [1, 1, 1, 2, 1, 1, 1, ] | dp = [1, 1, 1, 1, 1, 1, 1, ] | algo = [0, 0, 0, 0, 0, 0, 0, ] | rc = [10, 4, 4, 0, 0, 0, 0] | gpus = [1, 1, 1, 2, 1, 1, 1] | micro_bs = 1 | time = [10698, 9659, 9991, 12670, 9623, 9535, 12580] | memory = [23779, 26132, 26246, 12656, 21495, 15686, 14500]

[ Trial 1 ] |12670.39|26246.72| op = [59, 59, 59, 59, 59, 59, 65]| tp = [1, 1, 1, 2, 1, 1, 1, ] | dp = [1, 1, 1, 1, 1, 1, 1, ] | algo = [0, 0, 0, 0, 0, 0, 0, ] | rc = [10, 4, 4, 0, 0, 0, 0] | gpus = [1, 1, 1, 2, 1, 1, 1] | micro_bs = 1 | time = [10698, 9659, 9991, 12670, 9623, 9535, 12580] | memory = [23779, 26132, 26246, 12656, 21495, 15686, 14500]
>>>> [CONFIG: target(3), prim(dec_tp)]
|12934.58|26246.72| op = [59, 59, 59, 59, 59, 59, 65]| tp = [1, 1, 1, 1, 2, 1, 1, ] | dp = [1, 1, 1, 1, 1, 1, 1, ] | algo = [0, 0, 0, 0, 0, 0, 0, ] | rc = [10, 4, 4, 0, 0, 0, 0] | gpus = [1, 1, 1, 1, 2, 1, 1] | micro_bs = 1 | time = [10697, 9659, 9990, 9240, 12934, 9534, 12580] | memory = [23779, 26132, 26246, 23872, 11235, 15686, 14500]
>>>> [CONFIG: target(4), prim(dec_op)]
|10930.46|27800.66| op = [59, 61, 62, 65, 50, 67, 55]| tp = [1, 1, 1, 1, 2, 1, 1, ] | dp = [1, 1, 1, 1, 1, 1, 1, ] | algo = [0, 0, 0, 0, 0, 0, 0, ] | rc = [10, 6, 6, 0, 0, 0, 0] | gpus = [1, 1, 1, 1, 2, 1, 1] | micro_bs = 1 | time = [10697, 10211, 10619, 10420, 10875, 10842, 10930] | memory = [23779, 23216, 24391, 27800, 9362, 18100, 12613]

[ Trial 2 ] |10930.46|27800.66| op = [59, 61, 62, 65, 50, 67, 55]| tp = [1, 1, 1, 1, 2, 1, 1, ] | dp = [1, 1, 1, 1, 1, 1, 1, ] | algo = [0, 0, 0, 0, 0, 0, 0, ] | rc = [10, 6, 6, 0, 0, 0, 0] | gpus = [1, 1, 1, 1, 2, 1, 1] | micro_bs = 1 | time = [10697, 10211, 10619, 10420, 10875, 10842, 10930] | memory = [23779, 23216, 24391, 27800, 9362, 18100, 12613]
>>>> [CONFIG: target(6), prim(inc_mbs)]
|10983.08|27889.86| op = [59, 61, 62, 65, 50, 67, 55]| tp = [1, 1, 1, 1, 1, 1, 1, ] | dp = [1, 1, 1, 1, 2, 1, 1, ] | algo = [0, 0, 0, 0, 0, 0, 0, ] | rc = [18, 12, 14, 10, 0, 4, 0] | gpus = [1, 1, 1, 1, 2, 1, 1] | micro_bs = 2 | time = [10899, 10368, 10979, 10983, 4400, 10851, 10626] | memory = [26540, 27889, 26955, 27713, 17854, 26344, 18446]
>>>> [CONFIG: target(3), prim(dec_op)]
|9821.30|27813.85| op = [50, 51, 52, 52, 105, 61, 48]| tp = [1, 1, 1, 1, 1, 1, 1, ] | dp = [1, 1, 1, 1, 2, 1, 1, ] | algo = [0, 0, 0, 0, 0, 0, 0, ] | rc = [12, 10, 8, 8, 14, 2, 0] | gpus = [1, 1, 1, 1, 2, 1, 1] | micro_bs = 2 | time = [8979, 8735, 8870, 8870, 9332, 9821, 9507] | memory = [27813, 27081, 26553, 22944, 24468, 27248, 16352]

[ Trial 3 ] |9821.30|27813.85| op = [50, 51, 52, 52, 105, 61, 48]| tp = [1, 1, 1, 1, 1, 1, 1, ] | dp = [1, 1, 1, 1, 2, 1, 1, ] | algo = [0, 0, 0, 0, 0, 0, 0, ] | rc = [12, 10, 8, 8, 14, 2, 0] | gpus = [1, 1, 1, 1, 2, 1, 1] | micro_bs = 2 | time = [8979, 8735, 8870, 8870, 9332, 9821, 9507] | memory = [27813, 27081, 26553, 22944, 24468, 27248, 16352]
>>>> [CONFIG: target(5), prim(dec_op)]
|9376.36|27961.61| op = [50, 52, 53, 53, 104, 62, 45]| tp = [1, 1, 1, 1, 1, 1, 1, ] | dp = [1, 1, 1, 1, 2, 1, 1, ] | algo = [0, 0, 0, 0, 0, 0, 0, ] | rc = [12, 10, 8, 8, 14, 0, 0] | gpus = [1, 1, 1, 1, 2, 1, 1] | micro_bs = 2 | time = [8980, 9096, 8996, 9221, 9151, 9376, 9376] | memory = [27813, 27961, 27253, 23664, 23948, 27920, 16182]

[ Trial 4 ] |9376.36|27961.61| op = [50, 52, 53, 53, 104, 62, 45]| tp = [1, 1, 1, 1, 1, 1, 1, ] | dp = [1, 1, 1, 1, 2, 1, 1, ] | algo = [0, 0, 0, 0, 0, 0, 0, ] | rc = [12, 10, 8, 8, 14, 0, 0] | gpus = [1, 1, 1, 1, 2, 1, 1] | micro_bs = 2 | time = [8980, 9096, 8996, 9221, 9151, 9376, 9376] | memory = [27813, 27961, 27253, 23664, 23948, 27920, 16182]
>>>> [CONFIG: target(6), prim(inc_mbs)]
|11313.92|27921.25| op = [50, 52, 53, 53, 104, 62, 45]| tp = [1, 1, 1, 1, 1, 1, 1, ] | dp = [1, 1, 1, 1, 2, 1, 1, ] | algo = [0, 0, 0, 0, 0, 0, 0, ] | rc = [29, 25, 22, 16, 26, 18, 0] | gpus = [1, 1, 1, 1, 2, 1, 1] | micro_bs = 4 | time = [10708, 10631, 10432, 10304, 9693, 11313, 9829] | memory = [27511, 27891, 27850, 26769, 27673, 27921, 25964]
>>>> [CONFIG: target(5), prim(dec_op)]
|10461.08|27920.99| op = [49, 51, 53, 54, 108, 56, 48]| tp = [1, 1, 1, 1, 1, 1, 1, ] | dp = [1, 1, 1, 1, 2, 1, 1, ] | algo = [0, 0, 0, 0, 0, 0, 0, ] | rc = [24, 24, 20, 16, 28, 12, 0] | gpus = [1, 1, 1, 1, 2, 1, 1] | micro_bs = 4 | time = [10052, 10461, 10227, 10334, 10093, 10431, 9938] | memory = [27811, 27890, 27250, 27409, 27407, 27920, 26204]
>>>> [CONFIG: target(1), prim(dec_mbs)]
|9618.88|27481.30| op = [49, 51, 53, 54, 108, 56, 48]| tp = [1, 1, 1, 1, 1, 1, 1, ] | dp = [1, 1, 1, 1, 2, 1, 1, ] | algo = [0, 0, 0, 0, 0, 0, 0, ] | rc = [12, 10, 8, 8, 16, 0, 0] | gpus = [1, 1, 1, 1, 2, 1, 1] | micro_bs = 2 | time = [8616, 8981, 8883, 9278, 9618, 8939, 9504] | memory = [26853, 27481, 26553, 23984, 23213, 27240, 16352]
>>>> [CONFIG: target(4), prim(dec_dp)]
|18802.01|27481.30| op = [49, 51, 53, 54, 108, 56, 48]| tp = [1, 1, 1, 1, 1, 1, 1, ] | dp = [1, 1, 2, 1, 1, 1, 1, ] | algo = [0, 0, 0, 0, 0, 0, 0, ] | rc = [12, 10, 0, 8, 28, 0, 0] | gpus = [1, 1, 2, 1, 1, 1, 1] | micro_bs = 2 | time = [8654, 9019, 4577, 9315, 18802, 8977, 9542] | memory = [26853, 27481, 26620, 23984, 27407, 27240, 16352]
>>>> [CONFIG: target(4), prim(dec_op)]
|9439.10|27898.28| op = [49, 51, 102, 56, 57, 57, 47]| tp = [1, 1, 1, 1, 1, 1, 1, ] | dp = [1, 1, 2, 1, 1, 1, 1, ] | algo = [0, 0, 0, 0, 0, 0, 0, ] | rc = [12, 10, 20, 8, 6, 0, 0] | gpus = [1, 1, 2, 1, 1, 1, 1] | micro_bs = 2 | time = [8618, 8984, 9315, 9363, 9439, 9023, 9426] | memory = [26853, 27481, 27898, 24045, 24302, 27380, 16232]
>>>> [CONFIG: target(4), prim(inc_dp)]
|18566.99|27976.48| op = [49, 51, 102, 56, 57, 57, 47]| tp = [1, 1, 1, 1, 1, 1, 1, ] | dp = [1, 1, 1, 1, 2, 1, 1, ] | algo = [0, 0, 0, 0, 0, 0, 0, ] | rc = [12, 10, 36, 8, 0, 0, 0] | gpus = [1, 1, 1, 1, 2, 1, 1] | micro_bs = 2 | time = [8656, 9021, 18566, 9400, 4972, 9060, 9463] | memory = [26853, 27481, 27976, 24045, 19509, 27380, 16232]
>>>> [CONFIG: target(2), prim(dec_op)]
|9374.30|27753.40| op = [49, 51, 55, 55, 105, 59, 45]| tp = [1, 1, 1, 1, 1, 1, 1, ] | dp = [1, 1, 1, 1, 2, 1, 1, ] | algo = [0, 0, 0, 0, 0, 0, 0, ] | rc = [12, 10, 8, 8, 14, 0, 0] | gpus = [1, 1, 1, 1, 2, 1, 1] | micro_bs = 2 | time = [8617, 8982, 9294, 9269, 9314, 9071, 9374] | memory = [26853, 27481, 27753, 23865, 24338, 27480, 16182]

[ Trial 5 ] |9374.30|27753.40| op = [49, 51, 55, 55, 105, 59, 45]| tp = [1, 1, 1, 1, 1, 1, 1, ] | dp = [1, 1, 1, 1, 2, 1, 1, ] | algo = [0, 0, 0, 0, 0, 0, 0, ] | rc = [12, 10, 8, 8, 14, 0, 0] | gpus = [1, 1, 1, 1, 2, 1, 1] | micro_bs = 2 | time = [8617, 8982, 9294, 9269, 9314, 9071, 9374] | memory = [26853, 27481, 27753, 23865, 24338, 27480, 16182]
>>>> [CONFIG: target(6), prim(inc_mbs)]
|10916.00|27981.12| op = [49, 51, 55, 55, 105, 59, 45]| tp = [1, 1, 1, 1, 1, 1, 1, ] | dp = [1, 1, 1, 1, 2, 1, 1, ] | algo = [0, 0, 0, 0, 0, 0, 0, ] | rc = [24, 24, 24, 16, 28, 14, 0] | gpus = [1, 1, 1, 1, 2, 1, 1] | micro_bs = 4 | time = [10062, 10470, 10915, 10340, 9899, 10709, 9819] | memory = [27811, 27890, 27650, 27170, 27913, 27981, 25964]
>>>> [CONFIG: target(2), prim(inc_dp)]
|21508.17|27989.18| op = [49, 51, 55, 55, 105, 59, 45]| tp = [1, 1, 1, 1, 1, 1, 1, ] | dp = [1, 1, 2, 1, 1, 1, 1, ] | algo = [0, 0, 0, 0, 0, 0, 0, ] | rc = [24, 24, 8, 16, 77, 14, 0] | gpus = [1, 1, 2, 1, 1, 1, 1] | micro_bs = 4 | time = [10157, 10566, 5500, 10435, 21508, 10804, 9914] | memory = [27811, 27890, 27753, 27170, 27989, 27981, 25964]
>>>> [CONFIG: target(4), prim(dec_op)]
|10847.69|27980.99| op = [49, 51, 102, 52, 60, 57, 48]| tp = [1, 1, 1, 1, 1, 1, 1, ] | dp = [1, 1, 2, 1, 1, 1, 1, ] | algo = [0, 0, 0, 0, 0, 0, 0, ] | rc = [24, 24, 36, 16, 16, 14, 0] | gpus = [1, 1, 2, 1, 1, 1, 1] | micro_bs = 4 | time = [10059, 10468, 9983, 9943, 10796, 10847, 9945] | memory = [27811, 27890, 27976, 25729, 27901, 27980, 26204]
>>>> [CONFIG: target(5), prim(inc_dp)]
|21931.53|27901.86| op = [49, 51, 102, 52, 60, 57, 48]| tp = [1, 1, 1, 1, 1, 1, 1, ] | dp = [1, 1, 1, 1, 1, 2, 1, ] | algo = [0, 0, 0, 0, 0, 0, 0, ] | rc = [24, 24, 94, 16, 16, 0, 0] | gpus = [1, 1, 1, 1, 1, 2, 1] | micro_bs = 4 | time = [10160, 10569, 21931, 10044, 10897, 5453, 10046] | memory = [27811, 27890, 23908, 25729, 27901, 27580, 26204]
>>>> [CONFIG: target(2), prim(dec_op)]
|10361.75|27850.48| op = [49, 49, 54, 55, 55, 109, 48]| tp = [1, 1, 1, 1, 1, 1, 1, ] | dp = [1, 1, 1, 1, 1, 2, 1, ] | algo = [0, 0, 0, 0, 0, 0, 0, ] | rc = [24, 24, 20, 16, 14, 22, 0] | gpus = [1, 1, 1, 1, 1, 2, 1] | micro_bs = 4 | time = [10047, 10361, 10305, 10342, 10179, 10047, 9933] | memory = [27811, 27190, 27850, 27410, 26861, 27612, 26204]
>>>> [CONFIG: target(1), prim(dec_mbs)]
|9503.04|27588.51| op = [49, 49, 54, 55, 55, 109, 48]| tp = [1, 1, 1, 1, 1, 1, 1, ] | dp = [1, 1, 1, 1, 1, 2, 1, ] | algo = [0, 0, 0, 0, 0, 0, 0, ] | rc = [12, 10, 8, 8, 6, 4, 0] | gpus = [1, 1, 1, 1, 1, 2, 1] | micro_bs = 2 | time = [8614, 8884, 8961, 9291, 9089, 9234, 9503] | memory = [26853, 27081, 26903, 23985, 23582, 27588, 16352]
>>>> [CONFIG: target(6), prim(dec_op)]
|9371.29|27758.54| op = [49, 49, 54, 55, 55, 112, 45]| tp = [1, 1, 1, 1, 1, 1, 1, ] | dp = [1, 1, 1, 1, 1, 2, 1, ] | algo = [0, 0, 0, 0, 0, 0, 0, ] | rc = [12, 10, 8, 8, 6, 4, 0] | gpus = [1, 1, 1, 1, 1, 2, 1] | micro_bs = 2 | time = [8614, 8884, 8961, 9291, 9089, 9308, 9371] | memory = [26853, 27081, 26903, 23985, 23582, 27758, 16182]

[ Trial 6 ] |9371.29|27758.54| op = [49, 49, 54, 55, 55, 112, 45]| tp = [1, 1, 1, 1, 1, 1, 1, ] | dp = [1, 1, 1, 1, 1, 2, 1, ] | algo = [0, 0, 0, 0, 0, 0, 0, ] | rc = [12, 10, 8, 8, 6, 4, 0] | gpus = [1, 1, 1, 1, 1, 2, 1] | micro_bs = 2 | time = [8614, 8884, 8961, 9291, 9089, 9308, 9371] | memory = [26853, 27081, 26903, 23985, 23582, 27758, 16182]
>>>> [CONFIG: target(6), prim(inc_mbs)]
|10360.74|27853.05| op = [49, 49, 54, 55, 55, 112, 45]| tp = [1, 1, 1, 1, 1, 1, 1, ] | dp = [1, 1, 1, 1, 1, 2, 1, ] | algo = [0, 0, 0, 0, 0, 0, 0, ] | rc = [24, 24, 20, 16, 14, 22, 0] | gpus = [1, 1, 1, 1, 1, 2, 1] | micro_bs = 4 | time = [10046, 10360, 10304, 10341, 10178, 10111, 9804] | memory = [27811, 27190, 27850, 27410, 26861, 27853, 25964]
>>>> [CONFIG: target(1), prim(inc_dp)]
|21918.39|27970.11| op = [49, 49, 54, 55, 55, 112, 45]| tp = [1, 1, 1, 1, 1, 1, 1, ] | dp = [1, 2, 1, 1, 1, 1, 1, ] | algo = [0, 0, 0, 0, 0, 0, 0, ] | rc = [24, 10, 20, 16, 14, 56, 0] | gpus = [1, 2, 1, 1, 1, 1, 1] | micro_bs = 4 | time = [10150, 5292, 10408, 10445, 10282, 21918, 9907] | memory = [27811, 27081, 27850, 27410, 26861, 27970, 25964]
>>>> [CONFIG: target(5), prim(dec_mbs)]
|18849.55|27853.05| op = [49, 49, 54, 55, 55, 112, 45]| tp = [1, 1, 1, 1, 1, 1, 1, ] | dp = [1, 2, 1, 1, 1, 1, 1, ] | algo = [0, 0, 0, 0, 0, 0, 0, ] | rc = [12, 4, 8, 8, 6, 22, 0] | gpus = [1, 2, 1, 1, 1, 1, 1] | micro_bs = 2 | time = [8655, 4674, 9002, 9332, 9130, 18849, 9412] | memory = [26853, 24082, 26903, 23985, 23582, 27853, 16182]
>>>> [CONFIG: target(5), prim(inc_tp)]
|22055.66|27081.30| op = [49, 49, 54, 55, 55, 112, 45]| tp = [1, 1, 1, 1, 1, 2, 1, ] | dp = [1, 1, 1, 1, 1, 1, 1, ] | algo = [0, 0, 0, 0, 0, 0, 0, ] | rc = [12, 10, 8, 8, 6, 0, 0] | gpus = [1, 1, 1, 1, 1, 2, 1] | micro_bs = 2 | time = [8713, 8983, 9060, 9390, 9188, 22055, 9470] | memory = [26853, 27081, 26903, 23985, 23582, 25717, 16182]
>>>> [CONFIG: target(5), prim(dec_op)]
|11420.45|27957.24| op = [50, 62, 66, 62, 64, 55, 60]| tp = [1, 1, 1, 1, 1, 2, 1, ] | dp = [1, 1, 1, 1, 1, 1, 1, ] | algo = [0, 0, 0, 0, 0, 0, 0, ] | rc = [12, 16, 14, 15, 8, 0, 0] | gpus = [1, 1, 1, 1, 1, 2, 1] | micro_bs = 2 | time = [9075, 11155, 11355, 11382, 11162, 11414, 11420] | memory = [27813, 27189, 27755, 27957, 24748, 14250, 19476]
>>>> [CONFIG: target(6), prim(inc_dp)]
|11322.35|27957.24| op = [50, 62, 66, 62, 64, 55, 60]| tp = [1, 1, 1, 1, 1, 1, 1, ] | dp = [1, 1, 1, 1, 1, 1, 2, ] | algo = [0, 0, 0, 0, 0, 0, 0, ] | rc = [12, 16, 14, 15, 8, 0, 0] | gpus = [1, 1, 1, 1, 1, 1, 2] | micro_bs = 2 | time = [9015, 11095, 11295, 11322, 11103, 8932, 6194] | memory = [27813, 27189, 27755, 27957, 24748, 27300, 13528]
>>>> [CONFIG: target(3), prim(dec_op)]
|9270.54|27961.61| op = [50, 53, 55, 53, 53, 58, 97]| tp = [1, 1, 1, 1, 1, 1, 1, ] | dp = [1, 1, 1, 1, 1, 1, 2, ] | algo = [0, 0, 0, 0, 0, 0, 0, ] | rc = [12, 12, 8, 8, 6, 0, 0] | gpus = [1, 1, 1, 1, 1, 1, 2] | micro_bs = 2 | time = [8979, 9260, 9270, 9165, 9148, 9131, 9115] | memory = [27813, 27961, 27603, 23484, 24448, 27400, 20289]

[ Trial 7 ] |9270.54|27961.61| op = [50, 53, 55, 53, 53, 58, 97]| tp = [1, 1, 1, 1, 1, 1, 1, ] | dp = [1, 1, 1, 1, 1, 1, 2, ] | algo = [0, 0, 0, 0, 0, 0, 0, ] | rc = [12, 12, 8, 8, 6, 0, 0] | gpus = [1, 1, 1, 1, 1, 1, 2] | micro_bs = 2 | time = [8979, 9260, 9270, 9165, 9148, 9131, 9115] | memory = [27813, 27961, 27603, 23484, 24448, 27400, 20289]
>>>> [CONFIG: target(2), prim(inc_dp)]
|17642.14|27961.61| op = [50, 53, 55, 53, 53, 58, 97]| tp = [1, 1, 1, 1, 1, 1, 1, ] | dp = [1, 1, 2, 1, 1, 1, 1, ] | algo = [0, 0, 0, 0, 0, 0, 0, ] | rc = [12, 12, 0, 8, 6, 0, 8] | gpus = [1, 1, 2, 1, 1, 1, 1] | micro_bs = 2 | time = [9010, 9291, 4775, 9197, 9179, 9162, 17642] | memory = [27813, 27961, 27345, 23484, 24448, 27400, 27926]
>>>> [CONFIG: target(6), prim(dec_op)]
|9511.77|27961.61| op = [50, 53, 99, 52, 58, 59, 48]| tp = [1, 1, 1, 1, 1, 1, 1, ] | dp = [1, 1, 2, 1, 1, 1, 1, ] | algo = [0, 0, 0, 0, 0, 0, 0, ] | rc = [12, 12, 18, 8, 6, 0, 0] | gpus = [1, 1, 2, 1, 1, 1, 1] | micro_bs = 2 | time = [8982, 9263, 9081, 8872, 9511, 9247, 9509] | memory = [27813, 27961, 27448, 22944, 24442, 27680, 16352]
>>>> [CONFIG: target(4), prim(dec_op)]
|9378.52|27961.61| op = [50, 53, 102, 53, 54, 62, 45]| tp = [1, 1, 1, 1, 1, 1, 1, ] | dp = [1, 1, 2, 1, 1, 1, 1, ] | algo = [0, 0, 0, 0, 0, 0, 0, ] | rc = [12, 12, 18, 8, 6, 0, 0] | gpus = [1, 1, 2, 1, 1, 1, 1] | micro_bs = 2 | time = [8982, 9263, 9156, 9234, 9095, 9378, 9378] | memory = [27813, 27961, 27723, 23664, 23672, 27920, 16182]
>>>> [CONFIG: target(6), prim(inc_dp)]
|18213.77|27961.61| op = [50, 53, 102, 53, 54, 62, 45]| tp = [1, 1, 1, 1, 1, 1, 1, ] | dp = [1, 1, 1, 1, 1, 1, 2, ] | algo = [0, 0, 0, 0, 0, 0, 0, ] | rc = [12, 12, 34, 8, 6, 0, 0] | gpus = [1, 1, 1, 1, 1, 1, 2] | micro_bs = 2 | time = [9020, 9301, 18213, 9271, 9133, 9416, 5173] | memory = [27813, 27961, 27926, 23664, 23672, 27920, 11281]
>>>> [CONFIG: target(2), prim(inc_mbs)]
|21620.74|27921.25| op = [50, 53, 102, 53, 54, 62, 45]| tp = [1, 1, 1, 1, 1, 1, 1, ] | dp = [1, 1, 1, 1, 1, 1, 2, ] | algo = [0, 0, 0, 0, 0, 0, 0, ] | rc = [29, 27, 94, 16, 14, 18, 0] | gpus = [1, 1, 1, 1, 1, 1, 2] | micro_bs = 4 | time = [10825, 10934, 21620, 10426, 10321, 11431, 5572] | memory = [27511, 27891, 24608, 26769, 27041, 27921, 16182]
>>>> [CONFIG: target(2), prim(dec_op)]
|10810.43|27936.55| op = [50, 53, 52, 55, 53, 56, 100]| tp = [1, 1, 1, 1, 1, 1, 1, ] | dp = [1, 1, 1, 1, 1, 1, 2, ] | algo = [0, 0, 0, 0, 0, 0, 0, ] | rc = [29, 27, 20, 16, 14, 12, 12] | gpus = [1, 1, 1, 1, 1, 1, 2] | micro_bs = 4 | time = [10701, 10810, 10290, 10343, 10107, 10444, 9735] | memory = [27511, 27891, 27850, 27170, 26341, 27920, 27936]
>>>> [CONFIG: target(1), prim(dec_mbs)]
|9265.25|27961.61| op = [50, 53, 52, 55, 53, 56, 100]| tp = [1, 1, 1, 1, 1, 1, 1, ] | dp = [1, 1, 1, 1, 1, 1, 2, ] | algo = [0, 0, 0, 0, 0, 0, 0, ] | rc = [12, 12, 8, 8, 4, 0, 0] | gpus = [1, 1, 1, 1, 1, 1, 2] | micro_bs = 2 | time = [8974, 9255, 8940, 9265, 8806, 8936, 9185] | memory = [27813, 27961, 26853, 23865, 26728, 27240, 20436]

[ Trial 8 ] |9265.25|27961.61| op = [50, 53, 52, 55, 53, 56, 100]| tp = [1, 1, 1, 1, 1, 1, 1, ] | dp = [1, 1, 1, 1, 1, 1, 2, ] | algo = [0, 0, 0, 0, 0, 0, 0, ] | rc = [12, 12, 8, 8, 4, 0, 0] | gpus = [1, 1, 1, 1, 1, 1, 2] | micro_bs = 2 | time = [8974, 9255, 8940, 9265, 8806, 8936, 9185] | memory = [27813, 27961, 26853, 23865, 26728, 27240, 20436]
>>>> [CONFIG: target(3), prim(inc_dp)]
|18046.95|27961.61| op = [50, 53, 52, 55, 53, 56, 100]| tp = [1, 1, 1, 1, 1, 1, 1, ] | dp = [1, 1, 1, 2, 1, 1, 1, ] | algo = [0, 0, 0, 0, 0, 0, 0, ] | rc = [12, 12, 8, 0, 4, 0, 12] | gpus = [1, 1, 1, 2, 1, 1, 1] | micro_bs = 2 | time = [9007, 9289, 8974, 4772, 8840, 8969, 18046] | memory = [27813, 27961, 26853, 23172, 26728, 27240, 27936]
>>>> [CONFIG: target(6), prim(dec_op)]
|9508.42|27961.61| op = [50, 53, 52, 103, 54, 59, 48]| tp = [1, 1, 1, 1, 1, 1, 1, ] | dp = [1, 1, 1, 2, 1, 1, 1, ] | algo = [0, 0, 0, 0, 0, 0, 0, ] | rc = [12, 12, 8, 16, 6, 0, 0] | gpus = [1, 1, 1, 2, 1, 1, 1] | micro_bs = 2 | time = [8981, 9262, 8947, 9260, 9094, 9245, 9508] | memory = [27813, 27961, 26853, 25769, 23672, 27680, 16352]
>>>> [CONFIG: target(6), prim(dec_op)]
|9377.11|27961.61| op = [50, 53, 52, 103, 54, 62, 45]| tp = [1, 1, 1, 1, 1, 1, 1, ] | dp = [1, 1, 1, 2, 1, 1, 1, ] | algo = [0, 0, 0, 0, 0, 0, 0, ] | rc = [12, 12, 8, 16, 6, 0, 0] | gpus = [1, 1, 1, 2, 1, 1, 1] | micro_bs = 2 | time = [8981, 9262, 8947, 9260, 9094, 9377, 9377] | memory = [27813, 27961, 26853, 25769, 23672, 27920, 16182]
>>>> [CONFIG: target(6), prim(inc_dp)]
|18424.63|27961.61| op = [50, 53, 52, 103, 54, 62, 45]| tp = [1, 1, 1, 1, 1, 1, 1, ] | dp = [1, 1, 1, 1, 1, 1, 2, ] | algo = [0, 0, 0, 0, 0, 0, 0, ] | rc = [12, 12, 8, 32, 6, 0, 0] | gpus = [1, 1, 1, 1, 1, 1, 2] | micro_bs = 2 | time = [9019, 9300, 8986, 18424, 9132, 9415, 5172] | memory = [27813, 27961, 26853, 27793, 23672, 27920, 11281]
>>>> [CONFIG: target(3), prim(dec_op)]
|9257.13|27961.61| op = [50, 53, 52, 53, 55, 59, 97]| tp = [1, 1, 1, 1, 1, 1, 1, ] | dp = [1, 1, 1, 1, 1, 1, 2, ] | algo = [0, 0, 0, 0, 0, 0, 0, ] | rc = [12, 12, 8, 8, 6, 0, 0] | gpus = [1, 1, 1, 1, 1, 1, 2] | micro_bs = 2 | time = [8975, 9257, 8942, 9217, 9035, 9069, 9112] | memory = [27813, 27961, 26853, 23664, 23422, 27480, 20289]

[ Trial 9 ] |9257.13|27961.61| op = [50, 53, 52, 53, 55, 59, 97]| tp = [1, 1, 1, 1, 1, 1, 1, ] | dp = [1, 1, 1, 1, 1, 1, 2, ] | algo = [0, 0, 0, 0, 0, 0, 0, ] | rc = [12, 12, 8, 8, 6, 0, 0] | gpus = [1, 1, 1, 1, 1, 1, 2] | micro_bs = 2 | time = [8975, 9257, 8942, 9217, 9035, 9069, 9112] | memory = [27813, 27961, 26853, 23664, 23422, 27480, 20289]
>>>> [CONFIG: target(1), prim(inc_dp)]
|17639.06|27926.52| op = [50, 53, 52, 53, 55, 59, 97]| tp = [1, 1, 1, 1, 1, 1, 1, ] | dp = [1, 2, 1, 1, 1, 1, 1, ] | algo = [0, 0, 0, 0, 0, 0, 0, ] | rc = [12, 4, 8, 8, 6, 0, 8] | gpus = [1, 2, 1, 1, 1, 1, 1] | micro_bs = 2 | time = [9007, 4809, 8974, 9249, 9066, 9100, 17639] | memory = [27813, 24812, 26853, 23664, 23422, 27480, 27926]
>>>> [CONFIG: target(6), prim(inc_tp)]
|20889.63|27961.61| op = [50, 53, 52, 53, 55, 59, 97]| tp = [1, 1, 1, 1, 1, 1, 2, ] | dp = [1, 1, 1, 1, 1, 1, 1, ] | algo = [0, 0, 0, 0, 0, 0, 0, ] | rc = [12, 12, 8, 8, 6, 0, 0] | gpus = [1, 1, 1, 1, 1, 1, 2] | micro_bs = 2 | time = [9067, 9349, 9034, 9309, 9127, 9161, 20889] | memory = [27813, 27961, 26853, 23664, 23422, 27480, 15134]
>>>> [CONFIG: target(6), prim(dec_op)]
|11156.97|27713.24| op = [52, 63, 61, 65, 64, 67, 47]| tp = [1, 1, 1, 1, 1, 1, 2, ] | dp = [1, 1, 1, 1, 1, 1, 1, ] | algo = [0, 0, 0, 0, 0, 0, 0, ] | rc = [14, 16, 14, 10, 9, 4, 0] | gpus = [1, 1, 1, 1, 1, 1, 2] | micro_bs = 2 | time = [9538, 11156, 10914, 11031, 11050, 11018, 10925] | memory = [25329, 27009, 26655, 27713, 26608, 26828, 8416]
>>>> [CONFIG: target(1), prim(inc_dp)]
|10998.13|27713.24| op = [52, 63, 61, 65, 64, 67, 47]| tp = [1, 1, 1, 1, 1, 1, 1, ] | dp = [1, 2, 1, 1, 1, 1, 1, ] | algo = [0, 0, 0, 0, 0, 0, 0, ] | rc = [14, 10, 14, 10, 9, 4, 0] | gpus = [1, 2, 1, 1, 1, 1, 1] | micro_bs = 2 | time = [9486, 5848, 10862, 10979, 10998, 10965, 9459] | memory = [25329, 20656, 26655, 27713, 26608, 26828, 16232]
>>>> [CONFIG: target(4), prim(dec_op)]
|9378.55|27920.63| op = [51, 99, 55, 53, 54, 62, 45]| tp = [1, 1, 1, 1, 1, 1, 1, ] | dp = [1, 2, 1, 1, 1, 1, 1, ] | algo = [0, 0, 0, 0, 0, 0, 0, ] | rc = [14, 22, 8, 8, 6, 0, 0] | gpus = [1, 2, 1, 1, 1, 1, 1] | micro_bs = 2 | time = [9169, 9232, 9004, 9234, 9095, 9378, 9378] | memory = [27813, 27623, 27003, 23664, 23672, 27920, 16182]
>>>> [CONFIG: target(6), prim(inc_dp)]
|18776.74|27920.63| op = [51, 99, 55, 53, 54, 62, 45]| tp = [1, 1, 1, 1, 1, 1, 1, ] | dp = [1, 1, 1, 1, 1, 1, 2, ] | algo = [0, 0, 0, 0, 0, 0, 0, ] | rc = [14, 44, 8, 8, 6, 0, 0] | gpus = [1, 1, 1, 1, 1, 1, 2] | micro_bs = 2 | time = [9210, 18776, 9045, 9275, 9137, 9419, 5177] | memory = [27813, 27906, 27003, 23664, 23672, 27920, 11281]
>>>> [CONFIG: target(1), prim(dec_op)]
|9235.32|27961.49| op = [51, 52, 54, 54, 53, 58, 97]| tp = [1, 1, 1, 1, 1, 1, 1, ] | dp = [1, 1, 1, 1, 1, 1, 2, ] | algo = [0, 0, 0, 0, 0, 0, 0, ] | rc = [14, 10, 8, 8, 6, 0, 0] | gpus = [1, 1, 1, 1, 1, 1, 2] | micro_bs = 2 | time = [9166, 9095, 9235, 9180, 9148, 9131, 9115] | memory = [27813, 27961, 27503, 23485, 24448, 27400, 20289]

[ Trial 10 ] |9235.32|27961.49| op = [51, 52, 54, 54, 53, 58, 97]| tp = [1, 1, 1, 1, 1, 1, 1, ] | dp = [1, 1, 1, 1, 1, 1, 2, ] | algo = [0, 0, 0, 0, 0, 0, 0, ] | rc = [14, 10, 8, 8, 6, 0, 0] | gpus = [1, 1, 1, 1, 1, 1, 2] | micro_bs = 2 | time = [9166, 9095, 9235, 9180, 9148, 9131, 9115] | memory = [27813, 27961, 27503, 23485, 24448, 27400, 20289]
>>>> [CONFIG: target(2), prim(inc_dp)]
|17642.28|27961.49| op = [51, 52, 54, 54, 53, 58, 97]| tp = [1, 1, 1, 1, 1, 1, 1, ] | dp = [1, 1, 2, 1, 1, 1, 1, ] | algo = [0, 0, 0, 0, 0, 0, 0, ] | rc = [14, 10, 0, 8, 6, 0, 8] | gpus = [1, 1, 2, 1, 1, 1, 1] | micro_bs = 2 | time = [9197, 9127, 4756, 9212, 9180, 9163, 17642] | memory = [27813, 27961, 27295, 23485, 24448, 27400, 27926]
>>>> [CONFIG: target(6), prim(dec_mbs)]
|17627.99|24572.77| op = [51, 52, 54, 54, 53, 58, 97]| tp = [1, 1, 2, 1, 1, 1, 1, ] | dp = [1, 1, 1, 1, 1, 1, 1, ] | algo = [0, 0, 0, 0, 0, 0, 0, ] | rc = [8, 4, 0, 0, 0, 0, 0] | gpus = [1, 1, 2, 1, 1, 1, 1] | micro_bs = 1 | time = [9082, 8873, 12022, 8775, 8875, 9420, 17627] | memory = [20761, 24572, 14435, 22932, 19232, 16150, 20289]
>>>> [CONFIG: target(6), prim(dec_op)]
|11687.89|27800.66| op = [51, 57, 48, 65, 65, 73, 60]| tp = [1, 1, 2, 1, 1, 1, 1, ] | dp = [1, 1, 1, 1, 1, 1, 1, ] | algo = [0, 0, 0, 0, 0, 0, 0, ] | rc = [8, 6, 0, 0, 0, 0, 0] | gpus = [1, 1, 2, 1, 1, 1, 1] | micro_bs = 1 | time = [9080, 10141, 10776, 10418, 10418, 11659, 11687] | memory = [20761, 23742, 13685, 27800, 22670, 19754, 13528]
>>>> [CONFIG: target(6), prim(inc_mbs)]
|11971.52|27813.85| op = [51, 57, 48, 65, 65, 73, 60]| tp = [1, 1, 1, 1, 1, 1, 1, ] | dp = [1, 1, 2, 1, 1, 1, 1, ] | algo = [0, 0, 0, 0, 0, 0, 0, ] | rc = [14, 14, 0, 10, 10, 8, 0] | gpus = [1, 1, 2, 1, 1, 1, 1] | micro_bs = 2 | time = [9206, 10467, 4420, 10985, 10985, 11971, 11363] | memory = [27813, 26369, 26045, 27713, 23212, 25044, 19476]
>>>> [CONFIG: target(5), prim(inc_dp)]
|11351.84|27813.85| op = [51, 57, 48, 65, 65, 73, 60]| tp = [1, 1, 1, 1, 1, 1, 1, ] | dp = [1, 1, 1, 1, 1, 2, 1, ] | algo = [0, 0, 0, 0, 0, 0, 0, ] | rc = [14, 14, 8, 10, 10, 0, 0] | gpus = [1, 1, 1, 1, 1, 2, 1] | micro_bs = 2 | time = [9193, 10455, 8653, 10973, 10973, 6171, 11351] | memory = [27813, 26369, 25703, 27713, 23212, 19754, 19476]
>>>> [CONFIG: target(6), prim(inc_dp)]
|11964.27|27813.85| op = [51, 57, 48, 65, 65, 73, 60]| tp = [1, 1, 1, 1, 1, 1, 1, ] | dp = [1, 1, 1, 1, 1, 1, 2, ] | algo = [0, 0, 0, 0, 0, 0, 0, ] | rc = [14, 14, 8, 10, 10, 8, 0] | gpus = [1, 1, 1, 1, 1, 1, 2] | micro_bs = 2 | time = [9198, 10460, 8658, 10978, 10978, 11964, 6190] | memory = [27813, 26369, 25703, 27713, 23212, 25044, 13528]
>>>> [CONFIG: target(5), prim(dec_op)]
|9221.02|27961.49| op = [51, 52, 53, 55, 53, 58, 97]| tp = [1, 1, 1, 1, 1, 1, 1, ] | dp = [1, 1, 1, 1, 1, 1, 2, ] | algo = [0, 0, 0, 0, 0, 0, 0, ] | rc = [14, 10, 8, 8, 6, 0, 0] | gpus = [1, 1, 1, 1, 1, 1, 2] | micro_bs = 2 | time = [9166, 9095, 9221, 9215, 9148, 9131, 9115] | memory = [27813, 27961, 27353, 23685, 24448, 27400, 20289]

[ Trial 11 ] |9221.02|27961.49| op = [51, 52, 53, 55, 53, 58, 97]| tp = [1, 1, 1, 1, 1, 1, 1, ] | dp = [1, 1, 1, 1, 1, 1, 2, ] | algo = [0, 0, 0, 0, 0, 0, 0, ] | rc = [14, 10, 8, 8, 6, 0, 0] | gpus = [1, 1, 1, 1, 1, 1, 2] | micro_bs = 2 | time = [9166, 9095, 9221, 9215, 9148, 9131, 9115] | memory = [27813, 27961, 27353, 23685, 24448, 27400, 20289]
>>>> [CONFIG: target(3), prim(inc_dp)]
|17642.60|27961.49| op = [51, 52, 53, 55, 53, 58, 97]| tp = [1, 1, 1, 1, 1, 1, 1, ] | dp = [1, 1, 1, 2, 1, 1, 1, ] | algo = [0, 0, 0, 0, 0, 0, 0, ] | rc = [14, 10, 8, 0, 6, 0, 8] | gpus = [1, 1, 1, 2, 1, 1, 1] | micro_bs = 2 | time = [9198, 9127, 9252, 4756, 9180, 9163, 17642] | memory = [27813, 27961, 27353, 23032, 24448, 27400, 27926]
>>>> [CONFIG: target(6), prim(dec_op)]
|9512.66|27961.49| op = [51, 52, 53, 98, 58, 59, 48]| tp = [1, 1, 1, 1, 1, 1, 1, ] | dp = [1, 1, 1, 2, 1, 1, 1, ] | algo = [0, 0, 0, 0, 0, 0, 0, ] | rc = [14, 10, 8, 16, 6, 0, 0] | gpus = [1, 1, 1, 2, 1, 1, 1] | micro_bs = 2 | time = [9170, 9099, 9224, 8822, 9512, 9247, 9510] | memory = [27813, 27961, 27353, 24408, 24442, 27680, 16352]
>>>> [CONFIG: target(4), prim(inc_dp)]
|17566.36|27961.49| op = [51, 52, 53, 98, 58, 59, 48]| tp = [1, 1, 1, 1, 1, 1, 1, ] | dp = [1, 1, 1, 1, 2, 1, 1, ] | algo = [0, 0, 0, 0, 0, 0, 0, ] | rc = [14, 10, 8, 32, 0, 0, 0] | gpus = [1, 1, 1, 1, 2, 1, 1] | micro_bs = 2 | time = [9202, 9132, 9257, 17566, 4990, 9280, 9543] | memory = [27813, 27961, 27353, 27701, 19679, 27680, 16352]
>>>> [CONFIG: target(3), prim(dec_op)]
|9377.00|27961.49| op = [51, 52, 53, 54, 102, 62, 45]| tp = [1, 1, 1, 1, 1, 1, 1, ] | dp = [1, 1, 1, 1, 2, 1, 1, ] | algo = [0, 0, 0, 0, 0, 0, 0, ] | rc = [14, 10, 8, 8, 14, 0, 0] | gpus = [1, 1, 1, 1, 2, 1, 1] | micro_bs = 2 | time = [9167, 9097, 9222, 8921, 9122, 9376, 9376] | memory = [27813, 27961, 27353, 23145, 23873, 27920, 16182]
>>>> [CONFIG: target(6), prim(inc_dp)]
|17907.32|27961.49| op = [51, 52, 53, 54, 102, 62, 45]| tp = [1, 1, 1, 1, 1, 1, 1, ] | dp = [1, 1, 1, 1, 1, 1, 2, ] | algo = [0, 0, 0, 0, 0, 0, 0, ] | rc = [14, 10, 8, 8, 26, 0, 0] | gpus = [1, 1, 1, 1, 1, 1, 2] | micro_bs = 2 | time = [9203, 9132, 9257, 8956, 17907, 9412, 5169] | memory = [27813, 27961, 27353, 23145, 27523, 27920, 11281]
>>>> [CONFIG: target(4), prim(dec_op)]
|9215.57|27961.49| op = [51, 52, 53, 54, 53, 59, 97]| tp = [1, 1, 1, 1, 1, 1, 1, ] | dp = [1, 1, 1, 1, 1, 1, 2, ] | algo = [0, 0, 0, 0, 0, 0, 0, ] | rc = [14, 10, 8, 8, 4, 0, 0] | gpus = [1, 1, 1, 1, 1, 1, 2] | micro_bs = 2 | time = [9161, 9090, 9215, 8914, 8806, 9067, 9110] | memory = [27813, 27961, 27353, 23145, 26728, 27480, 20289]

[ Trial 12 ] |9215.57|27961.49| op = [51, 52, 53, 54, 53, 59, 97]| tp = [1, 1, 1, 1, 1, 1, 1, ] | dp = [1, 1, 1, 1, 1, 1, 2, ] | algo = [0, 0, 0, 0, 0, 0, 0, ] | rc = [14, 10, 8, 8, 4, 0, 0] | gpus = [1, 1, 1, 1, 1, 1, 2] | micro_bs = 2 | time = [9161, 9090, 9215, 8914, 8806, 9067, 9110] | memory = [27813, 27961, 27353, 23145, 26728, 27480, 20289]
>>>> [CONFIG: target(2), prim(inc_dp)]
|17637.03|27961.49| op = [51, 52, 53, 54, 53, 59, 97]| tp = [1, 1, 1, 1, 1, 1, 1, ] | dp = [1, 1, 2, 1, 1, 1, 1, ] | algo = [0, 0, 0, 0, 0, 0, 0, ] | rc = [14, 10, 0, 8, 4, 0, 8] | gpus = [1, 1, 2, 1, 1, 1, 1] | micro_bs = 2 | time = [9192, 9121, 4740, 8945, 8837, 9098, 17637] | memory = [27813, 27961, 27220, 23145, 26728, 27480, 27926]
>>>> [CONFIG: target(6), prim(inc_mbs)]
|19845.65|27981.12| op = [51, 52, 53, 54, 53, 59, 97]| tp = [1, 1, 1, 1, 1, 1, 1, ] | dp = [1, 1, 2, 1, 1, 1, 1, ] | algo = [0, 0, 0, 0, 0, 0, 0, ] | rc = [30, 26, 8, 16, 14, 14, 30] | gpus = [1, 1, 2, 1, 1, 1, 1] | micro_bs = 4 | time = [10845, 10869, 5452, 10075, 10188, 10793, 19845] | memory = [27511, 27530, 27353, 26130, 26341, 27981, 27853]
>>>> [CONFIG: target(6), prim(dec_op)]
|11405.70|27961.49| op = [51, 45, 102, 56, 51, 59, 55]| tp = [1, 1, 1, 1, 1, 1, 1, ] | dp = [1, 1, 2, 1, 1, 1, 1, ] | algo = [0, 0, 0, 0, 0, 0, 0, ] | rc = [30, 16, 50, 20, 21, 12, 4] | gpus = [1, 1, 2, 1, 1, 1, 1] | micro_bs = 4 | time = [10794, 9432, 10479, 11061, 10429, 10938, 11405] | memory = [27511, 27870, 27796, 26209, 27961, 27613, 27788]
>>>> [CONFIG: target(6), prim(inc_dp)]
|22106.97|27961.49| op = [51, 45, 102, 56, 51, 59, 55]| tp = [1, 1, 1, 1, 1, 1, 1, ] | dp = [1, 1, 1, 1, 1, 1, 2, ] | algo = [0, 0, 0, 0, 0, 0, 0, ] | rc = [30, 16, 102, 20, 21, 12, 0] | gpus = [1, 1, 1, 1, 1, 1, 2] | micro_bs = 4 | time = [10893, 9530, 22106, 11159, 10527, 11037, 6179] | memory = [27511, 27870, 27328, 26209, 27961, 27613, 18446]
>>>> [CONFIG: target(2), prim(dec_op)]
|11537.73|27940.99| op = [51, 45, 52, 50, 53, 56, 112]| tp = [1, 1, 1, 1, 1, 1, 1, ] | dp = [1, 1, 1, 1, 1, 1, 2, ] | algo = [0, 0, 0, 0, 0, 0, 0, ] | rc = [30, 16, 32, 20, 20, 13, 12] | gpus = [1, 1, 1, 1, 1, 1, 2] | micro_bs = 4 | time = [10787, 9425, 11537, 10171, 10697, 10699, 10732] | memory = [27511, 27870, 27489, 27905, 27553, 27940, 26692]
>>>> [CONFIG: target(2), prim(dec_mbs)]
|10141.18|27813.85| op = [51, 45, 52, 50, 53, 56, 112]| tp = [1, 1, 1, 1, 1, 1, 1, ] | dp = [1, 1, 1, 1, 1, 1, 2, ] | algo = [0, 0, 0, 0, 0, 0, 0, ] | rc = [14, 8, 10, 8, 6, 0, 0] | gpus = [1, 1, 1, 1, 1, 1, 2] | micro_bs = 2 | time = [9166, 8239, 9534, 8786, 9148, 9081, 10141] | memory = [27813, 25961, 27065, 22944, 24448, 27300, 22686]
>>>> [CONFIG: target(6), prim(dec_op)]
|9190.89|27813.85| op = [51, 51, 52, 52, 56, 57, 100]| tp = [1, 1, 1, 1, 1, 1, 1, ] | dp = [1, 1, 1, 1, 1, 1, 2, ] | algo = [0, 0, 0, 0, 0, 0, 0, ] | rc = [14, 10, 8, 8, 6, 0, 0] | gpus = [1, 1, 1, 1, 1, 1, 2] | micro_bs = 2 | time = [9162, 9043, 8942, 8942, 9138, 9190, 9187] | memory = [27813, 27481, 26853, 23185, 23822, 27580, 20436]

[ Trial 13 ] |9190.89|27813.85| op = [51, 51, 52, 52, 56, 57, 100]| tp = [1, 1, 1, 1, 1, 1, 1, ] | dp = [1, 1, 1, 1, 1, 1, 2, ] | algo = [0, 0, 0, 0, 0, 0, 0, ] | rc = [14, 10, 8, 8, 6, 0, 0] | gpus = [1, 1, 1, 1, 1, 1, 2] | micro_bs = 2 | time = [9162, 9043, 8942, 8942, 9138, 9190, 9187] | memory = [27813, 27481, 26853, 23185, 23822, 27580, 20436]
>>>> [CONFIG: target(5), prim(inc_mbs)]
|10855.71|27980.99| op = [51, 51, 52, 52, 56, 57, 100]| tp = [1, 1, 1, 1, 1, 1, 1, ] | dp = [1, 1, 1, 1, 1, 1, 2, ] | algo = [0, 0, 0, 0, 0, 0, 0, ] | rc = [30, 25, 20, 16, 14, 14, 12] | gpus = [1, 1, 1, 1, 1, 1, 2] | micro_bs = 4 | time = [10767, 10728, 10258, 10013, 10245, 10855, 9738] | memory = [27511, 27530, 27850, 26210, 27341, 27980, 27936]
>>>> [CONFIG: target(5), prim(inc_dp)]
|20112.15|27933.09| op = [51, 51, 52, 52, 56, 57, 100]| tp = [1, 1, 1, 1, 1, 1, 1, ] | dp = [1, 1, 1, 1, 1, 2, 1, ] | algo = [0, 0, 0, 0, 0, 0, 0, ] | rc = [30, 25, 20, 16, 14, 0, 32] | gpus = [1, 1, 1, 1, 1, 2, 1] | micro_bs = 4 | time = [10843, 10804, 10335, 10089, 10321, 5437, 20112] | memory = [27511, 27530, 27850, 26210, 27341, 27580, 27933]
>>>> [CONFIG: target(6), prim(dec_op)]
|10361.75|27850.48| op = [49, 49, 54, 54, 56, 109, 48]| tp = [1, 1, 1, 1, 1, 1, 1, ] | dp = [1, 1, 1, 1, 1, 2, 1, ] | algo = [0, 0, 0, 0, 0, 0, 0, ] | rc = [24, 24, 20, 16, 14, 22, 0] | gpus = [1, 1, 1, 1, 1, 2, 1] | micro_bs = 4 | time = [10047, 10361, 10305, 10296, 10225, 10047, 9933] | memory = [27811, 27190, 27850, 26770, 27341, 27612, 26204]
>>>> [CONFIG: target(1), prim(dec_mbs)]
|9503.04|27588.51| op = [49, 49, 54, 54, 56, 109, 48]| tp = [1, 1, 1, 1, 1, 1, 1, ] | dp = [1, 1, 1, 1, 1, 2, 1, ] | algo = [0, 0, 0, 0, 0, 0, 0, ] | rc = [12, 10, 8, 8, 6, 4, 0] | gpus = [1, 1, 1, 1, 1, 2, 1] | micro_bs = 2 | time = [8614, 8884, 8961, 9242, 9138, 9234, 9503] | memory = [26853, 27081, 26903, 23665, 23822, 27588, 16352]
>>>> [CONFIG: target(6), prim(dec_op)]
|9371.29|27758.54| op = [49, 49, 54, 54, 56, 112, 45]| tp = [1, 1, 1, 1, 1, 1, 1, ] | dp = [1, 1, 1, 1, 1, 2, 1, ] | algo = [0, 0, 0, 0, 0, 0, 0, ] | rc = [12, 10, 8, 8, 6, 4, 0] | gpus = [1, 1, 1, 1, 1, 2, 1] | micro_bs = 2 | time = [8614, 8884, 8961, 9242, 9138, 9308, 9371] | memory = [26853, 27081, 26903, 23665, 23822, 27758, 16182]
>>>> [CONFIG: target(6), prim(inc_dp)]
|18849.61|27853.05| op = [49, 49, 54, 54, 56, 112, 45]| tp = [1, 1, 1, 1, 1, 1, 1, ] | dp = [1, 1, 1, 1, 1, 1, 2, ] | algo = [0, 0, 0, 0, 0, 0, 0, ] | rc = [12, 10, 8, 8, 6, 22, 0] | gpus = [1, 1, 1, 1, 1, 1, 2] | micro_bs = 2 | time = [8655, 8925, 9002, 9283, 9179, 18849, 5170] | memory = [26853, 27081, 26903, 23665, 23822, 27853, 11281]
>>>> [CONFIG: target(5), prim(dec_op)]
|9189.81|27961.61| op = [50, 52, 52, 52, 56, 57, 100]| tp = [1, 1, 1, 1, 1, 1, 1, ] | dp = [1, 1, 1, 1, 1, 1, 2, ] | algo = [0, 0, 0, 0, 0, 0, 0, ] | rc = [12, 10, 8, 8, 6, 0, 0] | gpus = [1, 1, 1, 1, 1, 1, 2] | micro_bs = 2 | time = [8974, 9091, 8941, 8941, 9137, 9189, 9186] | memory = [27813, 27961, 26853, 23185, 23822, 27580, 20436]

num_targets: [1, 1, 1, 1, 1, 1, 1, 1, 1, 1, 1, 2, 1, 1]
num_hops: [1, 2, 2, 1, 7, 7, 7, 7, 5, 7, 7, 6, 7, 7]
search time = 200.06 s.  [0, 1, 2, 3, 4, 5, 7, 17, 22, 26, 44, 79, 123, 152, 169, 208] 
num_explored_cases = 13009
time trend: [13070, 12670, 10930, 9821, 9376, 9374, 9371, 9270, 9265, 9257, 9235, 9221, 9215, 9190, 9189, 9189]

working on num_stages = 3
config has been saved to /home/liminglong.lml/sxz/SuperScaler/logs-large/aceso/configs/mbs/256/gpt_2_6B_3stages_2026-5-16-3-4-52.json

========== Best Result (num_stages = 3) ==========
|9670.88|27985.49| op = [107, 205, 107]| tp = [1, 1, 1, ] | dp = [2, 4, 2, ] | algo = [0, 0, 0, ] | rc = [30, 68, 10] | gpus = [2, 4, 2] | micro_bs = 4 | time = [9474, 9670, 9658] | memory = [27191, 27985, 26814]
start|31703.06|18765.45| op = [139, 139, 141]| tp = [4, 2, 2, ] | dp = [1, 1, 1, ] | algo = [0, 0, 0, ] | rc = [0, 0, 0] | gpus = [4, 2, 2] | micro_bs = 1 | time = [28893, 30098, 31703] | memory = [14185, 18765, 14587]

[ Trial 0 ] |31703.06|18765.45| op = [139, 139, 141]| tp = [4, 2, 2, ] | dp = [1, 1, 1, ] | algo = [0, 0, 0, ] | rc = [0, 0, 0] | gpus = [4, 2, 2] | micro_bs = 1 | time = [28893, 30098, 31703] | memory = [14185, 18765, 14587]
>>>> [CONFIG: target(2), prim(inc_mbs)]
|15106.48|27818.88| op = [139, 139, 141]| tp = [2, 1, 1, ] | dp = [2, 2, 2, ] | algo = [0, 0, 0, ] | rc = [0, 20, 4] | gpus = [4, 2, 2] | micro_bs = 2 | time = [15106, 12097, 12515] | memory = [26029, 25076, 27818]

[ Trial 1 ] |15106.48|27818.88| op = [139, 139, 141]| tp = [2, 1, 1, ] | dp = [2, 2, 2, ] | algo = [0, 0, 0, ] | rc = [0, 20, 4] | gpus = [4, 2, 2] | micro_bs = 2 | time = [15106, 12097, 12515] | memory = [26029, 25076, 27818]
>>>> [CONFIG: target(0), prim(dec_tp)]
|15123.51|27818.88| op = [139, 139, 141]| tp = [1, 2, 1, ] | dp = [2, 2, 2, ] | algo = [0, 0, 0, ] | rc = [32, 0, 4] | gpus = [2, 4, 2] | micro_bs = 2 | time = [12449, 15123, 12518] | memory = [27704, 18765, 27818]
>>>> [CONFIG: target(1), prim(dec_dp)]
|27876.86|27818.88| op = [139, 139, 141]| tp = [2, 2, 1, ] | dp = [2, 1, 2, ] | algo = [0, 0, 0, ] | rc = [0, 8, 4] | gpus = [4, 2, 2] | micro_bs = 2 | time = [15229, 27876, 12638] | memory = [26029, 26591, 27818]
>>>> [CONFIG: target(1), prim(dec_op)]
|16969.62|27982.97| op = [154, 84, 181]| tp = [2, 2, 1, ] | dp = [2, 1, 2, ] | algo = [0, 0, 0, ] | rc = [4, 0, 33] | gpus = [4, 2, 2] | micro_bs = 2 | time = [16969, 16846, 16950] | memory = [27217, 19246, 27982]
>>>> [CONFIG: target(0), prim(dec_tp)]
|16869.94|27982.97| op = [154, 84, 181]| tp = [1, 2, 1, ] | dp = [2, 2, 2, ] | algo = [0, 0, 0, ] | rc = [42, 0, 33] | gpus = [2, 4, 2] | micro_bs = 2 | time = [14040, 9329, 16869] | memory = [27920, 11598, 27982]
>>>> [CONFIG: target(2), prim(dec_op)]
|13381.52|27870.63| op = [146, 124, 149]| tp = [1, 2, 1, ] | dp = [2, 2, 2, ] | algo = [0, 0, 0, ] | rc = [36, 0, 10] | gpus = [2, 4, 2] | micro_bs = 2 | time = [13160, 13205, 13381] | memory = [27870, 16921, 27473]

[ Trial 2 ] |13381.52|27870.63| op = [146, 124, 149]| tp = [1, 2, 1, ] | dp = [2, 2, 2, ] | algo = [0, 0, 0, ] | rc = [36, 0, 10] | gpus = [2, 4, 2] | micro_bs = 2 | time = [13160, 13205, 13381] | memory = [27870, 16921, 27473]
>>>> [CONFIG: target(2), prim(inc_tp)]
|16857.24|27870.63| op = [146, 124, 149]| tp = [1, 1, 2, ] | dp = [2, 2, 2, ] | algo = [0, 0, 0, ] | rc = [36, 12, 0] | gpus = [2, 2, 4] | micro_bs = 2 | time = [13165, 10361, 16857] | memory = [27870, 26157, 15301]
>>>> [CONFIG: target(2), prim(dec_dp)]
|30775.45|27870.63| op = [146, 124, 149]| tp = [1, 2, 2, ] | dp = [2, 2, 1, ] | algo = [0, 0, 0, ] | rc = [36, 0, 0] | gpus = [2, 4, 2] | micro_bs = 2 | time = [13296, 13341, 30775] | memory = [27870, 16921, 21902]
>>>> [CONFIG: target(2), prim(inc_mbs)]
|14286.78|27974.76| op = [146, 124, 149]| tp = [1, 1, 1, ] | dp = [2, 4, 2, ] | algo = [0, 0, 0, ] | rc = [82, 12, 36] | gpus = [2, 4, 2] | micro_bs = 4 | time = [14286, 5496, 13938] | memory = [27816, 26157, 27974]
>>>> [CONFIG: target(0), prim(dec_op)]
|9670.88|27985.49| op = [107, 205, 107]| tp = [1, 1, 1, ] | dp = [2, 4, 2, ] | algo = [0, 0, 0, ] | rc = [30, 68, 10] | gpus = [2, 4, 2] | micro_bs = 4 | time = [9474, 9670, 9658] | memory = [27191, 27985, 26814]

num_targets: [1, 1, 1]
num_hops: [1, 5, 4]
search time = 200.16 s.  [0, 1, 2, 3, 35, 62, 87, 103, 104, 105, 106, 107, 108, 137, 171, 206, 212] 
num_explored_cases = 15019
time trend: [31703, 15106, 13381, 9670, 9670, 9809, 9809, 9852, 9852, 9852, 9853, 9853, 9853, 9706, 9716, 9716, 9853]

# of stages	est_iteration_time(s)	est_thpt(samples/s)	est_mem(MB)	# of explored cases
5          	9.07                 	28.23              	27439      	12999              
4          	9.13                 	28.03              	27789      	14249              
6          	9.16                 	27.94              	27723      	14262              

overall search time: 200.19 s
