------------------------ arguments ------------------------
  adaptive_hyper_parameters ....................... 5
  add_action_finetune_algo ........................ False
  add_action_finetune_dim ......................... False
  add_action_tp_dp_exchange ....................... False
  add_action_tune_tp_dp ........................... False
  check_recompute_with_group ...................... False
  config_save_path ................................ /home/liminglong.lml/sxz/SuperScaler/logs-large/megatron/configs/scale-layer/16layers/
  config_suffix ................................... 2026-5-16-3-7-58
  consider_collective_memory ...................... False
  consider_reserved_space ......................... True
  consider_shared_space ........................... True
  continue_when_fail .............................. True
  decoder_seq_len ................................. 512
  end_num_stages .................................. 8
  finetune_after_trial ............................ 0
  finetune_tp_dp_after_trial ...................... False
  flex_recompute .................................. True
  forbid_turn_back ................................ False
  global_batch_size ............................... 1024
  high_memory_rate ................................ 0.9
  init_dim ........................................ tp
  initial_point ................................... balance
  log_path ........................................ /home/liminglong.lml/sxz/SuperScaler/logs-large/megatron/search/scale-layer/16layers/
  max_num_hops .................................... None
  max_num_trials .................................. 100
  max_op_move_steps ............................... 5
  max_tp .......................................... 8
  memory_limit .................................... 28000
  memory_main_params .............................. 2
  memory_optimizer ................................ 4
  memory_pred_type ................................ MAX
  micro_batch_size ................................ [1, 2, 4, 8]
  min_mbs ......................................... 1
  model_name ...................................... scale-layer
  model_size ...................................... 16layers
  multi_process ................................... True
  num_algos ....................................... 2
  num_gpus ........................................ 8
  num_gpus_per_node ............................... 8
  num_layers ...................................... 16
  num_nodes ....................................... 1
  num_of_saved_configs ............................ 1
  num_partners_in_op_mig .......................... 1
  only_top_1_target ............................... False
  op_group_size ................................... 1
  peak_mem_in_backward ............................ 0
  predict_delta_time .............................. False
  print_debug_info ................................ True
  print_gpu_mig_details ........................... False
  print_move_op_details ........................... False
  print_recomp_debug_info ......................... False
  print_recompute_ops ............................. True
  profiled_time_path .............................. /home/liminglong.lml/sxz/SuperScaler/profiler/profiled-time-eurosys/
  random_order_actions ............................ False
  resharding ...................................... True
  save_to_csv ..................................... None
  seq_len ......................................... 2048
  simple_prim_mbs ................................. False
  simple_prim_mig ................................. False
  sort_metric ..................................... max_stage_time
  start_num_stages ................................ 1
  support_comm_predict ............................ False
  time_budget_per_trial ........................... 10
  time_budget_total ............................... 10
-------------------- end of arguments ---------------------
working on num_stages[1], tp_size[1], dp_size[8], mbs[8], recomp[True] ...
working on num_stages[1], tp_size[1], dp_size[8], mbs[8], recomp[False] ...
working on num_stages[1], tp_size[2], dp_size[4], mbs[4], recomp[True] ...
working on num_stages[1], tp_size[2], dp_size[4], mbs[4], recomp[False] ...
working on num_stages[1], tp_size[2], dp_size[4], mbs[8], recomp[True] ...
working on num_stages[1], tp_size[2], dp_size[4], mbs[8], recomp[False] ...
working on num_stages[1], tp_size[4], dp_size[2], mbs[2], recomp[True] ...
working on num_stages[1], tp_size[4], dp_size[2], mbs[2], recomp[False] ...
working on num_stages[1], tp_size[4], dp_size[2], mbs[4], recomp[True] ...
working on num_stages[1], tp_size[4], dp_size[2], mbs[4], recomp[False] ...
working on num_stages[1], tp_size[4], dp_size[2], mbs[8], recomp[True] ...
working on num_stages[1], tp_size[4], dp_size[2], mbs[8], recomp[False] ...
working on num_stages[1], tp_size[8], dp_size[1], mbs[1], recomp[True] ...
working on num_stages[1], tp_size[8], dp_size[1], mbs[1], recomp[False] ...
working on num_stages[1], tp_size[8], dp_size[1], mbs[2], recomp[True] ...
working on num_stages[1], tp_size[8], dp_size[1], mbs[2], recomp[False] ...
working on num_stages[1], tp_size[8], dp_size[1], mbs[4], recomp[True] ...
working on num_stages[1], tp_size[8], dp_size[1], mbs[4], recomp[False] ...
working on num_stages[1], tp_size[8], dp_size[1], mbs[8], recomp[True] ...
working on num_stages[1], tp_size[8], dp_size[1], mbs[8], recomp[False] ...
working on num_stages[2], tp_size[1], dp_size[4], mbs[4], recomp[True] ...
working on num_stages[2], tp_size[1], dp_size[4], mbs[4], recomp[False] ...
working on num_stages[2], tp_size[1], dp_size[4], mbs[8], recomp[True] ...
working on num_stages[2], tp_size[1], dp_size[4], mbs[8], recomp[False] ...
working on num_stages[2], tp_size[2], dp_size[2], mbs[2], recomp[True] ...
working on num_stages[2], tp_size[2], dp_size[2], mbs[2], recomp[False] ...
working on num_stages[2], tp_size[2], dp_size[2], mbs[4], recomp[True] ...
working on num_stages[2], tp_size[2], dp_size[2], mbs[4], recomp[False] ...
working on num_stages[2], tp_size[2], dp_size[2], mbs[8], recomp[True] ...
working on num_stages[2], tp_size[2], dp_size[2], mbs[8], recomp[False] ...
working on num_stages[2], tp_size[4], dp_size[1], mbs[1], recomp[True] ...
working on num_stages[2], tp_size[4], dp_size[1], mbs[1], recomp[False] ...
working on num_stages[2], tp_size[4], dp_size[1], mbs[2], recomp[True] ...
working on num_stages[2], tp_size[4], dp_size[1], mbs[2], recomp[False] ...
working on num_stages[2], tp_size[4], dp_size[1], mbs[4], recomp[True] ...
working on num_stages[2], tp_size[4], dp_size[1], mbs[4], recomp[False] ...
working on num_stages[2], tp_size[4], dp_size[1], mbs[8], recomp[True] ...
working on num_stages[2], tp_size[4], dp_size[1], mbs[8], recomp[False] ...
working on num_stages[4], tp_size[1], dp_size[2], mbs[2], recomp[True] ...
working on num_stages[4], tp_size[1], dp_size[2], mbs[2], recomp[False] ...
working on num_stages[4], tp_size[1], dp_size[2], mbs[4], recomp[True] ...
working on num_stages[4], tp_size[1], dp_size[2], mbs[4], recomp[False] ...
working on num_stages[4], tp_size[1], dp_size[2], mbs[8], recomp[True] ...
working on num_stages[4], tp_size[1], dp_size[2], mbs[8], recomp[False] ...
working on num_stages[4], tp_size[2], dp_size[1], mbs[1], recomp[True] ...
working on num_stages[4], tp_size[2], dp_size[1], mbs[1], recomp[False] ...
working on num_stages[4], tp_size[2], dp_size[1], mbs[2], recomp[True] ...
working on num_stages[4], tp_size[2], dp_size[1], mbs[2], recomp[False] ...
working on num_stages[4], tp_size[2], dp_size[1], mbs[4], recomp[True] ...
working on num_stages[4], tp_size[2], dp_size[1], mbs[4], recomp[False] ...
working on num_stages[4], tp_size[2], dp_size[1], mbs[8], recomp[True] ...
working on num_stages[4], tp_size[2], dp_size[1], mbs[8], recomp[False] ...
working on num_stages[8], tp_size[1], dp_size[1], mbs[1], recomp[True] ...
working on num_stages[8], tp_size[1], dp_size[1], mbs[1], recomp[False] ...
working on num_stages[8], tp_size[1], dp_size[1], mbs[2], recomp[True] ...
working on num_stages[8], tp_size[1], dp_size[1], mbs[2], recomp[False] ...
working on num_stages[8], tp_size[1], dp_size[1], mbs[4], recomp[True] ...
working on num_stages[8], tp_size[1], dp_size[1], mbs[4], recomp[False] ...
working on num_stages[8], tp_size[1], dp_size[1], mbs[8], recomp[True] ...
working on num_stages[8], tp_size[1], dp_size[1], mbs[8], recomp[False] ...
case 0|6859.45|2600.08| op = [211]| tp = [1, ] | dp = [8, ] | algo = [0, ] | rc = [209] | gpus = [8] | micro_bs = 8 | time = [6859] | memory = [2600]
case 1|4972.61|6245.56| op = [211]| tp = [1, ] | dp = [8, ] | algo = [0, ] | rc = [0] | gpus = [8] | micro_bs = 8 | time = [4972] | memory = [6245]
case 2|21531.44|1340.10| op = [211]| tp = [2, ] | dp = [4, ] | algo = [0, ] | rc = [209] | gpus = [8] | micro_bs = 4 | time = [21531] | memory = [1340]
case 3|14906.95|3245.58| op = [211]| tp = [2, ] | dp = [4, ] | algo = [0, ] | rc = [0] | gpus = [8] | micro_bs = 4 | time = [14906] | memory = [3245]
case 4|15690.99|1884.20| op = [211]| tp = [2, ] | dp = [4, ] | algo = [0, ] | rc = [209] | gpus = [8] | micro_bs = 8 | time = [15690] | memory = [1884]
case 5|10946.98|5695.12| op = [211]| tp = [2, ] | dp = [4, ] | algo = [0, ] | rc = [0] | gpus = [8] | micro_bs = 8 | time = [10946] | memory = [5695]
case 6|52719.49|774.10| op = [211]| tp = [4, ] | dp = [2, ] | algo = [0, ] | rc = [209] | gpus = [8] | micro_bs = 2 | time = [52719] | memory = [774]
case 7|36509.96|1809.58| op = [211]| tp = [4, ] | dp = [2, ] | algo = [0, ] | rc = [0] | gpus = [8] | micro_bs = 2 | time = [36509] | memory = [1809]
case 8|32965.90|1016.19| op = [211]| tp = [4, ] | dp = [2, ] | algo = [0, ] | rc = [209] | gpus = [8] | micro_bs = 4 | time = [32965] | memory = [1016]
case 9|22676.11|3087.12| op = [211]| tp = [4, ] | dp = [2, ] | algo = [0, ] | rc = [0] | gpus = [8] | micro_bs = 4 | time = [22676] | memory = [3087]
case 10|26449.59|1624.39| op = [211]| tp = [4, ] | dp = [2, ] | algo = [0, ] | rc = [209] | gpus = [8] | micro_bs = 8 | time = [26449] | memory = [1624]
case 11|18261.87|5766.25| op = [211]| tp = [4, ] | dp = [2, ] | algo = [0, ] | rc = [0] | gpus = [8] | micro_bs = 8 | time = [18261] | memory = [5766]
case 12|110316.47|441.10| op = [211]| tp = [8, ] | dp = [1, ] | algo = [0, ] | rc = [209] | gpus = [8] | micro_bs = 1 | time = [110316] | memory = [441]
case 13|78431.61|1041.58| op = [211]| tp = [8, ] | dp = [1, ] | algo = [0, ] | rc = [0] | gpus = [8] | micro_bs = 1 | time = [78431] | memory = [1041]
case 14|74169.22|630.20| op = [211]| tp = [8, ] | dp = [1, ] | algo = [0, ] | rc = [209] | gpus = [8] | micro_bs = 2 | time = [74169] | memory = [630]
case 15|50684.17|1831.12| op = [211]| tp = [8, ] | dp = [1, ] | algo = [0, ] | rc = [0] | gpus = [8] | micro_bs = 2 | time = [50684] | memory = [1831]
case 16|54060.81|952.39| op = [211]| tp = [8, ] | dp = [1, ] | algo = [0, ] | rc = [209] | gpus = [8] | micro_bs = 4 | time = [54060] | memory = [952]
case 17|36974.06|3354.25| op = [211]| tp = [8, ] | dp = [1, ] | algo = [0, ] | rc = [0] | gpus = [8] | micro_bs = 4 | time = [36974] | memory = [3354]
case 18|48729.53|1692.78| op = [211]| tp = [8, ] | dp = [1, ] | algo = [0, ] | rc = [209] | gpus = [8] | micro_bs = 8 | time = [48729] | memory = [1692]
case 19|33273.46|6496.53| op = [211]| tp = [8, ] | dp = [1, ] | algo = [0, ] | rc = [0] | gpus = [8] | micro_bs = 8 | time = [33273] | memory = [6496]
case 20|7539.28|1775.07| op = [105, 106]| tp = [1, 1, ] | dp = [4, 4, ] | algo = [0, 0, ] | rc = [104, 105] | gpus = [4, 4] | micro_bs = 4 | time = [6309, 7539] | memory = [1420, 1775]
case 21|5639.42|5062.53| op = [105, 106]| tp = [1, 1, ] | dp = [4, 4, ] | algo = [0, 0, ] | rc = [0, 0] | gpus = [4, 4] | micro_bs = 4 | time = [4421, 5639] | memory = [5062, 3476]
case 22|5797.30|2770.14| op = [105, 106]| tp = [1, 1, ] | dp = [4, 4, ] | algo = [0, 0, ] | rc = [104, 105] | gpus = [4, 4] | micro_bs = 8 | time = [4563, 5797] | memory = [2040, 2770]
case 23|4457.45|9325.02| op = [105, 106]| tp = [1, 1, ] | dp = [4, 4, ] | algo = [0, 0, ] | rc = [0, 0] | gpus = [4, 4] | micro_bs = 8 | time = [3230, 4457] | memory = [9325, 6172]
case 24|22338.37|907.07| op = [105, 106]| tp = [2, 2, ] | dp = [2, 2, ] | algo = [0, 0, ] | rc = [104, 105] | gpus = [4, 4] | micro_bs = 2 | time = [20961, 22338] | memory = [752, 907]
case 25|15689.82|2654.56| op = [105, 106]| tp = [2, 2, ] | dp = [2, 2, ] | algo = [0, 0, ] | rc = [0, 0] | gpus = [4, 4] | micro_bs = 2 | time = [14335, 15689] | memory = [2654, 1796]
case 26|16455.94|1426.14| op = [105, 106]| tp = [2, 2, ] | dp = [2, 2, ] | algo = [0, 0, ] | rc = [104, 105] | gpus = [4, 4] | micro_bs = 4 | time = [15150, 16455] | memory = [1096, 1426]
case 27|11686.04|4901.09| op = [105, 106]| tp = [2, 2, ] | dp = [2, 2, ] | algo = [0, 0, ] | rc = [0, 0] | gpus = [4, 4] | micro_bs = 4 | time = [10395, 11686] | memory = [4901, 3204]
case 28|13696.44|2460.29| op = [105, 106]| tp = [2, 2, ] | dp = [2, 2, ] | algo = [0, 0, ] | rc = [104, 105] | gpus = [4, 4] | micro_bs = 8 | time = [12458, 13696] | memory = [1784, 2460]
case 29|9777.62|9394.19| op = [105, 106]| tp = [2, 2, ] | dp = [2, 2, ] | algo = [0, 0, ] | rc = [0, 0] | gpus = [4, 4] | micro_bs = 8 | time = [8547, 9777] | memory = [9394, 6017]
case 30|53815.60|537.07| op = [105, 106]| tp = [4, 4, ] | dp = [1, 1, ] | algo = [0, 0, ] | rc = [104, 105] | gpus = [4, 4] | micro_bs = 1 | time = [52031, 53815] | memory = [482, 537]
case 31|37567.69|1514.56| op = [105, 106]| tp = [4, 4, ] | dp = [1, 1, ] | algo = [0, 0, ] | rc = [0, 0] | gpus = [4, 4] | micro_bs = 1 | time = [35829, 37567] | memory = [1514, 1020]
case 32|33889.38|754.14| op = [105, 106]| tp = [4, 4, ] | dp = [1, 1, ] | algo = [0, 0, ] | rc = [104, 105] | gpus = [4, 4] | micro_bs = 2 | time = [32374, 33889] | memory = [624, 754]
case 33|23564.44|2689.09| op = [105, 106]| tp = [4, 4, ] | dp = [1, 1, ] | algo = [0, 0, ] | rc = [0, 0] | gpus = [4, 4] | micro_bs = 2 | time = [22079, 23564] | memory = [2689, 1720]
case 34|27260.56|1312.29| op = [105, 106]| tp = [4, 4, ] | dp = [1, 1, ] | algo = [0, 0, ] | rc = [104, 105] | gpus = [4, 4] | micro_bs = 4 | time = [25945, 27260] | memory = [1036, 1312]
case 35|19033.28|5166.19| op = [105, 106]| tp = [4, 4, ] | dp = [1, 1, ] | algo = [0, 0, ] | rc = [0, 0] | gpus = [4, 4] | micro_bs = 4 | time = [17733, 19033] | memory = [5166, 3245]
case 36|25112.04|2428.58| op = [105, 106]| tp = [4, 4, ] | dp = [1, 1, ] | algo = [0, 0, ] | rc = [104, 105] | gpus = [4, 4] | micro_bs = 8 | time = [23877, 25112] | memory = [1860, 2428]
case 37|17548.53|10120.41| op = [105, 106]| tp = [4, 4, ] | dp = [1, 1, ] | algo = [0, 0, ] | rc = [0, 0] | gpus = [4, 4] | micro_bs = 8 | time = [16325, 17548] | memory = [10120, 6294]
case 38|8993.13|1571.07| op = [53, 52, 52, 54]| tp = [1, 1, 1, 1, ] | dp = [2, 2, 2, 2, ] | algo = [0, 0, 0, 0, ] | rc = [52, 52, 52, 53] | gpus = [2, 2, 2, 2] | micro_bs = 2 | time = [6529, 6268, 6268, 8993] | memory = [1234, 800, 786, 1571]
case 39|7078.27|4876.54| op = [53, 52, 52, 54]| tp = [1, 1, 1, 1, ] | dp = [2, 2, 2, 2, ] | algo = [0, 0, 0, 0, ] | rc = [0, 0, 0, 0] | gpus = [2, 2, 2, 2] | micro_bs = 2 | time = [4637, 4376, 4376, 7078] | memory = [4876, 3470, 2484, 2300]
case 40|7173.19|2554.14| op = [53, 52, 52, 54]| tp = [1, 1, 1, 1, ] | dp = [2, 2, 2, 2, ] | algo = [0, 0, 0, 0, ] | rc = [52, 52, 52, 53] | gpus = [2, 2, 2, 2] | micro_bs = 4 | time = [4695, 4568, 4568, 7173] | memory = [1860, 1408, 1380, 2554]
case 41|5820.65|9145.06| op = [53, 52, 52, 54]| tp = [1, 1, 1, 1, ] | dp = [2, 2, 2, 2, ] | algo = [0, 0, 0, 0, ] | rc = [0, 0, 0, 0] | gpus = [2, 2, 2, 2] | micro_bs = 4 | time = [3357, 3231, 3231, 5820] | memory = [9145, 6748, 4776, 4012]
case 42|6021.62|4516.29| op = [53, 52, 52, 54]| tp = [1, 1, 1, 1, ] | dp = [2, 2, 2, 2, ] | algo = [0, 0, 0, 0, ] | rc = [52, 52, 52, 53] | gpus = [2, 2, 2, 2] | micro_bs = 8 | time = [3588, 3509, 3509, 6021] | memory = [3112, 2624, 2568, 4516]
case 43|5007.09|17682.11| op = [53, 52, 52, 54]| tp = [1, 1, 1, 1, ] | dp = [2, 2, 2, 2, ] | algo = [0, 0, 0, 0, ] | rc = [0, 0, 0, 0] | gpus = [2, 2, 2, 2] | micro_bs = 8 | time = [2581, 2502, 2502, 5007] | memory = [17682, 13305, 9360, 7432]
case 44|24245.99|799.07| op = [53, 52, 52, 54]| tp = [2, 2, 2, 2, ] | dp = [1, 1, 1, 1, ] | algo = [0, 0, 0, 0, ] | rc = [52, 52, 52, 53] | gpus = [2, 2, 2, 2] | micro_bs = 1 | time = [21489, 20780, 20780, 24245] | memory = [662, 428, 414, 799]
case 45|17568.70|2564.62| op = [53, 52, 52, 54]| tp = [2, 2, 2, 2, ] | dp = [1, 1, 1, 1, ] | algo = [0, 0, 0, 0, ] | rc = [0, 0, 0, 0] | gpus = [2, 2, 2, 2] | micro_bs = 1 | time = [14856, 14147, 14147, 17568] | memory = [2564, 1822, 1300, 1180]
case 46|18163.76|1306.14| op = [53, 52, 52, 54]| tp = [2, 2, 2, 2, ] | dp = [1, 1, 1, 1, ] | algo = [0, 0, 0, 0, ] | rc = [52, 52, 52, 53] | gpus = [2, 2, 2, 2] | micro_bs = 2 | time = [15547, 15016, 15016, 18163] | memory = [1012, 760, 732, 1306]
case 47|13369.84|4817.20| op = [53, 52, 52, 54]| tp = [2, 2, 2, 2, ] | dp = [1, 1, 1, 1, ] | algo = [0, 0, 0, 0, ] | rc = [0, 0, 0, 0] | gpus = [2, 2, 2, 2] | micro_bs = 2 | time = [10783, 10251, 10251, 13369] | memory = [4817, 3548, 2504, 2068]
case 48|15270.11|2316.29| op = [53, 52, 52, 54]| tp = [2, 2, 2, 2, ] | dp = [1, 1, 1, 1, ] | algo = [0, 0, 0, 0, ] | rc = [52, 52, 52, 53] | gpus = [2, 2, 2, 2] | micro_bs = 4 | time = [12784, 12329, 12329, 15270] | memory = [1712, 1424, 1368, 2316]
case 49|11328.64|9322.39| op = [53, 52, 52, 54]| tp = [2, 2, 2, 2, ] | dp = [1, 1, 1, 1, ] | algo = [0, 0, 0, 0, ] | rc = [0, 0, 0, 0] | gpus = [2, 2, 2, 2] | micro_bs = 4 | time = [8858, 8403, 8403, 11328] | memory = [9322, 7001, 4912, 3840]
case 50|13996.06|4336.58| op = [53, 52, 52, 54]| tp = [2, 2, 2, 2, ] | dp = [1, 1, 1, 1, ] | algo = [0, 0, 0, 0, ] | rc = [52, 52, 52, 53] | gpus = [2, 2, 2, 2] | micro_bs = 8 | time = [11570, 11154, 11154, 13996] | memory = [3113, 2752, 2640, 4336]
case 51|10441.97|18332.81| op = [53, 52, 52, 54]| tp = [2, 2, 2, 2, ] | dp = [1, 1, 1, 1, ] | algo = [0, 0, 0, 0, ] | rc = [0, 0, 0, 0] | gpus = [2, 2, 2, 2] | micro_bs = 8 | time = [8028, 7612, 7612, 10441] | memory = [18332, 13907, 9730, 7385]
case 52|11883.03|1469.07| op = [27, 26, 26, 26, 26, 26, 26, 28]| tp = [1, 1, 1, 1, 1, 1, 1, 1, ] | dp = [1, 1, 1, 1, 1, 1, 1, 1, ] | algo = [0, 0, 0, 0, 0, 0, 0, 0, ] | rc = [26, 26, 26, 26, 26, 26, 26, 27] | gpus = [1, 1, 1, 1, 1, 1, 1, 1] | micro_bs = 1 | time = [6950, 6428, 6428, 6428, 6428, 6428, 6428, 11883] | memory = [1150, 718, 710, 702, 694, 686, 678, 1469]
case 53|9943.67|4792.58| op = [27, 26, 26, 26, 26, 26, 26, 28]| tp = [1, 1, 1, 1, 1, 1, 1, 1, ] | dp = [1, 1, 1, 1, 1, 1, 1, 1, ] | algo = [0, 0, 0, 0, 0, 0, 0, 0, ] | rc = [0, 0, 0, 0, 0, 0, 0, 0] | gpus = [1, 1, 1, 1, 1, 1, 1, 1] | micro_bs = 1 | time = [5056, 4533, 4533, 4533, 4533, 4533, 4533, 9943] | memory = [4792, 3874, 3380, 2886, 2392, 1898, 1404, 1712]
case 54|9899.18|2446.14| op = [27, 26, 26, 26, 26, 26, 26, 28]| tp = [1, 1, 1, 1, 1, 1, 1, 1, ] | dp = [1, 1, 1, 1, 1, 1, 1, 1, ] | algo = [0, 0, 0, 0, 0, 0, 0, 0, ] | rc = [26, 26, 26, 26, 26, 26, 26, 27] | gpus = [1, 1, 1, 1, 1, 1, 1, 1] | micro_bs = 2 | time = [4933, 4680, 4680, 4680, 4680, 4680, 4680, 9899] | memory = [1788, 1340, 1324, 1308, 1292, 1276, 1260, 2446]
case 55|8528.99|9073.12| op = [27, 26, 26, 26, 26, 26, 26, 28]| tp = [1, 1, 1, 1, 1, 1, 1, 1, ] | dp = [1, 1, 1, 1, 1, 1, 1, 1, ] | algo = [0, 0, 0, 0, 0, 0, 0, 0, ] | rc = [0, 0, 0, 0, 0, 0, 0, 0] | gpus = [1, 1, 1, 1, 1, 1, 1, 1] | micro_bs = 2 | time = [3592, 3340, 3340, 3340, 3340, 3340, 3340, 8528] | memory = [9073, 7652, 6664, 5676, 4688, 3700, 2712, 2932]
case 56|8618.02|4396.29| op = [27, 26, 26, 26, 26, 26, 26, 28]| tp = [1, 1, 1, 1, 1, 1, 1, 1, ] | dp = [1, 1, 1, 1, 1, 1, 1, 1, ] | algo = [0, 0, 0, 0, 0, 0, 0, 0, ] | rc = [26, 26, 26, 26, 26, 26, 26, 27] | gpus = [1, 1, 1, 1, 1, 1, 1, 1] | micro_bs = 4 | time = [3732, 3574, 3574, 3574, 3574, 3574, 3574, 8618] | memory = [3064, 2584, 2552, 2520, 2488, 2456, 2424, 4396]
case 57|7592.10|17634.23| op = [27, 26, 26, 26, 26, 26, 26, 28]| tp = [1, 1, 1, 1, 1, 1, 1, 1, ] | dp = [1, 1, 1, 1, 1, 1, 1, 1, ] | algo = [0, 0, 0, 0, 0, 0, 0, 0, ] | rc = [0, 0, 0, 0, 0, 0, 0, 0] | gpus = [1, 1, 1, 1, 1, 1, 1, 1] | micro_bs = 4 | time = [2721, 2563, 2563, 2563, 2563, 2563, 2563, 7592] | memory = [17634, 15209, 13233, 11257, 9280, 7304, 5328, 5368]
case 58|8344.73|8296.58| op = [27, 26, 26, 26, 26, 26, 26, 28]| tp = [1, 1, 1, 1, 1, 1, 1, 1, ] | dp = [1, 1, 1, 1, 1, 1, 1, 1, ] | algo = [0, 0, 0, 0, 0, 0, 0, 0, ] | rc = [26, 26, 26, 26, 26, 26, 26, 27] | gpus = [1, 1, 1, 1, 1, 1, 1, 1] | micro_bs = 8 | time = [3533, 3414, 3414, 3414, 3414, 3414, 3414, 8344] | memory = [5616, 5072, 5008, 4944, 4880, 4816, 4752, 8296]
fail case|7366.38|34756.50| op = [27, 26, 26, 26, 26, 26, 26, 28]| tp = [1, 1, 1, 1, 1, 1, 1, 1, ] | dp = [1, 1, 1, 1, 1, 1, 1, 1, ] | algo = [0, 0, 0, 0, 0, 0, 0, 0, ] | rc = [0, 0, 0, 0, 0, 0, 0, 0] | gpus = [1, 1, 1, 1, 1, 1, 1, 1] | micro_bs = 8 | time = [2567, 2447, 2447, 2447, 2447, 2447, 2447, 7366] | memory = [34756, 30323, 26371, 22418, 18466, 14513, 10561, 10240]


best_0|4457.45|9325.02| op = [105, 106]| tp = [1, 1, ] | dp = [4, 4, ] | algo = [0, 0, ] | rc = [0, 0] | gpus = [4, 4] | micro_bs = 8 | time = [3230, 4457] | memory = [9325, 6172]
config has been saved to /home/liminglong.lml/sxz/SuperScaler/logs-large/megatron/configs/scale-layer/16layers/scale-layer_16layers_16layers_megatron_est_4457.json
[TOTAL TIME] 0.10895204544067383 s.
